Flow report for TopLevel
Mon Jan 26 08:40:11 2026
Quartus II 64-Bit Version 13.1.0 Build 162 10/23/2013 SJ Web Edition


---------------------
; Table of Contents ;
---------------------
  1. Legal Notice
  2. Flow Summary
  3. Flow Settings
  4. Flow Non-Default Global Settings
  5. Flow Elapsed Time
  6. Flow OS Summary
  7. Flow Log
  8. Flow Messages
  9. Flow Suppressed Messages



----------------
; Legal Notice ;
----------------
Copyright (C) 1991-2013 Altera Corporation
Your use of Altera Corporation's design tools, logic functions 
and other software and tools, and its AMPP partner logic 
functions, and any output files from any of the foregoing 
(including device programming or simulation files), and any 
associated documentation or information are expressly subject 
to the terms and conditions of the Altera Program License 
Subscription Agreement, Altera MegaCore Function License 
Agreement, or other applicable license agreement, including, 
without limitation, that your use is for the sole purpose of 
programming logic devices manufactured by Altera and sold by 
Altera or its authorized distributors.  Please refer to the 
applicable agreement for further details.



+---------------------------------------------------------------------------------+
; Flow Summary                                                                    ;
+------------------------------------+--------------------------------------------+
; Flow Status                        ; Successful - Mon Jan 26 08:40:11 2026      ;
; Quartus II 64-Bit Version          ; 13.1.0 Build 162 10/23/2013 SJ Web Edition ;
; Revision Name                      ; TopLevel                                   ;
; Top-level Entity Name              ; TopLevel                                   ;
; Family                             ; Cyclone IV E                               ;
; Device                             ; EP4CE115F29C7                              ;
; Timing Models                      ; Final                                      ;
; Total logic elements               ; 3,729 / 114,480 ( 3 % )                    ;
;     Total combinational functions  ; 3,460 / 114,480 ( 3 % )                    ;
;     Dedicated logic registers      ; 2,055 / 114,480 ( 2 % )                    ;
; Total registers                    ; 2055                                       ;
; Total pins                         ; 1 / 529 ( < 1 % )                          ;
; Total virtual pins                 ; 0                                          ;
; Total memory bits                  ; 1,391,104 / 3,981,312 ( 35 % )             ;
; Embedded Multiplier 9-bit elements ; 0 / 532 ( 0 % )                            ;
; Total PLLs                         ; 0 / 4 ( 0 % )                              ;
+------------------------------------+--------------------------------------------+


+-----------------------------------------+
; Flow Settings                           ;
+-------------------+---------------------+
; Option            ; Setting             ;
+-------------------+---------------------+
; Start date & time ; 01/26/2026 08:39:22 ;
; Main task         ; Compilation         ;
; Revision Name     ; TopLevel            ;
+-------------------+---------------------+


+-----------------------------------------------------------------------------------------------------------------------------------------------------------------------------+
; Flow Non-Default Global Settings                                                                                                                                            ;
+-------------------------------------+---------------------------------------------------------+---------------+--------------------------------------------+----------------+
; Assignment Name                     ; Value                                                   ; Default Value ; Entity Name                                ; Section Id     ;
+-------------------------------------+---------------------------------------------------------+---------------+--------------------------------------------+----------------+
; COMPILER_SIGNATURE_ID               ; 9423229023477.176939696208848                           ; --            ; --                                         ; --             ;
; EDA_OUTPUT_DATA_FORMAT              ; Vhdl                                                    ; --            ; --                                         ; eda_simulation ;
; EDA_SIMULATION_TOOL                 ; ModelSim-Altera (VHDL)                                  ; <None>        ; --                                         ; --             ;
; IP_TOOL_ENV                         ; Qsys                                                    ; --            ; MPSoC                                      ; --             ;
; IP_TOOL_ENV                         ; Qsys                                                    ; --            ; MPSoC_cpu0                                 ; --             ;
; IP_TOOL_ENV                         ; Qsys                                                    ; --            ; MPSoC_cpu1                                 ; --             ;
; IP_TOOL_ENV                         ; Qsys                                                    ; --            ; MPSoC_irq_mapper                           ; --             ;
; IP_TOOL_ENV                         ; Qsys                                                    ; --            ; MPSoC_jtag0                                ; --             ;
; IP_TOOL_ENV                         ; Qsys                                                    ; --            ; MPSoC_mm_interconnect_0                    ; --             ;
; IP_TOOL_ENV                         ; Qsys                                                    ; --            ; MPSoC_mm_interconnect_0_addr_router        ; --             ;
; IP_TOOL_ENV                         ; Qsys                                                    ; --            ; MPSoC_mm_interconnect_0_addr_router_001    ; --             ;
; IP_TOOL_ENV                         ; Qsys                                                    ; --            ; MPSoC_mm_interconnect_0_addr_router_002    ; --             ;
; IP_TOOL_ENV                         ; Qsys                                                    ; --            ; MPSoC_mm_interconnect_0_addr_router_003    ; --             ;
; IP_TOOL_ENV                         ; Qsys                                                    ; --            ; MPSoC_mm_interconnect_0_cmd_xbar_demux     ; --             ;
; IP_TOOL_ENV                         ; Qsys                                                    ; --            ; MPSoC_mm_interconnect_0_cmd_xbar_demux_001 ; --             ;
; IP_TOOL_ENV                         ; Qsys                                                    ; --            ; MPSoC_mm_interconnect_0_cmd_xbar_demux_002 ; --             ;
; IP_TOOL_ENV                         ; Qsys                                                    ; --            ; MPSoC_mm_interconnect_0_cmd_xbar_mux       ; --             ;
; IP_TOOL_ENV                         ; Qsys                                                    ; --            ; MPSoC_mm_interconnect_0_cmd_xbar_mux_002   ; --             ;
; IP_TOOL_ENV                         ; Qsys                                                    ; --            ; MPSoC_mm_interconnect_0_id_router          ; --             ;
; IP_TOOL_ENV                         ; Qsys                                                    ; --            ; MPSoC_mm_interconnect_0_id_router_002      ; --             ;
; IP_TOOL_ENV                         ; Qsys                                                    ; --            ; MPSoC_mm_interconnect_0_id_router_004      ; --             ;
; IP_TOOL_ENV                         ; Qsys                                                    ; --            ; MPSoC_mm_interconnect_0_id_router_005      ; --             ;
; IP_TOOL_ENV                         ; Qsys                                                    ; --            ; MPSoC_mm_interconnect_0_id_router_006      ; --             ;
; IP_TOOL_ENV                         ; Qsys                                                    ; --            ; MPSoC_mm_interconnect_0_rsp_xbar_demux_002 ; --             ;
; IP_TOOL_ENV                         ; Qsys                                                    ; --            ; MPSoC_mm_interconnect_0_rsp_xbar_mux       ; --             ;
; IP_TOOL_ENV                         ; Qsys                                                    ; --            ; MPSoC_mm_interconnect_0_rsp_xbar_mux_001   ; --             ;
; IP_TOOL_ENV                         ; Qsys                                                    ; --            ; MPSoC_mm_interconnect_0_rsp_xbar_mux_002   ; --             ;
; IP_TOOL_ENV                         ; Qsys                                                    ; --            ; MPSoC_onchip_cpu0                          ; --             ;
; IP_TOOL_ENV                         ; Qsys                                                    ; --            ; MPSoC_onchip_cpu1                          ; --             ;
; IP_TOOL_ENV                         ; Qsys                                                    ; --            ; MPSoC_shared_mem                           ; --             ;
; IP_TOOL_ENV                         ; Qsys                                                    ; --            ; MPSoC_sysid0                               ; --             ;
; IP_TOOL_ENV                         ; Qsys                                                    ; --            ; MPSoC_timer0                               ; --             ;
; IP_TOOL_ENV                         ; Qsys                                                    ; --            ; altera_avalon_sc_fifo                      ; --             ;
; IP_TOOL_ENV                         ; Qsys                                                    ; --            ; altera_merlin_master_agent                 ; --             ;
; IP_TOOL_ENV                         ; Qsys                                                    ; --            ; altera_merlin_master_translator            ; --             ;
; IP_TOOL_ENV                         ; Qsys                                                    ; --            ; altera_merlin_slave_agent                  ; --             ;
; IP_TOOL_ENV                         ; Qsys                                                    ; --            ; altera_merlin_slave_translator             ; --             ;
; IP_TOOL_ENV                         ; Qsys                                                    ; --            ; altera_reset_controller                    ; --             ;
; IP_TOOL_NAME                        ; Qsys                                                    ; --            ; MPSoC                                      ; --             ;
; IP_TOOL_NAME                        ; altera_nios2_qsys                                       ; --            ; MPSoC_cpu0                                 ; --             ;
; IP_TOOL_NAME                        ; altera_nios2_qsys                                       ; --            ; MPSoC_cpu1                                 ; --             ;
; IP_TOOL_NAME                        ; altera_irq_mapper                                       ; --            ; MPSoC_irq_mapper                           ; --             ;
; IP_TOOL_NAME                        ; altera_avalon_jtag_uart                                 ; --            ; MPSoC_jtag0                                ; --             ;
; IP_TOOL_NAME                        ; altera_merlin_interconnect_wrapper                      ; --            ; MPSoC_mm_interconnect_0                    ; --             ;
; IP_TOOL_NAME                        ; altera_merlin_router                                    ; --            ; MPSoC_mm_interconnect_0_addr_router        ; --             ;
; IP_TOOL_NAME                        ; altera_merlin_router                                    ; --            ; MPSoC_mm_interconnect_0_addr_router_001    ; --             ;
; IP_TOOL_NAME                        ; altera_merlin_router                                    ; --            ; MPSoC_mm_interconnect_0_addr_router_002    ; --             ;
; IP_TOOL_NAME                        ; altera_merlin_router                                    ; --            ; MPSoC_mm_interconnect_0_addr_router_003    ; --             ;
; IP_TOOL_NAME                        ; altera_merlin_demultiplexer                             ; --            ; MPSoC_mm_interconnect_0_cmd_xbar_demux     ; --             ;
; IP_TOOL_NAME                        ; altera_merlin_demultiplexer                             ; --            ; MPSoC_mm_interconnect_0_cmd_xbar_demux_001 ; --             ;
; IP_TOOL_NAME                        ; altera_merlin_demultiplexer                             ; --            ; MPSoC_mm_interconnect_0_cmd_xbar_demux_002 ; --             ;
; IP_TOOL_NAME                        ; altera_merlin_multiplexer                               ; --            ; MPSoC_mm_interconnect_0_cmd_xbar_mux       ; --             ;
; IP_TOOL_NAME                        ; altera_merlin_multiplexer                               ; --            ; MPSoC_mm_interconnect_0_cmd_xbar_mux_002   ; --             ;
; IP_TOOL_NAME                        ; altera_merlin_router                                    ; --            ; MPSoC_mm_interconnect_0_id_router          ; --             ;
; IP_TOOL_NAME                        ; altera_merlin_router                                    ; --            ; MPSoC_mm_interconnect_0_id_router_002      ; --             ;
; IP_TOOL_NAME                        ; altera_merlin_router                                    ; --            ; MPSoC_mm_interconnect_0_id_router_004      ; --             ;
; IP_TOOL_NAME                        ; altera_merlin_router                                    ; --            ; MPSoC_mm_interconnect_0_id_router_005      ; --             ;
; IP_TOOL_NAME                        ; altera_merlin_router                                    ; --            ; MPSoC_mm_interconnect_0_id_router_006      ; --             ;
; IP_TOOL_NAME                        ; altera_merlin_demultiplexer                             ; --            ; MPSoC_mm_interconnect_0_rsp_xbar_demux_002 ; --             ;
; IP_TOOL_NAME                        ; altera_merlin_multiplexer                               ; --            ; MPSoC_mm_interconnect_0_rsp_xbar_mux       ; --             ;
; IP_TOOL_NAME                        ; altera_merlin_multiplexer                               ; --            ; MPSoC_mm_interconnect_0_rsp_xbar_mux_001   ; --             ;
; IP_TOOL_NAME                        ; altera_merlin_multiplexer                               ; --            ; MPSoC_mm_interconnect_0_rsp_xbar_mux_002   ; --             ;
; IP_TOOL_NAME                        ; altera_avalon_onchip_memory2                            ; --            ; MPSoC_onchip_cpu0                          ; --             ;
; IP_TOOL_NAME                        ; altera_avalon_onchip_memory2                            ; --            ; MPSoC_onchip_cpu1                          ; --             ;
; IP_TOOL_NAME                        ; altera_avalon_onchip_memory2                            ; --            ; MPSoC_shared_mem                           ; --             ;
; IP_TOOL_NAME                        ; altera_avalon_sysid_qsys                                ; --            ; MPSoC_sysid0                               ; --             ;
; IP_TOOL_NAME                        ; altera_avalon_timer                                     ; --            ; MPSoC_timer0                               ; --             ;
; IP_TOOL_NAME                        ; altera_avalon_sc_fifo                                   ; --            ; altera_avalon_sc_fifo                      ; --             ;
; IP_TOOL_NAME                        ; altera_merlin_master_agent                              ; --            ; altera_merlin_master_agent                 ; --             ;
; IP_TOOL_NAME                        ; altera_merlin_master_translator                         ; --            ; altera_merlin_master_translator            ; --             ;
; IP_TOOL_NAME                        ; altera_merlin_slave_agent                               ; --            ; altera_merlin_slave_agent                  ; --             ;
; IP_TOOL_NAME                        ; altera_merlin_slave_translator                          ; --            ; altera_merlin_slave_translator             ; --             ;
; IP_TOOL_NAME                        ; altera_reset_controller                                 ; --            ; altera_reset_controller                    ; --             ;
; IP_TOOL_VERSION                     ; 13.1                                                    ; --            ; MPSoC                                      ; --             ;
; IP_TOOL_VERSION                     ; 13.1                                                    ; --            ; MPSoC_cpu0                                 ; --             ;
; IP_TOOL_VERSION                     ; 13.1                                                    ; --            ; MPSoC_cpu1                                 ; --             ;
; IP_TOOL_VERSION                     ; 13.1                                                    ; --            ; MPSoC_irq_mapper                           ; --             ;
; IP_TOOL_VERSION                     ; 13.1                                                    ; --            ; MPSoC_jtag0                                ; --             ;
; IP_TOOL_VERSION                     ; 13.1                                                    ; --            ; MPSoC_mm_interconnect_0                    ; --             ;
; IP_TOOL_VERSION                     ; 13.1                                                    ; --            ; MPSoC_mm_interconnect_0_addr_router        ; --             ;
; IP_TOOL_VERSION                     ; 13.1                                                    ; --            ; MPSoC_mm_interconnect_0_addr_router_001    ; --             ;
; IP_TOOL_VERSION                     ; 13.1                                                    ; --            ; MPSoC_mm_interconnect_0_addr_router_002    ; --             ;
; IP_TOOL_VERSION                     ; 13.1                                                    ; --            ; MPSoC_mm_interconnect_0_addr_router_003    ; --             ;
; IP_TOOL_VERSION                     ; 13.1                                                    ; --            ; MPSoC_mm_interconnect_0_cmd_xbar_demux     ; --             ;
; IP_TOOL_VERSION                     ; 13.1                                                    ; --            ; MPSoC_mm_interconnect_0_cmd_xbar_demux_001 ; --             ;
; IP_TOOL_VERSION                     ; 13.1                                                    ; --            ; MPSoC_mm_interconnect_0_cmd_xbar_demux_002 ; --             ;
; IP_TOOL_VERSION                     ; 13.1                                                    ; --            ; MPSoC_mm_interconnect_0_cmd_xbar_mux       ; --             ;
; IP_TOOL_VERSION                     ; 13.1                                                    ; --            ; MPSoC_mm_interconnect_0_cmd_xbar_mux_002   ; --             ;
; IP_TOOL_VERSION                     ; 13.1                                                    ; --            ; MPSoC_mm_interconnect_0_id_router          ; --             ;
; IP_TOOL_VERSION                     ; 13.1                                                    ; --            ; MPSoC_mm_interconnect_0_id_router_002      ; --             ;
; IP_TOOL_VERSION                     ; 13.1                                                    ; --            ; MPSoC_mm_interconnect_0_id_router_004      ; --             ;
; IP_TOOL_VERSION                     ; 13.1                                                    ; --            ; MPSoC_mm_interconnect_0_id_router_005      ; --             ;
; IP_TOOL_VERSION                     ; 13.1                                                    ; --            ; MPSoC_mm_interconnect_0_id_router_006      ; --             ;
; IP_TOOL_VERSION                     ; 13.1                                                    ; --            ; MPSoC_mm_interconnect_0_rsp_xbar_demux_002 ; --             ;
; IP_TOOL_VERSION                     ; 13.1                                                    ; --            ; MPSoC_mm_interconnect_0_rsp_xbar_mux       ; --             ;
; IP_TOOL_VERSION                     ; 13.1                                                    ; --            ; MPSoC_mm_interconnect_0_rsp_xbar_mux_001   ; --             ;
; IP_TOOL_VERSION                     ; 13.1                                                    ; --            ; MPSoC_mm_interconnect_0_rsp_xbar_mux_002   ; --             ;
; IP_TOOL_VERSION                     ; 13.1                                                    ; --            ; MPSoC_onchip_cpu0                          ; --             ;
; IP_TOOL_VERSION                     ; 13.1                                                    ; --            ; MPSoC_onchip_cpu1                          ; --             ;
; IP_TOOL_VERSION                     ; 13.1                                                    ; --            ; MPSoC_shared_mem                           ; --             ;
; IP_TOOL_VERSION                     ; 13.1                                                    ; --            ; MPSoC_sysid0                               ; --             ;
; IP_TOOL_VERSION                     ; 13.1                                                    ; --            ; MPSoC_timer0                               ; --             ;
; IP_TOOL_VERSION                     ; 13.1                                                    ; --            ; altera_avalon_sc_fifo                      ; --             ;
; IP_TOOL_VERSION                     ; 13.1                                                    ; --            ; altera_merlin_master_agent                 ; --             ;
; IP_TOOL_VERSION                     ; 13.1                                                    ; --            ; altera_merlin_master_translator            ; --             ;
; IP_TOOL_VERSION                     ; 13.1                                                    ; --            ; altera_merlin_slave_agent                  ; --             ;
; IP_TOOL_VERSION                     ; 13.1                                                    ; --            ; altera_merlin_slave_translator             ; --             ;
; IP_TOOL_VERSION                     ; 13.1                                                    ; --            ; altera_reset_controller                    ; --             ;
; MAX_CORE_JUNCTION_TEMP              ; 85                                                      ; --            ; --                                         ; --             ;
; MIN_CORE_JUNCTION_TEMP              ; 0                                                       ; --            ; --                                         ; --             ;
; MISC_FILE                           ; MPSoC/synthesis/../../MPSoC.cmp                         ; --            ; --                                         ; --             ;
; MISC_FILE                           ; MPSoC/synthesis/../../MPSoC.qsys                        ; --            ; --                                         ; --             ;
; NOMINAL_CORE_SUPPLY_VOLTAGE         ; 1.2V                                                    ; --            ; --                                         ; --             ;
; PARTITION_COLOR                     ; 16764057                                                ; --            ; --                                         ; Top            ;
; PARTITION_FITTER_PRESERVATION_LEVEL ; PLACEMENT_AND_ROUTING                                   ; --            ; --                                         ; Top            ;
; PARTITION_NETLIST_TYPE              ; SOURCE                                                  ; --            ; --                                         ; Top            ;
; POWER_BOARD_THERMAL_MODEL           ; None (CONSERVATIVE)                                     ; --            ; --                                         ; --             ;
; POWER_PRESET_COOLING_SOLUTION       ; 23 MM HEAT SINK WITH 200 LFPM AIRFLOW                   ; --            ; --                                         ; --             ;
; PROJECT_OUTPUT_DIRECTORY            ; output_files                                            ; --            ; --                                         ; --             ;
; SLD_FILE                            ; MPSoC/synthesis/MPSoC.regmap                            ; --            ; --                                         ; --             ;
; SLD_FILE                            ; MPSoC/synthesis/MPSoC.debuginfo                         ; --            ; --                                         ; --             ;
; SLD_INFO                            ; QSYS_NAME MPSoC HAS_SOPCINFO 1 GENERATION_ID 1769393595 ; --            ; MPSoC                                      ; --             ;
; SOPCINFO_FILE                       ; MPSoC/synthesis/../../MPSoC.sopcinfo                    ; --            ; --                                         ; --             ;
; SYNTHESIS_ONLY_QIP                  ; On                                                      ; --            ; --                                         ; --             ;
+-------------------------------------+---------------------------------------------------------+---------------+--------------------------------------------+----------------+


+-------------------------------------------------------------------------------------------------------------------------------+
; Flow Elapsed Time                                                                                                             ;
+---------------------------+--------------+-------------------------+---------------------+------------------------------------+
; Module Name               ; Elapsed Time ; Average Processors Used ; Peak Virtual Memory ; Total CPU Time (on all processors) ;
+---------------------------+--------------+-------------------------+---------------------+------------------------------------+
; Analysis & Synthesis      ; 00:00:09     ; 1.0                     ; 4794 MB             ; 00:00:09                           ;
; Fitter                    ; 00:00:20     ; 1.0                     ; 5208 MB             ; 00:00:20                           ;
; Assembler                 ; 00:00:03     ; 1.0                     ; 4617 MB             ; 00:00:03                           ;
; TimeQuest Timing Analyzer ; 00:00:04     ; 1.0                     ; 4746 MB             ; 00:00:03                           ;
; EDA Netlist Writer        ; 00:00:05     ; 1.0                     ; 4620 MB             ; 00:00:04                           ;
; Total                     ; 00:00:41     ; --                      ; --                  ; 00:00:39                           ;
+---------------------------+--------------+-------------------------+---------------------+------------------------------------+


+----------------------------------------------------------------------------------------+
; Flow OS Summary                                                                        ;
+---------------------------+------------------+-----------+------------+----------------+
; Module Name               ; Machine Hostname ; OS Name   ; OS Version ; Processor type ;
+---------------------------+------------------+-----------+------------+----------------+
; Analysis & Synthesis      ; Fikry-PC         ; Windows 7 ; 6.2        ; x86_64         ;
; Fitter                    ; Fikry-PC         ; Windows 7 ; 6.2        ; x86_64         ;
; Assembler                 ; Fikry-PC         ; Windows 7 ; 6.2        ; x86_64         ;
; TimeQuest Timing Analyzer ; Fikry-PC         ; Windows 7 ; 6.2        ; x86_64         ;
; EDA Netlist Writer        ; Fikry-PC         ; Windows 7 ; 6.2        ; x86_64         ;
+---------------------------+------------------+-----------+------------+----------------+


------------
; Flow Log ;
------------
quartus_map --read_settings_files=on --write_settings_files=off MPSoC -c TopLevel
quartus_fit --read_settings_files=off --write_settings_files=off MPSoC -c TopLevel
quartus_asm --read_settings_files=off --write_settings_files=off MPSoC -c TopLevel
quartus_sta MPSoC -c TopLevel
quartus_eda --read_settings_files=off --write_settings_files=off MPSoC -c TopLevel



