
**** Build of configuration Nios II for project crc_custom ****

make all 
      1 [main] sh 27288 find_fast_cwd: WARNING: Couldn't compute FAST_CWD pointer.  Please report this problem to
the public mailing list cygwin@cygwin.com
      1 [main] sh 13116 find_fast_cwd: WARNING: Couldn't compute FAST_CWD pointer.  Please report this problem to
the public mailing list cygwin@cygwin.com
      2 [main] echo 9936 find_fast_cwd: WARNING: Couldn't compute FAST_CWD pointer.  Please report this problem to
the public mailing list cygwin@cygwin.com
Info: Building ../crc_custom_bsp/
make --no-print-directory -C ../crc_custom_bsp/
      1 [main] pwd 10324 find_fast_cwd: WARNING: Couldn't compute FAST_CWD pointer.  Please report this problem to
the public mailing list cygwin@cygwin.com
      1 [main] sh 8516 find_fast_cwd: WARNING: Couldn't compute FAST_CWD pointer.  Please report this problem to
the public mailing list cygwin@cygwin.com
      1 [main] sh 29296 find_fast_cwd: WARNING: Couldn't compute FAST_CWD pointer.  Please report this problem to
the public mailing list cygwin@cygwin.com
[BSP build complete]
      1 [main] true 1992 find_fast_cwd: WARNING: Couldn't compute FAST_CWD pointer.  Please report this problem to
the public mailing list cygwin@cygwin.com
      1 [main] echo 2320 find_fast_cwd: WARNING: Couldn't compute FAST_CWD pointer.  Please report this problem to
the public mailing list cygwin@cygwin.com
Info: Linking crc_custom.elf
nios2-elf-g++  -T'../crc_custom_bsp//linker.x' -msys-crt0='../crc_custom_bsp//obj/HAL/src/crt0.o' -msys-lib=hal_bsp -L../crc_custom_bsp/   -Wl,-Map=crc_custom.map   -O0 -g -Wall   -mno-hw-div -mno-hw-mul -mno-hw-mulx  -o crc_custom.elf obj/default/ci_crc.o obj/default/crc.o obj/default/crc_main.o -lm 
../crc_custom_bsp/\libhal_bsp.a(alt_sys_init.o): In function `alt_sys_init':
C:\Users\DELL\Documents\advanced_embedded_systems\practical_2\software\crc_custom_bsp/alt_sys_init.c:96: warning: Error: Interrupt not connected for high_resolution_timer. The system clock driver requires an interrupt to be connected. Please select an IRQ for this device in SOPC builder.
../crc_custom_bsp/\libhal_bsp.a(alt_sys_init.o): In function `alt_sys_init':
alt_sys_init.c:(.text+0x7c): undefined reference to `__alt_invalid'
collect2.exe: error: ld returned 1 exit status
make: *** [crc_custom.elf] Error 1

**** Build Finished ****
