
**** Build of configuration Nios II for project cpu_stage3 ****

make all 
      2 [main] sh 7528 find_fast_cwd: WARNING: Couldn't compute FAST_CWD pointer.  Please report this problem to
the public mailing list cygwin@cygwin.com
      1 [main] sh 10092 find_fast_cwd: WARNING: Couldn't compute FAST_CWD pointer.  Please report this problem to
the public mailing list cygwin@cygwin.com
      1 [main] echo 16936 find_fast_cwd: WARNING: Couldn't compute FAST_CWD pointer.  Please report this problem to
the public mailing list cygwin@cygwin.com
Info: Building ../cpu_stage3_bsp/
make --no-print-directory -C ../cpu_stage3_bsp/
      1 [main] pwd 7828 find_fast_cwd: WARNING: Couldn't compute FAST_CWD pointer.  Please report this problem to
the public mailing list cygwin@cygwin.com
      1 [main] sh 14000 find_fast_cwd: WARNING: Couldn't compute FAST_CWD pointer.  Please report this problem to
the public mailing list cygwin@cygwin.com
      1 [main] sh 2916 find_fast_cwd: WARNING: Couldn't compute FAST_CWD pointer.  Please report this problem to
the public mailing list cygwin@cygwin.com
[BSP build complete]
      1 [main] echo 2872 find_fast_cwd: WARNING: Couldn't compute FAST_CWD pointer.  Please report this problem to
the public mailing list cygwin@cygwin.com
Info: Compiling main.c to obj/default/main.o
      1 [main] mkdir 4600 find_fast_cwd: WARNING: Couldn't compute FAST_CWD pointer.  Please report this problem to
the public mailing list cygwin@cygwin.com
nios2-elf-gcc -xc -MP -MMD -c -I../cpu_stage3_bsp//HAL/inc -I../cpu_stage3_bsp/ -I../cpu_stage3_bsp//drivers/inc  -DSYSTEM_BUS_WIDTH=32 -pipe -D__hal__ -DALT_NO_INSTRUCTION_EMULATION -DALT_SINGLE_THREADED    -O0 -g -Wall   -mno-hw-div -mno-hw-mul -mno-hw-mulx  -o obj/default/main.o main.c
      1 [main] true 13596 find_fast_cwd: WARNING: Couldn't compute FAST_CWD pointer.  Please report this problem to
the public mailing list cygwin@cygwin.com
      1 [main] echo 1968 find_fast_cwd: WARNING: Couldn't compute FAST_CWD pointer.  Please report this problem to
the public mailing list cygwin@cygwin.com
Info: Linking cpu_stage3.elf
nios2-elf-g++  -T'../cpu_stage3_bsp//linker.x' -msys-crt0='../cpu_stage3_bsp//obj/HAL/src/crt0.o' -msys-lib=hal_bsp -L../cpu_stage3_bsp/   -Wl,-Map=cpu_stage3.map   -O0 -g -Wall   -mno-hw-div -mno-hw-mul -mno-hw-mulx  -o cpu_stage3.elf obj/default/main.o -lm 
nios2-elf-insert cpu_stage3.elf --thread_model hal --cpu_name cpu_stage3 --qsys true --simulation_enabled false --stderr_dev jtag_uart_3 --stdin_dev jtag_uart_3 --stdout_dev jtag_uart_3 --sopc_system_name MPSoC --quartus_project_dir "C:/Users/DELL/Documents/advanced_embedded_systems/practical_4/NIOS" --sopcinfo C:/Users/DELL/Documents/advanced_embedded_systems/practical_4/NIOS/MPSoC.sopcinfo
      1 [main] sh 16376 find_fast_cwd: WARNING: Couldn't compute FAST_CWD pointer.  Please report this problem to
the public mailing list cygwin@cygwin.com
      1 [main] uname 17068 find_fast_cwd: WARNING: Couldn't compute FAST_CWD pointer.  Please report this problem to
the public mailing list cygwin@cygwin.com
      1 [main] sh 18308 find_fast_cwd: WARNING: Couldn't compute FAST_CWD pointer.  Please report this problem to
the public mailing list cygwin@cygwin.com
Info: (cpu_stage3.elf) 31 KBytes program size (code + initialized data).
Info:                  8764 Bytes free for stack + heap.
      1 [main] echo 9360 find_fast_cwd: WARNING: Couldn't compute FAST_CWD pointer.  Please report this problem to
the public mailing list cygwin@cygwin.com
Info: Creating cpu_stage3.objdump
nios2-elf-objdump --disassemble --syms --all-header --source cpu_stage3.elf >cpu_stage3.objdump
      1 [main] sh 15180 find_fast_cwd: WARNING: Couldn't compute FAST_CWD pointer.  Please report this problem to
the public mailing list cygwin@cygwin.com
      2 [main] sh 9460 find_fast_cwd: WARNING: Couldn't compute FAST_CWD pointer.  Please report this problem to
the public mailing list cygwin@cygwin.com
[cpu_stage3 build complete]

**** Build Finished ****
