Flow report for TopLevel
Fri Dec 26 17:50:55 2025
Quartus II 64-Bit Version 13.1.0 Build 162 10/23/2013 SJ Web Edition


---------------------
; Table of Contents ;
---------------------
  1. Legal Notice
  2. Flow Summary
  3. Flow Settings
  4. Flow Non-Default Global Settings
  5. Flow Elapsed Time
  6. Flow OS Summary
  7. Flow Log
  8. Flow Messages
  9. Flow Suppressed Messages



----------------
; Legal Notice ;
----------------
Copyright (C) 1991-2013 Altera Corporation
Your use of Altera Corporation's design tools, logic functions 
and other software and tools, and its AMPP partner logic 
functions, and any output files from any of the foregoing 
(including device programming or simulation files), and any 
associated documentation or information are expressly subject 
to the terms and conditions of the Altera Program License 
Subscription Agreement, Altera MegaCore Function License 
Agreement, or other applicable license agreement, including, 
without limitation, that your use is for the sole purpose of 
programming logic devices manufactured by Altera and sold by 
Altera or its authorized distributors.  Please refer to the 
applicable agreement for further details.



+---------------------------------------------------------------------------------+
; Flow Summary                                                                    ;
+------------------------------------+--------------------------------------------+
; Flow Status                        ; Flow Failed - Fri Dec 26 17:50:55 2025     ;
; Quartus II 64-Bit Version          ; 13.1.0 Build 162 10/23/2013 SJ Web Edition ;
; Revision Name                      ; TopLevel                                   ;
; Top-level Entity Name              ; TopLevel                                   ;
; Family                             ; Cyclone IV E                               ;
; Device                             ; EP4CE115F29C7                              ;
; Timing Models                      ; Final                                      ;
; Total logic elements               ; N/A until Partition Merge                  ;
;     Total combinational functions  ; N/A until Partition Merge                  ;
;     Dedicated logic registers      ; N/A until Partition Merge                  ;
; Total registers                    ; N/A until Partition Merge                  ;
; Total pins                         ; N/A until Partition Merge                  ;
; Total virtual pins                 ; N/A until Partition Merge                  ;
; Total memory bits                  ; N/A until Partition Merge                  ;
; Embedded Multiplier 9-bit elements ; N/A until Partition Merge                  ;
; Total PLLs                         ; N/A until Partition Merge                  ;
+------------------------------------+--------------------------------------------+


+-----------------------------------------+
; Flow Settings                           ;
+-------------------+---------------------+
; Option            ; Setting             ;
+-------------------+---------------------+
; Start date & time ; 12/26/2025 17:50:23 ;
; Main task         ; Compilation         ;
; Revision Name     ; TopLevel            ;
+-------------------+---------------------+


+--------------------------------------------------------------------------------------------------------------------------------------------------------------------------------+
; Flow Non-Default Global Settings                                                                                                                                               ;
+-------------------------------------+-------------------------------------------------------+---------------+-------------------------------------------------+----------------+
; Assignment Name                     ; Value                                                 ; Default Value ; Entity Name                                     ; Section Id     ;
+-------------------------------------+-------------------------------------------------------+---------------+-------------------------------------------------+----------------+
; COMPILER_SIGNATURE_ID               ; 9423229023477.176675162321232                         ; --            ; --                                              ; --             ;
; EDA_OUTPUT_DATA_FORMAT              ; Vhdl                                                  ; --            ; --                                              ; eda_simulation ;
; EDA_SIMULATION_TOOL                 ; ModelSim-Altera (VHDL)                                ; <None>        ; --                                              ; --             ;
; IP_TOOL_ENV                         ; Qsys                                                  ; --            ; SoC                                             ; --             ;
; IP_TOOL_ENV                         ; Qsys                                                  ; --            ; SoC_altpll                                      ; --             ;
; IP_TOOL_ENV                         ; Qsys                                                  ; --            ; SoC_cpu                                         ; --             ;
; IP_TOOL_ENV                         ; Qsys                                                  ; --            ; SoC_cpu_custom_instruction_master_comb_xconnect ; --             ;
; IP_TOOL_ENV                         ; Qsys                                                  ; --            ; SoC_high_resolution_timer                       ; --             ;
; IP_TOOL_ENV                         ; Qsys                                                  ; --            ; SoC_irq_mapper                                  ; --             ;
; IP_TOOL_ENV                         ; Qsys                                                  ; --            ; SoC_jtag_uart                                   ; --             ;
; IP_TOOL_ENV                         ; Qsys                                                  ; --            ; SoC_leds_out                                    ; --             ;
; IP_TOOL_ENV                         ; Qsys                                                  ; --            ; SoC_mm_interconnect_0                           ; --             ;
; IP_TOOL_ENV                         ; Qsys                                                  ; --            ; SoC_mm_interconnect_0_addr_router               ; --             ;
; IP_TOOL_ENV                         ; Qsys                                                  ; --            ; SoC_mm_interconnect_0_addr_router_001           ; --             ;
; IP_TOOL_ENV                         ; Qsys                                                  ; --            ; SoC_mm_interconnect_0_cmd_xbar_demux            ; --             ;
; IP_TOOL_ENV                         ; Qsys                                                  ; --            ; SoC_mm_interconnect_0_cmd_xbar_demux_001        ; --             ;
; IP_TOOL_ENV                         ; Qsys                                                  ; --            ; SoC_mm_interconnect_0_cmd_xbar_mux              ; --             ;
; IP_TOOL_ENV                         ; Qsys                                                  ; --            ; SoC_mm_interconnect_0_cmd_xbar_mux_002          ; --             ;
; IP_TOOL_ENV                         ; Qsys                                                  ; --            ; SoC_mm_interconnect_0_cmd_xbar_mux_003          ; --             ;
; IP_TOOL_ENV                         ; Qsys                                                  ; --            ; SoC_mm_interconnect_0_cmd_xbar_mux_005          ; --             ;
; IP_TOOL_ENV                         ; Qsys                                                  ; --            ; SoC_mm_interconnect_0_id_router                 ; --             ;
; IP_TOOL_ENV                         ; Qsys                                                  ; --            ; SoC_mm_interconnect_0_id_router_002             ; --             ;
; IP_TOOL_ENV                         ; Qsys                                                  ; --            ; SoC_mm_interconnect_0_id_router_003             ; --             ;
; IP_TOOL_ENV                         ; Qsys                                                  ; --            ; SoC_mm_interconnect_0_id_router_005             ; --             ;
; IP_TOOL_ENV                         ; Qsys                                                  ; --            ; SoC_mm_interconnect_0_rsp_xbar_demux            ; --             ;
; IP_TOOL_ENV                         ; Qsys                                                  ; --            ; SoC_mm_interconnect_0_rsp_xbar_demux_002        ; --             ;
; IP_TOOL_ENV                         ; Qsys                                                  ; --            ; SoC_mm_interconnect_0_rsp_xbar_demux_003        ; --             ;
; IP_TOOL_ENV                         ; Qsys                                                  ; --            ; SoC_mm_interconnect_0_rsp_xbar_demux_005        ; --             ;
; IP_TOOL_ENV                         ; Qsys                                                  ; --            ; SoC_mm_interconnect_0_rsp_xbar_mux              ; --             ;
; IP_TOOL_ENV                         ; Qsys                                                  ; --            ; SoC_mm_interconnect_0_rsp_xbar_mux_001          ; --             ;
; IP_TOOL_ENV                         ; Qsys                                                  ; --            ; SoC_mm_interconnect_1                           ; --             ;
; IP_TOOL_ENV                         ; Qsys                                                  ; --            ; SoC_mm_interconnect_1_addr_router               ; --             ;
; IP_TOOL_ENV                         ; Qsys                                                  ; --            ; SoC_mm_interconnect_1_cmd_xbar_demux            ; --             ;
; IP_TOOL_ENV                         ; Qsys                                                  ; --            ; SoC_mm_interconnect_1_cmd_xbar_mux              ; --             ;
; IP_TOOL_ENV                         ; Qsys                                                  ; --            ; SoC_mm_interconnect_1_id_router                 ; --             ;
; IP_TOOL_ENV                         ; Qsys                                                  ; --            ; SoC_mm_interconnect_1_rsp_xbar_demux            ; --             ;
; IP_TOOL_ENV                         ; Qsys                                                  ; --            ; SoC_mm_interconnect_1_rsp_xbar_mux              ; --             ;
; IP_TOOL_ENV                         ; Qsys                                                  ; --            ; SoC_sdram                                       ; --             ;
; IP_TOOL_ENV                         ; Qsys                                                  ; --            ; SoC_sysid_qsys_0                                ; --             ;
; IP_TOOL_ENV                         ; Qsys                                                  ; --            ; SoC_timer                                       ; --             ;
; IP_TOOL_ENV                         ; Qsys                                                  ; --            ; altera_avalon_mm_clock_crossing_bridge          ; --             ;
; IP_TOOL_ENV                         ; Qsys                                                  ; --            ; altera_avalon_sc_fifo                           ; --             ;
; IP_TOOL_ENV                         ; Qsys                                                  ; --            ; altera_avalon_st_handshake_clock_crosser        ; --             ;
; IP_TOOL_ENV                         ; Qsys                                                  ; --            ; altera_customins_master_translator              ; --             ;
; IP_TOOL_ENV                         ; Qsys                                                  ; --            ; altera_customins_slave_translator               ; --             ;
; IP_TOOL_ENV                         ; Qsys                                                  ; --            ; altera_irq_clock_crosser                        ; --             ;
; IP_TOOL_ENV                         ; Qsys                                                  ; --            ; altera_merlin_master_agent                      ; --             ;
; IP_TOOL_ENV                         ; Qsys                                                  ; --            ; altera_merlin_master_translator                 ; --             ;
; IP_TOOL_ENV                         ; Qsys                                                  ; --            ; altera_merlin_slave_agent                       ; --             ;
; IP_TOOL_ENV                         ; Qsys                                                  ; --            ; altera_merlin_slave_translator                  ; --             ;
; IP_TOOL_ENV                         ; Qsys                                                  ; --            ; altera_merlin_traffic_limiter                   ; --             ;
; IP_TOOL_ENV                         ; Qsys                                                  ; --            ; altera_reset_controller                         ; --             ;
; IP_TOOL_NAME                        ; Qsys                                                  ; --            ; SoC                                             ; --             ;
; IP_TOOL_NAME                        ; altpll                                                ; --            ; SoC_altpll                                      ; --             ;
; IP_TOOL_NAME                        ; altera_nios2_qsys                                     ; --            ; SoC_cpu                                         ; --             ;
; IP_TOOL_NAME                        ; altera_customins_xconnect                             ; --            ; SoC_cpu_custom_instruction_master_comb_xconnect ; --             ;
; IP_TOOL_NAME                        ; altera_avalon_timer                                   ; --            ; SoC_high_resolution_timer                       ; --             ;
; IP_TOOL_NAME                        ; altera_irq_mapper                                     ; --            ; SoC_irq_mapper                                  ; --             ;
; IP_TOOL_NAME                        ; altera_avalon_jtag_uart                               ; --            ; SoC_jtag_uart                                   ; --             ;
; IP_TOOL_NAME                        ; altera_avalon_pio                                     ; --            ; SoC_leds_out                                    ; --             ;
; IP_TOOL_NAME                        ; altera_merlin_interconnect_wrapper                    ; --            ; SoC_mm_interconnect_0                           ; --             ;
; IP_TOOL_NAME                        ; altera_merlin_router                                  ; --            ; SoC_mm_interconnect_0_addr_router               ; --             ;
; IP_TOOL_NAME                        ; altera_merlin_router                                  ; --            ; SoC_mm_interconnect_0_addr_router_001           ; --             ;
; IP_TOOL_NAME                        ; altera_merlin_demultiplexer                           ; --            ; SoC_mm_interconnect_0_cmd_xbar_demux            ; --             ;
; IP_TOOL_NAME                        ; altera_merlin_demultiplexer                           ; --            ; SoC_mm_interconnect_0_cmd_xbar_demux_001        ; --             ;
; IP_TOOL_NAME                        ; altera_merlin_multiplexer                             ; --            ; SoC_mm_interconnect_0_cmd_xbar_mux              ; --             ;
; IP_TOOL_NAME                        ; altera_merlin_multiplexer                             ; --            ; SoC_mm_interconnect_0_cmd_xbar_mux_002          ; --             ;
; IP_TOOL_NAME                        ; altera_merlin_multiplexer                             ; --            ; SoC_mm_interconnect_0_cmd_xbar_mux_003          ; --             ;
; IP_TOOL_NAME                        ; altera_merlin_multiplexer                             ; --            ; SoC_mm_interconnect_0_cmd_xbar_mux_005          ; --             ;
; IP_TOOL_NAME                        ; altera_merlin_router                                  ; --            ; SoC_mm_interconnect_0_id_router                 ; --             ;
; IP_TOOL_NAME                        ; altera_merlin_router                                  ; --            ; SoC_mm_interconnect_0_id_router_002             ; --             ;
; IP_TOOL_NAME                        ; altera_merlin_router                                  ; --            ; SoC_mm_interconnect_0_id_router_003             ; --             ;
; IP_TOOL_NAME                        ; altera_merlin_router                                  ; --            ; SoC_mm_interconnect_0_id_router_005             ; --             ;
; IP_TOOL_NAME                        ; altera_merlin_demultiplexer                           ; --            ; SoC_mm_interconnect_0_rsp_xbar_demux            ; --             ;
; IP_TOOL_NAME                        ; altera_merlin_demultiplexer                           ; --            ; SoC_mm_interconnect_0_rsp_xbar_demux_002        ; --             ;
; IP_TOOL_NAME                        ; altera_merlin_demultiplexer                           ; --            ; SoC_mm_interconnect_0_rsp_xbar_demux_003        ; --             ;
; IP_TOOL_NAME                        ; altera_merlin_demultiplexer                           ; --            ; SoC_mm_interconnect_0_rsp_xbar_demux_005        ; --             ;
; IP_TOOL_NAME                        ; altera_merlin_multiplexer                             ; --            ; SoC_mm_interconnect_0_rsp_xbar_mux              ; --             ;
; IP_TOOL_NAME                        ; altera_merlin_multiplexer                             ; --            ; SoC_mm_interconnect_0_rsp_xbar_mux_001          ; --             ;
; IP_TOOL_NAME                        ; altera_merlin_interconnect_wrapper                    ; --            ; SoC_mm_interconnect_1                           ; --             ;
; IP_TOOL_NAME                        ; altera_merlin_router                                  ; --            ; SoC_mm_interconnect_1_addr_router               ; --             ;
; IP_TOOL_NAME                        ; altera_merlin_demultiplexer                           ; --            ; SoC_mm_interconnect_1_cmd_xbar_demux            ; --             ;
; IP_TOOL_NAME                        ; altera_merlin_multiplexer                             ; --            ; SoC_mm_interconnect_1_cmd_xbar_mux              ; --             ;
; IP_TOOL_NAME                        ; altera_merlin_router                                  ; --            ; SoC_mm_interconnect_1_id_router                 ; --             ;
; IP_TOOL_NAME                        ; altera_merlin_demultiplexer                           ; --            ; SoC_mm_interconnect_1_rsp_xbar_demux            ; --             ;
; IP_TOOL_NAME                        ; altera_merlin_multiplexer                             ; --            ; SoC_mm_interconnect_1_rsp_xbar_mux              ; --             ;
; IP_TOOL_NAME                        ; altera_avalon_new_sdram_controller                    ; --            ; SoC_sdram                                       ; --             ;
; IP_TOOL_NAME                        ; altera_avalon_sysid_qsys                              ; --            ; SoC_sysid_qsys_0                                ; --             ;
; IP_TOOL_NAME                        ; altera_avalon_timer                                   ; --            ; SoC_timer                                       ; --             ;
; IP_TOOL_NAME                        ; altera_avalon_mm_clock_crossing_bridge                ; --            ; altera_avalon_mm_clock_crossing_bridge          ; --             ;
; IP_TOOL_NAME                        ; altera_avalon_sc_fifo                                 ; --            ; altera_avalon_sc_fifo                           ; --             ;
; IP_TOOL_NAME                        ; altera_avalon_st_handshake_clock_crosser              ; --            ; altera_avalon_st_handshake_clock_crosser        ; --             ;
; IP_TOOL_NAME                        ; altera_customins_master_translator                    ; --            ; altera_customins_master_translator              ; --             ;
; IP_TOOL_NAME                        ; altera_customins_slave_translator                     ; --            ; altera_customins_slave_translator               ; --             ;
; IP_TOOL_NAME                        ; altera_irq_clock_crosser                              ; --            ; altera_irq_clock_crosser                        ; --             ;
; IP_TOOL_NAME                        ; altera_merlin_master_agent                            ; --            ; altera_merlin_master_agent                      ; --             ;
; IP_TOOL_NAME                        ; altera_merlin_master_translator                       ; --            ; altera_merlin_master_translator                 ; --             ;
; IP_TOOL_NAME                        ; altera_merlin_slave_agent                             ; --            ; altera_merlin_slave_agent                       ; --             ;
; IP_TOOL_NAME                        ; altera_merlin_slave_translator                        ; --            ; altera_merlin_slave_translator                  ; --             ;
; IP_TOOL_NAME                        ; altera_merlin_traffic_limiter                         ; --            ; altera_merlin_traffic_limiter                   ; --             ;
; IP_TOOL_NAME                        ; altera_reset_controller                               ; --            ; altera_reset_controller                         ; --             ;
; IP_TOOL_VERSION                     ; 13.1                                                  ; --            ; SoC                                             ; --             ;
; IP_TOOL_VERSION                     ; 13.1                                                  ; --            ; SoC_altpll                                      ; --             ;
; IP_TOOL_VERSION                     ; 13.1                                                  ; --            ; SoC_cpu                                         ; --             ;
; IP_TOOL_VERSION                     ; 13.1                                                  ; --            ; SoC_cpu_custom_instruction_master_comb_xconnect ; --             ;
; IP_TOOL_VERSION                     ; 13.1                                                  ; --            ; SoC_high_resolution_timer                       ; --             ;
; IP_TOOL_VERSION                     ; 13.1                                                  ; --            ; SoC_irq_mapper                                  ; --             ;
; IP_TOOL_VERSION                     ; 13.1                                                  ; --            ; SoC_jtag_uart                                   ; --             ;
; IP_TOOL_VERSION                     ; 13.1                                                  ; --            ; SoC_leds_out                                    ; --             ;
; IP_TOOL_VERSION                     ; 13.1                                                  ; --            ; SoC_mm_interconnect_0                           ; --             ;
; IP_TOOL_VERSION                     ; 13.1                                                  ; --            ; SoC_mm_interconnect_0_addr_router               ; --             ;
; IP_TOOL_VERSION                     ; 13.1                                                  ; --            ; SoC_mm_interconnect_0_addr_router_001           ; --             ;
; IP_TOOL_VERSION                     ; 13.1                                                  ; --            ; SoC_mm_interconnect_0_cmd_xbar_demux            ; --             ;
; IP_TOOL_VERSION                     ; 13.1                                                  ; --            ; SoC_mm_interconnect_0_cmd_xbar_demux_001        ; --             ;
; IP_TOOL_VERSION                     ; 13.1                                                  ; --            ; SoC_mm_interconnect_0_cmd_xbar_mux              ; --             ;
; IP_TOOL_VERSION                     ; 13.1                                                  ; --            ; SoC_mm_interconnect_0_cmd_xbar_mux_002          ; --             ;
; IP_TOOL_VERSION                     ; 13.1                                                  ; --            ; SoC_mm_interconnect_0_cmd_xbar_mux_003          ; --             ;
; IP_TOOL_VERSION                     ; 13.1                                                  ; --            ; SoC_mm_interconnect_0_cmd_xbar_mux_005          ; --             ;
; IP_TOOL_VERSION                     ; 13.1                                                  ; --            ; SoC_mm_interconnect_0_id_router                 ; --             ;
; IP_TOOL_VERSION                     ; 13.1                                                  ; --            ; SoC_mm_interconnect_0_id_router_002             ; --             ;
; IP_TOOL_VERSION                     ; 13.1                                                  ; --            ; SoC_mm_interconnect_0_id_router_003             ; --             ;
; IP_TOOL_VERSION                     ; 13.1                                                  ; --            ; SoC_mm_interconnect_0_id_router_005             ; --             ;
; IP_TOOL_VERSION                     ; 13.1                                                  ; --            ; SoC_mm_interconnect_0_rsp_xbar_demux            ; --             ;
; IP_TOOL_VERSION                     ; 13.1                                                  ; --            ; SoC_mm_interconnect_0_rsp_xbar_demux_002        ; --             ;
; IP_TOOL_VERSION                     ; 13.1                                                  ; --            ; SoC_mm_interconnect_0_rsp_xbar_demux_003        ; --             ;
; IP_TOOL_VERSION                     ; 13.1                                                  ; --            ; SoC_mm_interconnect_0_rsp_xbar_demux_005        ; --             ;
; IP_TOOL_VERSION                     ; 13.1                                                  ; --            ; SoC_mm_interconnect_0_rsp_xbar_mux              ; --             ;
; IP_TOOL_VERSION                     ; 13.1                                                  ; --            ; SoC_mm_interconnect_0_rsp_xbar_mux_001          ; --             ;
; IP_TOOL_VERSION                     ; 13.1                                                  ; --            ; SoC_mm_interconnect_1                           ; --             ;
; IP_TOOL_VERSION                     ; 13.1                                                  ; --            ; SoC_mm_interconnect_1_addr_router               ; --             ;
; IP_TOOL_VERSION                     ; 13.1                                                  ; --            ; SoC_mm_interconnect_1_cmd_xbar_demux            ; --             ;
; IP_TOOL_VERSION                     ; 13.1                                                  ; --            ; SoC_mm_interconnect_1_cmd_xbar_mux              ; --             ;
; IP_TOOL_VERSION                     ; 13.1                                                  ; --            ; SoC_mm_interconnect_1_id_router                 ; --             ;
; IP_TOOL_VERSION                     ; 13.1                                                  ; --            ; SoC_mm_interconnect_1_rsp_xbar_demux            ; --             ;
; IP_TOOL_VERSION                     ; 13.1                                                  ; --            ; SoC_mm_interconnect_1_rsp_xbar_mux              ; --             ;
; IP_TOOL_VERSION                     ; 13.1                                                  ; --            ; SoC_sdram                                       ; --             ;
; IP_TOOL_VERSION                     ; 13.1                                                  ; --            ; SoC_sysid_qsys_0                                ; --             ;
; IP_TOOL_VERSION                     ; 13.1                                                  ; --            ; SoC_timer                                       ; --             ;
; IP_TOOL_VERSION                     ; 13.1                                                  ; --            ; altera_avalon_mm_clock_crossing_bridge          ; --             ;
; IP_TOOL_VERSION                     ; 13.1                                                  ; --            ; altera_avalon_sc_fifo                           ; --             ;
; IP_TOOL_VERSION                     ; 13.1                                                  ; --            ; altera_avalon_st_handshake_clock_crosser        ; --             ;
; IP_TOOL_VERSION                     ; 13.1                                                  ; --            ; altera_customins_master_translator              ; --             ;
; IP_TOOL_VERSION                     ; 13.1                                                  ; --            ; altera_customins_slave_translator               ; --             ;
; IP_TOOL_VERSION                     ; 13.1                                                  ; --            ; altera_irq_clock_crosser                        ; --             ;
; IP_TOOL_VERSION                     ; 13.1                                                  ; --            ; altera_merlin_master_agent                      ; --             ;
; IP_TOOL_VERSION                     ; 13.1                                                  ; --            ; altera_merlin_master_translator                 ; --             ;
; IP_TOOL_VERSION                     ; 13.1                                                  ; --            ; altera_merlin_slave_agent                       ; --             ;
; IP_TOOL_VERSION                     ; 13.1                                                  ; --            ; altera_merlin_slave_translator                  ; --             ;
; IP_TOOL_VERSION                     ; 13.1                                                  ; --            ; altera_merlin_traffic_limiter                   ; --             ;
; IP_TOOL_VERSION                     ; 13.1                                                  ; --            ; altera_reset_controller                         ; --             ;
; MAX_CORE_JUNCTION_TEMP              ; 85                                                    ; --            ; --                                              ; --             ;
; MIN_CORE_JUNCTION_TEMP              ; 0                                                     ; --            ; --                                              ; --             ;
; MISC_FILE                           ; SoC/synthesis/../../SoC.cmp                           ; --            ; --                                              ; --             ;
; MISC_FILE                           ; SoC/synthesis/../../SoC.qsys                          ; --            ; --                                              ; --             ;
; NOMINAL_CORE_SUPPLY_VOLTAGE         ; 1.2V                                                  ; --            ; --                                              ; --             ;
; PARTITION_COLOR                     ; 16764057                                              ; --            ; --                                              ; Top            ;
; PARTITION_FITTER_PRESERVATION_LEVEL ; PLACEMENT_AND_ROUTING                                 ; --            ; --                                              ; Top            ;
; PARTITION_NETLIST_TYPE              ; SOURCE                                                ; --            ; --                                              ; Top            ;
; POWER_BOARD_THERMAL_MODEL           ; None (CONSERVATIVE)                                   ; --            ; --                                              ; --             ;
; POWER_PRESET_COOLING_SOLUTION       ; 23 MM HEAT SINK WITH 200 LFPM AIRFLOW                 ; --            ; --                                              ; --             ;
; PROJECT_OUTPUT_DIRECTORY            ; output_files                                          ; --            ; --                                              ; --             ;
; SLD_FILE                            ; SoC/synthesis/SoC.regmap                              ; --            ; --                                              ; --             ;
; SLD_FILE                            ; SoC/synthesis/SoC.debuginfo                           ; --            ; --                                              ; --             ;
; SLD_INFO                            ; QSYS_NAME SoC HAS_SOPCINFO 1 GENERATION_ID 1766748588 ; --            ; SoC                                             ; --             ;
; SOPCINFO_FILE                       ; SoC/synthesis/../../SoC.sopcinfo                      ; --            ; --                                              ; --             ;
; SYNTHESIS_ONLY_QIP                  ; On                                                    ; --            ; --                                              ; --             ;
+-------------------------------------+-------------------------------------------------------+---------------+-------------------------------------------------+----------------+


+--------------------------------------------------------------------------------------------------------------------------+
; Flow Elapsed Time                                                                                                        ;
+----------------------+--------------+-------------------------+---------------------+------------------------------------+
; Module Name          ; Elapsed Time ; Average Processors Used ; Peak Virtual Memory ; Total CPU Time (on all processors) ;
+----------------------+--------------+-------------------------+---------------------+------------------------------------+
; Analysis & Synthesis ; 00:00:32     ; 1.0                     ; 4607 MB             ; 00:00:14                           ;
; Total                ; 00:00:32     ; --                      ; --                  ; 00:00:14                           ;
+----------------------+--------------+-------------------------+---------------------+------------------------------------+


+-----------------------------------------------------------------------------------+
; Flow OS Summary                                                                   ;
+----------------------+------------------+-----------+------------+----------------+
; Module Name          ; Machine Hostname ; OS Name   ; OS Version ; Processor type ;
+----------------------+------------------+-----------+------------+----------------+
; Analysis & Synthesis ; Fikry-PC         ; Windows 7 ; 6.2        ; x86_64         ;
+----------------------+------------------+-----------+------------+----------------+


------------
; Flow Log ;
------------
quartus_map --read_settings_files=on --write_settings_files=off JSoc -c TopLevel



