Analysis & Synthesis report for TopLevel
Fri Dec 26 17:50:55 2025
Quartus II 64-Bit Version 13.1.0 Build 162 10/23/2013 SJ Web Edition


---------------------
; Table of Contents ;
---------------------
  1. Legal Notice
  2. Analysis & Synthesis Summary
  3. Analysis & Synthesis Settings
  4. Parallel Compilation
  5. Analysis & Synthesis Messages
  6. Analysis & Synthesis Suppressed Messages



----------------
; Legal Notice ;
----------------
Copyright (C) 1991-2013 Altera Corporation
Your use of Altera Corporation's design tools, logic functions 
and other software and tools, and its AMPP partner logic 
functions, and any output files from any of the foregoing 
(including device programming or simulation files), and any 
associated documentation or information are expressly subject 
to the terms and conditions of the Altera Program License 
Subscription Agreement, Altera MegaCore Function License 
Agreement, or other applicable license agreement, including, 
without limitation, that your use is for the sole purpose of 
programming logic devices manufactured by Altera and sold by 
Altera or its authorized distributors.  Please refer to the 
applicable agreement for further details.



+---------------------------------------------------------------------------------+
; Analysis & Synthesis Summary                                                    ;
+------------------------------------+--------------------------------------------+
; Analysis & Synthesis Status        ; Failed - Fri Dec 26 17:50:55 2025          ;
; Quartus II 64-Bit Version          ; 13.1.0 Build 162 10/23/2013 SJ Web Edition ;
; Revision Name                      ; TopLevel                                   ;
; Top-level Entity Name              ; TopLevel                                   ;
; Family                             ; Cyclone IV E                               ;
; Total logic elements               ; N/A until Partition Merge                  ;
;     Total combinational functions  ; N/A until Partition Merge                  ;
;     Dedicated logic registers      ; N/A until Partition Merge                  ;
; Total registers                    ; N/A until Partition Merge                  ;
; Total pins                         ; N/A until Partition Merge                  ;
; Total virtual pins                 ; N/A until Partition Merge                  ;
; Total memory bits                  ; N/A until Partition Merge                  ;
; Embedded Multiplier 9-bit elements ; N/A until Partition Merge                  ;
; Total PLLs                         ; N/A until Partition Merge                  ;
+------------------------------------+--------------------------------------------+


+----------------------------------------------------------------------------------------------------------------------+
; Analysis & Synthesis Settings                                                                                        ;
+----------------------------------------------------------------------------+--------------------+--------------------+
; Option                                                                     ; Setting            ; Default Value      ;
+----------------------------------------------------------------------------+--------------------+--------------------+
; Device                                                                     ; EP4CE115F29C7      ;                    ;
; Top-level entity name                                                      ; TopLevel           ; TopLevel           ;
; Family name                                                                ; Cyclone IV E       ; Cyclone IV GX      ;
; Use smart compilation                                                      ; Off                ; Off                ;
; Enable parallel Assembler and TimeQuest Timing Analyzer during compilation ; On                 ; On                 ;
; Enable compact report table                                                ; Off                ; Off                ;
; Restructure Multiplexers                                                   ; Auto               ; Auto               ;
; Create Debugging Nodes for IP Cores                                        ; Off                ; Off                ;
; Preserve fewer node names                                                  ; On                 ; On                 ;
; Disable OpenCore Plus hardware evaluation                                  ; Off                ; Off                ;
; Verilog Version                                                            ; Verilog_2001       ; Verilog_2001       ;
; VHDL Version                                                               ; VHDL_1993          ; VHDL_1993          ;
; State Machine Processing                                                   ; Auto               ; Auto               ;
; Safe State Machine                                                         ; Off                ; Off                ;
; Extract Verilog State Machines                                             ; On                 ; On                 ;
; Extract VHDL State Machines                                                ; On                 ; On                 ;
; Ignore Verilog initial constructs                                          ; Off                ; Off                ;
; Iteration limit for constant Verilog loops                                 ; 5000               ; 5000               ;
; Iteration limit for non-constant Verilog loops                             ; 250                ; 250                ;
; Add Pass-Through Logic to Inferred RAMs                                    ; On                 ; On                 ;
; Infer RAMs from Raw Logic                                                  ; On                 ; On                 ;
; Parallel Synthesis                                                         ; On                 ; On                 ;
; DSP Block Balancing                                                        ; Auto               ; Auto               ;
; NOT Gate Push-Back                                                         ; On                 ; On                 ;
; Power-Up Don't Care                                                        ; On                 ; On                 ;
; Remove Redundant Logic Cells                                               ; Off                ; Off                ;
; Remove Duplicate Registers                                                 ; On                 ; On                 ;
; Ignore CARRY Buffers                                                       ; Off                ; Off                ;
; Ignore CASCADE Buffers                                                     ; Off                ; Off                ;
; Ignore GLOBAL Buffers                                                      ; Off                ; Off                ;
; Ignore ROW GLOBAL Buffers                                                  ; Off                ; Off                ;
; Ignore LCELL Buffers                                                       ; Off                ; Off                ;
; Ignore SOFT Buffers                                                        ; On                 ; On                 ;
; Limit AHDL Integers to 32 Bits                                             ; Off                ; Off                ;
; Optimization Technique                                                     ; Balanced           ; Balanced           ;
; Carry Chain Length                                                         ; 70                 ; 70                 ;
; Auto Carry Chains                                                          ; On                 ; On                 ;
; Auto Open-Drain Pins                                                       ; On                 ; On                 ;
; Perform WYSIWYG Primitive Resynthesis                                      ; Off                ; Off                ;
; Auto ROM Replacement                                                       ; On                 ; On                 ;
; Auto RAM Replacement                                                       ; On                 ; On                 ;
; Auto DSP Block Replacement                                                 ; On                 ; On                 ;
; Auto Shift Register Replacement                                            ; Auto               ; Auto               ;
; Allow Shift Register Merging across Hierarchies                            ; Auto               ; Auto               ;
; Auto Clock Enable Replacement                                              ; On                 ; On                 ;
; Strict RAM Replacement                                                     ; Off                ; Off                ;
; Allow Synchronous Control Signals                                          ; On                 ; On                 ;
; Force Use of Synchronous Clear Signals                                     ; Off                ; Off                ;
; Auto RAM Block Balancing                                                   ; On                 ; On                 ;
; Auto RAM to Logic Cell Conversion                                          ; Off                ; Off                ;
; Auto Resource Sharing                                                      ; Off                ; Off                ;
; Allow Any RAM Size For Recognition                                         ; Off                ; Off                ;
; Allow Any ROM Size For Recognition                                         ; Off                ; Off                ;
; Allow Any Shift Register Size For Recognition                              ; Off                ; Off                ;
; Use LogicLock Constraints during Resource Balancing                        ; On                 ; On                 ;
; Ignore translate_off and synthesis_off directives                          ; Off                ; Off                ;
; Timing-Driven Synthesis                                                    ; On                 ; On                 ;
; Report Parameter Settings                                                  ; On                 ; On                 ;
; Report Source Assignments                                                  ; On                 ; On                 ;
; Report Connectivity Checks                                                 ; On                 ; On                 ;
; Ignore Maximum Fan-Out Assignments                                         ; Off                ; Off                ;
; Synchronization Register Chain Length                                      ; 2                  ; 2                  ;
; PowerPlay Power Optimization                                               ; Normal compilation ; Normal compilation ;
; HDL message level                                                          ; Level2             ; Level2             ;
; Suppress Register Optimization Related Messages                            ; Off                ; Off                ;
; Number of Removed Registers Reported in Synthesis Report                   ; 5000               ; 5000               ;
; Number of Swept Nodes Reported in Synthesis Report                         ; 5000               ; 5000               ;
; Number of Inverted Registers Reported in Synthesis Report                  ; 100                ; 100                ;
; Clock MUX Protection                                                       ; On                 ; On                 ;
; Auto Gated Clock Conversion                                                ; Off                ; Off                ;
; Block Design Naming                                                        ; Auto               ; Auto               ;
; SDC constraint protection                                                  ; Off                ; Off                ;
; Synthesis Effort                                                           ; Auto               ; Auto               ;
; Shift Register Replacement - Allow Asynchronous Clear Signal               ; On                 ; On                 ;
; Pre-Mapping Resynthesis Optimization                                       ; Off                ; Off                ;
; Analysis & Synthesis Message Level                                         ; Medium             ; Medium             ;
; Disable Register Merging Across Hierarchies                                ; Auto               ; Auto               ;
; Resource Aware Inference For Block RAM                                     ; On                 ; On                 ;
; Synthesis Seed                                                             ; 1                  ; 1                  ;
+----------------------------------------------------------------------------+--------------------+--------------------+


Parallel compilation was disabled, but you have multiple processors available. Enable parallel compilation to reduce compilation time.
+-------------------------------------+
; Parallel Compilation                ;
+----------------------------+--------+
; Processors                 ; Number ;
+----------------------------+--------+
; Number detected on machine ; 12     ;
; Maximum allowed            ; 1      ;
+----------------------------+--------+


+-------------------------------+
; Analysis & Synthesis Messages ;
+-------------------------------+
Info: *******************************************************************
Info: Running Quartus II 64-Bit Analysis & Synthesis
    Info: Version 13.1.0 Build 162 10/23/2013 SJ Web Edition
    Info: Processing started: Fri Dec 26 17:50:23 2025
Info: Command: quartus_map --read_settings_files=on --write_settings_files=off JSoc -c TopLevel
Warning (20028): Parallel compilation is not licensed and has been disabled
Info (12248): Elaborating Qsys system entity "SoC.qsys"
Info (12250): 2025.12.26.17:50:24 Progress: Loading practical_2/SoC.qsys
Info (12250): 2025.12.26.17:50:24 Progress: Reading input file
Info (12250): 2025.12.26.17:50:24 Progress: Adding clock [clock_source 13.1]
Info (12250): 2025.12.26.17:50:24 Progress: Parameterizing module clock
Info (12250): 2025.12.26.17:50:24 Progress: Adding cpu [altera_nios2_qsys 13.1]
Info (12250): 2025.12.26.17:50:24 Progress: Parameterizing module cpu
Info (12250): 2025.12.26.17:50:24 Progress: Adding sdram [altera_avalon_new_sdram_controller 13.1]
Info (12250): 2025.12.26.17:50:25 Progress: Parameterizing module sdram
Info (12250): 2025.12.26.17:50:25 Progress: Adding timer [altera_avalon_timer 13.1]
Info (12250): 2025.12.26.17:50:25 Progress: Parameterizing module timer
Info (12250): 2025.12.26.17:50:25 Progress: Adding sysid_qsys_0 [altera_avalon_sysid_qsys 13.1]
Info (12250): 2025.12.26.17:50:25 Progress: Parameterizing module sysid_qsys_0
Info (12250): 2025.12.26.17:50:25 Progress: Adding leds_out [altera_avalon_pio 13.1]
Info (12250): 2025.12.26.17:50:25 Progress: Parameterizing module leds_out
Info (12250): 2025.12.26.17:50:25 Progress: Adding altpll [altpll 13.1]
Info (12250): 2025.12.26.17:50:25 Progress: Parameterizing module altpll
Info (12250): 2025.12.26.17:50:25 Progress: Adding jtag_uart [altera_avalon_jtag_uart 13.1]
Info (12250): 2025.12.26.17:50:25 Progress: Parameterizing module jtag_uart
Info (12250): 2025.12.26.17:50:25 Progress: Adding master_clock_crossing_bridge [altera_avalon_mm_clock_crossing_bridge 13.1]
Info (12250): 2025.12.26.17:50:25 Progress: Parameterizing module master_clock_crossing_bridge
Info (12250): 2025.12.26.17:50:25 Progress: Adding high_resolution_timer [altera_avalon_timer 13.1]
Info (12250): 2025.12.26.17:50:25 Progress: Parameterizing module high_resolution_timer
Info (12250): 2025.12.26.17:50:25 Progress: Adding CRC_CUSTOM_0 [CRC_CUSTOM 1.0]
Info (12250): 2025.12.26.17:50:25 Progress: Parameterizing module CRC_CUSTOM_0
Info (12250): 2025.12.26.17:50:25 Progress: Building connections
Info (12250): 2025.12.26.17:50:25 Progress: Parameterizing connections
Info (12250): 2025.12.26.17:50:25 Progress: Validating
Info (12250): 2025.12.26.17:50:26 Progress: Done reading input file
Warning (12251): SoC.cpu: The address range of the slaves connected to the Nios II instruction masters exceeds 28 bits. Attempts to call functions across 28-bit boundaries is not supported by GCC and will result in linker errors.
Info (12250): SoC.sysid_qsys_0: System ID is not assigned automatically. Edit the System ID parameter to provide a unique ID
Info (12250): SoC.sysid_qsys_0: Time stamp will be automatically updated when this component is generated.
Warning (12251): SoC.altpll: altpll.areset_conduit must be exported, or connected to a matching conduit.
Warning (12251): SoC.altpll: altpll.locked_conduit must be exported, or connected to a matching conduit.
Warning (12251): SoC.altpll: altpll.phasedone_conduit must be exported, or connected to a matching conduit.
Warning (12251): SoC.high_resolution_timer: Interrupt sender high_resolution_timer.irq is not connected to an interrupt receiver
Info (12250): SoC: Generating SoC "SoC" for QUARTUS_SYNTH
Info (12250): Pipeline_bridge_swap_transform: After transform: 11 modules, 47 connections
Info (12250): Merlin_custom_instruction_transform: After transform: 14 modules, 50 connections
Info (12250): Merlin_initial_interconnect_transform: After transform: 8 modules, 30 connections
Info (12250): Merlin_translator_transform: After transform: 17 modules, 65 connections
Info (12250): Merlin_domain_transform: After transform: 36 modules, 182 connections
Info (12250): Merlin_router_transform: After transform: 45 modules, 217 connections
Info (12250): Merlin_network_to_switch_transform: After transform: 62 modules, 263 connections
Info (12250): Inserting clock-crossing logic between cmd_xbar_demux.src2 and cmd_xbar_mux_002.sink0
Info (12250): Inserting clock-crossing logic between cmd_xbar_demux_001.src2 and cmd_xbar_mux_002.sink1
Info (12250): Inserting clock-crossing logic between cmd_xbar_demux_001.src5 and cmd_xbar_mux_005.sink0
Info (12250): Inserting clock-crossing logic between rsp_xbar_demux_002.src0 and rsp_xbar_mux.sink2
Info (12250): Inserting clock-crossing logic between rsp_xbar_demux_002.src1 and rsp_xbar_mux_001.sink2
Info (12250): Inserting clock-crossing logic between rsp_xbar_demux_005.src0 and rsp_xbar_mux_001.sink5
Info (12250): Com_altera_sopcmodel_transforms_avalon_ClockCrossingTransform: After transform: 68 modules, 301 connections
Info (12250): Merlin_clock_and_reset_bridge_transform: After transform: 74 modules, 380 connections
Info (12250): Merlin_hierarchy_transform: After transform: 15 modules, 57 connections
Info (12250): Merlin_initial_interconnect_transform: After transform: 6 modules, 11 connections
Info (12250): Merlin_translator_transform: After transform: 9 modules, 23 connections
Info (12250): Merlin_domain_transform: After transform: 15 modules, 60 connections
Info (12250): Merlin_router_transform: After transform: 18 modules, 72 connections
Info (12250): Merlin_traffic_limiter_transform: After transform: 19 modules, 77 connections
Info (12250): Merlin_network_to_switch_transform: After transform: 24 modules, 90 connections
Info (12250): Limiter_update_transform: After transform: 24 modules, 91 connections
Info (12250): Merlin_clock_and_reset_bridge_transform: After transform: 26 modules, 114 connections
Info (12250): Merlin_hierarchy_transform: After transform: 16 modules, 61 connections
Info (12250): Merlin_mm_transform: After transform: 16 modules, 61 connections
Info (12250): Merlin_interrupt_mapper_transform: After transform: 17 modules, 65 connections
Info (12250): Merlin_interrupt_sync_transform: After transform: 18 modules, 72 connections
Info (12250): Reset_adaptation_transform: After transform: 23 modules, 76 connections
Warning (12251): SoC: "No matching role found for cpu:custom_instruction_master:E_ci_multi_clock (clk)"
Warning (12251): SoC: "No matching role found for cpu:custom_instruction_master:E_ci_multi_reset_req (reset_req)"
Warning (12251): SoC: "No matching role found for cpu:custom_instruction_master:E_ci_multi_reset (reset)"
Warning (12251): SoC: "No matching role found for cpu_custom_instruction_master_translator:ci_slave:ci_slave_ipending (ipending)"
Warning (12251): SoC: "No matching role found for cpu_custom_instruction_master_translator:ci_slave:ci_slave_estatus (estatus)"
Warning (12251): SoC: "No matching role found for CRC_CUSTOM_0:nios_custom_instruction_slave:start (start)"
Warning (12251): SoC: "No matching role found for CRC_CUSTOM_0:nios_custom_instruction_slave:done (done)"
Warning (12251): SoC: "No matching role found for CRC_CUSTOM_0:nios_custom_instruction_slave:clk_en (clk_en)"
Info (12250): Cpu: Starting RTL generation for module 'SoC_cpu'
Info (12250): Cpu:   Generation command is [exec C:/altera/13.1/quartus/bin/eperlcmd.exe -I C:/altera/13.1/quartus/bin/perl/lib -I C:/altera/13.1/quartus/sopc_builder/bin/europa -I C:/altera/13.1/quartus/sopc_builder/bin/perl_lib -I C:/altera/13.1/quartus/sopc_builder/bin -I C:/altera/13.1/quartus/../ip/altera/nios2_ip/altera_nios2/cpu_lib -I C:/altera/13.1/quartus/../ip/altera/nios2_ip/altera_nios2/nios_lib -I C:/altera/13.1/quartus/../ip/altera/nios2_ip/altera_nios2 -I C:/altera/13.1/quartus/../ip/altera/nios2_ip/altera_nios2 -- C:/altera/13.1/quartus/../ip/altera/nios2_ip/altera_nios2/generate_rtl.epl --name=SoC_cpu --dir=C:/Users/DELL/AppData/Local/Temp/alt0448_2226738520214102300.dir/0001_cpu_gen/ --quartus_dir=C:/altera/13.1/quartus --verilog --config=C:/Users/DELL/AppData/Local/Temp/alt0448_2226738520214102300.dir/0001_cpu_gen//SoC_cpu_processor_configuration.pl  --do_build_sim=0  ]
Info (12250): Cpu: # 2025.12.26 17:50:34 (*) Starting Nios II generation
Info (12250): Cpu: # 2025.12.26 17:50:34 (*)   Checking for plaintext license.
Info (12250): Cpu: # 2025.12.26 17:50:36 (*)   Couldn't query license setup in Quartus directory C:/altera/13.1/quartus
Info (12250): Cpu: # 2025.12.26 17:50:36 (*)   Defaulting to contents of LM_LICENSE_FILE environment variable
Info (12250): Cpu: # 2025.12.26 17:50:36 (*)   LM_LICENSE_FILE environment variable is empty
Info (12250): Cpu: # 2025.12.26 17:50:36 (*)   Plaintext license not found.
Info (12250): Cpu: # 2025.12.26 17:50:36 (*)   No license required to generate encrypted Nios II/e.
Info (12250): Cpu: # 2025.12.26 17:50:36 (*)   Elaborating CPU configuration settings
Info (12250): Cpu: # 2025.12.26 17:50:36 (*)   Creating all objects for CPU
Info (12250): Cpu: # 2025.12.26 17:50:36 (*)   Generating RTL from CPU objects
Info (12250): Cpu: # 2025.12.26 17:50:36 (*)   Creating plain-text RTL
Info (12250): Cpu: # 2025.12.26 17:50:37 (*) Done Nios II generation
Info (12250): Cpu: Done RTL generation for module 'SoC_cpu'
Info (12250): Cpu: "SoC" instantiated altera_nios2_qsys "cpu"
Info (12250): Sdram: Starting RTL generation for module 'SoC_sdram'
Info (12250): Sdram:   Generation command is [exec C:/altera/13.1/quartus/bin/perl/bin/perl.exe -I C:/altera/13.1/quartus/bin/perl/lib -I C:/altera/13.1/quartus/sopc_builder/bin/europa -I C:/altera/13.1/quartus/sopc_builder/bin/perl_lib -I C:/altera/13.1/quartus/sopc_builder/bin -I C:/altera/13.1/quartus/../ip/altera/sopc_builder_ip/common -I C:/altera/13.1/quartus/../ip/altera/sopc_builder_ip/altera_avalon_new_sdram_controller -- C:/altera/13.1/quartus/../ip/altera/sopc_builder_ip/altera_avalon_new_sdram_controller/generate_rtl.pl --name=SoC_sdram --dir=C:/Users/DELL/AppData/Local/Temp/alt0448_2226738520214102300.dir/0002_sdram_gen/ --quartus_dir=C:/altera/13.1/quartus --verilog --config=C:/Users/DELL/AppData/Local/Temp/alt0448_2226738520214102300.dir/0002_sdram_gen//SoC_sdram_component_configuration.pl  --do_build_sim=0  ]
Info (12250): Sdram: Done RTL generation for module 'SoC_sdram'
Info (12250): Sdram: "SoC" instantiated altera_avalon_new_sdram_controller "sdram"
Info (12250): Timer: Starting RTL generation for module 'SoC_timer'
Info (12250): Timer:   Generation command is [exec C:/altera/13.1/quartus/bin//perl/bin/perl.exe -I C:/altera/13.1/quartus/bin//perl/lib -I C:/altera/13.1/quartus/sopc_builder/bin/europa -I C:/altera/13.1/quartus/sopc_builder/bin/perl_lib -I C:/altera/13.1/quartus/sopc_builder/bin -I C:/altera/13.1/quartus/../ip/altera/sopc_builder_ip/common -I C:/altera/13.1/quartus/../ip/altera/sopc_builder_ip/altera_avalon_timer -- C:/altera/13.1/quartus/../ip/altera/sopc_builder_ip/altera_avalon_timer/generate_rtl.pl --name=SoC_timer --dir=C:/Users/DELL/AppData/Local/Temp/alt0448_2226738520214102300.dir/0003_timer_gen/ --quartus_dir=C:/altera/13.1/quartus --verilog --config=C:/Users/DELL/AppData/Local/Temp/alt0448_2226738520214102300.dir/0003_timer_gen//SoC_timer_component_configuration.pl  --do_build_sim=0  ]
Info (12250): Timer: Done RTL generation for module 'SoC_timer'
Info (12250): Timer: "SoC" instantiated altera_avalon_timer "timer"
Info (12250): Sysid_qsys_0: "SoC" instantiated altera_avalon_sysid_qsys "sysid_qsys_0"
Info (12250): Leds_out: Starting RTL generation for module 'SoC_leds_out'
Info (12250): Leds_out:   Generation command is [exec C:/altera/13.1/quartus/bin/perl/bin/perl.exe -I C:/altera/13.1/quartus/bin/perl/lib -I C:/altera/13.1/quartus/sopc_builder/bin/europa -I C:/altera/13.1/quartus/sopc_builder/bin/perl_lib -I C:/altera/13.1/quartus/sopc_builder/bin -I C:/altera/13.1/quartus/../ip/altera/sopc_builder_ip/common -I C:/altera/13.1/quartus/../ip/altera/sopc_builder_ip/altera_avalon_pio -- C:/altera/13.1/quartus/../ip/altera/sopc_builder_ip/altera_avalon_pio/generate_rtl.pl --name=SoC_leds_out --dir=C:/Users/DELL/AppData/Local/Temp/alt0448_2226738520214102300.dir/0005_leds_out_gen/ --quartus_dir=C:/altera/13.1/quartus --verilog --config=C:/Users/DELL/AppData/Local/Temp/alt0448_2226738520214102300.dir/0005_leds_out_gen//SoC_leds_out_component_configuration.pl  --do_build_sim=0  ]
Info (12250): Leds_out: Done RTL generation for module 'SoC_leds_out'
Info (12250): Leds_out: "SoC" instantiated altera_avalon_pio "leds_out"
Info (12250): Altpll: "SoC" instantiated altpll "altpll"
Info (12250): Jtag_uart: Starting RTL generation for module 'SoC_jtag_uart'
Info (12250): Jtag_uart:   Generation command is [exec C:/altera/13.1/quartus/bin/perl/bin/perl.exe -I C:/altera/13.1/quartus/bin/perl/lib -I C:/altera/13.1/quartus/sopc_builder/bin/europa -I C:/altera/13.1/quartus/sopc_builder/bin/perl_lib -I C:/altera/13.1/quartus/sopc_builder/bin -I C:/altera/13.1/quartus/../ip/altera/sopc_builder_ip/common -I C:/altera/13.1/quartus/../ip/altera/sopc_builder_ip/altera_avalon_jtag_uart -- C:/altera/13.1/quartus/../ip/altera/sopc_builder_ip/altera_avalon_jtag_uart/generate_rtl.pl --name=SoC_jtag_uart --dir=C:/Users/DELL/AppData/Local/Temp/alt0448_2226738520214102300.dir/0008_jtag_uart_gen/ --quartus_dir=C:/altera/13.1/quartus --verilog --config=C:/Users/DELL/AppData/Local/Temp/alt0448_2226738520214102300.dir/0008_jtag_uart_gen//SoC_jtag_uart_component_configuration.pl  --do_build_sim=0  ]
Info (12250): Jtag_uart: Done RTL generation for module 'SoC_jtag_uart'
Info (12250): Jtag_uart: "SoC" instantiated altera_avalon_jtag_uart "jtag_uart"
Info (12250): Master_clock_crossing_bridge: "SoC" instantiated altera_avalon_mm_clock_crossing_bridge "master_clock_crossing_bridge"
Info (12250): High_resolution_timer: Starting RTL generation for module 'SoC_high_resolution_timer'
Info (12250): High_resolution_timer:   Generation command is [exec C:/altera/13.1/quartus/bin//perl/bin/perl.exe -I C:/altera/13.1/quartus/bin//perl/lib -I C:/altera/13.1/quartus/sopc_builder/bin/europa -I C:/altera/13.1/quartus/sopc_builder/bin/perl_lib -I C:/altera/13.1/quartus/sopc_builder/bin -I C:/altera/13.1/quartus/../ip/altera/sopc_builder_ip/common -I C:/altera/13.1/quartus/../ip/altera/sopc_builder_ip/altera_avalon_timer -- C:/altera/13.1/quartus/../ip/altera/sopc_builder_ip/altera_avalon_timer/generate_rtl.pl --name=SoC_high_resolution_timer --dir=C:/Users/DELL/AppData/Local/Temp/alt0448_2226738520214102300.dir/0009_high_resolution_timer_gen/ --quartus_dir=C:/altera/13.1/quartus --verilog --config=C:/Users/DELL/AppData/Local/Temp/alt0448_2226738520214102300.dir/0009_high_resolution_timer_gen//SoC_high_resolution_timer_component_configuration.pl  --do_build_sim=0  ]
Info (12250): High_resolution_timer: Done RTL generation for module 'SoC_high_resolution_timer'
Info (12250): High_resolution_timer: "SoC" instantiated altera_avalon_timer "high_resolution_timer"
Info (12250): CRC_CUSTOM_0: "SoC" instantiated CRC_CUSTOM "CRC_CUSTOM_0"
Info (12250): Cpu_custom_instruction_master_translator: "SoC" instantiated altera_customins_master_translator "cpu_custom_instruction_master_translator"
Info (12250): Cpu_custom_instruction_master_comb_xconnect: "SoC" instantiated altera_customins_xconnect "cpu_custom_instruction_master_comb_xconnect"
Info (12250): Cpu_custom_instruction_master_comb_slave_translator0: "SoC" instantiated altera_customins_slave_translator "cpu_custom_instruction_master_comb_slave_translator0"
Info (12250): Pipeline_bridge_swap_transform: After transform: 66 modules, 220 connections
Info (12250): No custom instruction connections, skipping transform 
Info (12250): Merlin_initial_interconnect_transform: After transform: 0 modules, 0 connections
Info (12250): No Avalon connections, skipping transform 
Info (12250): Merlin_hierarchy_transform: After transform: 66 modules, 220 connections
Info (12250): Merlin_initial_interconnect_transform: After transform: 0 modules, 0 connections
Info (12250): No Avalon connections, skipping transform 
Info (12250): Merlin_hierarchy_transform: After transform: 66 modules, 220 connections
Info (12250): Merlin_initial_interconnect_transform: After transform: 0 modules, 0 connections
Info (12250): No Avalon connections, skipping transform 
Info (12250): Merlin_hierarchy_transform: After transform: 66 modules, 220 connections
Info (12250): Merlin_initial_interconnect_transform: After transform: 0 modules, 0 connections
Info (12250): No Avalon connections, skipping transform 
Info (12250): Merlin_hierarchy_transform: After transform: 66 modules, 220 connections
Info (12250): Merlin_initial_interconnect_transform: After transform: 0 modules, 0 connections
Info (12250): No Avalon connections, skipping transform 
Info (12250): Merlin_hierarchy_transform: After transform: 66 modules, 220 connections
Info (12250): Merlin_initial_interconnect_transform: After transform: 0 modules, 0 connections
Info (12250): No Avalon connections, skipping transform 
Info (12250): Merlin_hierarchy_transform: After transform: 66 modules, 220 connections
Info (12250): Merlin_initial_interconnect_transform: After transform: 0 modules, 0 connections
Info (12250): No Avalon connections, skipping transform 
Info (12250): Merlin_hierarchy_transform: After transform: 66 modules, 220 connections
Info (12250): Merlin_initial_interconnect_transform: After transform: 0 modules, 0 connections
Info (12250): No Avalon connections, skipping transform 
Info (12250): Merlin_hierarchy_transform: After transform: 66 modules, 220 connections
Info (12250): Merlin_initial_interconnect_transform: After transform: 0 modules, 0 connections
Info (12250): No Avalon connections, skipping transform 
Info (12250): Merlin_hierarchy_transform: After transform: 66 modules, 220 connections
Info (12250): Mm_interconnect_0: "SoC" instantiated altera_merlin_interconnect_wrapper "mm_interconnect_0"
Info (12250): Pipeline_bridge_swap_transform: After transform: 20 modules, 62 connections
Info (12250): No custom instruction connections, skipping transform 
Info (12250): Merlin_initial_interconnect_transform: After transform: 0 modules, 0 connections
Info (12250): No Avalon connections, skipping transform 
Info (12250): Merlin_hierarchy_transform: After transform: 20 modules, 62 connections
Info (12250): Merlin_initial_interconnect_transform: After transform: 0 modules, 0 connections
Info (12250): No Avalon connections, skipping transform 
Info (12250): Merlin_hierarchy_transform: After transform: 20 modules, 62 connections
Info (12250): Merlin_initial_interconnect_transform: After transform: 0 modules, 0 connections
Info (12250): No Avalon connections, skipping transform 
Info (12250): Merlin_hierarchy_transform: After transform: 20 modules, 62 connections
Info (12250): Mm_interconnect_1: "SoC" instantiated altera_merlin_interconnect_wrapper "mm_interconnect_1"
Info (12250): Irq_mapper: "SoC" instantiated altera_irq_mapper "irq_mapper"
Info (12250): Irq_synchronizer: "SoC" instantiated altera_irq_clock_crosser "irq_synchronizer"
Info (12250): Rst_controller: "SoC" instantiated altera_reset_controller "rst_controller"
Info (12250): Cpu_instruction_master_translator: "mm_interconnect_0" instantiated altera_merlin_master_translator "cpu_instruction_master_translator"
Info (12250): Cpu_jtag_debug_module_translator: "mm_interconnect_0" instantiated altera_merlin_slave_translator "cpu_jtag_debug_module_translator"
Info (12250): Cpu_instruction_master_translator_avalon_universal_master_0_agent: "mm_interconnect_0" instantiated altera_merlin_master_agent "cpu_instruction_master_translator_avalon_universal_master_0_agent"
Info (12250): Cpu_jtag_debug_module_translator_avalon_universal_slave_0_agent: "mm_interconnect_0" instantiated altera_merlin_slave_agent "cpu_jtag_debug_module_translator_avalon_universal_slave_0_agent"
Info (12250): Cpu_jtag_debug_module_translator_avalon_universal_slave_0_agent_rsp_fifo: "mm_interconnect_0" instantiated altera_avalon_sc_fifo "cpu_jtag_debug_module_translator_avalon_universal_slave_0_agent_rsp_fifo"
Info (12250): Addr_router: "mm_interconnect_0" instantiated altera_merlin_router "addr_router"
Info (12250): Addr_router_001: "mm_interconnect_0" instantiated altera_merlin_router "addr_router_001"
Info (12250): Id_router: "mm_interconnect_0" instantiated altera_merlin_router "id_router"
Info (12250): Id_router_002: "mm_interconnect_0" instantiated altera_merlin_router "id_router_002"
Info (12250): Id_router_003: "mm_interconnect_0" instantiated altera_merlin_router "id_router_003"
Info (12250): Id_router_005: "mm_interconnect_0" instantiated altera_merlin_router "id_router_005"
Info (12250): Cmd_xbar_demux: "mm_interconnect_0" instantiated altera_merlin_demultiplexer "cmd_xbar_demux"
Info (12250): Cmd_xbar_demux_001: "mm_interconnect_0" instantiated altera_merlin_demultiplexer "cmd_xbar_demux_001"
Info (12250): Cmd_xbar_mux: "mm_interconnect_0" instantiated altera_merlin_multiplexer "cmd_xbar_mux"
Info (12250): Cmd_xbar_mux_002: "mm_interconnect_0" instantiated altera_merlin_multiplexer "cmd_xbar_mux_002"
Info (12250): Reusing file C:/Users/DELL/Documents/advanced_embedded_systems/practical_2/db/ip/SoC/submodules/altera_merlin_arbitrator.sv
Info (12250): Cmd_xbar_mux_003: "mm_interconnect_0" instantiated altera_merlin_multiplexer "cmd_xbar_mux_003"
Info (12250): Reusing file C:/Users/DELL/Documents/advanced_embedded_systems/practical_2/db/ip/SoC/submodules/altera_merlin_arbitrator.sv
Info (12250): Cmd_xbar_mux_005: "mm_interconnect_0" instantiated altera_merlin_multiplexer "cmd_xbar_mux_005"
Info (12250): Reusing file C:/Users/DELL/Documents/advanced_embedded_systems/practical_2/db/ip/SoC/submodules/altera_merlin_arbitrator.sv
Info (12250): Rsp_xbar_demux: "mm_interconnect_0" instantiated altera_merlin_demultiplexer "rsp_xbar_demux"
Info (12250): Rsp_xbar_demux_002: "mm_interconnect_0" instantiated altera_merlin_demultiplexer "rsp_xbar_demux_002"
Info (12250): Rsp_xbar_demux_003: "mm_interconnect_0" instantiated altera_merlin_demultiplexer "rsp_xbar_demux_003"
Info (12250): Rsp_xbar_demux_005: "mm_interconnect_0" instantiated altera_merlin_demultiplexer "rsp_xbar_demux_005"
Info (12250): Rsp_xbar_mux: "mm_interconnect_0" instantiated altera_merlin_multiplexer "rsp_xbar_mux"
Info (12250): Reusing file C:/Users/DELL/Documents/advanced_embedded_systems/practical_2/db/ip/SoC/submodules/altera_merlin_arbitrator.sv
Info (12250): Rsp_xbar_mux_001: "mm_interconnect_0" instantiated altera_merlin_multiplexer "rsp_xbar_mux_001"
Info (12250): Reusing file C:/Users/DELL/Documents/advanced_embedded_systems/practical_2/db/ip/SoC/submodules/altera_merlin_arbitrator.sv
Info (12250): Crosser: "mm_interconnect_0" instantiated altera_avalon_st_handshake_clock_crosser "crosser"
Info (12250): Addr_router: "mm_interconnect_1" instantiated altera_merlin_router "addr_router"
Info (12250): Id_router: "mm_interconnect_1" instantiated altera_merlin_router "id_router"
Info (12250): Limiter: "mm_interconnect_1" instantiated altera_merlin_traffic_limiter "limiter"
Info (12250): Reusing file C:/Users/DELL/Documents/advanced_embedded_systems/practical_2/db/ip/SoC/submodules/altera_avalon_sc_fifo.v
Info (12250): Reusing file C:/Users/DELL/Documents/advanced_embedded_systems/practical_2/db/ip/SoC/submodules/altera_avalon_st_pipeline_base.v
Info (12250): Cmd_xbar_demux: "mm_interconnect_1" instantiated altera_merlin_demultiplexer "cmd_xbar_demux"
Info (12250): Cmd_xbar_mux: "mm_interconnect_1" instantiated altera_merlin_multiplexer "cmd_xbar_mux"
Info (12250): Reusing file C:/Users/DELL/Documents/advanced_embedded_systems/practical_2/db/ip/SoC/submodules/altera_merlin_arbitrator.sv
Info (12250): Rsp_xbar_demux: "mm_interconnect_1" instantiated altera_merlin_demultiplexer "rsp_xbar_demux"
Info (12250): Rsp_xbar_mux: "mm_interconnect_1" instantiated altera_merlin_multiplexer "rsp_xbar_mux"
Info (12250): Reusing file C:/Users/DELL/Documents/advanced_embedded_systems/practical_2/db/ip/SoC/submodules/altera_merlin_arbitrator.sv
Info (12250): SoC: Done "SoC" with 50 modules, 69 files, 1328062 bytes
Info (12249): Finished elaborating Qsys system entity "SoC.qsys"
Info (12021): Found 1 design units, including 1 entities, in source file soc/synthesis/soc.v
    Info (12023): Found entity 1: SoC
Info (12021): Found 1 design units, including 1 entities, in source file soc/synthesis/submodules/altera_reset_controller.v
    Info (12023): Found entity 1: altera_reset_controller
Info (12021): Found 1 design units, including 1 entities, in source file soc/synthesis/submodules/altera_reset_synchronizer.v
    Info (12023): Found entity 1: altera_reset_synchronizer
Info (12021): Found 1 design units, including 1 entities, in source file soc/synthesis/submodules/altera_irq_clock_crosser.sv
    Info (12023): Found entity 1: altera_irq_clock_crosser
Info (12021): Found 1 design units, including 1 entities, in source file soc/synthesis/submodules/soc_irq_mapper.sv
    Info (12023): Found entity 1: SoC_irq_mapper
Info (12021): Found 1 design units, including 1 entities, in source file soc/synthesis/submodules/soc_mm_interconnect_1.v
    Info (12023): Found entity 1: SoC_mm_interconnect_1
Info (12021): Found 2 design units, including 2 entities, in source file soc/synthesis/submodules/altera_merlin_arbitrator.sv
    Info (12023): Found entity 1: altera_merlin_arbitrator
    Info (12023): Found entity 2: altera_merlin_arb_adder
Info (12021): Found 1 design units, including 1 entities, in source file soc/synthesis/submodules/soc_mm_interconnect_1_rsp_xbar_mux.sv
    Info (12023): Found entity 1: SoC_mm_interconnect_1_rsp_xbar_mux
Info (12021): Found 1 design units, including 1 entities, in source file soc/synthesis/submodules/soc_mm_interconnect_1_rsp_xbar_demux.sv
    Info (12023): Found entity 1: SoC_mm_interconnect_1_rsp_xbar_demux
Info (12021): Found 1 design units, including 1 entities, in source file soc/synthesis/submodules/soc_mm_interconnect_1_cmd_xbar_mux.sv
    Info (12023): Found entity 1: SoC_mm_interconnect_1_cmd_xbar_mux
Info (12021): Found 1 design units, including 1 entities, in source file soc/synthesis/submodules/soc_mm_interconnect_1_cmd_xbar_demux.sv
    Info (12023): Found entity 1: SoC_mm_interconnect_1_cmd_xbar_demux
Info (12021): Found 1 design units, including 1 entities, in source file soc/synthesis/submodules/altera_merlin_traffic_limiter.sv
    Info (12023): Found entity 1: altera_merlin_traffic_limiter
Info (12021): Found 2 design units, including 2 entities, in source file soc/synthesis/submodules/altera_merlin_reorder_memory.sv
    Info (12023): Found entity 1: altera_merlin_reorder_memory
    Info (12023): Found entity 2: memory_pointer_controller
Info (12021): Found 1 design units, including 1 entities, in source file soc/synthesis/submodules/altera_avalon_sc_fifo.v
    Info (12023): Found entity 1: altera_avalon_sc_fifo
Info (12021): Found 1 design units, including 1 entities, in source file soc/synthesis/submodules/altera_avalon_st_pipeline_base.v
    Info (12023): Found entity 1: altera_avalon_st_pipeline_base
Info (12021): Found 2 design units, including 2 entities, in source file soc/synthesis/submodules/soc_mm_interconnect_1_id_router.sv
    Info (12023): Found entity 1: SoC_mm_interconnect_1_id_router_default_decode
    Info (12023): Found entity 2: SoC_mm_interconnect_1_id_router
Info (12021): Found 2 design units, including 2 entities, in source file soc/synthesis/submodules/soc_mm_interconnect_1_addr_router.sv
    Info (12023): Found entity 1: SoC_mm_interconnect_1_addr_router_default_decode
    Info (12023): Found entity 2: SoC_mm_interconnect_1_addr_router
Info (12021): Found 1 design units, including 1 entities, in source file soc/synthesis/submodules/altera_merlin_slave_agent.sv
    Info (12023): Found entity 1: altera_merlin_slave_agent
Info (12021): Found 1 design units, including 1 entities, in source file soc/synthesis/submodules/altera_merlin_burst_uncompressor.sv
    Info (12023): Found entity 1: altera_merlin_burst_uncompressor
Info (12021): Found 1 design units, including 1 entities, in source file soc/synthesis/submodules/altera_merlin_master_agent.sv
    Info (12023): Found entity 1: altera_merlin_master_agent
Info (12021): Found 1 design units, including 1 entities, in source file soc/synthesis/submodules/altera_merlin_slave_translator.sv
    Info (12023): Found entity 1: altera_merlin_slave_translator
Info (12021): Found 1 design units, including 1 entities, in source file soc/synthesis/submodules/altera_merlin_master_translator.sv
    Info (12023): Found entity 1: altera_merlin_master_translator
Info (12021): Found 1 design units, including 1 entities, in source file soc/synthesis/submodules/soc_mm_interconnect_0.v
    Info (12023): Found entity 1: SoC_mm_interconnect_0
Info (12021): Found 1 design units, including 1 entities, in source file soc/synthesis/submodules/altera_avalon_st_handshake_clock_crosser.v
    Info (12023): Found entity 1: altera_avalon_st_handshake_clock_crosser
Info (12021): Found 1 design units, including 1 entities, in source file soc/synthesis/submodules/altera_avalon_st_clock_crosser.v
    Info (12023): Found entity 1: altera_avalon_st_clock_crosser
Info (12021): Found 1 design units, including 1 entities, in source file soc/synthesis/submodules/soc_mm_interconnect_0_rsp_xbar_mux_001.sv
    Info (12023): Found entity 1: SoC_mm_interconnect_0_rsp_xbar_mux_001
Info (12021): Found 1 design units, including 1 entities, in source file soc/synthesis/submodules/soc_mm_interconnect_0_rsp_xbar_mux.sv
    Info (12023): Found entity 1: SoC_mm_interconnect_0_rsp_xbar_mux
Info (12021): Found 1 design units, including 1 entities, in source file soc/synthesis/submodules/soc_mm_interconnect_0_rsp_xbar_demux_005.sv
    Info (12023): Found entity 1: SoC_mm_interconnect_0_rsp_xbar_demux_005
Info (12021): Found 1 design units, including 1 entities, in source file soc/synthesis/submodules/soc_mm_interconnect_0_rsp_xbar_demux_003.sv
    Info (12023): Found entity 1: SoC_mm_interconnect_0_rsp_xbar_demux_003
Info (12021): Found 1 design units, including 1 entities, in source file soc/synthesis/submodules/soc_mm_interconnect_0_rsp_xbar_demux_002.sv
    Info (12023): Found entity 1: SoC_mm_interconnect_0_rsp_xbar_demux_002
Info (12021): Found 1 design units, including 1 entities, in source file soc/synthesis/submodules/soc_mm_interconnect_0_rsp_xbar_demux.sv
    Info (12023): Found entity 1: SoC_mm_interconnect_0_rsp_xbar_demux
Info (12021): Found 1 design units, including 1 entities, in source file soc/synthesis/submodules/soc_mm_interconnect_0_cmd_xbar_mux_005.sv
    Info (12023): Found entity 1: SoC_mm_interconnect_0_cmd_xbar_mux_005
Info (12021): Found 1 design units, including 1 entities, in source file soc/synthesis/submodules/soc_mm_interconnect_0_cmd_xbar_mux_003.sv
    Info (12023): Found entity 1: SoC_mm_interconnect_0_cmd_xbar_mux_003
Info (12021): Found 1 design units, including 1 entities, in source file soc/synthesis/submodules/soc_mm_interconnect_0_cmd_xbar_mux_002.sv
    Info (12023): Found entity 1: SoC_mm_interconnect_0_cmd_xbar_mux_002
Info (12021): Found 1 design units, including 1 entities, in source file soc/synthesis/submodules/soc_mm_interconnect_0_cmd_xbar_mux.sv
    Info (12023): Found entity 1: SoC_mm_interconnect_0_cmd_xbar_mux
Info (12021): Found 1 design units, including 1 entities, in source file soc/synthesis/submodules/soc_mm_interconnect_0_cmd_xbar_demux_001.sv
    Info (12023): Found entity 1: SoC_mm_interconnect_0_cmd_xbar_demux_001
Info (12021): Found 1 design units, including 1 entities, in source file soc/synthesis/submodules/soc_mm_interconnect_0_cmd_xbar_demux.sv
    Info (12023): Found entity 1: SoC_mm_interconnect_0_cmd_xbar_demux
Info (12021): Found 2 design units, including 2 entities, in source file soc/synthesis/submodules/soc_mm_interconnect_0_id_router_005.sv
    Info (12023): Found entity 1: SoC_mm_interconnect_0_id_router_005_default_decode
    Info (12023): Found entity 2: SoC_mm_interconnect_0_id_router_005
Info (12021): Found 2 design units, including 2 entities, in source file soc/synthesis/submodules/soc_mm_interconnect_0_id_router_003.sv
    Info (12023): Found entity 1: SoC_mm_interconnect_0_id_router_003_default_decode
    Info (12023): Found entity 2: SoC_mm_interconnect_0_id_router_003
Info (12021): Found 2 design units, including 2 entities, in source file soc/synthesis/submodules/soc_mm_interconnect_0_id_router_002.sv
    Info (12023): Found entity 1: SoC_mm_interconnect_0_id_router_002_default_decode
    Info (12023): Found entity 2: SoC_mm_interconnect_0_id_router_002
Info (12021): Found 2 design units, including 2 entities, in source file soc/synthesis/submodules/soc_mm_interconnect_0_id_router.sv
    Info (12023): Found entity 1: SoC_mm_interconnect_0_id_router_default_decode
    Info (12023): Found entity 2: SoC_mm_interconnect_0_id_router
Info (12021): Found 2 design units, including 2 entities, in source file soc/synthesis/submodules/soc_mm_interconnect_0_addr_router_001.sv
    Info (12023): Found entity 1: SoC_mm_interconnect_0_addr_router_001_default_decode
    Info (12023): Found entity 2: SoC_mm_interconnect_0_addr_router_001
Info (12021): Found 2 design units, including 2 entities, in source file soc/synthesis/submodules/soc_mm_interconnect_0_addr_router.sv
    Info (12023): Found entity 1: SoC_mm_interconnect_0_addr_router_default_decode
    Info (12023): Found entity 2: SoC_mm_interconnect_0_addr_router
Info (12021): Found 1 design units, including 1 entities, in source file soc/synthesis/submodules/altera_customins_slave_translator.sv
    Info (12023): Found entity 1: altera_customins_slave_translator
Info (12021): Found 1 design units, including 1 entities, in source file soc/synthesis/submodules/soc_cpu_custom_instruction_master_comb_xconnect.sv
    Info (12023): Found entity 1: SoC_cpu_custom_instruction_master_comb_xconnect
Info (12021): Found 1 design units, including 1 entities, in source file soc/synthesis/submodules/altera_customins_master_translator.v
    Info (12023): Found entity 1: altera_customins_master_translator
Info (12021): Found 3 design units, including 3 entities, in source file soc/synthesis/submodules/crc_component.v
    Info (12023): Found entity 1: CRC_Component
    Info (12023): Found entity 2: XOR_Shift_Block
    Info (12023): Found entity 3: XOR_Shift
Info (12021): Found 1 design units, including 1 entities, in source file soc/synthesis/submodules/crc_custom_instruction.v
    Info (12023): Found entity 1: CRC_Custom_Instruction
Info (12021): Found 1 design units, including 1 entities, in source file soc/synthesis/submodules/soc_high_resolution_timer.v
    Info (12023): Found entity 1: SoC_high_resolution_timer
Info (12021): Found 1 design units, including 1 entities, in source file soc/synthesis/submodules/altera_avalon_mm_clock_crossing_bridge.v
    Info (12023): Found entity 1: altera_avalon_mm_clock_crossing_bridge
Info (12021): Found 1 design units, including 1 entities, in source file soc/synthesis/submodules/altera_avalon_dc_fifo.v
    Info (12023): Found entity 1: altera_avalon_dc_fifo
Info (12021): Found 1 design units, including 1 entities, in source file soc/synthesis/submodules/altera_dcfifo_synchronizer_bundle.v
    Info (12023): Found entity 1: altera_dcfifo_synchronizer_bundle
Info (12021): Found 5 design units, including 5 entities, in source file soc/synthesis/submodules/soc_jtag_uart.v
    Info (12023): Found entity 1: SoC_jtag_uart_sim_scfifo_w
    Info (12023): Found entity 2: SoC_jtag_uart_scfifo_w
    Info (12023): Found entity 3: SoC_jtag_uart_sim_scfifo_r
    Info (12023): Found entity 4: SoC_jtag_uart_scfifo_r
    Info (12023): Found entity 5: SoC_jtag_uart
Info (12021): Found 4 design units, including 4 entities, in source file soc/synthesis/submodules/soc_altpll.v
    Info (12023): Found entity 1: SoC_altpll_dffpipe_l2c
    Info (12023): Found entity 2: SoC_altpll_stdsync_sv6
    Info (12023): Found entity 3: SoC_altpll_altpll_bch2
    Info (12023): Found entity 4: SoC_altpll
Info (12021): Found 1 design units, including 1 entities, in source file soc/synthesis/submodules/soc_leds_out.v
    Info (12023): Found entity 1: SoC_leds_out
Info (12021): Found 1 design units, including 1 entities, in source file soc/synthesis/submodules/soc_sysid_qsys_0.v
    Info (12023): Found entity 1: SoC_sysid_qsys_0
Info (12021): Found 1 design units, including 1 entities, in source file soc/synthesis/submodules/soc_timer.v
    Info (12023): Found entity 1: SoC_timer
Info (12021): Found 2 design units, including 2 entities, in source file soc/synthesis/submodules/soc_sdram.v
    Info (12023): Found entity 1: SoC_sdram_input_efifo_module
    Info (12023): Found entity 2: SoC_sdram
Info (12021): Found 21 design units, including 21 entities, in source file soc/synthesis/submodules/soc_cpu.v
    Info (12023): Found entity 1: SoC_cpu_register_bank_a_module
    Info (12023): Found entity 2: SoC_cpu_register_bank_b_module
    Info (12023): Found entity 3: SoC_cpu_nios2_oci_debug
    Info (12023): Found entity 4: SoC_cpu_ociram_sp_ram_module
    Info (12023): Found entity 5: SoC_cpu_nios2_ocimem
    Info (12023): Found entity 6: SoC_cpu_nios2_avalon_reg
    Info (12023): Found entity 7: SoC_cpu_nios2_oci_break
    Info (12023): Found entity 8: SoC_cpu_nios2_oci_xbrk
    Info (12023): Found entity 9: SoC_cpu_nios2_oci_dbrk
    Info (12023): Found entity 10: SoC_cpu_nios2_oci_itrace
    Info (12023): Found entity 11: SoC_cpu_nios2_oci_td_mode
    Info (12023): Found entity 12: SoC_cpu_nios2_oci_dtrace
    Info (12023): Found entity 13: SoC_cpu_nios2_oci_compute_input_tm_cnt
    Info (12023): Found entity 14: SoC_cpu_nios2_oci_fifo_wrptr_inc
    Info (12023): Found entity 15: SoC_cpu_nios2_oci_fifo_cnt_inc
    Info (12023): Found entity 16: SoC_cpu_nios2_oci_fifo
    Info (12023): Found entity 17: SoC_cpu_nios2_oci_pib
    Info (12023): Found entity 18: SoC_cpu_nios2_oci_im
    Info (12023): Found entity 19: SoC_cpu_nios2_performance_monitors
    Info (12023): Found entity 20: SoC_cpu_nios2_oci
    Info (12023): Found entity 21: SoC_cpu
Info (12021): Found 1 design units, including 1 entities, in source file soc/synthesis/submodules/soc_cpu_jtag_debug_module_sysclk.v
    Info (12023): Found entity 1: SoC_cpu_jtag_debug_module_sysclk
Info (12021): Found 1 design units, including 1 entities, in source file soc/synthesis/submodules/soc_cpu_jtag_debug_module_tck.v
    Info (12023): Found entity 1: SoC_cpu_jtag_debug_module_tck
Info (12021): Found 1 design units, including 1 entities, in source file soc/synthesis/submodules/soc_cpu_jtag_debug_module_wrapper.v
    Info (12023): Found entity 1: SoC_cpu_jtag_debug_module_wrapper
Info (12021): Found 1 design units, including 1 entities, in source file soc/synthesis/submodules/soc_cpu_oci_test_bench.v
    Info (12023): Found entity 1: SoC_cpu_oci_test_bench
Info (12021): Found 1 design units, including 1 entities, in source file soc/synthesis/submodules/soc_cpu_test_bench.v
    Info (12023): Found entity 1: SoC_cpu_test_bench
Info (12021): Found 1 design units, including 1 entities, in source file toplevel.bdf
    Info (12023): Found entity 1: TopLevel
Error (10228): Verilog HDL error at soc.v(6): module "SoC" cannot be declared more than once File: C:/Users/DELL/Documents/advanced_embedded_systems/practical_2/db/ip/soc/soc.v Line: 6
Info (10499): HDL info at SoC.v(6): see declaration for object "SoC"
Info (12021): Found 0 design units, including 0 entities, in source file db/ip/soc/soc.v
Error (10228): Verilog HDL error at crc_component.v(45): module "CRC_Component" cannot be declared more than once File: C:/Users/DELL/Documents/advanced_embedded_systems/practical_2/db/ip/soc/submodules/crc_component.v Line: 45
Info (10499): HDL info at CRC_Component.v(45): see declaration for object "CRC_Component"
Error (10112): Ignored design unit "XOR_Shift_Block" at crc_component.v(263) due to previous errors File: C:/Users/DELL/Documents/advanced_embedded_systems/practical_2/db/ip/soc/submodules/crc_component.v Line: 263
Error (10112): Ignored design unit "XOR_Shift" at crc_component.v(299) due to previous errors File: C:/Users/DELL/Documents/advanced_embedded_systems/practical_2/db/ip/soc/submodules/crc_component.v Line: 299
Info (12021): Found 0 design units, including 0 entities, in source file db/ip/soc/submodules/crc_component.v
Error (10228): Verilog HDL error at crc_custom_instruction.v(32): module "CRC_Custom_Instruction" cannot be declared more than once File: C:/Users/DELL/Documents/advanced_embedded_systems/practical_2/db/ip/soc/submodules/crc_custom_instruction.v Line: 32
Info (10499): HDL info at CRC_Custom_Instruction.v(32): see declaration for object "CRC_Custom_Instruction"
Info (12021): Found 0 design units, including 0 entities, in source file db/ip/soc/submodules/crc_custom_instruction.v
Error (10228): Verilog HDL error at soc_altpll.v(37): module "SoC_altpll_dffpipe_l2c" cannot be declared more than once File: C:/Users/DELL/Documents/advanced_embedded_systems/practical_2/db/ip/soc/submodules/soc_altpll.v Line: 37
Info (10499): HDL info at SoC_altpll.v(37): see declaration for object "SoC_altpll_dffpipe_l2c"
Error (10112): Ignored design unit "SoC_altpll_stdsync_sv6" at soc_altpll.v(98) due to previous errors File: C:/Users/DELL/Documents/advanced_embedded_systems/practical_2/db/ip/soc/submodules/soc_altpll.v Line: 98
Error (10112): Ignored design unit "SoC_altpll_altpll_bch2" at soc_altpll.v(130) due to previous errors File: C:/Users/DELL/Documents/advanced_embedded_systems/practical_2/db/ip/soc/submodules/soc_altpll.v Line: 130
Error (10112): Ignored design unit "SoC_altpll" at soc_altpll.v(221) due to previous errors File: C:/Users/DELL/Documents/advanced_embedded_systems/practical_2/db/ip/soc/submodules/soc_altpll.v Line: 221
Info (12021): Found 0 design units, including 0 entities, in source file db/ip/soc/submodules/soc_altpll.v
Error (10228): Verilog HDL error at soc_cpu.v(21): module "SoC_cpu_register_bank_a_module" cannot be declared more than once File: C:/Users/DELL/Documents/advanced_embedded_systems/practical_2/db/ip/soc/submodules/soc_cpu.v Line: 21
Info (10499): HDL info at SoC_cpu.v(21): see declaration for object "SoC_cpu_register_bank_a_module"
Error (10112): Ignored design unit "SoC_cpu_register_bank_b_module" at soc_cpu.v(86) due to previous errors File: C:/Users/DELL/Documents/advanced_embedded_systems/practical_2/db/ip/soc/submodules/soc_cpu.v Line: 86
Error (10112): Ignored design unit "SoC_cpu_nios2_oci_debug" at soc_cpu.v(151) due to previous errors File: C:/Users/DELL/Documents/advanced_embedded_systems/practical_2/db/ip/soc/submodules/soc_cpu.v Line: 151
Error (10112): Ignored design unit "SoC_cpu_ociram_sp_ram_module" at soc_cpu.v(292) due to previous errors File: C:/Users/DELL/Documents/advanced_embedded_systems/practical_2/db/ip/soc/submodules/soc_cpu.v Line: 292
Error (10112): Ignored design unit "SoC_cpu_nios2_ocimem" at soc_cpu.v(355) due to previous errors File: C:/Users/DELL/Documents/advanced_embedded_systems/practical_2/db/ip/soc/submodules/soc_cpu.v Line: 355
Error (10112): Ignored design unit "SoC_cpu_nios2_avalon_reg" at soc_cpu.v(536) due to previous errors File: C:/Users/DELL/Documents/advanced_embedded_systems/practical_2/db/ip/soc/submodules/soc_cpu.v Line: 536
Error (10112): Ignored design unit "SoC_cpu_nios2_oci_break" at soc_cpu.v(628) due to previous errors File: C:/Users/DELL/Documents/advanced_embedded_systems/practical_2/db/ip/soc/submodules/soc_cpu.v Line: 628
Error (10112): Ignored design unit "SoC_cpu_nios2_oci_xbrk" at soc_cpu.v(922) due to previous errors File: C:/Users/DELL/Documents/advanced_embedded_systems/practical_2/db/ip/soc/submodules/soc_cpu.v Line: 922
Error (10112): Ignored design unit "SoC_cpu_nios2_oci_dbrk" at soc_cpu.v(1128) due to previous errors File: C:/Users/DELL/Documents/advanced_embedded_systems/practical_2/db/ip/soc/submodules/soc_cpu.v Line: 1128
Error (10112): Ignored design unit "SoC_cpu_nios2_oci_itrace" at soc_cpu.v(1314) due to previous errors File: C:/Users/DELL/Documents/advanced_embedded_systems/practical_2/db/ip/soc/submodules/soc_cpu.v Line: 1314
Error (10112): Ignored design unit "SoC_cpu_nios2_oci_td_mode" at soc_cpu.v(1637) due to previous errors File: C:/Users/DELL/Documents/advanced_embedded_systems/practical_2/db/ip/soc/submodules/soc_cpu.v Line: 1637
Error (10112): Ignored design unit "SoC_cpu_nios2_oci_dtrace" at soc_cpu.v(1704) due to previous errors File: C:/Users/DELL/Documents/advanced_embedded_systems/practical_2/db/ip/soc/submodules/soc_cpu.v Line: 1704
Error (10112): Ignored design unit "SoC_cpu_nios2_oci_compute_input_tm_cnt" at soc_cpu.v(1798) due to previous errors File: C:/Users/DELL/Documents/advanced_embedded_systems/practical_2/db/ip/soc/submodules/soc_cpu.v Line: 1798
Error (10112): Ignored design unit "SoC_cpu_nios2_oci_fifo_wrptr_inc" at soc_cpu.v(1869) due to previous errors File: C:/Users/DELL/Documents/advanced_embedded_systems/practical_2/db/ip/soc/submodules/soc_cpu.v Line: 1869
Error (10112): Ignored design unit "SoC_cpu_nios2_oci_fifo_cnt_inc" at soc_cpu.v(1911) due to previous errors File: C:/Users/DELL/Documents/advanced_embedded_systems/practical_2/db/ip/soc/submodules/soc_cpu.v Line: 1911
Error (10112): Ignored design unit "SoC_cpu_nios2_oci_fifo" at soc_cpu.v(1957) due to previous errors File: C:/Users/DELL/Documents/advanced_embedded_systems/practical_2/db/ip/soc/submodules/soc_cpu.v Line: 1957
Error (10112): Ignored design unit "SoC_cpu_nios2_oci_pib" at soc_cpu.v(2458) due to previous errors File: C:/Users/DELL/Documents/advanced_embedded_systems/practical_2/db/ip/soc/submodules/soc_cpu.v Line: 2458
Error (10112): Ignored design unit "SoC_cpu_nios2_oci_im" at soc_cpu.v(2526) due to previous errors File: C:/Users/DELL/Documents/advanced_embedded_systems/practical_2/db/ip/soc/submodules/soc_cpu.v Line: 2526
Error (10112): Ignored design unit "SoC_cpu_nios2_performance_monitors" at soc_cpu.v(2642) due to previous errors File: C:/Users/DELL/Documents/advanced_embedded_systems/practical_2/db/ip/soc/submodules/soc_cpu.v Line: 2642
Info (12021): Found 0 design units, including 0 entities, in source file db/ip/soc/submodules/soc_cpu.v
Error (10228): Verilog HDL error at soc_cpu_custom_instruction_master_comb_xconnect.sv(27): module "SoC_cpu_custom_instruction_master_comb_xconnect" cannot be declared more than once File: C:/Users/DELL/Documents/advanced_embedded_systems/practical_2/db/ip/soc/submodules/soc_cpu_custom_instruction_master_comb_xconnect.sv Line: 27
Info (10499): HDL info at SoC_cpu_custom_instruction_master_comb_xconnect.sv(27): see declaration for object "SoC_cpu_custom_instruction_master_comb_xconnect"
Info (12021): Found 0 design units, including 0 entities, in source file db/ip/soc/submodules/soc_cpu_custom_instruction_master_comb_xconnect.sv
Error (10228): Verilog HDL error at soc_cpu_jtag_debug_module_sysclk.v(21): module "SoC_cpu_jtag_debug_module_sysclk" cannot be declared more than once File: C:/Users/DELL/Documents/advanced_embedded_systems/practical_2/db/ip/soc/submodules/soc_cpu_jtag_debug_module_sysclk.v Line: 21
Info (10499): HDL info at SoC_cpu_jtag_debug_module_sysclk.v(21): see declaration for object "SoC_cpu_jtag_debug_module_sysclk"
Info (12021): Found 0 design units, including 0 entities, in source file db/ip/soc/submodules/soc_cpu_jtag_debug_module_sysclk.v
Error (10228): Verilog HDL error at soc_cpu_jtag_debug_module_tck.v(21): module "SoC_cpu_jtag_debug_module_tck" cannot be declared more than once File: C:/Users/DELL/Documents/advanced_embedded_systems/practical_2/db/ip/soc/submodules/soc_cpu_jtag_debug_module_tck.v Line: 21
Info (10499): HDL info at SoC_cpu_jtag_debug_module_tck.v(21): see declaration for object "SoC_cpu_jtag_debug_module_tck"
Info (12021): Found 0 design units, including 0 entities, in source file db/ip/soc/submodules/soc_cpu_jtag_debug_module_tck.v
Error (10228): Verilog HDL error at soc_cpu_jtag_debug_module_wrapper.v(21): module "SoC_cpu_jtag_debug_module_wrapper" cannot be declared more than once File: C:/Users/DELL/Documents/advanced_embedded_systems/practical_2/db/ip/soc/submodules/soc_cpu_jtag_debug_module_wrapper.v Line: 21
Info (10499): HDL info at SoC_cpu_jtag_debug_module_wrapper.v(21): see declaration for object "SoC_cpu_jtag_debug_module_wrapper"
Info (12021): Found 0 design units, including 0 entities, in source file db/ip/soc/submodules/soc_cpu_jtag_debug_module_wrapper.v
Error (10228): Verilog HDL error at soc_cpu_oci_test_bench.v(21): module "SoC_cpu_oci_test_bench" cannot be declared more than once File: C:/Users/DELL/Documents/advanced_embedded_systems/practical_2/db/ip/soc/submodules/soc_cpu_oci_test_bench.v Line: 21
Info (10499): HDL info at SoC_cpu_oci_test_bench.v(21): see declaration for object "SoC_cpu_oci_test_bench"
Info (12021): Found 0 design units, including 0 entities, in source file db/ip/soc/submodules/soc_cpu_oci_test_bench.v
Error (10228): Verilog HDL error at soc_cpu_test_bench.v(21): module "SoC_cpu_test_bench" cannot be declared more than once File: C:/Users/DELL/Documents/advanced_embedded_systems/practical_2/db/ip/soc/submodules/soc_cpu_test_bench.v Line: 21
Info (10499): HDL info at SoC_cpu_test_bench.v(21): see declaration for object "SoC_cpu_test_bench"
Info (12021): Found 0 design units, including 0 entities, in source file db/ip/soc/submodules/soc_cpu_test_bench.v
Error (10228): Verilog HDL error at soc_high_resolution_timer.v(21): module "SoC_high_resolution_timer" cannot be declared more than once File: C:/Users/DELL/Documents/advanced_embedded_systems/practical_2/db/ip/soc/submodules/soc_high_resolution_timer.v Line: 21
Info (10499): HDL info at SoC_high_resolution_timer.v(21): see declaration for object "SoC_high_resolution_timer"
Info (12021): Found 0 design units, including 0 entities, in source file db/ip/soc/submodules/soc_high_resolution_timer.v
Error (10228): Verilog HDL error at soc_irq_mapper.sv(31): module "SoC_irq_mapper" cannot be declared more than once File: C:/Users/DELL/Documents/advanced_embedded_systems/practical_2/db/ip/soc/submodules/soc_irq_mapper.sv Line: 31
Info (10499): HDL info at SoC_irq_mapper.sv(31): see declaration for object "SoC_irq_mapper"
Info (12021): Found 0 design units, including 0 entities, in source file db/ip/soc/submodules/soc_irq_mapper.sv
Error (10228): Verilog HDL error at soc_jtag_uart.v(21): module "SoC_jtag_uart_sim_scfifo_w" cannot be declared more than once File: C:/Users/DELL/Documents/advanced_embedded_systems/practical_2/db/ip/soc/submodules/soc_jtag_uart.v Line: 21
Info (10499): HDL info at SoC_jtag_uart.v(21): see declaration for object "SoC_jtag_uart_sim_scfifo_w"
Error (10112): Ignored design unit "SoC_jtag_uart_scfifo_w" at soc_jtag_uart.v(77) due to previous errors File: C:/Users/DELL/Documents/advanced_embedded_systems/practical_2/db/ip/soc/submodules/soc_jtag_uart.v Line: 77
Error (10112): Ignored design unit "SoC_jtag_uart_sim_scfifo_r" at soc_jtag_uart.v(162) due to previous errors File: C:/Users/DELL/Documents/advanced_embedded_systems/practical_2/db/ip/soc/submodules/soc_jtag_uart.v Line: 162
Error (10112): Ignored design unit "SoC_jtag_uart_scfifo_r" at soc_jtag_uart.v(240) due to previous errors File: C:/Users/DELL/Documents/advanced_embedded_systems/practical_2/db/ip/soc/submodules/soc_jtag_uart.v Line: 240
Error (10112): Ignored design unit "SoC_jtag_uart" at soc_jtag_uart.v(327) due to previous errors File: C:/Users/DELL/Documents/advanced_embedded_systems/practical_2/db/ip/soc/submodules/soc_jtag_uart.v Line: 327
Info (12021): Found 0 design units, including 0 entities, in source file db/ip/soc/submodules/soc_jtag_uart.v
Error (10228): Verilog HDL error at soc_leds_out.v(21): module "SoC_leds_out" cannot be declared more than once File: C:/Users/DELL/Documents/advanced_embedded_systems/practical_2/db/ip/soc/submodules/soc_leds_out.v Line: 21
Info (10499): HDL info at SoC_leds_out.v(21): see declaration for object "SoC_leds_out"
Info (12021): Found 0 design units, including 0 entities, in source file db/ip/soc/submodules/soc_leds_out.v
Error (10228): Verilog HDL error at soc_mm_interconnect_0.v(9): module "SoC_mm_interconnect_0" cannot be declared more than once File: C:/Users/DELL/Documents/advanced_embedded_systems/practical_2/db/ip/soc/submodules/soc_mm_interconnect_0.v Line: 9
Info (10499): HDL info at SoC_mm_interconnect_0.v(9): see declaration for object "SoC_mm_interconnect_0"
Info (12021): Found 0 design units, including 0 entities, in source file db/ip/soc/submodules/soc_mm_interconnect_0.v
Error (10228): Verilog HDL error at soc_mm_interconnect_0_addr_router.sv(45): module "SoC_mm_interconnect_0_addr_router_default_decode" cannot be declared more than once File: C:/Users/DELL/Documents/advanced_embedded_systems/practical_2/db/ip/soc/submodules/soc_mm_interconnect_0_addr_router.sv Line: 45
Info (10499): HDL info at SoC_mm_interconnect_0_addr_router.sv(45): see declaration for object "SoC_mm_interconnect_0_addr_router_default_decode"
Error (10112): Ignored design unit "SoC_mm_interconnect_0_addr_router" at soc_mm_interconnect_0_addr_router.sv(86) due to previous errors File: C:/Users/DELL/Documents/advanced_embedded_systems/practical_2/db/ip/soc/submodules/soc_mm_interconnect_0_addr_router.sv Line: 86
Info (12021): Found 0 design units, including 0 entities, in source file db/ip/soc/submodules/soc_mm_interconnect_0_addr_router.sv
Error (10228): Verilog HDL error at soc_mm_interconnect_0_addr_router_001.sv(45): module "SoC_mm_interconnect_0_addr_router_001_default_decode" cannot be declared more than once File: C:/Users/DELL/Documents/advanced_embedded_systems/practical_2/db/ip/soc/submodules/soc_mm_interconnect_0_addr_router_001.sv Line: 45
Info (10499): HDL info at SoC_mm_interconnect_0_addr_router_001.sv(45): see declaration for object "SoC_mm_interconnect_0_addr_router_001_default_decode"
Error (10112): Ignored design unit "SoC_mm_interconnect_0_addr_router_001" at soc_mm_interconnect_0_addr_router_001.sv(86) due to previous errors File: C:/Users/DELL/Documents/advanced_embedded_systems/practical_2/db/ip/soc/submodules/soc_mm_interconnect_0_addr_router_001.sv Line: 86
Info (12021): Found 0 design units, including 0 entities, in source file db/ip/soc/submodules/soc_mm_interconnect_0_addr_router_001.sv
Error (10228): Verilog HDL error at soc_mm_interconnect_0_cmd_xbar_demux.sv(43): module "SoC_mm_interconnect_0_cmd_xbar_demux" cannot be declared more than once File: C:/Users/DELL/Documents/advanced_embedded_systems/practical_2/db/ip/soc/submodules/soc_mm_interconnect_0_cmd_xbar_demux.sv Line: 43
Info (10499): HDL info at SoC_mm_interconnect_0_cmd_xbar_demux.sv(43): see declaration for object "SoC_mm_interconnect_0_cmd_xbar_demux"
Info (12021): Found 0 design units, including 0 entities, in source file db/ip/soc/submodules/soc_mm_interconnect_0_cmd_xbar_demux.sv
Error (10228): Verilog HDL error at soc_mm_interconnect_0_cmd_xbar_demux_001.sv(43): module "SoC_mm_interconnect_0_cmd_xbar_demux_001" cannot be declared more than once File: C:/Users/DELL/Documents/advanced_embedded_systems/practical_2/db/ip/soc/submodules/soc_mm_interconnect_0_cmd_xbar_demux_001.sv Line: 43
Info (10499): HDL info at SoC_mm_interconnect_0_cmd_xbar_demux_001.sv(43): see declaration for object "SoC_mm_interconnect_0_cmd_xbar_demux_001"
Info (12021): Found 0 design units, including 0 entities, in source file db/ip/soc/submodules/soc_mm_interconnect_0_cmd_xbar_demux_001.sv
Error (10228): Verilog HDL error at soc_mm_interconnect_0_cmd_xbar_mux.sv(38): module "SoC_mm_interconnect_0_cmd_xbar_mux" cannot be declared more than once File: C:/Users/DELL/Documents/advanced_embedded_systems/practical_2/db/ip/soc/submodules/soc_mm_interconnect_0_cmd_xbar_mux.sv Line: 38
Info (10499): HDL info at SoC_mm_interconnect_0_cmd_xbar_mux.sv(38): see declaration for object "SoC_mm_interconnect_0_cmd_xbar_mux"
Info (12021): Found 0 design units, including 0 entities, in source file db/ip/soc/submodules/soc_mm_interconnect_0_cmd_xbar_mux.sv
Error (10228): Verilog HDL error at soc_mm_interconnect_0_cmd_xbar_mux_002.sv(38): module "SoC_mm_interconnect_0_cmd_xbar_mux_002" cannot be declared more than once File: C:/Users/DELL/Documents/advanced_embedded_systems/practical_2/db/ip/soc/submodules/soc_mm_interconnect_0_cmd_xbar_mux_002.sv Line: 38
Info (10499): HDL info at SoC_mm_interconnect_0_cmd_xbar_mux_002.sv(38): see declaration for object "SoC_mm_interconnect_0_cmd_xbar_mux_002"
Info (12021): Found 0 design units, including 0 entities, in source file db/ip/soc/submodules/soc_mm_interconnect_0_cmd_xbar_mux_002.sv
Error (10228): Verilog HDL error at soc_mm_interconnect_0_cmd_xbar_mux_003.sv(38): module "SoC_mm_interconnect_0_cmd_xbar_mux_003" cannot be declared more than once File: C:/Users/DELL/Documents/advanced_embedded_systems/practical_2/db/ip/soc/submodules/soc_mm_interconnect_0_cmd_xbar_mux_003.sv Line: 38
Info (10499): HDL info at SoC_mm_interconnect_0_cmd_xbar_mux_003.sv(38): see declaration for object "SoC_mm_interconnect_0_cmd_xbar_mux_003"
Info (12021): Found 0 design units, including 0 entities, in source file db/ip/soc/submodules/soc_mm_interconnect_0_cmd_xbar_mux_003.sv
Error (10228): Verilog HDL error at soc_mm_interconnect_0_cmd_xbar_mux_005.sv(38): module "SoC_mm_interconnect_0_cmd_xbar_mux_005" cannot be declared more than once File: C:/Users/DELL/Documents/advanced_embedded_systems/practical_2/db/ip/soc/submodules/soc_mm_interconnect_0_cmd_xbar_mux_005.sv Line: 38
Info (10499): HDL info at SoC_mm_interconnect_0_cmd_xbar_mux_005.sv(38): see declaration for object "SoC_mm_interconnect_0_cmd_xbar_mux_005"
Info (12021): Found 0 design units, including 0 entities, in source file db/ip/soc/submodules/soc_mm_interconnect_0_cmd_xbar_mux_005.sv
Error (10228): Verilog HDL error at soc_mm_interconnect_0_id_router.sv(45): module "SoC_mm_interconnect_0_id_router_default_decode" cannot be declared more than once File: C:/Users/DELL/Documents/advanced_embedded_systems/practical_2/db/ip/soc/submodules/soc_mm_interconnect_0_id_router.sv Line: 45
Info (10499): HDL info at SoC_mm_interconnect_0_id_router.sv(45): see declaration for object "SoC_mm_interconnect_0_id_router_default_decode"
Error (10112): Ignored design unit "SoC_mm_interconnect_0_id_router" at soc_mm_interconnect_0_id_router.sv(86) due to previous errors File: C:/Users/DELL/Documents/advanced_embedded_systems/practical_2/db/ip/soc/submodules/soc_mm_interconnect_0_id_router.sv Line: 86
Info (12021): Found 0 design units, including 0 entities, in source file db/ip/soc/submodules/soc_mm_interconnect_0_id_router.sv
Error (10228): Verilog HDL error at soc_mm_interconnect_0_id_router_002.sv(45): module "SoC_mm_interconnect_0_id_router_002_default_decode" cannot be declared more than once File: C:/Users/DELL/Documents/advanced_embedded_systems/practical_2/db/ip/soc/submodules/soc_mm_interconnect_0_id_router_002.sv Line: 45
Info (10499): HDL info at SoC_mm_interconnect_0_id_router_002.sv(45): see declaration for object "SoC_mm_interconnect_0_id_router_002_default_decode"
Error (10112): Ignored design unit "SoC_mm_interconnect_0_id_router_002" at soc_mm_interconnect_0_id_router_002.sv(86) due to previous errors File: C:/Users/DELL/Documents/advanced_embedded_systems/practical_2/db/ip/soc/submodules/soc_mm_interconnect_0_id_router_002.sv Line: 86
Info (12021): Found 0 design units, including 0 entities, in source file db/ip/soc/submodules/soc_mm_interconnect_0_id_router_002.sv
Error (10228): Verilog HDL error at soc_mm_interconnect_0_id_router_003.sv(45): module "SoC_mm_interconnect_0_id_router_003_default_decode" cannot be declared more than once File: C:/Users/DELL/Documents/advanced_embedded_systems/practical_2/db/ip/soc/submodules/soc_mm_interconnect_0_id_router_003.sv Line: 45
Info (10499): HDL info at SoC_mm_interconnect_0_id_router_003.sv(45): see declaration for object "SoC_mm_interconnect_0_id_router_003_default_decode"
Error (10112): Ignored design unit "SoC_mm_interconnect_0_id_router_003" at soc_mm_interconnect_0_id_router_003.sv(86) due to previous errors File: C:/Users/DELL/Documents/advanced_embedded_systems/practical_2/db/ip/soc/submodules/soc_mm_interconnect_0_id_router_003.sv Line: 86
Info (12021): Found 0 design units, including 0 entities, in source file db/ip/soc/submodules/soc_mm_interconnect_0_id_router_003.sv
Error (10228): Verilog HDL error at soc_mm_interconnect_0_id_router_005.sv(45): module "SoC_mm_interconnect_0_id_router_005_default_decode" cannot be declared more than once File: C:/Users/DELL/Documents/advanced_embedded_systems/practical_2/db/ip/soc/submodules/soc_mm_interconnect_0_id_router_005.sv Line: 45
Info (10499): HDL info at SoC_mm_interconnect_0_id_router_005.sv(45): see declaration for object "SoC_mm_interconnect_0_id_router_005_default_decode"
Error (10112): Ignored design unit "SoC_mm_interconnect_0_id_router_005" at soc_mm_interconnect_0_id_router_005.sv(86) due to previous errors File: C:/Users/DELL/Documents/advanced_embedded_systems/practical_2/db/ip/soc/submodules/soc_mm_interconnect_0_id_router_005.sv Line: 86
Info (12021): Found 0 design units, including 0 entities, in source file db/ip/soc/submodules/soc_mm_interconnect_0_id_router_005.sv
Error (10228): Verilog HDL error at soc_mm_interconnect_0_rsp_xbar_demux.sv(43): module "SoC_mm_interconnect_0_rsp_xbar_demux" cannot be declared more than once File: C:/Users/DELL/Documents/advanced_embedded_systems/practical_2/db/ip/soc/submodules/soc_mm_interconnect_0_rsp_xbar_demux.sv Line: 43
Info (10499): HDL info at SoC_mm_interconnect_0_rsp_xbar_demux.sv(43): see declaration for object "SoC_mm_interconnect_0_rsp_xbar_demux"
Info (12021): Found 0 design units, including 0 entities, in source file db/ip/soc/submodules/soc_mm_interconnect_0_rsp_xbar_demux.sv
Error (10228): Verilog HDL error at soc_mm_interconnect_0_rsp_xbar_demux_002.sv(43): module "SoC_mm_interconnect_0_rsp_xbar_demux_002" cannot be declared more than once File: C:/Users/DELL/Documents/advanced_embedded_systems/practical_2/db/ip/soc/submodules/soc_mm_interconnect_0_rsp_xbar_demux_002.sv Line: 43
Info (10499): HDL info at SoC_mm_interconnect_0_rsp_xbar_demux_002.sv(43): see declaration for object "SoC_mm_interconnect_0_rsp_xbar_demux_002"
Info (12021): Found 0 design units, including 0 entities, in source file db/ip/soc/submodules/soc_mm_interconnect_0_rsp_xbar_demux_002.sv
Error (10228): Verilog HDL error at soc_mm_interconnect_0_rsp_xbar_demux_003.sv(43): module "SoC_mm_interconnect_0_rsp_xbar_demux_003" cannot be declared more than once File: C:/Users/DELL/Documents/advanced_embedded_systems/practical_2/db/ip/soc/submodules/soc_mm_interconnect_0_rsp_xbar_demux_003.sv Line: 43
Info (10499): HDL info at SoC_mm_interconnect_0_rsp_xbar_demux_003.sv(43): see declaration for object "SoC_mm_interconnect_0_rsp_xbar_demux_003"
Info (12021): Found 0 design units, including 0 entities, in source file db/ip/soc/submodules/soc_mm_interconnect_0_rsp_xbar_demux_003.sv
Error (10228): Verilog HDL error at soc_mm_interconnect_0_rsp_xbar_demux_005.sv(43): module "SoC_mm_interconnect_0_rsp_xbar_demux_005" cannot be declared more than once File: C:/Users/DELL/Documents/advanced_embedded_systems/practical_2/db/ip/soc/submodules/soc_mm_interconnect_0_rsp_xbar_demux_005.sv Line: 43
Info (10499): HDL info at SoC_mm_interconnect_0_rsp_xbar_demux_005.sv(43): see declaration for object "SoC_mm_interconnect_0_rsp_xbar_demux_005"
Info (12021): Found 0 design units, including 0 entities, in source file db/ip/soc/submodules/soc_mm_interconnect_0_rsp_xbar_demux_005.sv
Error (10228): Verilog HDL error at soc_mm_interconnect_0_rsp_xbar_mux.sv(38): module "SoC_mm_interconnect_0_rsp_xbar_mux" cannot be declared more than once File: C:/Users/DELL/Documents/advanced_embedded_systems/practical_2/db/ip/soc/submodules/soc_mm_interconnect_0_rsp_xbar_mux.sv Line: 38
Info (10499): HDL info at SoC_mm_interconnect_0_rsp_xbar_mux.sv(38): see declaration for object "SoC_mm_interconnect_0_rsp_xbar_mux"
Info (12021): Found 0 design units, including 0 entities, in source file db/ip/soc/submodules/soc_mm_interconnect_0_rsp_xbar_mux.sv
Error (10228): Verilog HDL error at soc_mm_interconnect_0_rsp_xbar_mux_001.sv(38): module "SoC_mm_interconnect_0_rsp_xbar_mux_001" cannot be declared more than once File: C:/Users/DELL/Documents/advanced_embedded_systems/practical_2/db/ip/soc/submodules/soc_mm_interconnect_0_rsp_xbar_mux_001.sv Line: 38
Info (10499): HDL info at SoC_mm_interconnect_0_rsp_xbar_mux_001.sv(38): see declaration for object "SoC_mm_interconnect_0_rsp_xbar_mux_001"
Info (12021): Found 0 design units, including 0 entities, in source file db/ip/soc/submodules/soc_mm_interconnect_0_rsp_xbar_mux_001.sv
Error (10228): Verilog HDL error at soc_mm_interconnect_1.v(9): module "SoC_mm_interconnect_1" cannot be declared more than once File: C:/Users/DELL/Documents/advanced_embedded_systems/practical_2/db/ip/soc/submodules/soc_mm_interconnect_1.v Line: 9
Info (10499): HDL info at SoC_mm_interconnect_1.v(9): see declaration for object "SoC_mm_interconnect_1"
Info (12021): Found 0 design units, including 0 entities, in source file db/ip/soc/submodules/soc_mm_interconnect_1.v
Error (10228): Verilog HDL error at soc_mm_interconnect_1_addr_router.sv(45): module "SoC_mm_interconnect_1_addr_router_default_decode" cannot be declared more than once File: C:/Users/DELL/Documents/advanced_embedded_systems/practical_2/db/ip/soc/submodules/soc_mm_interconnect_1_addr_router.sv Line: 45
Info (10499): HDL info at SoC_mm_interconnect_1_addr_router.sv(45): see declaration for object "SoC_mm_interconnect_1_addr_router_default_decode"
Error (10112): Ignored design unit "SoC_mm_interconnect_1_addr_router" at soc_mm_interconnect_1_addr_router.sv(86) due to previous errors File: C:/Users/DELL/Documents/advanced_embedded_systems/practical_2/db/ip/soc/submodules/soc_mm_interconnect_1_addr_router.sv Line: 86
Info (12021): Found 0 design units, including 0 entities, in source file db/ip/soc/submodules/soc_mm_interconnect_1_addr_router.sv
Error (10228): Verilog HDL error at soc_mm_interconnect_1_cmd_xbar_demux.sv(43): module "SoC_mm_interconnect_1_cmd_xbar_demux" cannot be declared more than once File: C:/Users/DELL/Documents/advanced_embedded_systems/practical_2/db/ip/soc/submodules/soc_mm_interconnect_1_cmd_xbar_demux.sv Line: 43
Info (10499): HDL info at SoC_mm_interconnect_1_cmd_xbar_demux.sv(43): see declaration for object "SoC_mm_interconnect_1_cmd_xbar_demux"
Info (12021): Found 0 design units, including 0 entities, in source file db/ip/soc/submodules/soc_mm_interconnect_1_cmd_xbar_demux.sv
Error (10228): Verilog HDL error at soc_mm_interconnect_1_cmd_xbar_mux.sv(38): module "SoC_mm_interconnect_1_cmd_xbar_mux" cannot be declared more than once File: C:/Users/DELL/Documents/advanced_embedded_systems/practical_2/db/ip/soc/submodules/soc_mm_interconnect_1_cmd_xbar_mux.sv Line: 38
Info (10499): HDL info at SoC_mm_interconnect_1_cmd_xbar_mux.sv(38): see declaration for object "SoC_mm_interconnect_1_cmd_xbar_mux"
Info (12021): Found 0 design units, including 0 entities, in source file db/ip/soc/submodules/soc_mm_interconnect_1_cmd_xbar_mux.sv
Error (10228): Verilog HDL error at soc_mm_interconnect_1_id_router.sv(45): module "SoC_mm_interconnect_1_id_router_default_decode" cannot be declared more than once File: C:/Users/DELL/Documents/advanced_embedded_systems/practical_2/db/ip/soc/submodules/soc_mm_interconnect_1_id_router.sv Line: 45
Info (10499): HDL info at SoC_mm_interconnect_1_id_router.sv(45): see declaration for object "SoC_mm_interconnect_1_id_router_default_decode"
Error (10112): Ignored design unit "SoC_mm_interconnect_1_id_router" at soc_mm_interconnect_1_id_router.sv(86) due to previous errors File: C:/Users/DELL/Documents/advanced_embedded_systems/practical_2/db/ip/soc/submodules/soc_mm_interconnect_1_id_router.sv Line: 86
Info (12021): Found 0 design units, including 0 entities, in source file db/ip/soc/submodules/soc_mm_interconnect_1_id_router.sv
Error (10228): Verilog HDL error at soc_mm_interconnect_1_rsp_xbar_demux.sv(43): module "SoC_mm_interconnect_1_rsp_xbar_demux" cannot be declared more than once File: C:/Users/DELL/Documents/advanced_embedded_systems/practical_2/db/ip/soc/submodules/soc_mm_interconnect_1_rsp_xbar_demux.sv Line: 43
Info (10499): HDL info at SoC_mm_interconnect_1_rsp_xbar_demux.sv(43): see declaration for object "SoC_mm_interconnect_1_rsp_xbar_demux"
Info (12021): Found 0 design units, including 0 entities, in source file db/ip/soc/submodules/soc_mm_interconnect_1_rsp_xbar_demux.sv
Error (10228): Verilog HDL error at soc_mm_interconnect_1_rsp_xbar_mux.sv(38): module "SoC_mm_interconnect_1_rsp_xbar_mux" cannot be declared more than once File: C:/Users/DELL/Documents/advanced_embedded_systems/practical_2/db/ip/soc/submodules/soc_mm_interconnect_1_rsp_xbar_mux.sv Line: 38
Info (10499): HDL info at SoC_mm_interconnect_1_rsp_xbar_mux.sv(38): see declaration for object "SoC_mm_interconnect_1_rsp_xbar_mux"
Info (12021): Found 0 design units, including 0 entities, in source file db/ip/soc/submodules/soc_mm_interconnect_1_rsp_xbar_mux.sv
Error (10228): Verilog HDL error at soc_sdram.v(21): module "SoC_sdram_input_efifo_module" cannot be declared more than once File: C:/Users/DELL/Documents/advanced_embedded_systems/practical_2/db/ip/soc/submodules/soc_sdram.v Line: 21
Info (10499): HDL info at SoC_sdram.v(21): see declaration for object "SoC_sdram_input_efifo_module"
Error (10112): Ignored design unit "SoC_sdram" at soc_sdram.v(158) due to previous errors File: C:/Users/DELL/Documents/advanced_embedded_systems/practical_2/db/ip/soc/submodules/soc_sdram.v Line: 158
Info (12021): Found 0 design units, including 0 entities, in source file db/ip/soc/submodules/soc_sdram.v
Error (10228): Verilog HDL error at soc_sysid_qsys_0.v(21): module "SoC_sysid_qsys_0" cannot be declared more than once File: C:/Users/DELL/Documents/advanced_embedded_systems/practical_2/db/ip/soc/submodules/soc_sysid_qsys_0.v Line: 21
Info (10499): HDL info at SoC_sysid_qsys_0.v(21): see declaration for object "SoC_sysid_qsys_0"
Info (12021): Found 0 design units, including 0 entities, in source file db/ip/soc/submodules/soc_sysid_qsys_0.v
Error (10228): Verilog HDL error at soc_timer.v(21): module "SoC_timer" cannot be declared more than once File: C:/Users/DELL/Documents/advanced_embedded_systems/practical_2/db/ip/soc/submodules/soc_timer.v Line: 21
Info (10499): HDL info at SoC_timer.v(21): see declaration for object "SoC_timer"
Info (12021): Found 0 design units, including 0 entities, in source file db/ip/soc/submodules/soc_timer.v
Error (10228): Verilog HDL error at altera_avalon_dc_fifo.v(13): module "altera_avalon_dc_fifo" cannot be declared more than once File: C:/Users/DELL/Documents/advanced_embedded_systems/practical_2/db/ip/soc/submodules/altera_avalon_dc_fifo.v Line: 13
Info (10499): HDL info at altera_avalon_dc_fifo.v(13): see declaration for object "altera_avalon_dc_fifo"
Info (12021): Found 0 design units, including 0 entities, in source file db/ip/soc/submodules/altera_avalon_dc_fifo.v
Error (10228): Verilog HDL error at altera_avalon_mm_clock_crossing_bridge.v(30): module "altera_avalon_mm_clock_crossing_bridge" cannot be declared more than once File: C:/Users/DELL/Documents/advanced_embedded_systems/practical_2/db/ip/soc/submodules/altera_avalon_mm_clock_crossing_bridge.v Line: 30
Info (10499): HDL info at altera_avalon_mm_clock_crossing_bridge.v(30): see declaration for object "altera_avalon_mm_clock_crossing_bridge"
Info (12021): Found 0 design units, including 0 entities, in source file db/ip/soc/submodules/altera_avalon_mm_clock_crossing_bridge.v
Error (10228): Verilog HDL error at altera_avalon_sc_fifo.v(21): module "altera_avalon_sc_fifo" cannot be declared more than once File: C:/Users/DELL/Documents/advanced_embedded_systems/practical_2/db/ip/soc/submodules/altera_avalon_sc_fifo.v Line: 21
Info (10499): HDL info at altera_avalon_sc_fifo.v(21): see declaration for object "altera_avalon_sc_fifo"
Info (12021): Found 0 design units, including 0 entities, in source file db/ip/soc/submodules/altera_avalon_sc_fifo.v
Error (10228): Verilog HDL error at altera_avalon_st_clock_crosser.v(22): module "altera_avalon_st_clock_crosser" cannot be declared more than once File: C:/Users/DELL/Documents/advanced_embedded_systems/practical_2/db/ip/soc/submodules/altera_avalon_st_clock_crosser.v Line: 22
Info (10499): HDL info at altera_avalon_st_clock_crosser.v(22): see declaration for object "altera_avalon_st_clock_crosser"
Info (12021): Found 0 design units, including 0 entities, in source file db/ip/soc/submodules/altera_avalon_st_clock_crosser.v
Error (10228): Verilog HDL error at altera_avalon_st_handshake_clock_crosser.v(24): module "altera_avalon_st_handshake_clock_crosser" cannot be declared more than once File: C:/Users/DELL/Documents/advanced_embedded_systems/practical_2/db/ip/soc/submodules/altera_avalon_st_handshake_clock_crosser.v Line: 24
Info (10499): HDL info at altera_avalon_st_handshake_clock_crosser.v(24): see declaration for object "altera_avalon_st_handshake_clock_crosser"
Info (12021): Found 0 design units, including 0 entities, in source file db/ip/soc/submodules/altera_avalon_st_handshake_clock_crosser.v
Error (10228): Verilog HDL error at altera_avalon_st_pipeline_base.v(22): module "altera_avalon_st_pipeline_base" cannot be declared more than once File: C:/Users/DELL/Documents/advanced_embedded_systems/practical_2/db/ip/soc/submodules/altera_avalon_st_pipeline_base.v Line: 22
Info (10499): HDL info at altera_avalon_st_pipeline_base.v(22): see declaration for object "altera_avalon_st_pipeline_base"
Info (12021): Found 0 design units, including 0 entities, in source file db/ip/soc/submodules/altera_avalon_st_pipeline_base.v
Error (10228): Verilog HDL error at altera_customins_master_translator.v(23): module "altera_customins_master_translator" cannot be declared more than once File: C:/Users/DELL/Documents/advanced_embedded_systems/practical_2/db/ip/soc/submodules/altera_customins_master_translator.v Line: 23
Info (10499): HDL info at altera_customins_master_translator.v(23): see declaration for object "altera_customins_master_translator"
Info (12021): Found 0 design units, including 0 entities, in source file db/ip/soc/submodules/altera_customins_master_translator.v
Error (10228): Verilog HDL error at altera_customins_slave_translator.sv(23): module "altera_customins_slave_translator" cannot be declared more than once File: C:/Users/DELL/Documents/advanced_embedded_systems/practical_2/db/ip/soc/submodules/altera_customins_slave_translator.sv Line: 23
Info (10499): HDL info at altera_customins_slave_translator.sv(23): see declaration for object "altera_customins_slave_translator"
Info (12021): Found 0 design units, including 0 entities, in source file db/ip/soc/submodules/altera_customins_slave_translator.sv
Error (10228): Verilog HDL error at altera_dcfifo_synchronizer_bundle.v(8): module "altera_dcfifo_synchronizer_bundle" cannot be declared more than once File: C:/Users/DELL/Documents/advanced_embedded_systems/practical_2/db/ip/soc/submodules/altera_dcfifo_synchronizer_bundle.v Line: 8
Info (10499): HDL info at altera_dcfifo_synchronizer_bundle.v(8): see declaration for object "altera_dcfifo_synchronizer_bundle"
Info (12021): Found 0 design units, including 0 entities, in source file db/ip/soc/submodules/altera_dcfifo_synchronizer_bundle.v
Error (10228): Verilog HDL error at altera_irq_clock_crosser.sv(21): module "altera_irq_clock_crosser" cannot be declared more than once File: C:/Users/DELL/Documents/advanced_embedded_systems/practical_2/db/ip/soc/submodules/altera_irq_clock_crosser.sv Line: 21
Info (10499): HDL info at altera_irq_clock_crosser.sv(21): see declaration for object "altera_irq_clock_crosser"
Info (12021): Found 0 design units, including 0 entities, in source file db/ip/soc/submodules/altera_irq_clock_crosser.sv
Error (10228): Verilog HDL error at altera_merlin_arbitrator.sv(103): module "altera_merlin_arbitrator" cannot be declared more than once File: C:/Users/DELL/Documents/advanced_embedded_systems/practical_2/db/ip/soc/submodules/altera_merlin_arbitrator.sv Line: 103
Info (10499): HDL info at altera_merlin_arbitrator.sv(103): see declaration for object "altera_merlin_arbitrator"
Error (10112): Ignored design unit "altera_merlin_arb_adder" at altera_merlin_arbitrator.sv(228) due to previous errors File: C:/Users/DELL/Documents/advanced_embedded_systems/practical_2/db/ip/soc/submodules/altera_merlin_arbitrator.sv Line: 228
Info (12021): Found 0 design units, including 0 entities, in source file db/ip/soc/submodules/altera_merlin_arbitrator.sv
Error (10228): Verilog HDL error at altera_merlin_burst_uncompressor.sv(40): module "altera_merlin_burst_uncompressor" cannot be declared more than once File: C:/Users/DELL/Documents/advanced_embedded_systems/practical_2/db/ip/soc/submodules/altera_merlin_burst_uncompressor.sv Line: 40
Info (10499): HDL info at altera_merlin_burst_uncompressor.sv(40): see declaration for object "altera_merlin_burst_uncompressor"
Info (12021): Found 0 design units, including 0 entities, in source file db/ip/soc/submodules/altera_merlin_burst_uncompressor.sv
Error (10228): Verilog HDL error at altera_merlin_master_agent.sv(28): module "altera_merlin_master_agent" cannot be declared more than once File: C:/Users/DELL/Documents/advanced_embedded_systems/practical_2/db/ip/soc/submodules/altera_merlin_master_agent.sv Line: 28
Info (10499): HDL info at altera_merlin_master_agent.sv(28): see declaration for object "altera_merlin_master_agent"
Info (12021): Found 0 design units, including 0 entities, in source file db/ip/soc/submodules/altera_merlin_master_agent.sv
Error (10228): Verilog HDL error at altera_merlin_master_translator.sv(30): module "altera_merlin_master_translator" cannot be declared more than once File: C:/Users/DELL/Documents/advanced_embedded_systems/practical_2/db/ip/soc/submodules/altera_merlin_master_translator.sv Line: 30
Info (10499): HDL info at altera_merlin_master_translator.sv(30): see declaration for object "altera_merlin_master_translator"
Info (12021): Found 0 design units, including 0 entities, in source file db/ip/soc/submodules/altera_merlin_master_translator.sv
Error (10228): Verilog HDL error at altera_merlin_reorder_memory.sv(28): module "altera_merlin_reorder_memory" cannot be declared more than once File: C:/Users/DELL/Documents/advanced_embedded_systems/practical_2/db/ip/soc/submodules/altera_merlin_reorder_memory.sv Line: 28
Info (10499): HDL info at altera_merlin_reorder_memory.sv(28): see declaration for object "altera_merlin_reorder_memory"
Error (10112): Ignored design unit "memory_pointer_controller" at altera_merlin_reorder_memory.sv(187) due to previous errors File: C:/Users/DELL/Documents/advanced_embedded_systems/practical_2/db/ip/soc/submodules/altera_merlin_reorder_memory.sv Line: 187
Info (12021): Found 0 design units, including 0 entities, in source file db/ip/soc/submodules/altera_merlin_reorder_memory.sv
Error (10228): Verilog HDL error at altera_merlin_slave_agent.sv(34): module "altera_merlin_slave_agent" cannot be declared more than once File: C:/Users/DELL/Documents/advanced_embedded_systems/practical_2/db/ip/soc/submodules/altera_merlin_slave_agent.sv Line: 34
Info (10499): HDL info at altera_merlin_slave_agent.sv(34): see declaration for object "altera_merlin_slave_agent"
Info (12021): Found 0 design units, including 0 entities, in source file db/ip/soc/submodules/altera_merlin_slave_agent.sv
Error (10228): Verilog HDL error at altera_merlin_slave_translator.sv(35): module "altera_merlin_slave_translator" cannot be declared more than once File: C:/Users/DELL/Documents/advanced_embedded_systems/practical_2/db/ip/soc/submodules/altera_merlin_slave_translator.sv Line: 35
Info (10499): HDL info at altera_merlin_slave_translator.sv(35): see declaration for object "altera_merlin_slave_translator"
Info (12021): Found 0 design units, including 0 entities, in source file db/ip/soc/submodules/altera_merlin_slave_translator.sv
Error (10228): Verilog HDL error at altera_merlin_traffic_limiter.sv(44): module "altera_merlin_traffic_limiter" cannot be declared more than once File: C:/Users/DELL/Documents/advanced_embedded_systems/practical_2/db/ip/soc/submodules/altera_merlin_traffic_limiter.sv Line: 44
Info (10499): HDL info at altera_merlin_traffic_limiter.sv(44): see declaration for object "altera_merlin_traffic_limiter"
Info (12021): Found 0 design units, including 0 entities, in source file db/ip/soc/submodules/altera_merlin_traffic_limiter.sv
Error (10228): Verilog HDL error at altera_reset_controller.v(42): module "altera_reset_controller" cannot be declared more than once File: C:/Users/DELL/Documents/advanced_embedded_systems/practical_2/db/ip/soc/submodules/altera_reset_controller.v Line: 42
Info (10499): HDL info at altera_reset_controller.v(42): see declaration for object "altera_reset_controller"
Info (12021): Found 0 design units, including 0 entities, in source file db/ip/soc/submodules/altera_reset_controller.v
Error (10228): Verilog HDL error at altera_reset_synchronizer.v(24): module "altera_reset_synchronizer" cannot be declared more than once File: C:/Users/DELL/Documents/advanced_embedded_systems/practical_2/db/ip/soc/submodules/altera_reset_synchronizer.v Line: 24
Info (10499): HDL info at altera_reset_synchronizer.v(24): see declaration for object "altera_reset_synchronizer"
Info (12021): Found 0 design units, including 0 entities, in source file db/ip/soc/submodules/altera_reset_synchronizer.v
Info (144001): Generated suppressed messages file C:/Users/DELL/Documents/advanced_embedded_systems/practical_2/output_files/TopLevel.map.smsg
Error: Quartus II 64-Bit Analysis & Synthesis was unsuccessful. 102 errors, 14 warnings
    Error: Peak virtual memory: 4608 megabytes
    Error: Processing ended: Fri Dec 26 17:50:56 2025
    Error: Elapsed time: 00:00:33
    Error: Total CPU time (on all processors): 00:00:14


+------------------------------------------+
; Analysis & Synthesis Suppressed Messages ;
+------------------------------------------+
The suppressed messages can be found in C:/Users/DELL/Documents/advanced_embedded_systems/practical_2/output_files/TopLevel.map.smsg.


