Archive member included because of file (symbol)

c:/altera/13.1/nios2eds/bin/gnu/h-i686-mingw32/bin/../lib/gcc/nios2-elf/4.7.3/mno-hw-mul\libgcc.a(_addsub_sf.o)
                              obj/default/JPEG_Encoder/application/jpegclib/jcdctmgr.o (__addsf3)
c:/altera/13.1/nios2eds/bin/gnu/h-i686-mingw32/bin/../lib/gcc/nios2-elf/4.7.3/mno-hw-mul\libgcc.a(_mul_sf.o)
                              obj/default/JPEG_Encoder/application/jpegclib/jcdctmgr.o (__mulsf3)
c:/altera/13.1/nios2eds/bin/gnu/h-i686-mingw32/bin/../lib/gcc/nios2-elf/4.7.3/mno-hw-mul\libgcc.a(_si_to_sf.o)
                              obj/default/JPEG_Encoder/application/jpegclib/jfdctflt.o (__floatsisf)
c:/altera/13.1/nios2eds/bin/gnu/h-i686-mingw32/bin/../lib/gcc/nios2-elf/4.7.3/mno-hw-mul\libgcc.a(_sf_to_si.o)
                              obj/default/JPEG_Encoder/application/jpegclib/jcdctmgr.o (__fixsfsi)
c:/altera/13.1/nios2eds/bin/gnu/h-i686-mingw32/bin/../lib/gcc/nios2-elf/4.7.3/mno-hw-mul\libgcc.a(_thenan_sf.o)
                              c:/altera/13.1/nios2eds/bin/gnu/h-i686-mingw32/bin/../lib/gcc/nios2-elf/4.7.3/mno-hw-mul\libgcc.a(_addsub_sf.o) (__thenan_sf)
c:/altera/13.1/nios2eds/bin/gnu/h-i686-mingw32/bin/../lib/gcc/nios2-elf/4.7.3/mno-hw-mul\libgcc.a(_mul_df.o)
                              obj/default/JPEG_Encoder/application/jpegclib/jcdctmgr.o (__muldf3)
c:/altera/13.1/nios2eds/bin/gnu/h-i686-mingw32/bin/../lib/gcc/nios2-elf/4.7.3/mno-hw-mul\libgcc.a(_div_df.o)
                              obj/default/JPEG_Encoder/application/jpegclib/jcdctmgr.o (__divdf3)
c:/altera/13.1/nios2eds/bin/gnu/h-i686-mingw32/bin/../lib/gcc/nios2-elf/4.7.3/mno-hw-mul\libgcc.a(_df_to_sf.o)
                              obj/default/JPEG_Encoder/application/jpegclib/jcdctmgr.o (__truncdfsf2)
c:/altera/13.1/nios2eds/bin/gnu/h-i686-mingw32/bin/../lib/gcc/nios2-elf/4.7.3/mno-hw-mul\libgcc.a(_thenan_df.o)
                              c:/altera/13.1/nios2eds/bin/gnu/h-i686-mingw32/bin/../lib/gcc/nios2-elf/4.7.3/mno-hw-mul\libgcc.a(_mul_df.o) (__thenan_df)
c:/altera/13.1/nios2eds/bin/gnu/h-i686-mingw32/bin/../lib/gcc/nios2-elf/4.7.3/mno-hw-mul\libgcc.a(_usi_to_df.o)
                              obj/default/JPEG_Encoder/application/jpegclib/jcdctmgr.o (__floatunsidf)
c:/altera/13.1/nios2eds/bin/gnu/h-i686-mingw32/bin/../lib/gcc/nios2-elf/4.7.3/mno-hw-mul\libgcc.a(lib2-divmod.o)
                              obj/default/JPEG_Encoder/application/jpegclib/jcdctmgr.o (__divsi3)
c:/altera/13.1/nios2eds/bin/gnu/h-i686-mingw32/bin/../lib/gcc/nios2-elf/4.7.3/mno-hw-mul\libgcc.a(lib2-mul.o)
                              obj/default/JPEG_Encoder/application/bmp_extract.o (__mulsi3)
c:/altera/13.1/nios2eds/bin/gnu/h-i686-mingw32/bin/../lib/gcc/nios2-elf/4.7.3/mno-hw-mul\libgcc.a(_muldi3.o)
                              c:/altera/13.1/nios2eds/bin/gnu/h-i686-mingw32/bin/../lib/gcc/nios2-elf/4.7.3/mno-hw-mul\libgcc.a(_mul_sf.o) (__muldi3)
c:/altera/13.1/nios2eds/bin/gnu/h-i686-mingw32/bin/../lib/gcc/nios2-elf/4.7.3/mno-hw-mul\libgcc.a(_clzsi2.o)
                              c:/altera/13.1/nios2eds/bin/gnu/h-i686-mingw32/bin/../lib/gcc/nios2-elf/4.7.3/mno-hw-mul\libgcc.a(_si_to_sf.o) (__clzsi2)
c:/altera/13.1/nios2eds/bin/gnu/h-i686-mingw32/bin/../lib/gcc/nios2-elf/4.7.3/mno-hw-mul\libgcc.a(_pack_sf.o)
                              c:/altera/13.1/nios2eds/bin/gnu/h-i686-mingw32/bin/../lib/gcc/nios2-elf/4.7.3/mno-hw-mul\libgcc.a(_addsub_sf.o) (__pack_f)
c:/altera/13.1/nios2eds/bin/gnu/h-i686-mingw32/bin/../lib/gcc/nios2-elf/4.7.3/mno-hw-mul\libgcc.a(_unpack_sf.o)
                              c:/altera/13.1/nios2eds/bin/gnu/h-i686-mingw32/bin/../lib/gcc/nios2-elf/4.7.3/mno-hw-mul\libgcc.a(_addsub_sf.o) (__unpack_f)
c:/altera/13.1/nios2eds/bin/gnu/h-i686-mingw32/bin/../lib/gcc/nios2-elf/4.7.3/mno-hw-mul\libgcc.a(_make_sf.o)
                              c:/altera/13.1/nios2eds/bin/gnu/h-i686-mingw32/bin/../lib/gcc/nios2-elf/4.7.3/mno-hw-mul\libgcc.a(_df_to_sf.o) (__make_fp)
c:/altera/13.1/nios2eds/bin/gnu/h-i686-mingw32/bin/../lib/gcc/nios2-elf/4.7.3/mno-hw-mul\libgcc.a(_pack_df.o)
                              c:/altera/13.1/nios2eds/bin/gnu/h-i686-mingw32/bin/../lib/gcc/nios2-elf/4.7.3/mno-hw-mul\libgcc.a(_mul_df.o) (__pack_d)
c:/altera/13.1/nios2eds/bin/gnu/h-i686-mingw32/bin/../lib/gcc/nios2-elf/4.7.3/mno-hw-mul\libgcc.a(_unpack_df.o)
                              c:/altera/13.1/nios2eds/bin/gnu/h-i686-mingw32/bin/../lib/gcc/nios2-elf/4.7.3/mno-hw-mul\libgcc.a(_mul_df.o) (__unpack_d)
c:/altera/13.1/nios2eds/bin/gnu/h-i686-mingw32/bin/../lib/gcc/nios2-elf/4.7.3/mno-hw-mul\libgcc.a(_lshrdi3.o)
                              c:/altera/13.1/nios2eds/bin/gnu/h-i686-mingw32/bin/../lib/gcc/nios2-elf/4.7.3/mno-hw-mul\libgcc.a(_pack_df.o) (__lshrdi3)
c:/altera/13.1/nios2eds/bin/gnu/h-i686-mingw32/bin/../lib/gcc/nios2-elf/4.7.3/mno-hw-mul\libgcc.a(_ashldi3.o)
[...]
Memory Configuration

Name             Origin             Length             Attributes
reset            0x08000000         0x00000020
sdram            0x08000020         0x07ffffe0
*default*        0x00000000         0xffffffff

Linker script and memory map

LOAD ../jpeng_encoder_bsp//obj/HAL/src/crt0.o
LOAD obj/default/JPEG_Encoder/application/bmp_extract.o
LOAD obj/default/JPEG_Encoder/application/jpeg_encoding.o
LOAD obj/default/JPEG_Encoder/application/jpegclib/cdjpeg.o
LOAD obj/default/JPEG_Encoder/application/jpegclib/jaricom.o
LOAD obj/default/JPEG_Encoder/application/jpegclib/jcapimin.o
LOAD obj/default/JPEG_Encoder/application/jpegclib/jcapistd.o
LOAD obj/default/JPEG_Encoder/application/jpegclib/jcarith.o
LOAD obj/default/JPEG_Encoder/application/jpegclib/jccoefct.o
LOAD obj/default/JPEG_Encoder/application/jpegclib/jccolor.o
LOAD obj/default/JPEG_Encoder/application/jpegclib/jcdctmgr.o
LOAD obj/default/JPEG_Encoder/application/jpegclib/jchuff.o
LOAD obj/default/JPEG_Encoder/application/jpegclib/jcinit.o
LOAD obj/default/JPEG_Encoder/application/jpegclib/jcmainct.o
LOAD obj/default/JPEG_Encoder/application/jpegclib/jcmarker.o
LOAD obj/default/JPEG_Encoder/application/jpegclib/jcmaster.o
LOAD obj/default/JPEG_Encoder/application/jpegclib/jcomapi.o
LOAD obj/default/JPEG_Encoder/application/jpegclib/jcparam.o
LOAD obj/default/JPEG_Encoder/application/jpegclib/jcprepct.o
LOAD obj/default/JPEG_Encoder/application/jpegclib/jcsample.o
LOAD obj/default/JPEG_Encoder/application/jpegclib/jctrans.o
LOAD obj/default/JPEG_Encoder/application/jpegclib/jdatadst.o
LOAD obj/default/JPEG_Encoder/application/jpegclib/jerror.o
LOAD obj/default/JPEG_Encoder/application/jpegclib/jfdctflt.o
LOAD obj/default/JPEG_Encoder/application/jpegclib/jfdctfst.o
LOAD obj/default/JPEG_Encoder/application/jpegclib/jfdctint.o
LOAD obj/default/JPEG_Encoder/application/jpegclib/jidctflt.o
LOAD obj/default/JPEG_Encoder/application/jpegclib/jidctfst.o
LOAD obj/default/JPEG_Encoder/application/jpegclib/jidctint.o
LOAD obj/default/JPEG_Encoder/application/jpegclib/jmemansi.o
LOAD obj/default/JPEG_Encoder/application/jpegclib/jmemmgr.o
LOAD obj/default/JPEG_Encoder/application/jpegclib/jquant1.o
LOAD obj/default/JPEG_Encoder/application/jpegclib/jquant2.o
LOAD obj/default/JPEG_Encoder/application/jpegclib/jutils.o
LOAD obj/default/JPEG_Encoder/jpeg_encoder.o
LOAD c:/altera/13.1/nios2eds/bin/gnu/h-i686-mingw32/bin/../lib/gcc/nios2-elf/4.7.3/../../../../../H-i686-mingw32/nios2-elf/lib/mno-hw-mul\libstdc++.a
LOAD c:/altera/13.1/nios2eds/bin/gnu/h-i686-mingw32/bin/../lib/gcc/nios2-elf/4.7.3/../../../../../H-i686-mingw32/nios2-elf/lib/mno-hw-mul\libm.a
LOAD c:/altera/13.1/nios2eds/bin/gnu/h-i686-mingw32/bin/../lib/gcc/nios2-elf/4.7.3/mno-hw-mul\libgcc.a
START GROUP
LOAD c:/altera/13.1/nios2eds/bin/gnu/h-i686-mingw32/bin/../lib/gcc/nios2-elf/4.7.3/../../../../../H-i686-mingw32/nios2-elf/lib/mno-hw-mul\libc.a
LOAD c:/altera/13.1/nios2eds/bin/gnu/h-i686-mingw32/bin/../lib/gcc/nios2-elf/4.7.3/mno-hw-mul\libgcc.a
LOAD ../jpeng_encoder_bsp/\libhal_bsp.a
END GROUP
LOAD c:/altera/13.1/nios2eds/bin/gnu/h-i686-mingw32/bin/../lib/gcc/nios2-elf/4.7.3/mno-hw-mul\libgcc.a
                0x08000000                __alt_mem_sdram = 0x8000000

.entry          0x08000000       0x20
 *(.entry)
 .entry         0x08000000       0x20 ../jpeng_encoder_bsp//obj/HAL/src/crt0.o
                0x08000000                __reset

.exceptions     0x08000020      0x198
                0x08000020                PROVIDE (__ram_exceptions_start, ABSOLUTE (.))
                0x08000020                . = ALIGN (0x20)
 *(.irq)
 *(.exceptions.entry.label)
 .exceptions.entry.label
                0x08000020        0x0 ../jpeng_encoder_bsp/\libhal_bsp.a(alt_irq_entry.o)
                0x08000020                alt_irq_entry
 .exceptions.entry.label
                0x08000020        0x0 ../jpeng_encoder_bsp/\libhal_bsp.a(alt_exception_entry.o)
                0x08000020                alt_exception
 *(.exceptions.entry.user)
 *(.exceptions.entry.ecc_fatal)
 *(.exceptions.entry)
 .exceptions.entry
                0x08000020       0x54 ../jpeng_encoder_bsp/\libhal_bsp.a(alt_exception_entry.o)
 *(.exceptions.irqtest.user)
 *(.exceptions.irqtest)
 .exceptions.irqtest
                0x08000074       0x10 ../jpeng_encoder_bsp/\libhal_bsp.a(alt_irq_entry.o)
 *(.exceptions.irqhandler.user)
 *(.exceptions.irqhandler)
 .exceptions.irqhandler
                0x08000084        0x4 ../jpeng_encoder_bsp/\libhal_bsp.a(alt_irq_entry.o)
 *(.exceptions.irqreturn.user)
 *(.exceptions.irqreturn)
 .exceptions.irqreturn
                0x08000088        0x4 ../jpeng_encoder_bsp/\libhal_bsp.a(alt_irq_entry.o)
 *(.exceptions.notirq.label)
 .exceptions.notirq.label
                0x0800008c        0x0 ../jpeng_encoder_bsp/\libhal_bsp.a(alt_irq_entry.o)
 *(.exceptions.notirq.user)
 *(.exceptions.notirq)
 .exceptions.notirq
                0x0800008c        0x8 ../jpeng_encoder_bsp/\libhal_bsp.a(alt_exception_entry.o)
 *(.exceptions.soft.user)
 *(.exceptions.soft)
 *(.exceptions.unknown.user)
 *(.exceptions.unknown)
 .exceptions.unknown
                0x08000094        0x4 ../jpeng_encoder_bsp/\libhal_bsp.a(alt_exception_entry.o)
 *(.exceptions.exit.label)
 .exceptions.exit.label
                0x08000098        0x0 ../jpeng_encoder_bsp/\libhal_bsp.a(alt_irq_entry.o)
 .exceptions.exit.label
                0x08000098        0x0 ../jpeng_encoder_bsp/\libhal_bsp.a(alt_exception_entry.o)
 *(.exceptions.exit.user)
 *(.exceptions.exit)
 .exceptions.exit
                0x08000098       0x54 ../jpeng_encoder_bsp/\libhal_bsp.a(alt_exception_entry.o)
 *(.exceptions)
 .exceptions    0x080000ec       0xcc ../jpeng_encoder_bsp/\libhal_bsp.a(alt_irq_handler.o)
                0x080000ec                alt_irq_handler
                0x080001b8                PROVIDE (__ram_exceptions_end, ABSOLUTE (.))
                0x08000020                PROVIDE (__flash_exceptions_start, LOADADDR (.exceptions))

.text           0x080001b8    0x3e9b0
                0x080001b8                PROVIDE (stext, ABSOLUTE (.))
 *(.interp)
 *(.hash)
 *(.dynsym)
 *(.dynstr)
 *(.gnu.version)
 *(.gnu.version_d)
 *(.gnu.version_r)
 *(.rel.init)
 *(.rela.init)
 *(.rel.text .rel.text.* .rel.gnu.linkonce.t.*)
 *(.rela.text .rela.text.* .rela.gnu.linkonce.t.*)
 *(.rel.fini)
 *(.rela.fini)
 *(.rel.rodata .rel.rodata.* .rel.gnu.linkonce.r.*)
 *(.rela.rodata .rela.rodata.* .rela.gnu.linkonce.r.*)
 *(.rel.data .rel.data.* .rel.gnu.linkonce.d.*)
 *(.rela.data .rela.data.* .rela.gnu.linkonce.d.*)
 *(.rel.tdata .rel.tdata.* .rel.gnu.linkonce.td.*)
 *(.rela.tdata .rela.tdata.* .rela.gnu.linkonce.td.*)
 *(.rel.tbss .rel.tbss.* .rel.gnu.linkonce.tb.*)
 *(.rela.tbss .rela.tbss.* .rela.gnu.linkonce.tb.*)
 *(.rel.ctors)
 *(.rela.ctors)
 *(.rel.dtors)
 *(.rela.dtors)
 *(.rel.got)
 *(.rela.got)
 *(.rel.sdata .rel.sdata.* .rel.gnu.linkonce.s.*)
 *(.rela.sdata .rela.sdata.* .rela.gnu.linkonce.s.*)
 *(.rel.sbss .rel.sbss.* .rel.gnu.linkonce.sb.*)
 *(.rela.sbss .rela.sbss.* .rela.gnu.linkonce.sb.*)
 *(.rel.sdata2 .rel.sdata2.* .rel.gnu.linkonce.s2.*)
 *(.rela.sdata2 .rela.sdata2.* .rela.gnu.linkonce.s2.*)
 *(.rel.sbss2 .rel.sbss2.* .rel.gnu.linkonce.sb2.*)
 *(.rela.sbss2 .rela.sbss2.* .rela.gnu.linkonce.sb2.*)
 *(.rel.bss .rel.bss.* .rel.gnu.linkonce.b.*)
 *(.rela.bss .rela.bss.* .rela.gnu.linkonce.b.*)
 *(.rel.plt)
 *(.rela.plt)
 *(.rel.dyn)
 *(.init)
 *(.plt)
 *(.text .stub .text.* .gnu.linkonce.t.*)
 .text          0x080001b8       0x3c ../jpeng_encoder_bsp//obj/HAL/src/crt0.o
                0x080001b8                _start
 .text          0x080001f4      0x4b8 obj/default/JPEG_Encoder/application/bmp_extract.o
                0x080001f4                bmp_extract_header
                0x08000338                bmp_rearrange_comps
                0x080004fc                bmp_extract
 .text          0x080006ac      0x180 obj/default/JPEG_Encoder/application/jpeg_encoding.o
                0x080006ac                jpeg_encode
 .text          0x0800082c      0x194 obj/default/JPEG_Encoder/application/jpegclib/cdjpeg.o
                0x0800082c                keymatch
                0x08000958                read_stdin
                0x0800098c                write_stdout
 .text          0x080009c0        0x0 obj/default/JPEG_Encoder/application/jpegclib/jaricom.o
 .text          0x080009c0      0x890 obj/default/JPEG_Encoder/application/jpegclib/jcapimin.o
                0x080009c0                jpeg_CreateCompress
                0x08000c00                jpeg_destroy_compress
                0x08000c30                jpeg_abort_compress
                0x08000c60                jpeg_suppress_tables
                0x08000d64                jpeg_finish_compress
                0x08000f68                jpeg_write_marker
                0x08001084                jpeg_write_m_header
                0x08001144                jpeg_write_m_byte
                0x08001188                jpeg_write_tables
 .text          0x08001250      0x440 obj/default/JPEG_Encoder/application/jpegclib/jcapistd.o
                0x08001250                jpeg_start_compress
                0x0800134c                jpeg_write_scanlines
                0x080014e0                jpeg_write_raw_data
 .text          0x08001690     0x23f8 obj/default/JPEG_Encoder/application/jpegclib/jcarith.o
                0x080039b0                jinit_arith_encoder
 .text          0x08003a88      0xf20 obj/default/JPEG_Encoder/application/jpegclib/jccoefct.o
                0x080047d8                jinit_c_coef_controller
 .text          0x080049a8      0xff0 obj/default/JPEG_Encoder/application/jpegclib/jccolor.o
                0x08005414                jinit_color_converter
 .text          0x08005998      0xaf8 obj/default/JPEG_Encoder/application/jpegclib/jcdctmgr.o
                0x080063d4                jinit_forward_dct
 .text          0x08006490     0x33dc obj/default/JPEG_Encoder/application/jpegclib/jchuff.o
                0x08009728                jinit_huff_encoder
 .text          0x0800986c      0x104 obj/default/JPEG_Encoder/application/jpegclib/jcinit.o
                0x0800986c                jinit_compress_master
 .text          0x08009970      0x3ac obj/default/JPEG_Encoder/application/jpegclib/jcmainct.o
                0x08009ba0                jinit_c_main_controller
 .text          0x08009d1c     0x1418 obj/default/JPEG_Encoder/application/jpegclib/jcmarker.o
                0x0800b068                jinit_marker_writer
 .text          0x0800b134     0x1d6c obj/default/JPEG_Encoder/application/jpegclib/jcmaster.o
                0x0800b134                jpeg_calc_jpeg_dimensions
                0x0800ccf0                jinit_c_master_control
 .text          0x0800cea0      0x1a8 obj/default/JPEG_Encoder/application/jpegclib/jcomapi.o
                0x0800cea0                jpeg_abort
                0x0800cf48                jpeg_destroy
                0x0800cfa0                jpeg_alloc_quant_table
                0x0800cff4                jpeg_alloc_huff_table
 .text          0x0800d048     0x1528 obj/default/JPEG_Encoder/application/jpegclib/jcparam.o
                0x0800d048                jpeg_add_quant_table
                0x0800d210                jpeg_default_qtables
                0x0800d290                jpeg_set_linear_quality
                0x0800d304                jpeg_quality_scaling
                0x0800d388                jpeg_set_quality
                0x0800d5a8                jpeg_set_defaults
                0x0800d7a4                jpeg_default_colorspace
                0x0800d894                jpeg_set_colorspace
                0x0800e1c8                jpeg_simple_progression
 .text          0x0800e570      0xc14 obj/default/JPEG_Encoder/application/jpegclib/jcprepct.o
                0x0800efcc                jinit_c_prep_controller
 .text          0x0800f184     0x14c4 obj/default/JPEG_Encoder/application/jpegclib/jcsample.o
                0x08010254                jinit_downsampler
 .text          0x08010648      0xc2c obj/default/JPEG_Encoder/application/jpegclib/jctrans.o
                0x08010648                jpeg_write_coefficients
                0x08010710                jpeg_copy_critical_parameters
 .text          0x08011274      0x5f8 obj/default/JPEG_Encoder/application/jpegclib/jdatadst.o
                0x08011610                jpeg_stdio_dest
                0x080116b4                jpeg_mem_dest
 .text          0x0801186c      0x43c obj/default/JPEG_Encoder/application/jpegclib/jerror.o
                0x08011be8                jpeg_std_error
 .text          0x08011ca8      0x8b8 obj/default/JPEG_Encoder/application/jpegclib/jfdctflt.o
                0x08011ca8                jpeg_fdct_float
 .text          0x08012560      0x6a0 obj/default/JPEG_Encoder/application/jpegclib/jfdctfst.o
                0x08012560                jpeg_fdct_ifast
 .text          0x08012c00      0x810 obj/default/JPEG_Encoder/application/jpegclib/jfdctint.o
                0x08012c00                jpeg_fdct_islow
 .text          0x08013410      0xc74 obj/default/JPEG_Encoder/application/jpegclib/jidctflt.o
                0x08013410                jpeg_idct_float
 .text          0x08014084      0xaf4 obj/default/JPEG_Encoder/application/jpegclib/jidctfst.o
                0x08014084                jpeg_idct_ifast
 .text          0x08014b78    0x103b8 obj/default/JPEG_Encoder/application/jpegclib/jidctint.o
                0x08014b78                jpeg_idct_islow
                0x080157bc                jpeg_idct_7x7
                0x08016038                jpeg_idct_6x6
                0x08016640                jpeg_idct_5x5
                0x08016ba4                jpeg_idct_4x4
                0x08016fc4                jpeg_idct_3x3
                0x080172f8                jpeg_idct_2x2
                0x08017530                jpeg_idct_1x1
                0x080175e4                jpeg_idct_9x9
                0x08017f2c                jpeg_idct_10x10
                0x08018974                jpeg_idct_11x11
                0x080195dc                jpeg_idct_12x12
                0x0801a18c                jpeg_idct_13x13
                0x0801afbc                jpeg_idct_14x14
                0x0801bd3c                jpeg_idct_15x15
                0x0801cb4c                jpeg_idct_16x16
                0x0801db94                jpeg_idct_16x8
                0x0801ea64                jpeg_idct_14x7
                0x0801f584                jpeg_idct_12x6
                0x0801fe70                jpeg_idct_10x5
                0x08020638                jpeg_idct_8x4
                0x08020cdc                jpeg_idct_6x3
                0x0802115c                jpeg_idct_4x2
                0x08021440                jpeg_idct_2x1
                0x08021564                jpeg_idct_8x16
                0x08022208                jpeg_idct_7x14
                0x08022ce4                jpeg_idct_6x12
                0x080235b8                jpeg_idct_5x10
                0x08023d9c                jpeg_idct_4x8
                0x0802463c                jpeg_idct_3x6
                0x08024af8                jpeg_idct_2x4
                0x08024e08                jpeg_idct_1x2
 .text          0x08024f30      0x3d8 obj/default/JPEG_Encoder/application/jpegclib/jmemansi.o
                0x08024f30                jpeg_get_small
                0x08024f64                jpeg_free_small
                0x08024f9c                jpeg_get_large
                0x08024fd0                jpeg_free_large
                0x08025008                jpeg_mem_available
                0x08025204                jpeg_open_backing_store
                0x080252c0                jpeg_mem_init
                0x080252e8                jpeg_mem_term
 .text          0x08025308     0x1d48 obj/default/JPEG_Encoder/application/jpegclib/jmemmgr.o
                0x08026d94                jinit_memory_mgr
 .text          0x08027050     0x18b4 obj/default/JPEG_Encoder/application/jpegclib/jquant1.o
                0x080287c0                jinit_1pass_quantizer
 .text          0x08028904     0x27a0 obj/default/JPEG_Encoder/application/jpegclib/jquant2.o
                0x0802ae10                jinit_2pass_quantizer
 .text          0x0802b0a4      0x1f4 obj/default/JPEG_Encoder/application/jpegclib/jutils.o
                0x0802b0a4                jdiv_round_up
                0x0802b0ec                jround_up
                0x0802b144                jcopy_sample_rows
                0x0802b214                jcopy_block_row
                0x0802b25c                jzero_far
 .text          0x0802b298      0x1dc obj/default/JPEG_Encoder/jpeg_encoder.o
                0x0802b298                main
                0x0802b310                convert_picture
 .text          0x0802b474      0x298 c:/altera/13.1/nios2eds/bin/gnu/h-i686-mingw32/bin/../lib/gcc/nios2-elf/4.7.3/mno-hw-mul\libgcc.a(_addsub_sf.o)
                0x0802b668                __addsf3
                0x0802b6b4                __subsf3
 .text          0x0802b70c      0x190 c:/altera/13.1/nios2eds/bin/gnu/h-i686-mingw32/bin/../lib/gcc/nios2-elf/4.7.3/mno-hw-mul\libgcc.a(_mul_sf.o)
                0x0802b70c                __mulsf3
 .text          0x0802b89c       0xa4 c:/altera/13.1/nios2eds/bin/gnu/h-i686-mingw32/bin/../lib/gcc/nios2-elf/4.7.3/mno-hw-mul\libgcc.a(_si_to_sf.o)
                0x0802b89c                __floatsisf
 .text          0x0802b940       0xa4 c:/altera/13.1/nios2eds/bin/gnu/h-i686-mingw32/bin/../lib/gcc/nios2-elf/4.7.3/mno-hw-mul\libgcc.a(_sf_to_si.o)
                0x0802b940                __fixsfsi
 .text          0x0802b9e4        0x0 c:/altera/13.1/nios2eds/bin/gnu/h-i686-mingw32/bin/../lib/gcc/nios2-elf/4.7.3/mno-hw-mul\libgcc.a(_thenan_sf.o)
 .text          0x0802b9e4      0x2e4 c:/altera/13.1/nios2eds/bin/gnu/h-i686-mingw32/bin/../lib/gcc/nios2-elf/4.7.3/mno-hw-mul\libgcc.a(_mul_df.o)
                0x0802b9e4                __muldf3
 .text          0x0802bcc8      0x1b4 c:/altera/13.1/nios2eds/bin/gnu/h-i686-mingw32/bin/../lib/gcc/nios2-elf/4.7.3/mno-hw-mul\libgcc.a(_div_df.o)
                0x0802bcc8                __divdf3
 .text          0x0802be7c       0x60 c:/altera/13.1/nios2eds/bin/gnu/h-i686-mingw32/bin/../lib/gcc/nios2-elf/4.7.3/mno-hw-mul\libgcc.a(_df_to_sf.o)
                0x0802be7c                __truncdfsf2
 .text          0x0802bedc        0x0 c:/altera/13.1/nios2eds/bin/gnu/h-i686-mingw32/bin/../lib/gcc/nios2-elf/4.7.3/mno-hw-mul\libgcc.a(_thenan_df.o)
 .text          0x0802bedc      0x11c c:/altera/13.1/nios2eds/bin/gnu/h-i686-mingw32/bin/../lib/gcc/nios2-elf/4.7.3/mno-hw-mul\libgcc.a(_usi_to_df.o)
                0x0802bedc                __floatunsidf
 .text          0x0802bff8      0x130 c:/altera/13.1/nios2eds/bin/gnu/h-i686-mingw32/bin/../lib/gcc/nios2-elf/4.7.3/mno-hw-mul\libgcc.a(lib2-divmod.o)
                0x0802c06c                __divsi3
                0x0802c0bc                __modsi3
                0x0802c118                __udivsi3
                0x0802c120                __umodsi3
 .text          0x0802c128       0x28 c:/altera/13.1/nios2eds/bin/gnu/h-i686-mingw32/bin/../lib/gcc/nios2-elf/4.7.3/mno-hw-mul\libgcc.a(lib2-mul.o)
                0x0802c128                __mulsi3
 .text          0x0802c150      0x110 c:/altera/13.1/nios2eds/bin/gnu/h-i686-mingw32/bin/../lib/gcc/nios2-elf/4.7.3/mno-hw-mul\libgcc.a(_muldi3.o)
                0x0802c150                __muldi3
 .text          0x0802c260       0xac c:/altera/13.1/nios2eds/bin/gnu/h-i686-mingw32/bin/../lib/gcc/nios2-elf/4.7.3/mno-hw-mul\libgcc.a(_clzsi2.o)
                0x0802c260                __clzsi2
 .text          0x0802c30c      0x12c c:/altera/13.1/nios2eds/bin/gnu/h-i686-mingw32/bin/../lib/gcc/nios2-elf/4.7.3/mno-hw-mul\libgcc.a(_pack_sf.o)
                0x0802c30c                __pack_f
 .text          0x0802c438       0xc8 c:/altera/13.1/nios2eds/bin/gnu/h-i686-mingw32/bin/../lib/gcc/nios2-elf/4.7.3/mno-hw-mul\libgcc.a(_unpack_sf.o)
                0x0802c438                __unpack_f
 .text          0x0802c500       0x2c c:/altera/13.1/nios2eds/bin/gnu/h-i686-mingw32/bin/../lib/gcc/nios2-elf/4.7.3/mno-hw-mul\libgcc.a(_make_sf.o)
                0x0802c500                __make_fp
 .text          0x0802c52c      0x224 c:/altera/13.1/nios2eds/bin/gnu/h-i686-mingw32/bin/../lib/gcc/nios2-elf/4.7.3/mno-hw-mul\libgcc.a(_pack_df.o)
                0x0802c52c                __pack_d
 .text          0x0802c750      0x104 c:/altera/13.1/nios2eds/bin/gnu/h-i686-mingw32/bin/../lib/gcc/nios2-elf/4.7.3/mno-hw-mul\libgcc.a(_unpack_df.o)
                0x0802c750                __unpack_d
 .text          0x0802c854       0x44 c:/altera/13.1/nios2eds/bin/gnu/h-i686-mingw32/bin/../lib/gcc/nios2-elf/4.7.3/mno-hw-mul\libgcc.a(_lshrdi3.o)
                0x0802c854                __lshrdi3
 .text          0x0802c898       0x44 c:/altera/13.1/nios2eds/bin/gnu/h-i686-mingw32/bin/../lib/gcc/nios2-elf/4.7.3/mno-hw-mul\libgcc.a(_ashldi3.o)
                0x0802c898                __ashldi3
 .text          0x0802c8dc        0x0 c:/altera/13.1/nios2eds/bin/gnu/h-i686-mingw32/bin/../lib/gcc/nios2-elf/4.7.3/mno-hw-mul\libgcc.a(_clz.o)
 .text          0x0802c8dc        0x0 c:/altera/13.1/nios2eds/bin/gnu/h-i686-mingw32/bin/../lib/gcc/nios2-elf/4.7.3/../../../../../H-i686-mingw32/nios2-elf/lib/mno-hw-mul\libc.a(lib_a-ctype_.o)
 .text          0x0802c8dc       0x38 c:/altera/13.1/nios2eds/bin/gnu/h-i686-mingw32/bin/../lib/gcc/nios2-elf/4.7.3/../../../../../H-i686-mingw32/nios2-elf/lib/mno-hw-mul\libc.a(lib_a-exit.o)
                0x0802c8dc                exit
 .text          0x0802c914      0x150 c:/altera/13.1/nios2eds/bin/gnu/h-i686-mingw32/bin/../lib/gcc/nios2-elf/4.7.3/../../../../../H-i686-mingw32/nios2-elf/lib/mno-hw-mul\libc.a(lib_a-fclose.o)
                0x0802c914                _fclose_r
                0x0802ca50                fclose
 .text          0x0802ca64      0x218 c:/altera/13.1/nios2eds/bin/gnu/h-i686-mingw32/bin/../lib/gcc/nios2-elf/4.7.3/../../../../../H-i686-mingw32/nios2-elf/lib/mno-hw-mul\libc.a(lib_a-fflush.o)
                0x0802ca64                _fflush_r
                0x0802cc4c                fflush
 .text          0x0802cc7c      0x2ec c:/altera/13.1/nios2eds/bin/gnu/h-i686-mingw32/bin/../lib/gcc/nios2-elf/4.7.3/../../../../../H-i686-mingw32/nios2-elf/lib/mno-hw-mul\libc.a(lib_a-findfp.o)
                0x0802cc8c                _cleanup_r
                0x0802cc98                __sfmoreglue
                0x0802cd10                _cleanup
                0x0802cd20                __sinit
                0x0802ce2c                __sfp
                0x0802cf28                __sfp_lock_acquire
                0x0802cf2c                __sfp_lock_release
                0x0802cf30                __sinit_lock_acquire
                0x0802cf34                __sinit_lock_release
                0x0802cf38                __fp_lock_all
                0x0802cf50                __fp_unlock_all
 .text          0x0802cf68      0x14c c:/altera/13.1/nios2eds/bin/gnu/h-i686-mingw32/bin/../lib/gcc/nios2-elf/4.7.3/../../../../../H-i686-mingw32/nios2-elf/lib/mno-hw-mul\libc.a(lib_a-fopen.o)
                0x0802cf68                _fopen_r
                0x0802d098                fopen
 .text          0x0802d0b4       0x4c c:/altera/13.1/nios2eds/bin/gnu/h-i686-mingw32/bin/../lib/gcc/nios2-elf/4.7.3/../../../../../H-i686-mingw32/nios2-elf/lib/mno-hw-mul\libc.a(lib_a-fprintf.o)
                0x0802d0b4                _fprintf_r
                0x0802d0dc                fprintf
 .text          0x0802d100      0x27c c:/altera/13.1/nios2eds/bin/gnu/h-i686-mingw32/bin/../lib/gcc/nios2-elf/4.7.3/../../../../../H-i686-mingw32/nios2-elf/lib/mno-hw-mul\libc.a(lib_a-fread.o)
                0x0802d100                _fread_r
                0x0802d33c                fread
 .text          0x0802d37c      0x40c c:/altera/13.1/nios2eds/bin/gnu/h-i686-mingw32/bin/../lib/gcc/nios2-elf/4.7.3/../../../../../H-i686-mingw32/nios2-elf/lib/mno-hw-mul\libc.a(lib_a-freer.o)
                0x0802d37c                _malloc_trim_r
                0x0802d4b8                _free_r
 .text          0x0802d788      0x498 c:/altera/13.1/nios2eds/bin/gnu/h-i686-mingw32/bin/../lib/gcc/nios2-elf/4.7.3/../../../../../H-i686-mingw32/nios2-elf/lib/mno-hw-mul\libc.a(lib_a-fseek.o)
                0x0802d788                _fseek_r
                0x0802dbfc                fseek
 .text          0x0802dc20       0x68 c:/altera/13.1/nios2eds/bin/gnu/h-i686-mingw32/bin/../lib/gcc/nios2-elf/4.7.3/../../../../../H-i686-mingw32/nios2-elf/lib/mno-hw-mul\libc.a(lib_a-fstatr.o)
                0x0802dc20                _fstat_r
 .text          0x0802dc88      0x124 c:/altera/13.1/nios2eds/bin/gnu/h-i686-mingw32/bin/../lib/gcc/nios2-elf/4.7.3/../../../../../H-i686-mingw32/nios2-elf/lib/mno-hw-mul\libc.a(lib_a-ftell.o)
                0x0802dc88                _ftell_r
                0x0802dd98                ftell
 .text          0x0802ddac      0x160 c:/altera/13.1/nios2eds/bin/gnu/h-i686-mingw32/bin/../lib/gcc/nios2-elf/4.7.3/../../../../../H-i686-mingw32/nios2-elf/lib/mno-hw-mul\libc.a(lib_a-fwalk.o)
                0x0802ddac                _fwalk
                0x0802de54                _fwalk_reent
 .text          0x0802df0c       0xf0 c:/altera/13.1/nios2eds/bin/gnu/h-i686-mingw32/bin/../lib/gcc/nios2-elf/4.7.3/../../../../../H-i686-mingw32/nios2-elf/lib/mno-hw-mul\libc.a(lib_a-fwrite.o)
                0x0802df0c                _fwrite_r
                0x0802dfbc                fwrite
 .text          0x0802dffc       0x48 c:/altera/13.1/nios2eds/bin/gnu/h-i686-mingw32/bin/../lib/gcc/nios2-elf/4.7.3/../../../../../H-i686-mingw32/nios2-elf/lib/mno-hw-mul\libc.a(lib_a-getenv.o)
                0x0802dffc                _findenv
                0x0802e018                getenv
 .text          0x0802e044      0x128 c:/altera/13.1/nios2eds/bin/gnu/h-i686-mingw32/bin/../lib/gcc/nios2-elf/4.7.3/../../../../../H-i686-mingw32/nios2-elf/lib/mno-hw-mul\libc.a(lib_a-getenv_r.o)
                0x0802e044                _findenv_r
                0x0802e150                _getenv_r
 .text          0x0802e16c        0x0 c:/altera/13.1/nios2eds/bin/gnu/h-i686-mingw32/bin/../lib/gcc/nios2-elf/4.7.3/../../../../../H-i686-mingw32/nios2-elf/lib/mno-hw-mul\libc.a(lib_a-impure.o)
 .text          0x0802e16c        0x0 c:/altera/13.1/nios2eds/bin/gnu/h-i686-mingw32/bin/../lib/gcc/nios2-elf/4.7.3/../../../../../H-i686-mingw32/nios2-elf/lib/mno-hw-mul\libc.a(lib_a-int_errno.o)
 .text          0x0802e16c      0x1a8 c:/altera/13.1/nios2eds/bin/gnu/h-i686-mingw32/bin/../lib/gcc/nios2-elf/4.7.3/../../../../../H-i686-mingw32/nios2-elf/lib/mno-hw-mul\libc.a(lib_a-makebuf.o)
                0x0802e16c                __smakebuf_r
 .text          0x0802e314       0x28 c:/altera/13.1/nios2eds/bin/gnu/h-i686-mingw32/bin/../lib/gcc/nios2-elf/4.7.3/../../../../../H-i686-mingw32/nios2-elf/lib/mno-hw-mul\libc.a(lib_a-malloc.o)
                0x0802e314                malloc
                0x0802e328                free
 .text          0x0802e33c      0x784 c:/altera/13.1/nios2eds/bin/gnu/h-i686-mingw32/bin/../lib/gcc/nios2-elf/4.7.3/../../../../../H-i686-mingw32/nios2-elf/lib/mno-hw-mul\libc.a(lib_a-mallocr.o)
                0x0802e33c                _malloc_r
 .text          0x0802eac0      0x140 c:/altera/13.1/nios2eds/bin/gnu/h-i686-mingw32/bin/../lib/gcc/nios2-elf/4.7.3/../../../../../H-i686-mingw32/nios2-elf/lib/mno-hw-mul\libc.a(lib_a-memcpy.o)
                0x0802eac0                memcpy
 .text          0x0802ec00       0xdc c:/altera/13.1/nios2eds/bin/gnu/h-i686-mingw32/bin/../lib/gcc/nios2-elf/4.7.3/../../../../../H-i686-mingw32/nios2-elf/lib/mno-hw-mul\libc.a(lib_a-memset.o)
                0x0802ec00                memset
 .text          0x0802ecdc       0x6c c:/altera/13.1/nios2eds/bin/gnu/h-i686-mingw32/bin/../lib/gcc/nios2-elf/4.7.3/../../../../../H-i686-mingw32/nios2-elf/lib/mno-hw-mul\libc.a(lib_a-openr.o)
                0x0802ecdc                _open_r
 .text          0x0802ed48       0x68 c:/altera/13.1/nios2eds/bin/gnu/h-i686-mingw32/bin/../lib/gcc/nios2-elf/4.7.3/../../../../../H-i686-mingw32/nios2-elf/lib/mno-hw-mul\libc.a(lib_a-printf.o)
                0x0802ed48                _printf_r
                0x0802ed74                printf
 .text          0x0802edb0       0x98 c:/altera/13.1/nios2eds/bin/gnu/h-i686-mingw32/bin/../lib/gcc/nios2-elf/4.7.3/../../../../../H-i686-mingw32/nios2-elf/lib/mno-hw-mul\libc.a(lib_a-puts.o)
                0x0802edb0                _puts_r
                0x0802ee34                puts
 .text          0x0802ee48      0x208 c:/altera/13.1/nios2eds/bin/gnu/h-i686-mingw32/bin/../lib/gcc/nios2-elf/4.7.3/../../../../../H-i686-mingw32/nios2-elf/lib/mno-hw-mul\libc.a(lib_a-refill.o)
                0x0802ee64                __srefill_r
 .text          0x0802f050       0x4c c:/altera/13.1/nios2eds/bin/gnu/h-i686-mingw32/bin/../lib/gcc/nios2-elf/4.7.3/../../../../../H-i686-mingw32/nios2-elf/lib/mno-hw-mul\libc.a(lib_a-rewind.o)
                0x0802f050                _rewind_r
                0x0802f088                rewind
 .text          0x0802f09c       0x64 c:/altera/13.1/nios2eds/bin/gnu/h-i686-mingw32/bin/../lib/gcc/nios2-elf/4.7.3/../../../../../H-i686-mingw32/nios2-elf/lib/mno-hw-mul\libc.a(lib_a-sbrkr.o)
                0x0802f09c                _sbrk_r
 .text          0x0802f100       0x6c c:/altera/13.1/nios2eds/bin/gnu/h-i686-mingw32/bin/../lib/gcc/nios2-elf/4.7.3/../../../../../H-i686-mingw32/nios2-elf/lib/mno-hw-mul\libc.a(lib_a-scanf.o)
                0x0802f100                scanf
                0x0802f140                _scanf_r
 .text          0x0802f16c       0xc4 c:/altera/13.1/nios2eds/bin/gnu/h-i686-mingw32/bin/../lib/gcc/nios2-elf/4.7.3/../../../../../H-i686-mingw32/nios2-elf/lib/mno-hw-mul\libc.a(lib_a-sprintf.o)
                0x0802f16c                _sprintf_r
                0x0802f1c4                sprintf
 .text          0x0802f230       0xfc c:/altera/13.1/nios2eds/bin/gnu/h-i686-mingw32/bin/../lib/gcc/nios2-elf/4.7.3/../../../../../H-i686-mingw32/nios2-elf/lib/mno-hw-mul\libc.a(lib_a-sscanf.o)
                0x0802f238                sscanf
                0x0802f2b4                _sscanf_r
 .text          0x0802f32c      0x140 c:/altera/13.1/nios2eds/bin/gnu/h-i686-mingw32/bin/../lib/gcc/nios2-elf/4.7.3/../../../../../H-i686-mingw32/nios2-elf/lib/mno-hw-mul\libc.a(lib_a-stdio.o)
                0x0802f32c                __sread
                0x0802f380                __swrite
                0x0802f408                __sseek
                0x0802f464                __sclose
 .text          0x0802f46c       0x98 c:/altera/13.1/nios2eds/bin/gnu/h-i686-mingw32/bin/../lib/gcc/nios2-elf/4.7.3/../../../../../H-i686-mingw32/nios2-elf/lib/mno-hw-mul\libc.a(lib_a-strcat.o)
                0x0802f46c                strcat
 .text          0x0802f504       0xa4 c:/altera/13.1/nios2eds/bin/gnu/h-i686-mingw32/bin/../lib/gcc/nios2-elf/4.7.3/../../../../../H-i686-mingw32/nios2-elf/lib/mno-hw-mul\libc.a(lib_a-strcmp.o)
                0x0802f504                strcmp
 .text          0x0802f5a8       0x94 c:/altera/13.1/nios2eds/bin/gnu/h-i686-mingw32/bin/../lib/gcc/nios2-elf/4.7.3/../../../../../H-i686-mingw32/nios2-elf/lib/mno-hw-mul\libc.a(lib_a-strcpy.o)
                0x0802f5a8                strcpy
 .text          0x0802f63c       0x8c c:/altera/13.1/nios2eds/bin/gnu/h-i686-mingw32/bin/../lib/gcc/nios2-elf/4.7.3/../../../../../H-i686-mingw32/nios2-elf/lib/mno-hw-mul\libc.a(lib_a-strlen.o)
                0x0802f63c                strlen
 .text          0x0802f6c8       0xfc c:/altera/13.1/nios2eds/bin/gnu/h-i686-mingw32/bin/../lib/gcc/nios2-elf/4.7.3/../../../../../H-i686-mingw32/nios2-elf/lib/mno-hw-mul\libc.a(lib_a-strncmp.o)
                0x0802f6c8                strncmp
 .text          0x0802f7c4       0xb8 c:/altera/13.1/nios2eds/bin/gnu/h-i686-mingw32/bin/../lib/gcc/nios2-elf/4.7.3/../../../../../H-i686-mingw32/nios2-elf/lib/mno-hw-mul\libc.a(lib_a-strncpy.o)
                0x0802f7c4                strncpy
 .text          0x0802f87c       0xd8 c:/altera/13.1/nios2eds/bin/gnu/h-i686-mingw32/bin/../lib/gcc/nios2-elf/4.7.3/../../../../../H-i686-mingw32/nios2-elf/lib/mno-hw-mul\libc.a(lib_a-tmpfile.o)
                0x0802f87c                _tmpfile_r
                0x0802f944                tmpfile
 .text          0x0802f954      0x2a0 c:/altera/13.1/nios2eds/bin/gnu/h-i686-mingw32/bin/../lib/gcc/nios2-elf/4.7.3/../../../../../H-i686-mingw32/nios2-elf/lib/mno-hw-mul\libc.a(lib_a-tmpnam.o)
                0x0802fa34                _tmpnam_r
                0x0802facc                _tempnam_r
                0x0802fbc4                tempnam
                0x0802fbe0                tmpnam
 .text          0x0802fbf4     0x1ed4 c:/altera/13.1/nios2eds/bin/gnu/h-i686-mingw32/bin/../lib/gcc/nios2-elf/4.7.3/../../../../../H-i686-mingw32/nios2-elf/lib/mno-hw-mul\libc.a(lib_a-vfprintf.o)
                0x0802fc28                ___vfprintf_internal_r
                0x08031aa4                __vfprintf_internal
 .text          0x08031ac8     0x1788 c:/altera/13.1/nios2eds/bin/gnu/h-i686-mingw32/bin/../lib/gcc/nios2-elf/4.7.3/../../../../../H-i686-mingw32/nios2-elf/lib/mno-hw-mul\libc.a(lib_a-vfscanf.o)
                0x08031ac8                __svfscanf_r
                0x08033170                _vfscanf_r
                0x080331bc                __svfscanf
                0x080331e0                vfscanf
 .text          0x08033250       0x6c c:/altera/13.1/nios2eds/bin/gnu/h-i686-mingw32/bin/../lib/gcc/nios2-elf/4.7.3/../../../../../H-i686-mingw32/nios2-elf/lib/mno-hw-mul\libc.a(lib_a-writer.o)
                0x08033250                _write_r
 .text          0x080332bc      0x174 c:/altera/13.1/nios2eds/bin/gnu/h-i686-mingw32/bin/../lib/gcc/nios2-elf/4.7.3/../../../../../H-i686-mingw32/nios2-elf/lib/mno-hw-mul\libc.a(lib_a-wsetup.o)
                0x080332bc                __swsetup_r
 .text          0x08033430      0x1a0 c:/altera/13.1/nios2eds/bin/gnu/h-i686-mingw32/bin/../lib/gcc/nios2-elf/4.7.3/../../../../../H-i686-mingw32/nios2-elf/lib/mno-hw-mul\libc.a(lib_a-__call_atexit.o)
                0x08033430                __call_exitprocs
 .text          0x080335d0       0x64 c:/altera/13.1/nios2eds/bin/gnu/h-i686-mingw32/bin/../lib/gcc/nios2-elf/4.7.3/../../../../../H-i686-mingw32/nios2-elf/lib/mno-hw-mul\libc.a(lib_a-closer.o)
                0x080335d0                _close_r
 .text          0x08033634     0x1858 c:/altera/13.1/nios2eds/bin/gnu/h-i686-mingw32/bin/../lib/gcc/nios2-elf/4.7.3/../../../../../H-i686-mingw32/nios2-elf/lib/mno-hw-mul\libc.a(lib_a-dtoa.o)
                0x08033870                _dtoa_r
 .text          0x08034e8c        0x0 c:/altera/13.1/nios2eds/bin/gnu/h-i686-mingw32/bin/../lib/gcc/nios2-elf/4.7.3/../../../../../H-i686-mingw32/nios2-elf/lib/mno-hw-mul\libc.a(lib_a-environ.o)
 .text          0x08034e8c       0xd4 c:/altera/13.1/nios2eds/bin/gnu/h-i686-mingw32/bin/../lib/gcc/nios2-elf/4.7.3/../../../../../H-i686-mingw32/nios2-elf/lib/mno-hw-mul\libc.a(lib_a-fdopen.o)
                0x08034e8c                _fdopen_r
                0x08034f44                fdopen
 .text          0x08034f60       0x98 c:/altera/13.1/nios2eds/bin/gnu/h-i686-mingw32/bin/../lib/gcc/nios2-elf/4.7.3/../../../../../H-i686-mingw32/nios2-elf/lib/mno-hw-mul\libc.a(lib_a-flags.o)
                0x08034f60                __sflags
 .text          0x08034ff8      0x4e4 c:/altera/13.1/nios2eds/bin/gnu/h-i686-mingw32/bin/../lib/gcc/nios2-elf/4.7.3/../../../../../H-i686-mingw32/nios2-elf/lib/mno-hw-mul\libc.a(lib_a-fvwrite.o)
                0x08034ff8                __sfvwrite_r
 .text          0x080354dc       0x64 c:/altera/13.1/nios2eds/bin/gnu/h-i686-mingw32/bin/../lib/gcc/nios2-elf/4.7.3/../../../../../H-i686-mingw32/nios2-elf/lib/mno-hw-mul\libc.a(lib_a-isattyr.o)
                0x080354dc                _isatty_r
 .text          0x08035540       0x38 c:/altera/13.1/nios2eds/bin/gnu/h-i686-mingw32/bin/../lib/gcc/nios2-elf/4.7.3/../../../../../H-i686-mingw32/nios2-elf/lib/mno-hw-mul\libc.a(lib_a-iswspace.o)
                0x08035540                iswspace
 .text          0x08035578       0xdc c:/altera/13.1/nios2eds/bin/gnu/h-i686-mingw32/bin/../lib/gcc/nios2-elf/4.7.3/../../../../../H-i686-mingw32/nios2-elf/lib/mno-hw-mul\libc.a(lib_a-locale.o)
                0x08035578                _setlocale_r
                0x08035614                __locale_charset
                0x08035620                _localeconv_r
                0x0803562c                setlocale
                0x08035648                localeconv
 .text          0x08035654       0x6c c:/altera/13.1/nios2eds/bin/gnu/h-i686-mingw32/bin/../lib/gcc/nios2-elf/4.7.3/../../../../../H-i686-mingw32/nios2-elf/lib/mno-hw-mul\libc.a(lib_a-lseekr.o)
                0x08035654                _lseek_r
 .text          0x080356c0       0xa4 c:/altera/13.1/nios2eds/bin/gnu/h-i686-mingw32/bin/../lib/gcc/nios2-elf/4.7.3/../../../../../H-i686-mingw32/nios2-elf/lib/mno-hw-mul\libc.a(lib_a-mbrtowc.o)
                0x080356c0                _mbrtowc_r
                0x08035724                mbrtowc
 .text          0x08035764       0x44 c:/altera/13.1/nios2eds/bin/gnu/h-i686-mingw32/bin/../lib/gcc/nios2-elf/4.7.3/../../../../../H-i686-mingw32/nios2-elf/lib/mno-hw-mul\libc.a(lib_a-mbtowc_r.o)
                0x08035764                _mbtowc_r
 .text          0x080357a8       0xf8 c:/altera/13.1/nios2eds/bin/gnu/h-i686-mingw32/bin/../lib/gcc/nios2-elf/4.7.3/../../../../../H-i686-mingw32/nios2-elf/lib/mno-hw-mul\libc.a(lib_a-memchr.o)
                0x080357a8                memchr
 .text          0x080358a0      0x18c c:/altera/13.1/nios2eds/bin/gnu/h-i686-mingw32/bin/../lib/gcc/nios2-elf/4.7.3/../../../../../H-i686-mingw32/nios2-elf/lib/mno-hw-mul\libc.a(lib_a-memmove.o)
                0x080358a0                memmove
 .text          0x08035a2c     0x1050 c:/altera/13.1/nios2eds/bin/gnu/h-i686-mingw32/bin/../lib/gcc/nios2-elf/4.7.3/../../../../../H-i686-mingw32/nios2-elf/lib/mno-hw-mul\libc.a(lib_a-mprec.o)
                0x08035a2c                _Balloc
                0x08035ad4                _Bfree
                0x08035afc                __multadd
                0x08035c40                __s2b
                0x08035d44                __hi0bits
                0x08035dac                __lo0bits
                0x08035e5c                __i2b
                0x08035e98                __multiply
                0x080360f0                __pow5mult
                0x0803621c                __lshift
                0x08036378                __mcmp
                0x080363d0                __mdiff
                0x08036578                __ulp
                0x080365d8                __b2d
                0x08036720                __d2b
                0x08036864                __ratio
                0x08036908                _mprec_log10
                0x0803697c                __copybits
                0x080369f8                __any_on
 .text          0x08036a7c       0x6c c:/altera/13.1/nios2eds/bin/gnu/h-i686-mingw32/bin/../lib/gcc/nios2-elf/4.7.3/../../../../../H-i686-mingw32/nios2-elf/lib/mno-hw-mul\libc.a(lib_a-readr.o)
                0x08036a7c                _read_r
 .text          0x08036ae8      0x5fc c:/altera/13.1/nios2eds/bin/gnu/h-i686-mingw32/bin/../lib/gcc/nios2-elf/4.7.3/../../../../../H-i686-mingw32/nios2-elf/lib/mno-hw-mul\libc.a(lib_a-reallocr.o)
                0x08036ae8                _realloc_r
 .text          0x080370e4       0x44 c:/altera/13.1/nios2eds/bin/gnu/h-i686-mingw32/bin/../lib/gcc/nios2-elf/4.7.3/../../../../../H-i686-mingw32/nios2-elf/lib/mno-hw-mul\libc.a(lib_a-remove.o)
                0x080370e4                _remove_r
                0x08037114                remove
 .text          0x08037128       0x38 c:/altera/13.1/nios2eds/bin/gnu/h-i686-mingw32/bin/../lib/gcc/nios2-elf/4.7.3/../../../../../H-i686-mingw32/nios2-elf/lib/mno-hw-mul\libc.a(lib_a-s_isinfd.o)
                0x08037128                __isinfd
 .text          0x08037160       0x2c c:/altera/13.1/nios2eds/bin/gnu/h-i686-mingw32/bin/../lib/gcc/nios2-elf/4.7.3/../../../../../H-i686-mingw32/nios2-elf/lib/mno-hw-mul\libc.a(lib_a-s_isnand.o)
                0x08037160                __isnand
 .text          0x0803718c       0xc4 c:/altera/13.1/nios2eds/bin/gnu/h-i686-mingw32/bin/../lib/gcc/nios2-elf/4.7.3/../../../../../H-i686-mingw32/nios2-elf/lib/mno-hw-mul\libc.a(lib_a-sccl.o)
                0x0803718c                __sccl
 .text          0x08037250        0x8 c:/altera/13.1/nios2eds/bin/gnu/h-i686-mingw32/bin/../lib/gcc/nios2-elf/4.7.3/../../../../../H-i686-mingw32/nios2-elf/lib/mno-hw-mul\libc.a(lib_a-sf_nan.o)
                0x08037250                nanf
 .text          0x08037258       0x6c c:/altera/13.1/nios2eds/bin/gnu/h-i686-mingw32/bin/../lib/gcc/nios2-elf/4.7.3/../../../../../H-i686-mingw32/nios2-elf/lib/mno-hw-mul\libc.a(lib_a-signalr.o)
                0x08037258                _kill_r
                0x080372c0                _getpid_r
 .text          0x080372c4     0x1684 c:/altera/13.1/nios2eds/bin/gnu/h-i686-mingw32/bin/../lib/gcc/nios2-elf/4.7.3/../../../../../H-i686-mingw32/nios2-elf/lib/mno-hw-mul\libc.a(lib_a-strtod.o)
                0x080372c4                _strtod_r
                0x0803880c                strtod
                0x08038828                strtof
 .text          0x08038948      0x29c c:/altera/13.1/nios2eds/bin/gnu/h-i686-mingw32/bin/../lib/gcc/nios2-elf/4.7.3/../../../../../H-i686-mingw32/nios2-elf/lib/mno-hw-mul\libc.a(lib_a-strtol.o)
                0x08038948                _strtol_r
                0x08038bc0                strtol
 .text          0x08038be4      0x330 c:/altera/13.1/nios2eds/bin/gnu/h-i686-mingw32/bin/../lib/gcc/nios2-elf/4.7.3/../../../../../H-i686-mingw32/nios2-elf/lib/mno-hw-mul\libc.a(lib_a-strtoll_r.o)
                0x08038be4                _strtoll_r
 .text          0x08038f14      0x2c8 c:/altera/13.1/nios2eds/bin/gnu/h-i686-mingw32/bin/../lib/gcc/nios2-elf/4.7.3/../../../../../H-i686-mingw32/nios2-elf/lib/mno-hw-mul\libc.a(lib_a-strtoul.o)
                0x08038f14                _strtoul_r
                0x080391b8                strtoul
 .text          0x080391dc      0x394 c:/altera/13.1/nios2eds/bin/gnu/h-i686-mingw32/bin/../lib/gcc/nios2-elf/4.7.3/../../../../../H-i686-mingw32/nios2-elf/lib/mno-hw-mul\libc.a(lib_a-strtoull_r.o)
                0x080391dc                _strtoull_r
 .text          0x08039570      0x2a8 c:/altera/13.1/nios2eds/bin/gnu/h-i686-mingw32/bin/../lib/gcc/nios2-elf/4.7.3/../../../../../H-i686-mingw32/nios2-elf/lib/mno-hw-mul\libc.a(lib_a-ungetc.o)
                0x08039570                __submore
                0x08039660                _ungetc_r
                0x080397fc                ungetc
 .text          0x08039818       0x64 c:/altera/13.1/nios2eds/bin/gnu/h-i686-mingw32/bin/../lib/gcc/nios2-elf/4.7.3/../../../../../H-i686-mingw32/nios2-elf/lib/mno-hw-mul\libc.a(lib_a-unlinkr.o)
                0x08039818                _unlink_r
 .text          0x0803987c       0xcc c:/altera/13.1/nios2eds/bin/gnu/h-i686-mingw32/bin/../lib/gcc/nios2-elf/4.7.3/../../../../../H-i686-mingw32/nios2-elf/lib/mno-hw-mul\libc.a(lib_a-callocr.o)
                0x0803987c                _calloc_r
 .text          0x08039948      0x918 c:/altera/13.1/nios2eds/bin/gnu/h-i686-mingw32/bin/../lib/gcc/nios2-elf/4.7.3/../../../../../H-i686-mingw32/nios2-elf/lib/mno-hw-mul\libc.a(lib_a-gdtoa-gethex.o)
                0x08039a58                __hexdig_init
                0x08039ae8                __gethex
 .text          0x0803a260      0x28c c:/altera/13.1/nios2eds/bin/gnu/h-i686-mingw32/bin/../lib/gcc/nios2-elf/4.7.3/../../../../../H-i686-mingw32/nios2-elf/lib/mno-hw-mul\libc.a(lib_a-gdtoa-hexnan.o)
                0x0803a260                __hexnan
 .text          0x0803a4ec       0x84 c:/altera/13.1/nios2eds/bin/gnu/h-i686-mingw32/bin/../lib/gcc/nios2-elf/4.7.3/mno-hw-mul\libgcc.a(_fixunsdfsi.o)
                0x0803a4ec                __fixunsdfsi
 .text          0x0803a570      0x650 c:/altera/13.1/nios2eds/bin/gnu/h-i686-mingw32/bin/../lib/gcc/nios2-elf/4.7.3/mno-hw-mul\libgcc.a(_udivdi3.o)
                0x0803a570                __udivdi3
 .text          0x0803abc0      0x628 c:/altera/13.1/nios2eds/bin/gnu/h-i686-mingw32/bin/../lib/gcc/nios2-elf/4.7.3/mno-hw-mul\libgcc.a(_umoddi3.o)
                0x0803abc0                __umoddi3
 .text          0x0803b1e8       0x54 c:/altera/13.1/nios2eds/bin/gnu/h-i686-mingw32/bin/../lib/gcc/nios2-elf/4.7.3/mno-hw-mul\libgcc.a(_eq_sf.o)
                0x0803b1e8                __eqsf2
 .text          0x0803b23c       0x5c c:/altera/13.1/nios2eds/bin/gnu/h-i686-mingw32/bin/../lib/gcc/nios2-elf/4.7.3/mno-hw-mul\libgcc.a(_gt_sf.o)
                0x0803b23c                __gtsf2
 .text          0x0803b298       0x54 c:/altera/13.1/nios2eds/bin/gnu/h-i686-mingw32/bin/../lib/gcc/nios2-elf/4.7.3/mno-hw-mul\libgcc.a(_lt_sf.o)
                0x0803b298                __ltsf2
 .text          0x0803b2ec      0x408 c:/altera/13.1/nios2eds/bin/gnu/h-i686-mingw32/bin/../lib/gcc/nios2-elf/4.7.3/mno-hw-mul\libgcc.a(_addsub_df.o)
                0x0803b640                __adddf3
                0x0803b694                __subdf3
 .text          0x0803b6f4       0x5c c:/altera/13.1/nios2eds/bin/gnu/h-i686-mingw32/bin/../lib/gcc/nios2-elf/4.7.3/mno-hw-mul\libgcc.a(_eq_df.o)
                0x0803b6f4                __eqdf2
 .text          0x0803b750       0x5c c:/altera/13.1/nios2eds/bin/gnu/h-i686-mingw32/bin/../lib/gcc/nios2-elf/4.7.3/mno-hw-mul\libgcc.a(_ne_df.o)
                0x0803b750                __nedf2
 .text          0x0803b7ac       0x64 c:/altera/13.1/nios2eds/bin/gnu/h-i686-mingw32/bin/../lib/gcc/nios2-elf/4.7.3/mno-hw-mul\libgcc.a(_gt_df.o)
                0x0803b7ac                __gtdf2
 .text          0x0803b810       0x64 c:/altera/13.1/nios2eds/bin/gnu/h-i686-mingw32/bin/../lib/gcc/nios2-elf/4.7.3/mno-hw-mul\libgcc.a(_ge_df.o)
                0x0803b810                __gedf2
 .text          0x0803b874       0x5c c:/altera/13.1/nios2eds/bin/gnu/h-i686-mingw32/bin/../lib/gcc/nios2-elf/4.7.3/mno-hw-mul\libgcc.a(_lt_df.o)
                0x0803b874                __ltdf2
 .text          0x0803b8d0       0x5c c:/altera/13.1/nios2eds/bin/gnu/h-i686-mingw32/bin/../lib/gcc/nios2-elf/4.7.3/mno-hw-mul\libgcc.a(_le_df.o)
                0x0803b8d0                __ledf2
 .text          0x0803b92c       0xd4 c:/altera/13.1/nios2eds/bin/gnu/h-i686-mingw32/bin/../lib/gcc/nios2-elf/4.7.3/mno-hw-mul\libgcc.a(_si_to_df.o)
                0x0803b92c                __floatsidf
 .text          0x0803ba00       0xd4 c:/altera/13.1/nios2eds/bin/gnu/h-i686-mingw32/bin/../lib/gcc/nios2-elf/4.7.3/mno-hw-mul\libgcc.a(_df_to_si.o)
                0x0803ba00                __fixdfsi
 .text          0x0803bad4       0xbc c:/altera/13.1/nios2eds/bin/gnu/h-i686-mingw32/bin/../lib/gcc/nios2-elf/4.7.3/mno-hw-mul\libgcc.a(_fpcmp_parts_sf.o)
                0x0803bad4                __fpcmp_parts_f
 .text          0x0803bb90       0xd0 c:/altera/13.1/nios2eds/bin/gnu/h-i686-mingw32/bin/../lib/gcc/nios2-elf/4.7.3/mno-hw-mul\libgcc.a(_fpcmp_parts_df.o)
                0x0803bb90                __fpcmp_parts_d
 .text          0x0803bc60      0x11c ../jpeng_encoder_bsp/\libhal_bsp.a(alt_close.o)
                0x0803bcb0                close
 .text          0x0803bd7c       0x2c ../jpeng_encoder_bsp/\libhal_bsp.a(alt_dev.o)
 .text          0x0803bda8       0x40 ../jpeng_encoder_bsp/\libhal_bsp.a(alt_env_lock.o)
                0x0803bda8                __env_lock
                0x0803bdc8                __env_unlock
 .text          0x0803bde8        0x0 ../jpeng_encoder_bsp/\libhal_bsp.a(alt_errno.o)
 .text          0x0803bde8       0x3c ../jpeng_encoder_bsp/\libhal_bsp.a(alt_exit.o)
                0x0803bde8                _exit
 .text          0x0803be24      0x100 ../jpeng_encoder_bsp/\libhal_bsp.a(alt_fstat.o)
                0x0803be74                fstat
 .text          0x0803bf24       0x20 ../jpeng_encoder_bsp/\libhal_bsp.a(alt_getpid.o)
                0x0803bf24                getpid
 .text          0x0803bf44       0xf4 ../jpeng_encoder_bsp/\libhal_bsp.a(alt_isatty.o)
                0x0803bf94                isatty
 .text          0x0803c038      0x180 ../jpeng_encoder_bsp/\libhal_bsp.a(alt_kill.o)
                0x0803c088                kill
 .text          0x0803c1b8       0xec ../jpeng_encoder_bsp/\libhal_bsp.a(alt_load.o)
                0x0803c224                alt_load
 .text          0x0803c2a4      0x124 ../jpeng_encoder_bsp/\libhal_bsp.a(alt_lseek.o)
                0x0803c2f4                lseek
 .text          0x0803c3c8       0x78 ../jpeng_encoder_bsp/\libhal_bsp.a(alt_main.o)
                0x0803c3c8                alt_main
 .text          0x0803c440       0x40 ../jpeng_encoder_bsp/\libhal_bsp.a(alt_malloc_lock.o)
                0x0803c440                __malloc_lock
                0x0803c460                __malloc_unlock
 .text          0x0803c480      0x298 ../jpeng_encoder_bsp/\libhal_bsp.a(alt_open.o)
                0x0803c5c0                open
 .text          0x0803c718      0x144 ../jpeng_encoder_bsp/\libhal_bsp.a(alt_read.o)
                0x0803c768                read
 .text          0x0803c85c       0x80 ../jpeng_encoder_bsp/\libhal_bsp.a(alt_release_fd.o)
                0x0803c85c                alt_release_fd
 .text          0x0803c8dc       0xb0 ../jpeng_encoder_bsp/\libhal_bsp.a(alt_sbrk.o)
                0x0803c8dc                sbrk
 .text          0x0803c98c       0x88 ../jpeng_encoder_bsp/\libhal_bsp.a(alt_unlink.o)
                0x0803c9dc                unlink
 .text          0x0803ca14      0x140 ../jpeng_encoder_bsp/\libhal_bsp.a(alt_write.o)
                0x0803ca64                write
 .text          0x0803cb54       0xd4 ../jpeng_encoder_bsp/\libhal_bsp.a(alt_sys_init.o)
                0x0803cb8c                alt_irq_init
                0x0803cbc0                alt_sys_init
 .text          0x0803cc28      0x164 ../jpeng_encoder_bsp/\libhal_bsp.a(altera_avalon_jtag_uart_fd.o)
                0x0803cc28                altera_avalon_jtag_uart_read_fd
                0x0803cc88                altera_avalon_jtag_uart_write_fd
                0x0803cce8                altera_avalon_jtag_uart_close_fd
                0x0803cd38                altera_avalon_jtag_uart_ioctl_fd
 .text          0x0803cd8c      0x3d0 ../jpeng_encoder_bsp/\libhal_bsp.a(altera_avalon_jtag_uart_init.o)
                0x0803cd8c                altera_avalon_jtag_uart_init
                0x0803d0f4                altera_avalon_jtag_uart_close
 .text          0x0803d15c       0xf4 ../jpeng_encoder_bsp/\libhal_bsp.a(altera_avalon_jtag_uart_ioctl.o)
                0x0803d15c                altera_avalon_jtag_uart_ioctl
 .text          0x0803d250      0x218 ../jpeng_encoder_bsp/\libhal_bsp.a(altera_avalon_jtag_uart_read.o)
                0x0803d250                altera_avalon_jtag_uart_read
 .text          0x0803d468      0x224 ../jpeng_encoder_bsp/\libhal_bsp.a(altera_avalon_jtag_uart_write.o)
                0x0803d468                altera_avalon_jtag_uart_write
 .text          0x0803d68c       0xfc ../jpeng_encoder_bsp/\libhal_bsp.a(altera_avalon_timer_sc.o)
                0x0803d700                alt_avalon_timer_sc_init
 .text          0x0803d788      0x628 ../jpeng_encoder_bsp/\libhal_bsp.a(altera_hostfs.o)
                0x0803d788                alt_hostfs_open
                0x0803d8f4                alt_hostfs_close
                0x0803d960                alt_hostfs_read
                0x0803da18                alt_hostfs_write
                0x0803dad0                alt_hostfs_seek
                0x0803db88                alt_hostfs_fstat
 .text          0x0803ddb0      0x140 ../jpeng_encoder_bsp/\libhal_bsp.a(alt_alarm_start.o)
                0x0803ddb0                alt_alarm_start
 .text          0x0803def0       0x1c ../jpeng_encoder_bsp/\libhal_bsp.a(alt_dcache_flush_all.o)
                0x0803def0                alt_dcache_flush_all
 .text          0x0803df0c       0xf0 ../jpeng_encoder_bsp/\libhal_bsp.a(alt_dev_llist_insert.o)
                0x0803df5c                alt_dev_llist_insert
 .text          0x0803dffc       0x5c ../jpeng_encoder_bsp/\libhal_bsp.a(alt_do_ctors.o)
                0x0803dffc                _do_ctors
 .text          0x0803e058       0x5c ../jpeng_encoder_bsp/\libhal_bsp.a(alt_do_dtors.o)
                0x0803e058                _do_dtors
 .text          0x0803e0b4       0x90 ../jpeng_encoder_bsp/\libhal_bsp.a(alt_find_dev.o)
                0x0803e0b4                alt_find_dev
 .text          0x0803e144      0x114 ../jpeng_encoder_bsp/\libhal_bsp.a(alt_find_file.o)
                0x0803e144                alt_find_file
 .text          0x0803e258       0x84 ../jpeng_encoder_bsp/\libhal_bsp.a(alt_fs_reg.o)
                0x0803e258                alt_fs_reg
 .text          0x0803e2dc       0xd4 ../jpeng_encoder_bsp/\libhal_bsp.a(alt_get_fd.o)
                0x0803e2dc                alt_get_fd
 .text          0x0803e3b0       0x1c ../jpeng_encoder_bsp/\libhal_bsp.a(alt_icache_flush_all.o)
                0x0803e3b0                alt_icache_flush_all
 .text          0x0803e3cc      0x1d8 ../jpeng_encoder_bsp/\libhal_bsp.a(alt_iic.o)
                0x0803e3cc                alt_ic_isr_register
                0x0803e41c                alt_ic_irq_enable
                0x0803e4b8                alt_ic_irq_disable
                0x0803e558                alt_ic_irq_enabled
 .text          0x0803e5a4       0xf0 ../jpeng_encoder_bsp/\libhal_bsp.a(alt_iic_isr_register.o)
                0x0803e5a4                alt_iic_isr_register
 .text          0x0803e694      0x158 ../jpeng_encoder_bsp/\libhal_bsp.a(alt_io_redirect.o)
                0x0803e774                alt_io_redirect
 .text          0x0803e7ec        0x0 ../jpeng_encoder_bsp/\libhal_bsp.a(alt_irq_entry.o)
 .text          0x0803e7ec        0x0 ../jpeng_encoder_bsp/\libhal_bsp.a(alt_irq_handler.o)
 .text          0x0803e7ec        0x0 ../jpeng_encoder_bsp/\libhal_bsp.a(alt_irq_vars.o)
 .text          0x0803e7ec      0x19c ../jpeng_encoder_bsp/\libhal_bsp.a(alt_tick.o)
                0x0803e7ec                alt_alarm_stop
                0x0803e884                alt_tick
 .text          0x0803e988       0x20 ../jpeng_encoder_bsp/\libhal_bsp.a(altera_nios2_qsys_irq.o)
                0x0803e988                altera_nios2_qsys_irq_init
 .text          0x0803e9a8        0x0 ../jpeng_encoder_bsp/\libhal_bsp.a(alt_exception_entry.o)
 .text          0x0803e9a8       0x14 c:/altera/13.1/nios2eds/bin/gnu/h-i686-mingw32/bin/../lib/gcc/nios2-elf/4.7.3/../../../../../H-i686-mingw32/nios2-elf/lib/mno-hw-mul\libc.a(lib_a-atexit.o)
                0x0803e9a8                atexit
 .text          0x0803e9bc       0x7c c:/altera/13.1/nios2eds/bin/gnu/h-i686-mingw32/bin/../lib/gcc/nios2-elf/4.7.3/../../../../../H-i686-mingw32/nios2-elf/lib/mno-hw-mul\libc.a(lib_a-memcmp.o)
                0x0803e9bc                memcmp
 .text          0x0803ea38      0x130 c:/altera/13.1/nios2eds/bin/gnu/h-i686-mingw32/bin/../lib/gcc/nios2-elf/4.7.3/../../../../../H-i686-mingw32/nios2-elf/lib/mno-hw-mul\libc.a(lib_a-__atexit.o)
                0x0803ea38                __register_exitproc
 *(.gnu.warning.*)
 *(.fini)
                0x0803eb68                PROVIDE (__etext, ABSOLUTE (.))
                0x0803eb68                PROVIDE (_etext, ABSOLUTE (.))
                0x0803eb68                PROVIDE (etext, ABSOLUTE (.))
 *(.eh_frame_hdr)
                0x0803eb68                . = ALIGN (0x4)
                0x0803eb68                PROVIDE (__preinit_array_start, ABSOLUTE (.))
 *(.preinit_array)
                0x0803eb68                PROVIDE (__preinit_array_end, ABSOLUTE (.))
                0x0803eb68                PROVIDE (__init_array_start, ABSOLUTE (.))
 *(.init_array)
                0x0803eb68                PROVIDE (__init_array_end, ABSOLUTE (.))
                0x0803eb68                PROVIDE (__fini_array_start, ABSOLUTE (.))
 *(.fini_array)
                0x0803eb68                PROVIDE (__fini_array_end, ABSOLUTE (.))
 *(.eh_frame)
 *(.gcc_except_table .gcc_except_table.*)
 *(.dynamic)
                0x0803eb68                PROVIDE (__CTOR_LIST__, ABSOLUTE (.))
 *(.ctors)
 *(SORT(.ctors.*))
                0x0803eb68                PROVIDE (__CTOR_END__, ABSOLUTE (.))
                0x0803eb68                PROVIDE (__DTOR_LIST__, ABSOLUTE (.))
 *(.dtors)
 *(SORT(.dtors.*))
                0x0803eb68                PROVIDE (__DTOR_END__, ABSOLUTE (.))
 *(.jcr)
                0x0803eb68                . = ALIGN (0x4)

.rodata         0x0803eb68     0x291c
                0x0803eb68                PROVIDE (__ram_rodata_start, ABSOLUTE (.))
                0x0803eb68                . = ALIGN (0x4)
 *(.rodata .rodata.* .gnu.linkonce.r.*)
 .rodata        0x0803eb68      0x110 obj/default/JPEG_Encoder/application/bmp_extract.o
 .rodata        0x0803ec78       0x14 obj/default/JPEG_Encoder/application/jpeg_encoding.o
 .rodata        0x0803ec8c      0x1c8 obj/default/JPEG_Encoder/application/jpegclib/jaricom.o
                0x0803ec8c                jpeg_aritab
 .rodata        0x0803ee54       0xc0 obj/default/JPEG_Encoder/application/jpegclib/jcdctmgr.o
 .rodata        0x0803ef14      0x3a0 obj/default/JPEG_Encoder/application/jpegclib/jcparam.o
 .rodata        0x0803f2b4     0x1514 obj/default/JPEG_Encoder/application/jpegclib/jerror.o
                0x080405c4                jpeg_std_message_table
 .rodata        0x080407c8        0x4 obj/default/JPEG_Encoder/application/jpegclib/jmemansi.o
 .rodata        0x080407cc       0x10 obj/default/JPEG_Encoder/application/jpegclib/jmemmgr.o
 .rodata        0x080407dc      0x10c obj/default/JPEG_Encoder/application/jpegclib/jquant1.o
 .rodata        0x080408e8      0x4ec obj/default/JPEG_Encoder/application/jpegclib/jutils.o
                0x080408e8                jpeg_natural_order
                0x08040a28                jpeg_natural_order7
                0x08040b2c                jpeg_natural_order6
                0x08040bfc                jpeg_natural_order5
                0x08040ca0                jpeg_natural_order4
                0x08040d20                jpeg_natural_order3
                0x08040d84                jpeg_natural_order2
 .rodata        0x08040dd4       0x50 obj/default/JPEG_Encoder/jpeg_encoder.o
 .rodata        0x08040e24       0x10 c:/altera/13.1/nios2eds/bin/gnu/h-i686-mingw32/bin/../lib/gcc/nios2-elf/4.7.3/mno-hw-mul\libgcc.a(_thenan_sf.o)
                0x08040e24                __thenan_sf
 .rodata        0x08040e34       0x14 c:/altera/13.1/nios2eds/bin/gnu/h-i686-mingw32/bin/../lib/gcc/nios2-elf/4.7.3/mno-hw-mul\libgcc.a(_thenan_df.o)
                0x08040e34                __thenan_df
 .rodata        0x08040e48      0x100 c:/altera/13.1/nios2eds/bin/gnu/h-i686-mingw32/bin/../lib/gcc/nios2-elf/4.7.3/mno-hw-mul\libgcc.a(_clz.o)
                0x08040e48                __clz_tab
 .rodata        0x08040f48      0x281 c:/altera/13.1/nios2eds/bin/gnu/h-i686-mingw32/bin/../lib/gcc/nios2-elf/4.7.3/../../../../../H-i686-mingw32/nios2-elf/lib/mno-hw-mul\libc.a(lib_a-ctype_.o)
                0x08040f48                _ctype_
 *fill*         0x080411c9        0x3 
 .rodata.str1.4
                0x080411cc        0x2 c:/altera/13.1/nios2eds/bin/gnu/h-i686-mingw32/bin/../lib/gcc/nios2-elf/4.7.3/../../../../../H-i686-mingw32/nios2-elf/lib/mno-hw-mul\libc.a(lib_a-impure.o)
                                  0x4 (size before relaxing)
 *fill*         0x080411ce        0x2 
 .rodata.str1.4
                0x080411d0        0x2 c:/altera/13.1/nios2eds/bin/gnu/h-i686-mingw32/bin/../lib/gcc/nios2-elf/4.7.3/../../../../../H-i686-mingw32/nios2-elf/lib/mno-hw-mul\libc.a(lib_a-puts.o)
                                  0x4 (size before relaxing)
 *fill*         0x080411d2        0x2 
 .rodata.str1.4
                0x080411d4        0x4 c:/altera/13.1/nios2eds/bin/gnu/h-i686-mingw32/bin/../lib/gcc/nios2-elf/4.7.3/../../../../../H-i686-mingw32/nios2-elf/lib/mno-hw-mul\libc.a(lib_a-tmpfile.o)
 .rodata.str1.4
                0x080411d8       0x1f c:/altera/13.1/nios2eds/bin/gnu/h-i686-mingw32/bin/../lib/gcc/nios2-elf/4.7.3/../../../../../H-i686-mingw32/nios2-elf/lib/mno-hw-mul\libc.a(lib_a-tmpnam.o)
                                 0x24 (size before relaxing)
 *fill*         0x080411f7        0x1 
 .rodata.str1.4
                0x080411f8       0x42 c:/altera/13.1/nios2eds/bin/gnu/h-i686-mingw32/bin/../lib/gcc/nios2-elf/4.7.3/../../../../../H-i686-mingw32/nios2-elf/lib/mno-hw-mul\libc.a(lib_a-vfprintf.o)
                                 0x44 (size before relaxing)
 .rodata        0x0804123a       0x20 c:/altera/13.1/nios2eds/bin/gnu/h-i686-mingw32/bin/../lib/gcc/nios2-elf/4.7.3/../../../../../H-i686-mingw32/nios2-elf/lib/mno-hw-mul\libc.a(lib_a-vfprintf.o)
 *fill*         0x0804125a        0x2 
 .rodata.str1.4
                0x0804125c        0x5 c:/altera/13.1/nios2eds/bin/gnu/h-i686-mingw32/bin/../lib/gcc/nios2-elf/4.7.3/../../../../../H-i686-mingw32/nios2-elf/lib/mno-hw-mul\libc.a(lib_a-vfscanf.o)
                                  0x8 (size before relaxing)
 *fill*         0x08041261        0x1 
 .rodata        0x08041262       0x22 c:/altera/13.1/nios2eds/bin/gnu/h-i686-mingw32/bin/../lib/gcc/nios2-elf/4.7.3/../../../../../H-i686-mingw32/nios2-elf/lib/mno-hw-mul\libc.a(lib_a-vfscanf.o)
 .rodata.str1.4
                0x08041284       0x10 c:/altera/13.1/nios2eds/bin/gnu/h-i686-mingw32/bin/../lib/gcc/nios2-elf/4.7.3/../../../../../H-i686-mingw32/nios2-elf/lib/mno-hw-mul\libc.a(lib_a-dtoa.o)
                                 0x14 (size before relaxing)
 .rodata.str1.4
                0x08041294        0xe c:/altera/13.1/nios2eds/bin/gnu/h-i686-mingw32/bin/../lib/gcc/nios2-elf/4.7.3/../../../../../H-i686-mingw32/nios2-elf/lib/mno-hw-mul\libc.a(lib_a-locale.o)
                                 0x18 (size before relaxing)
 *fill*         0x080412a2        0x2 
 .rodata        0x080412a4       0x30 c:/altera/13.1/nios2eds/bin/gnu/h-i686-mingw32/bin/../lib/gcc/nios2-elf/4.7.3/../../../../../H-i686-mingw32/nios2-elf/lib/mno-hw-mul\libc.a(lib_a-locale.o)
 .rodata.str1.4
                0x00000000        0x4 c:/altera/13.1/nios2eds/bin/gnu/h-i686-mingw32/bin/../lib/gcc/nios2-elf/4.7.3/../../../../../H-i686-mingw32/nios2-elf/lib/mno-hw-mul\libc.a(lib_a-mbrtowc.o)
 .rodata        0x080412d4      0x124 c:/altera/13.1/nios2eds/bin/gnu/h-i686-mingw32/bin/../lib/gcc/nios2-elf/4.7.3/../../../../../H-i686-mingw32/nios2-elf/lib/mno-hw-mul\libc.a(lib_a-mprec.o)
                0x080412d4                __mprec_tinytens
                0x080412fc                __mprec_bigtens
                0x08041324                __mprec_tens
 .rodata.str1.4
                0x080413f8        0xf c:/altera/13.1/nios2eds/bin/gnu/h-i686-mingw32/bin/../lib/gcc/nios2-elf/4.7.3/../../../../../H-i686-mingw32/nios2-elf/lib/mno-hw-mul\libc.a(lib_a-strtod.o)
                                 0x10 (size before relaxing)
 *fill*         0x08041407        0x1 
 .rodata        0x08041408       0x28 c:/altera/13.1/nios2eds/bin/gnu/h-i686-mingw32/bin/../lib/gcc/nios2-elf/4.7.3/../../../../../H-i686-mingw32/nios2-elf/lib/mno-hw-mul\libc.a(lib_a-strtod.o)
 .rodata.str1.4
                0x08041430       0x1c c:/altera/13.1/nios2eds/bin/gnu/h-i686-mingw32/bin/../lib/gcc/nios2-elf/4.7.3/../../../../../H-i686-mingw32/nios2-elf/lib/mno-hw-mul\libc.a(lib_a-gdtoa-gethex.o)
 .rodata        0x0804144c        0xc ../jpeng_encoder_bsp/\libhal_bsp.a(alt_dev.o)
 .rodata        0x08041458       0x10 ../jpeng_encoder_bsp/\libhal_bsp.a(alt_main.o)
 .rodata        0x08041468       0x1c ../jpeng_encoder_bsp/\libhal_bsp.a(alt_sys_init.o)
 *(.rodata1)
                0x08041484                . = ALIGN (0x4)
                0x08041484                PROVIDE (__ram_rodata_end, ABSOLUTE (.))
                0x0803eb68                PROVIDE (__flash_rodata_start, LOADADDR (.rodata))

.rwdata         0x08041484     0x1b08 load address 0x08042f8c
                0x08041484                PROVIDE (__ram_rwdata_start, ABSOLUTE (.))
                0x08041484                . = ALIGN (0x4)
 *(.got.plt)
 *(.got)
 *(.data1)
 *(.data .data.* .gnu.linkonce.d.*)
 .data          0x08041484        0x0 ../jpeng_encoder_bsp//obj/HAL/src/crt0.o
 .data          0x08041484        0x0 obj/default/JPEG_Encoder/application/bmp_extract.o
 .data          0x08041484        0x0 obj/default/JPEG_Encoder/application/jpeg_encoding.o
 .data          0x08041484        0x0 obj/default/JPEG_Encoder/application/jpegclib/cdjpeg.o
 .data          0x08041484        0x0 obj/default/JPEG_Encoder/application/jpegclib/jaricom.o
 .data          0x08041484        0x0 obj/default/JPEG_Encoder/application/jpegclib/jcapimin.o
 .data          0x08041484        0x0 obj/default/JPEG_Encoder/application/jpegclib/jcapistd.o
 .data          0x08041484        0x0 obj/default/JPEG_Encoder/application/jpegclib/jcarith.o
 .data          0x08041484        0x0 obj/default/JPEG_Encoder/application/jpegclib/jccoefct.o
 .data          0x08041484        0x0 obj/default/JPEG_Encoder/application/jpegclib/jccolor.o
 .data          0x08041484        0x0 obj/default/JPEG_Encoder/application/jpegclib/jcdctmgr.o
 .data          0x08041484        0x0 obj/default/JPEG_Encoder/application/jpegclib/jchuff.o
 .data          0x08041484        0x0 obj/default/JPEG_Encoder/application/jpegclib/jcinit.o
 .data          0x08041484        0x0 obj/default/JPEG_Encoder/application/jpegclib/jcmainct.o
 .data          0x08041484        0x0 obj/default/JPEG_Encoder/application/jpegclib/jcmarker.o
 .data          0x08041484        0x0 obj/default/JPEG_Encoder/application/jpegclib/jcmaster.o
 .data          0x08041484        0x0 obj/default/JPEG_Encoder/application/jpegclib/jcomapi.o
 .data          0x08041484        0x0 obj/default/JPEG_Encoder/application/jpegclib/jcparam.o
 .data          0x08041484        0x0 obj/default/JPEG_Encoder/application/jpegclib/jcprepct.o
 .data          0x08041484        0x0 obj/default/JPEG_Encoder/application/jpegclib/jcsample.o
 .data          0x08041484        0x0 obj/default/JPEG_Encoder/application/jpegclib/jctrans.o
 .data          0x08041484        0x0 obj/default/JPEG_Encoder/application/jpegclib/jdatadst.o
 .data          0x08041484        0x0 obj/default/JPEG_Encoder/application/jpegclib/jerror.o
 .data          0x08041484        0x0 obj/default/JPEG_Encoder/application/jpegclib/jfdctflt.o
 .data          0x08041484        0x0 obj/default/JPEG_Encoder/application/jpegclib/jfdctfst.o
 .data          0x08041484        0x0 obj/default/JPEG_Encoder/application/jpegclib/jfdctint.o
 .data          0x08041484        0x0 obj/default/JPEG_Encoder/application/jpegclib/jidctflt.o
 .data          0x08041484        0x0 obj/default/JPEG_Encoder/application/jpegclib/jidctfst.o
 .data          0x08041484        0x0 obj/default/JPEG_Encoder/application/jpegclib/jidctint.o
 .data          0x08041484        0x0 obj/default/JPEG_Encoder/application/jpegclib/jmemansi.o
 .data          0x08041484        0x0 obj/default/JPEG_Encoder/application/jpegclib/jmemmgr.o
 .data          0x08041484        0x0 obj/default/JPEG_Encoder/application/jpegclib/jquant1.o
 .data          0x08041484        0x0 obj/default/JPEG_Encoder/application/jpegclib/jquant2.o
 .data          0x08041484        0x0 obj/default/JPEG_Encoder/application/jpegclib/jutils.o
 .data          0x08041484        0x0 obj/default/JPEG_Encoder/jpeg_encoder.o
 .data          0x08041484        0x0 c:/altera/13.1/nios2eds/bin/gnu/h-i686-mingw32/bin/../lib/gcc/nios2-elf/4.7.3/mno-hw-mul\libgcc.a(_addsub_sf.o)
 .data          0x08041484        0x0 c:/altera/13.1/nios2eds/bin/gnu/h-i686-mingw32/bin/../lib/gcc/nios2-elf/4.7.3/mno-hw-mul\libgcc.a(_mul_sf.o)
 .data          0x08041484        0x0 c:/altera/13.1/nios2eds/bin/gnu/h-i686-mingw32/bin/../lib/gcc/nios2-elf/4.7.3/mno-hw-mul\libgcc.a(_si_to_sf.o)
 .data          0x08041484        0x0 c:/altera/13.1/nios2eds/bin/gnu/h-i686-mingw32/bin/../lib/gcc/nios2-elf/4.7.3/mno-hw-mul\libgcc.a(_sf_to_si.o)
 .data          0x08041484        0x0 c:/altera/13.1/nios2eds/bin/gnu/h-i686-mingw32/bin/../lib/gcc/nios2-elf/4.7.3/mno-hw-mul\libgcc.a(_thenan_sf.o)
 .data          0x08041484        0x0 c:/altera/13.1/nios2eds/bin/gnu/h-i686-mingw32/bin/../lib/gcc/nios2-elf/4.7.3/mno-hw-mul\libgcc.a(_mul_df.o)
 .data          0x08041484        0x0 c:/altera/13.1/nios2eds/bin/gnu/h-i686-mingw32/bin/../lib/gcc/nios2-elf/4.7.3/mno-hw-mul\libgcc.a(_div_df.o)
 .data          0x08041484        0x0 c:/altera/13.1/nios2eds/bin/gnu/h-i686-mingw32/bin/../lib/gcc/nios2-elf/4.7.3/mno-hw-mul\libgcc.a(_df_to_sf.o)
 .data          0x08041484        0x0 c:/altera/13.1/nios2eds/bin/gnu/h-i686-mingw32/bin/../lib/gcc/nios2-elf/4.7.3/mno-hw-mul\libgcc.a(_thenan_df.o)
 .data          0x08041484        0x0 c:/altera/13.1/nios2eds/bin/gnu/h-i686-mingw32/bin/../lib/gcc/nios2-elf/4.7.3/mno-hw-mul\libgcc.a(_usi_to_df.o)
 .data          0x08041484        0x0 c:/altera/13.1/nios2eds/bin/gnu/h-i686-mingw32/bin/../lib/gcc/nios2-elf/4.7.3/mno-hw-mul\libgcc.a(lib2-divmod.o)
 .data          0x08041484        0x0 c:/altera/13.1/nios2eds/bin/gnu/h-i686-mingw32/bin/../lib/gcc/nios2-elf/4.7.3/mno-hw-mul\libgcc.a(lib2-mul.o)
 .data          0x08041484        0x0 c:/altera/13.1/nios2eds/bin/gnu/h-i686-mingw32/bin/../lib/gcc/nios2-elf/4.7.3/mno-hw-mul\libgcc.a(_muldi3.o)
 .data          0x08041484        0x0 c:/altera/13.1/nios2eds/bin/gnu/h-i686-mingw32/bin/../lib/gcc/nios2-elf/4.7.3/mno-hw-mul\libgcc.a(_clzsi2.o)
 .data          0x08041484        0x0 c:/altera/13.1/nios2eds/bin/gnu/h-i686-mingw32/bin/../lib/gcc/nios2-elf/4.7.3/mno-hw-mul\libgcc.a(_pack_sf.o)
 .data          0x08041484        0x0 c:/altera/13.1/nios2eds/bin/gnu/h-i686-mingw32/bin/../lib/gcc/nios2-elf/4.7.3/mno-hw-mul\libgcc.a(_unpack_sf.o)
 .data          0x08041484        0x0 c:/altera/13.1/nios2eds/bin/gnu/h-i686-mingw32/bin/../lib/gcc/nios2-elf/4.7.3/mno-hw-mul\libgcc.a(_make_sf.o)
 .data          0x08041484        0x0 c:/altera/13.1/nios2eds/bin/gnu/h-i686-mingw32/bin/../lib/gcc/nios2-elf/4.7.3/mno-hw-mul\libgcc.a(_pack_df.o)
 .data          0x08041484        0x0 c:/altera/13.1/nios2eds/bin/gnu/h-i686-mingw32/bin/../lib/gcc/nios2-elf/4.7.3/mno-hw-mul\libgcc.a(_unpack_df.o)
 .data          0x08041484        0x0 c:/altera/13.1/nios2eds/bin/gnu/h-i686-mingw32/bin/../lib/gcc/nios2-elf/4.7.3/mno-hw-mul\libgcc.a(_lshrdi3.o)
 .data          0x08041484        0x0 c:/altera/13.1/nios2eds/bin/gnu/h-i686-mingw32/bin/../lib/gcc/nios2-elf/4.7.3/mno-hw-mul\libgcc.a(_ashldi3.o)
 .data          0x08041484        0x0 c:/altera/13.1/nios2eds/bin/gnu/h-i686-mingw32/bin/../lib/gcc/nios2-elf/4.7.3/mno-hw-mul\libgcc.a(_clz.o)
 .data          0x08041484        0x0 c:/altera/13.1/nios2eds/bin/gnu/h-i686-mingw32/bin/../lib/gcc/nios2-elf/4.7.3/../../../../../H-i686-mingw32/nios2-elf/lib/mno-hw-mul\libc.a(lib_a-ctype_.o)
 .data          0x08041484        0x0 c:/altera/13.1/nios2eds/bin/gnu/h-i686-mingw32/bin/../lib/gcc/nios2-elf/4.7.3/../../../../../H-i686-mingw32/nios2-elf/lib/mno-hw-mul\libc.a(lib_a-exit.o)
 .data          0x08041484        0x0 c:/altera/13.1/nios2eds/bin/gnu/h-i686-mingw32/bin/../lib/gcc/nios2-elf/4.7.3/../../../../../H-i686-mingw32/nios2-elf/lib/mno-hw-mul\libc.a(lib_a-fclose.o)
 .data          0x08041484        0x0 c:/altera/13.1/nios2eds/bin/gnu/h-i686-mingw32/bin/../lib/gcc/nios2-elf/4.7.3/../../../../../H-i686-mingw32/nios2-elf/lib/mno-hw-mul\libc.a(lib_a-fflush.o)
 .data          0x08041484        0x0 c:/altera/13.1/nios2eds/bin/gnu/h-i686-mingw32/bin/../lib/gcc/nios2-elf/4.7.3/../../../../../H-i686-mingw32/nios2-elf/lib/mno-hw-mul\libc.a(lib_a-findfp.o)
 .data          0x08041484        0x0 c:/altera/13.1/nios2eds/bin/gnu/h-i686-mingw32/bin/../lib/gcc/nios2-elf/4.7.3/../../../../../H-i686-mingw32/nios2-elf/lib/mno-hw-mul\libc.a(lib_a-fopen.o)
 .data          0x08041484        0x0 c:/altera/13.1/nios2eds/bin/gnu/h-i686-mingw32/bin/../lib/gcc/nios2-elf/4.7.3/../../../../../H-i686-mingw32/nios2-elf/lib/mno-hw-mul\libc.a(lib_a-fprintf.o)
 .data          0x08041484        0x0 c:/altera/13.1/nios2eds/bin/gnu/h-i686-mingw32/bin/../lib/gcc/nios2-elf/4.7.3/../../../../../H-i686-mingw32/nios2-elf/lib/mno-hw-mul\libc.a(lib_a-fread.o)
 .data          0x08041484        0x0 c:/altera/13.1/nios2eds/bin/gnu/h-i686-mingw32/bin/../lib/gcc/nios2-elf/4.7.3/../../../../../H-i686-mingw32/nios2-elf/lib/mno-hw-mul\libc.a(lib_a-freer.o)
 .data          0x08041484        0x0 c:/altera/13.1/nios2eds/bin/gnu/h-i686-mingw32/bin/../lib/gcc/nios2-elf/4.7.3/../../../../../H-i686-mingw32/nios2-elf/lib/mno-hw-mul\libc.a(lib_a-fseek.o)
 .data          0x08041484        0x0 c:/altera/13.1/nios2eds/bin/gnu/h-i686-mingw32/bin/../lib/gcc/nios2-elf/4.7.3/../../../../../H-i686-mingw32/nios2-elf/lib/mno-hw-mul\libc.a(lib_a-fstatr.o)
 .data          0x08041484        0x0 c:/altera/13.1/nios2eds/bin/gnu/h-i686-mingw32/bin/../lib/gcc/nios2-elf/4.7.3/../../../../../H-i686-mingw32/nios2-elf/lib/mno-hw-mul\libc.a(lib_a-ftell.o)
 .data          0x08041484        0x0 c:/altera/13.1/nios2eds/bin/gnu/h-i686-mingw32/bin/../lib/gcc/nios2-elf/4.7.3/../../../../../H-i686-mingw32/nios2-elf/lib/mno-hw-mul\libc.a(lib_a-fwalk.o)
 .data          0x08041484        0x0 c:/altera/13.1/nios2eds/bin/gnu/h-i686-mingw32/bin/../lib/gcc/nios2-elf/4.7.3/../../../../../H-i686-mingw32/nios2-elf/lib/mno-hw-mul\libc.a(lib_a-fwrite.o)
 .data          0x08041484        0x0 c:/altera/13.1/nios2eds/bin/gnu/h-i686-mingw32/bin/../lib/gcc/nios2-elf/4.7.3/../../../../../H-i686-mingw32/nios2-elf/lib/mno-hw-mul\libc.a(lib_a-getenv.o)
 .data          0x08041484        0x0 c:/altera/13.1/nios2eds/bin/gnu/h-i686-mingw32/bin/../lib/gcc/nios2-elf/4.7.3/../../../../../H-i686-mingw32/nios2-elf/lib/mno-hw-mul\libc.a(lib_a-getenv_r.o)
 .data          0x08041484      0x400 c:/altera/13.1/nios2eds/bin/gnu/h-i686-mingw32/bin/../lib/gcc/nios2-elf/4.7.3/../../../../../H-i686-mingw32/nios2-elf/lib/mno-hw-mul\libc.a(lib_a-impure.o)
 .data          0x08041884        0x0 c:/altera/13.1/nios2eds/bin/gnu/h-i686-mingw32/bin/../lib/gcc/nios2-elf/4.7.3/../../../../../H-i686-mingw32/nios2-elf/lib/mno-hw-mul\libc.a(lib_a-int_errno.o)
 .data          0x08041884        0x0 c:/altera/13.1/nios2eds/bin/gnu/h-i686-mingw32/bin/../lib/gcc/nios2-elf/4.7.3/../../../../../H-i686-mingw32/nios2-elf/lib/mno-hw-mul\libc.a(lib_a-makebuf.o)
 .data          0x08041884        0x0 c:/altera/13.1/nios2eds/bin/gnu/h-i686-mingw32/bin/../lib/gcc/nios2-elf/4.7.3/../../../../../H-i686-mingw32/nios2-elf/lib/mno-hw-mul\libc.a(lib_a-malloc.o)
 .data          0x08041884      0x408 c:/altera/13.1/nios2eds/bin/gnu/h-i686-mingw32/bin/../lib/gcc/nios2-elf/4.7.3/../../../../../H-i686-mingw32/nios2-elf/lib/mno-hw-mul\libc.a(lib_a-mallocr.o)
                0x08041884                __malloc_av_
 .data          0x08041c8c        0x0 c:/altera/13.1/nios2eds/bin/gnu/h-i686-mingw32/bin/../lib/gcc/nios2-elf/4.7.3/../../../../../H-i686-mingw32/nios2-elf/lib/mno-hw-mul\libc.a(lib_a-memcpy.o)
 .data          0x08041c8c        0x0 c:/altera/13.1/nios2eds/bin/gnu/h-i686-mingw32/bin/../lib/gcc/nios2-elf/4.7.3/../../../../../H-i686-mingw32/nios2-elf/lib/mno-hw-mul\libc.a(lib_a-memset.o)
 .data          0x08041c8c        0x0 c:/altera/13.1/nios2eds/bin/gnu/h-i686-mingw32/bin/../lib/gcc/nios2-elf/4.7.3/../../../../../H-i686-mingw32/nios2-elf/lib/mno-hw-mul\libc.a(lib_a-openr.o)
 .data          0x08041c8c        0x0 c:/altera/13.1/nios2eds/bin/gnu/h-i686-mingw32/bin/../lib/gcc/nios2-elf/4.7.3/../../../../../H-i686-mingw32/nios2-elf/lib/mno-hw-mul\libc.a(lib_a-printf.o)
 .data          0x08041c8c        0x0 c:/altera/13.1/nios2eds/bin/gnu/h-i686-mingw32/bin/../lib/gcc/nios2-elf/4.7.3/../../../../../H-i686-mingw32/nios2-elf/lib/mno-hw-mul\libc.a(lib_a-puts.o)
 .data          0x08041c8c        0x0 c:/altera/13.1/nios2eds/bin/gnu/h-i686-mingw32/bin/../lib/gcc/nios2-elf/4.7.3/../../../../../H-i686-mingw32/nios2-elf/lib/mno-hw-mul\libc.a(lib_a-refill.o)
 .data          0x08041c8c        0x0 c:/altera/13.1/nios2eds/bin/gnu/h-i686-mingw32/bin/../lib/gcc/nios2-elf/4.7.3/../../../../../H-i686-mingw32/nios2-elf/lib/mno-hw-mul\libc.a(lib_a-rewind.o)
 .data          0x08041c8c        0x0 c:/altera/13.1/nios2eds/bin/gnu/h-i686-mingw32/bin/../lib/gcc/nios2-elf/4.7.3/../../../../../H-i686-mingw32/nios2-elf/lib/mno-hw-mul\libc.a(lib_a-sbrkr.o)
 .data          0x08041c8c        0x0 c:/altera/13.1/nios2eds/bin/gnu/h-i686-mingw32/bin/../lib/gcc/nios2-elf/4.7.3/../../../../../H-i686-mingw32/nios2-elf/lib/mno-hw-mul\libc.a(lib_a-scanf.o)
 .data          0x08041c8c        0x0 c:/altera/13.1/nios2eds/bin/gnu/h-i686-mingw32/bin/../lib/gcc/nios2-elf/4.7.3/../../../../../H-i686-mingw32/nios2-elf/lib/mno-hw-mul\libc.a(lib_a-sprintf.o)
 .data          0x08041c8c        0x0 c:/altera/13.1/nios2eds/bin/gnu/h-i686-mingw32/bin/../lib/gcc/nios2-elf/4.7.3/../../../../../H-i686-mingw32/nios2-elf/lib/mno-hw-mul\libc.a(lib_a-sscanf.o)
 .data          0x08041c8c        0x0 c:/altera/13.1/nios2eds/bin/gnu/h-i686-mingw32/bin/../lib/gcc/nios2-elf/4.7.3/../../../../../H-i686-mingw32/nios2-elf/lib/mno-hw-mul\libc.a(lib_a-stdio.o)
 .data          0x08041c8c        0x0 c:/altera/13.1/nios2eds/bin/gnu/h-i686-mingw32/bin/../lib/gcc/nios2-elf/4.7.3/../../../../../H-i686-mingw32/nios2-elf/lib/mno-hw-mul\libc.a(lib_a-strcat.o)
 .data          0x08041c8c        0x0 c:/altera/13.1/nios2eds/bin/gnu/h-i686-mingw32/bin/../lib/gcc/nios2-elf/4.7.3/../../../../../H-i686-mingw32/nios2-elf/lib/mno-hw-mul\libc.a(lib_a-strcmp.o)
 .data          0x08041c8c        0x0 c:/altera/13.1/nios2eds/bin/gnu/h-i686-mingw32/bin/../lib/gcc/nios2-elf/4.7.3/../../../../../H-i686-mingw32/nios2-elf/lib/mno-hw-mul\libc.a(lib_a-strcpy.o)
 .data          0x08041c8c        0x0 c:/altera/13.1/nios2eds/bin/gnu/h-i686-mingw32/bin/../lib/gcc/nios2-elf/4.7.3/../../../../../H-i686-mingw32/nios2-elf/lib/mno-hw-mul\libc.a(lib_a-strlen.o)
 .data          0x08041c8c        0x0 c:/altera/13.1/nios2eds/bin/gnu/h-i686-mingw32/bin/../lib/gcc/nios2-elf/4.7.3/../../../../../H-i686-mingw32/nios2-elf/lib/mno-hw-mul\libc.a(lib_a-strncmp.o)
 .data          0x08041c8c        0x0 c:/altera/13.1/nios2eds/bin/gnu/h-i686-mingw32/bin/../lib/gcc/nios2-elf/4.7.3/../../../../../H-i686-mingw32/nios2-elf/lib/mno-hw-mul\libc.a(lib_a-strncpy.o)
 .data          0x08041c8c        0x0 c:/altera/13.1/nios2eds/bin/gnu/h-i686-mingw32/bin/../lib/gcc/nios2-elf/4.7.3/../../../../../H-i686-mingw32/nios2-elf/lib/mno-hw-mul\libc.a(lib_a-tmpfile.o)
 .data          0x08041c8c        0x0 c:/altera/13.1/nios2eds/bin/gnu/h-i686-mingw32/bin/../lib/gcc/nios2-elf/4.7.3/../../../../../H-i686-mingw32/nios2-elf/lib/mno-hw-mul\libc.a(lib_a-tmpnam.o)
 .data          0x08041c8c        0x0 c:/altera/13.1/nios2eds/bin/gnu/h-i686-mingw32/bin/../lib/gcc/nios2-elf/4.7.3/../../../../../H-i686-mingw32/nios2-elf/lib/mno-hw-mul\libc.a(lib_a-vfprintf.o)
 .data          0x08041c8c        0x0 c:/altera/13.1/nios2eds/bin/gnu/h-i686-mingw32/bin/../lib/gcc/nios2-elf/4.7.3/../../../../../H-i686-mingw32/nios2-elf/lib/mno-hw-mul\libc.a(lib_a-vfscanf.o)
 .data          0x08041c8c        0x0 c:/altera/13.1/nios2eds/bin/gnu/h-i686-mingw32/bin/../lib/gcc/nios2-elf/4.7.3/../../../../../H-i686-mingw32/nios2-elf/lib/mno-hw-mul\libc.a(lib_a-writer.o)
 .data          0x08041c8c        0x0 c:/altera/13.1/nios2eds/bin/gnu/h-i686-mingw32/bin/../lib/gcc/nios2-elf/4.7.3/../../../../../H-i686-mingw32/nios2-elf/lib/mno-hw-mul\libc.a(lib_a-wsetup.o)
 .data          0x08041c8c        0x0 c:/altera/13.1/nios2eds/bin/gnu/h-i686-mingw32/bin/../lib/gcc/nios2-elf/4.7.3/../../../../../H-i686-mingw32/nios2-elf/lib/mno-hw-mul\libc.a(lib_a-__call_atexit.o)
 .data          0x08041c8c        0x0 c:/altera/13.1/nios2eds/bin/gnu/h-i686-mingw32/bin/../lib/gcc/nios2-elf/4.7.3/../../../../../H-i686-mingw32/nios2-elf/lib/mno-hw-mul\libc.a(lib_a-closer.o)
 .data          0x08041c8c        0x0 c:/altera/13.1/nios2eds/bin/gnu/h-i686-mingw32/bin/../lib/gcc/nios2-elf/4.7.3/../../../../../H-i686-mingw32/nios2-elf/lib/mno-hw-mul\libc.a(lib_a-dtoa.o)
 .data          0x08041c8c        0x0 c:/altera/13.1/nios2eds/bin/gnu/h-i686-mingw32/bin/../lib/gcc/nios2-elf/4.7.3/../../../../../H-i686-mingw32/nios2-elf/lib/mno-hw-mul\libc.a(lib_a-environ.o)
 .data          0x08041c8c        0x0 c:/altera/13.1/nios2eds/bin/gnu/h-i686-mingw32/bin/../lib/gcc/nios2-elf/4.7.3/../../../../../H-i686-mingw32/nios2-elf/lib/mno-hw-mul\libc.a(lib_a-fdopen.o)
 .data          0x08041c8c        0x0 c:/altera/13.1/nios2eds/bin/gnu/h-i686-mingw32/bin/../lib/gcc/nios2-elf/4.7.3/../../../../../H-i686-mingw32/nios2-elf/lib/mno-hw-mul\libc.a(lib_a-flags.o)
 .data          0x08041c8c        0x0 c:/altera/13.1/nios2eds/bin/gnu/h-i686-mingw32/bin/../lib/gcc/nios2-elf/4.7.3/../../../../../H-i686-mingw32/nios2-elf/lib/mno-hw-mul\libc.a(lib_a-fvwrite.o)
 .data          0x08041c8c        0x0 c:/altera/13.1/nios2eds/bin/gnu/h-i686-mingw32/bin/../lib/gcc/nios2-elf/4.7.3/../../../../../H-i686-mingw32/nios2-elf/lib/mno-hw-mul\libc.a(lib_a-isattyr.o)
 .data          0x08041c8c        0x0 c:/altera/13.1/nios2eds/bin/gnu/h-i686-mingw32/bin/../lib/gcc/nios2-elf/4.7.3/../../../../../H-i686-mingw32/nios2-elf/lib/mno-hw-mul\libc.a(lib_a-iswspace.o)
 .data          0x08041c8c        0xc c:/altera/13.1/nios2eds/bin/gnu/h-i686-mingw32/bin/../lib/gcc/nios2-elf/4.7.3/../../../../../H-i686-mingw32/nios2-elf/lib/mno-hw-mul\libc.a(lib_a-locale.o)
                0x08041c8c                __lc_ctype
 .data          0x08041c98        0x0 c:/altera/13.1/nios2eds/bin/gnu/h-i686-mingw32/bin/../lib/gcc/nios2-elf/4.7.3/../../../../../H-i686-mingw32/nios2-elf/lib/mno-hw-mul\libc.a(lib_a-lseekr.o)
 .data          0x08041c98        0x0 c:/altera/13.1/nios2eds/bin/gnu/h-i686-mingw32/bin/../lib/gcc/nios2-elf/4.7.3/../../../../../H-i686-mingw32/nios2-elf/lib/mno-hw-mul\libc.a(lib_a-mbrtowc.o)
 .data          0x08041c98        0x0 c:/altera/13.1/nios2eds/bin/gnu/h-i686-mingw32/bin/../lib/gcc/nios2-elf/4.7.3/../../../../../H-i686-mingw32/nios2-elf/lib/mno-hw-mul\libc.a(lib_a-mbtowc_r.o)
 .data          0x08041c98        0x0 c:/altera/13.1/nios2eds/bin/gnu/h-i686-mingw32/bin/../lib/gcc/nios2-elf/4.7.3/../../../../../H-i686-mingw32/nios2-elf/lib/mno-hw-mul\libc.a(lib_a-memchr.o)
 .data          0x08041c98        0x0 c:/altera/13.1/nios2eds/bin/gnu/h-i686-mingw32/bin/../lib/gcc/nios2-elf/4.7.3/../../../../../H-i686-mingw32/nios2-elf/lib/mno-hw-mul\libc.a(lib_a-memmove.o)
 .data          0x08041c98        0x0 c:/altera/13.1/nios2eds/bin/gnu/h-i686-mingw32/bin/../lib/gcc/nios2-elf/4.7.3/../../../../../H-i686-mingw32/nios2-elf/lib/mno-hw-mul\libc.a(lib_a-mprec.o)
 .data          0x08041c98        0x0 c:/altera/13.1/nios2eds/bin/gnu/h-i686-mingw32/bin/../lib/gcc/nios2-elf/4.7.3/../../../../../H-i686-mingw32/nios2-elf/lib/mno-hw-mul\libc.a(lib_a-readr.o)
 .data          0x08041c98        0x0 c:/altera/13.1/nios2eds/bin/gnu/h-i686-mingw32/bin/../lib/gcc/nios2-elf/4.7.3/../../../../../H-i686-mingw32/nios2-elf/lib/mno-hw-mul\libc.a(lib_a-reallocr.o)
 .data          0x08041c98        0x0 c:/altera/13.1/nios2eds/bin/gnu/h-i686-mingw32/bin/../lib/gcc/nios2-elf/4.7.3/../../../../../H-i686-mingw32/nios2-elf/lib/mno-hw-mul\libc.a(lib_a-remove.o)
 .data          0x08041c98        0x0 c:/altera/13.1/nios2eds/bin/gnu/h-i686-mingw32/bin/../lib/gcc/nios2-elf/4.7.3/../../../../../H-i686-mingw32/nios2-elf/lib/mno-hw-mul\libc.a(lib_a-s_isinfd.o)
 .data          0x08041c98        0x0 c:/altera/13.1/nios2eds/bin/gnu/h-i686-mingw32/bin/../lib/gcc/nios2-elf/4.7.3/../../../../../H-i686-mingw32/nios2-elf/lib/mno-hw-mul\libc.a(lib_a-s_isnand.o)
 .data          0x08041c98        0x0 c:/altera/13.1/nios2eds/bin/gnu/h-i686-mingw32/bin/../lib/gcc/nios2-elf/4.7.3/../../../../../H-i686-mingw32/nios2-elf/lib/mno-hw-mul\libc.a(lib_a-sccl.o)
 .data          0x08041c98        0x0 c:/altera/13.1/nios2eds/bin/gnu/h-i686-mingw32/bin/../lib/gcc/nios2-elf/4.7.3/../../../../../H-i686-mingw32/nios2-elf/lib/mno-hw-mul\libc.a(lib_a-sf_nan.o)
 .data          0x08041c98        0x0 c:/altera/13.1/nios2eds/bin/gnu/h-i686-mingw32/bin/../lib/gcc/nios2-elf/4.7.3/../../../../../H-i686-mingw32/nios2-elf/lib/mno-hw-mul\libc.a(lib_a-signalr.o)
 .data          0x08041c98       0x28 c:/altera/13.1/nios2eds/bin/gnu/h-i686-mingw32/bin/../lib/gcc/nios2-elf/4.7.3/../../../../../H-i686-mingw32/nios2-elf/lib/mno-hw-mul\libc.a(lib_a-strtod.o)
 .data          0x08041cc0        0x0 c:/altera/13.1/nios2eds/bin/gnu/h-i686-mingw32/bin/../lib/gcc/nios2-elf/4.7.3/../../../../../H-i686-mingw32/nios2-elf/lib/mno-hw-mul\libc.a(lib_a-strtol.o)
 .data          0x08041cc0        0x0 c:/altera/13.1/nios2eds/bin/gnu/h-i686-mingw32/bin/../lib/gcc/nios2-elf/4.7.3/../../../../../H-i686-mingw32/nios2-elf/lib/mno-hw-mul\libc.a(lib_a-strtoll_r.o)
 .data          0x08041cc0        0x0 c:/altera/13.1/nios2eds/bin/gnu/h-i686-mingw32/bin/../lib/gcc/nios2-elf/4.7.3/../../../../../H-i686-mingw32/nios2-elf/lib/mno-hw-mul\libc.a(lib_a-strtoul.o)
 .data          0x08041cc0        0x0 c:/altera/13.1/nios2eds/bin/gnu/h-i686-mingw32/bin/../lib/gcc/nios2-elf/4.7.3/../../../../../H-i686-mingw32/nios2-elf/lib/mno-hw-mul\libc.a(lib_a-strtoull_r.o)
 .data          0x08041cc0        0x0 c:/altera/13.1/nios2eds/bin/gnu/h-i686-mingw32/bin/../lib/gcc/nios2-elf/4.7.3/../../../../../H-i686-mingw32/nios2-elf/lib/mno-hw-mul\libc.a(lib_a-ungetc.o)
 .data          0x08041cc0        0x0 c:/altera/13.1/nios2eds/bin/gnu/h-i686-mingw32/bin/../lib/gcc/nios2-elf/4.7.3/../../../../../H-i686-mingw32/nios2-elf/lib/mno-hw-mul\libc.a(lib_a-unlinkr.o)
 .data          0x08041cc0        0x0 c:/altera/13.1/nios2eds/bin/gnu/h-i686-mingw32/bin/../lib/gcc/nios2-elf/4.7.3/../../../../../H-i686-mingw32/nios2-elf/lib/mno-hw-mul\libc.a(lib_a-callocr.o)
 .data          0x08041cc0        0x0 c:/altera/13.1/nios2eds/bin/gnu/h-i686-mingw32/bin/../lib/gcc/nios2-elf/4.7.3/../../../../../H-i686-mingw32/nios2-elf/lib/mno-hw-mul\libc.a(lib_a-gdtoa-gethex.o)
 .data          0x08041cc0        0x0 c:/altera/13.1/nios2eds/bin/gnu/h-i686-mingw32/bin/../lib/gcc/nios2-elf/4.7.3/../../../../../H-i686-mingw32/nios2-elf/lib/mno-hw-mul\libc.a(lib_a-gdtoa-hexnan.o)
 .data          0x08041cc0        0x0 c:/altera/13.1/nios2eds/bin/gnu/h-i686-mingw32/bin/../lib/gcc/nios2-elf/4.7.3/mno-hw-mul\libgcc.a(_fixunsdfsi.o)
 .data          0x08041cc0        0x0 c:/altera/13.1/nios2eds/bin/gnu/h-i686-mingw32/bin/../lib/gcc/nios2-elf/4.7.3/mno-hw-mul\libgcc.a(_udivdi3.o)
 .data          0x08041cc0        0x0 c:/altera/13.1/nios2eds/bin/gnu/h-i686-mingw32/bin/../lib/gcc/nios2-elf/4.7.3/mno-hw-mul\libgcc.a(_umoddi3.o)
 .data          0x08041cc0        0x0 c:/altera/13.1/nios2eds/bin/gnu/h-i686-mingw32/bin/../lib/gcc/nios2-elf/4.7.3/mno-hw-mul\libgcc.a(_eq_sf.o)
 .data          0x08041cc0        0x0 c:/altera/13.1/nios2eds/bin/gnu/h-i686-mingw32/bin/../lib/gcc/nios2-elf/4.7.3/mno-hw-mul\libgcc.a(_gt_sf.o)
 .data          0x08041cc0        0x0 c:/altera/13.1/nios2eds/bin/gnu/h-i686-mingw32/bin/../lib/gcc/nios2-elf/4.7.3/mno-hw-mul\libgcc.a(_lt_sf.o)
 .data          0x08041cc0        0x0 c:/altera/13.1/nios2eds/bin/gnu/h-i686-mingw32/bin/../lib/gcc/nios2-elf/4.7.3/mno-hw-mul\libgcc.a(_addsub_df.o)
 .data          0x08041cc0        0x0 c:/altera/13.1/nios2eds/bin/gnu/h-i686-mingw32/bin/../lib/gcc/nios2-elf/4.7.3/mno-hw-mul\libgcc.a(_eq_df.o)
 .data          0x08041cc0        0x0 c:/altera/13.1/nios2eds/bin/gnu/h-i686-mingw32/bin/../lib/gcc/nios2-elf/4.7.3/mno-hw-mul\libgcc.a(_ne_df.o)
 .data          0x08041cc0        0x0 c:/altera/13.1/nios2eds/bin/gnu/h-i686-mingw32/bin/../lib/gcc/nios2-elf/4.7.3/mno-hw-mul\libgcc.a(_gt_df.o)
 .data          0x08041cc0        0x0 c:/altera/13.1/nios2eds/bin/gnu/h-i686-mingw32/bin/../lib/gcc/nios2-elf/4.7.3/mno-hw-mul\libgcc.a(_ge_df.o)
 .data          0x08041cc0        0x0 c:/altera/13.1/nios2eds/bin/gnu/h-i686-mingw32/bin/../lib/gcc/nios2-elf/4.7.3/mno-hw-mul\libgcc.a(_lt_df.o)
 .data          0x08041cc0        0x0 c:/altera/13.1/nios2eds/bin/gnu/h-i686-mingw32/bin/../lib/gcc/nios2-elf/4.7.3/mno-hw-mul\libgcc.a(_le_df.o)
 .data          0x08041cc0        0x0 c:/altera/13.1/nios2eds/bin/gnu/h-i686-mingw32/bin/../lib/gcc/nios2-elf/4.7.3/mno-hw-mul\libgcc.a(_si_to_df.o)
 .data          0x08041cc0        0x0 c:/altera/13.1/nios2eds/bin/gnu/h-i686-mingw32/bin/../lib/gcc/nios2-elf/4.7.3/mno-hw-mul\libgcc.a(_df_to_si.o)
 .data          0x08041cc0        0x0 c:/altera/13.1/nios2eds/bin/gnu/h-i686-mingw32/bin/../lib/gcc/nios2-elf/4.7.3/mno-hw-mul\libgcc.a(_fpcmp_parts_sf.o)
 .data          0x08041cc0        0x0 c:/altera/13.1/nios2eds/bin/gnu/h-i686-mingw32/bin/../lib/gcc/nios2-elf/4.7.3/mno-hw-mul\libgcc.a(_fpcmp_parts_df.o)
 .data          0x08041cc0        0x0 ../jpeng_encoder_bsp/\libhal_bsp.a(alt_close.o)
 .data          0x08041cc0      0x1a8 ../jpeng_encoder_bsp/\libhal_bsp.a(alt_dev.o)
                0x08041cc0                alt_dev_null
                0x08041ce8                alt_fd_list
 .data          0x08041e68        0x0 ../jpeng_encoder_bsp/\libhal_bsp.a(alt_env_lock.o)
 .data          0x08041e68        0x0 ../jpeng_encoder_bsp/\libhal_bsp.a(alt_errno.o)
 .data          0x08041e68        0x0 ../jpeng_encoder_bsp/\libhal_bsp.a(alt_exit.o)
 .data          0x08041e68        0x0 ../jpeng_encoder_bsp/\libhal_bsp.a(alt_fstat.o)
 .data          0x08041e68        0x0 ../jpeng_encoder_bsp/\libhal_bsp.a(alt_getpid.o)
 .data          0x08041e68        0x0 ../jpeng_encoder_bsp/\libhal_bsp.a(alt_isatty.o)
 .data          0x08041e68        0x0 ../jpeng_encoder_bsp/\libhal_bsp.a(alt_kill.o)
 .data          0x08041e68        0x0 ../jpeng_encoder_bsp/\libhal_bsp.a(alt_load.o)
 .data          0x08041e68        0x0 ../jpeng_encoder_bsp/\libhal_bsp.a(alt_lseek.o)
 .data          0x08041e68        0x0 ../jpeng_encoder_bsp/\libhal_bsp.a(alt_main.o)
 .data          0x08041e68        0x0 ../jpeng_encoder_bsp/\libhal_bsp.a(alt_malloc_lock.o)
 .data          0x08041e68        0x0 ../jpeng_encoder_bsp/\libhal_bsp.a(alt_open.o)
 .data          0x08041e68        0x0 ../jpeng_encoder_bsp/\libhal_bsp.a(alt_read.o)
 .data          0x08041e68        0x0 ../jpeng_encoder_bsp/\libhal_bsp.a(alt_release_fd.o)
 .data          0x08041e68        0x0 ../jpeng_encoder_bsp/\libhal_bsp.a(alt_sbrk.o)
 .data          0x08041e68        0x0 ../jpeng_encoder_bsp/\libhal_bsp.a(alt_unlink.o)
 .data          0x08041e68        0x0 ../jpeng_encoder_bsp/\libhal_bsp.a(alt_write.o)
 .data          0x08041e68     0x1088 ../jpeng_encoder_bsp/\libhal_bsp.a(alt_sys_init.o)
 .data          0x08042ef0        0x0 ../jpeng_encoder_bsp/\libhal_bsp.a(altera_avalon_jtag_uart_fd.o)
 .data          0x08042ef0        0x0 ../jpeng_encoder_bsp/\libhal_bsp.a(altera_avalon_jtag_uart_init.o)
 .data          0x08042ef0        0x0 ../jpeng_encoder_bsp/\libhal_bsp.a(altera_avalon_jtag_uart_ioctl.o)
 .data          0x08042ef0        0x0 ../jpeng_encoder_bsp/\libhal_bsp.a(altera_avalon_jtag_uart_read.o)
 .data          0x08042ef0        0x0 ../jpeng_encoder_bsp/\libhal_bsp.a(altera_avalon_jtag_uart_write.o)
 .data          0x08042ef0        0x0 ../jpeng_encoder_bsp/\libhal_bsp.a(altera_avalon_timer_sc.o)
 .data          0x08042ef0        0x0 ../jpeng_encoder_bsp/\libhal_bsp.a(altera_hostfs.o)
 .data          0x08042ef0        0x0 ../jpeng_encoder_bsp/\libhal_bsp.a(alt_alarm_start.o)
 .data          0x08042ef0        0x0 ../jpeng_encoder_bsp/\libhal_bsp.a(alt_dcache_flush_all.o)
 .data          0x08042ef0        0x0 ../jpeng_encoder_bsp/\libhal_bsp.a(alt_dev_llist_insert.o)
 .data          0x08042ef0        0x0 ../jpeng_encoder_bsp/\libhal_bsp.a(alt_do_ctors.o)
 .data          0x08042ef0        0x0 ../jpeng_encoder_bsp/\libhal_bsp.a(alt_do_dtors.o)
 .data          0x08042ef0        0x0 ../jpeng_encoder_bsp/\libhal_bsp.a(alt_find_dev.o)
 .data          0x08042ef0        0x0 ../jpeng_encoder_bsp/\libhal_bsp.a(alt_find_file.o)
 .data          0x08042ef0        0x0 ../jpeng_encoder_bsp/\libhal_bsp.a(alt_fs_reg.o)
 .data          0x08042ef0        0x0 ../jpeng_encoder_bsp/\libhal_bsp.a(alt_get_fd.o)
 .data          0x08042ef0        0x0 ../jpeng_encoder_bsp/\libhal_bsp.a(alt_icache_flush_all.o)
 .data          0x08042ef0        0x0 ../jpeng_encoder_bsp/\libhal_bsp.a(alt_iic.o)
 .data          0x08042ef0        0x0 ../jpeng_encoder_bsp/\libhal_bsp.a(alt_iic_isr_register.o)
 .data          0x08042ef0        0x0 ../jpeng_encoder_bsp/\libhal_bsp.a(alt_io_redirect.o)
 .data          0x08042ef0        0x0 ../jpeng_encoder_bsp/\libhal_bsp.a(alt_irq_entry.o)
 .data          0x08042ef0        0x0 ../jpeng_encoder_bsp/\libhal_bsp.a(alt_irq_handler.o)
 .data          0x08042ef0        0x0 ../jpeng_encoder_bsp/\libhal_bsp.a(alt_irq_vars.o)
 .data          0x08042ef0        0x0 ../jpeng_encoder_bsp/\libhal_bsp.a(alt_tick.o)
 .data          0x08042ef0        0x0 ../jpeng_encoder_bsp/\libhal_bsp.a(altera_nios2_qsys_irq.o)
 .data          0x08042ef0        0x0 ../jpeng_encoder_bsp/\libhal_bsp.a(alt_exception_entry.o)