#
# A fatal error has been detected by the Java Runtime Environment:
#
#  EXCEPTION_ACCESS_VIOLATION (0xc0000005) at pc=0x6d0a3060, pid=6052, tid=16300
#
# JRE version: 6.0_23-b05
# Java VM: Java HotSpot(TM) Client VM (19.0-b09 mixed mode windows-x86 )
# Problematic frame:
# C  [awt.dll+0xa3060]
#
# If you would like to submit a bug report, please visit:
#   http://java.sun.com/webapps/bugreport/crash.jsp
# The crash happened outside the Java Virtual Machine in native code.
# See problematic frame for where to report the bug.
#

---------------  T H R E A D  ---------------

Current thread (0x294f6c00):  JavaThread "AWT-EventQueue-0" [_thread_in_native, id=16300, stack(0x2a960000,0x2a9b0000)]

siginfo: ExceptionCode=0xc0000005, reading address 0x00000004

Registers:
EAX=0x0000000d, EBX=0x299d2a58, ECX=0x00000000, EDX=0x9d4ec271
ESP=0x2a9aee7c, EBP=0x74894690, ESI=0x297ed730, EDI=0x0e011022
EIP=0x6d0a3060, EFLAGS=0x00010297

Register to memory mapping:

EAX=0x0000000d
0x0000000d is pointing to unknown location

EBX=0x299d2a58
0x299d2a58 is pointing to unknown location

ECX=0x00000000
0x00000000 is pointing to unknown location

EDX=0x9d4ec271
0x9d4ec271 is pointing to unknown location

ESP=0x2a9aee7c
0x2a9aee7c is pointing into the stack for thread: 0x294f6c00
"AWT-EventQueue-0" prio=6 tid=0x294f6c00 nid=0x3fac runnable [0x2a9af000]
   java.lang.Thread.State: RUNNABLE

EBP=0x74894690
0x74894690 is pointing to unknown location

ESI=0x297ed730
0x297ed730 is pointing to unknown location

EDI=0x0e011022
0x0e011022 is an unallocated location in the heap


Top of Stack: (sp=0x2a9aee7c)
0x2a9aee7c:   6d066887 0e011022 2a9af440 294f6d18
0x2a9aee8c:   2a9af398 299d2a58 6d04c47e 294f6d18
0x2a9aee9c:   299d2a58 29a67e80 6d04c4a1 00000001
0x2a9aeeac:   294f6c00 294f6d18 6d063efc 294f6d18
0x2a9aeebc:   2a9af440 294f6c00 254055c8 254055c8
0x2a9aeecc:   2a9af5e8 2a9af5f0 2a9aef04 029d2e21
0x2a9aeedc:   29a67e80 0f5d3b20 2a9aeee4 252150c4
0x2a9aeeec:   2a9aef18 0f5cbb28 05c1e478 0f1282b8 

Instructions: (pc=0x6d0a3060)
0x6d0a3050:   8b 41 04 8b 80 0c 0c 00 00 c3 cc cc cc cc cc cc
0x6d0a3060:   8b 49 04 85 c9 74 05 e9 c4 7d fe ff 33 c0 c2 04 


Stack: [0x2a960000,0x2a9b0000],  sp=0x2a9aee7c,  free space=315k
Native frames: (J=compiled Java code, j=interpreted, Vv=VM code, C=native code)
C  [awt.dll+0xa3060]

Java frames: (J=compiled Java code, j=interpreted, Vv=VM code)
j  sun.java2d.windows.GDIBlitLoops.nativeBlit(Lsun/java2d/SurfaceData;Lsun/java2d/SurfaceData;Lsun/java2d/pipe/Region;IIIIIIIIIZ)V+0
j  sun.java2d.windows.GDIBlitLoops.Blit(Lsun/java2d/SurfaceData;Lsun/java2d/SurfaceData;Ljava/awt/Composite;Lsun/java2d/pipe/Region;IIIIII)V+33
J  sun.java2d.pipe.DrawImage.blitSurfaceData(Lsun/java2d/SunGraphics2D;Lsun/java2d/pipe/Region;Lsun/java2d/SurfaceData;Lsun/java2d/SurfaceData;Lsun/java2d/loops/SurfaceType;Lsun/java2d/loops/SurfaceType;IIIIIILjava/awt/Color;)V
J  sun.java2d.pipe.DrawImage.renderImageCopy(Lsun/java2d/SunGraphics2D;Ljava/awt/Image;Ljava/awt/Color;IIIIII)Z
J  sun.java2d.pipe.DrawImage.copyImage(Lsun/java2d/SunGraphics2D;Ljava/awt/Image;IILjava/awt/Color;)Z
J  sun.java2d.pipe.DrawImage.copyImage(Lsun/java2d/SunGraphics2D;Ljava/awt/Image;IILjava/awt/Color;Ljava/awt/image/ImageObserver;)Z
J  sun.java2d.pipe.ValidatePipe.copyImage(Lsun/java2d/SunGraphics2D;Ljava/awt/Image;IILjava/awt/Color;Ljava/awt/image/ImageObserver;)Z
J  sun.java2d.SunGraphics2D.drawImage(Ljava/awt/Image;IILjava/awt/Color;Ljava/awt/image/ImageObserver;)Z
J  sun.java2d.SunGraphics2D.drawImage(Ljava/awt/Image;IILjava/awt/image/ImageObserver;)Z
J  javax.swing.RepaintManager$PaintManager.paintDoubleBuffered(Ljavax/swing/JComponent;Ljava/awt/Image;Ljava/awt/Graphics;IIII)V
j  javax.swing.RepaintManager$PaintManager.paint(Ljavax/swing/JComponent;Ljavax/swing/JComponent;Ljava/awt/Graphics;IIII)Z+116
j  javax.swing.RepaintManager.paint(Ljavax/swing/JComponent;Ljavax/swing/JComponent;Ljava/awt/Graphics;IIII)V+52
J  javax.swing.JComponent.paint(Ljava/awt/Graphics;)V
j  java.awt.GraphicsCallback$PaintCallback.run(Ljava/awt/Component;Ljava/awt/Graphics;)V+2
j  sun.awt.SunGraphicsCallback.runOneComponent(Ljava/awt/Component;Ljava/awt/Rectangle;Ljava/awt/Graphics;Ljava/awt/Shape;I)V+155
j  sun.awt.SunGraphicsCallback.runComponents([Ljava/awt/Component;Ljava/awt/Graphics;I)V+104
j  java.awt.Container.paint(Ljava/awt/Graphics;)V+73
j  java.awt.Window.paint(Ljava/awt/Graphics;)V+72
J  javax.swing.RepaintManager.paintDirtyRegions(Ljava/util/Map;)V
j  javax.swing.RepaintManager.paintDirtyRegions()V+46
j  javax.swing.RepaintManager.seqPaintDirtyRegions()V+73
j  javax.swing.SystemEventQueueUtilities$ComponentWorkRequest.run()V+36
J  java.awt.event.InvocationEvent.dispatch()V
J  java.awt.EventQueue.dispatchEvent(Ljava/awt/AWTEvent;)V
J  java.awt.EventDispatchThread.pumpOneEventForFilters(I)Z
j  java.awt.EventDispatchThread.pumpEventsForFilter(ILjava/awt/Conditional;Ljava/awt/EventFilter;)V+30
j  java.awt.EventDispatchThread.pumpEventsForHierarchy(ILjava/awt/Conditional;Ljava/awt/Component;)V+11
j  java.awt.EventDispatchThread.pumpEvents(ILjava/awt/Conditional;)V+4
j  java.awt.EventDispatchThread.pumpEvents(Ljava/awt/Conditional;)V+3
j  java.awt.EventDispatchThread.run()V+9
v  ~StubRoutines::call_stub

---------------  P R O C E S S  ---------------

Java Threads: ( => current thread )
  0x299d6000 JavaThread "Tcl Isolation Thread" daemon [_thread_blocked, id=12372, stack(0x2d900000,0x2d950000)]
  0x299d4800 JavaThread "Swing-Shell" daemon [_thread_blocked, id=2136, stack(0x2c0a0000,0x2c0f0000)]
  0x295e8400 JavaThread "TimerQueue" daemon [_thread_blocked, id=5912, stack(0x2bbf0000,0x2bc40000)]
=>0x294f6c00 JavaThread "AWT-EventQueue-0" [_thread_in_native, id=16300, stack(0x2a960000,0x2a9b0000)]
  0x29441400 JavaThread "Command Watcher" daemon [_thread_blocked, id=3100, stack(0x2a790000,0x2a7e0000)]
  0x2943d800 JavaThread "AWT-Windows" daemon [_thread_in_native, id=7116, stack(0x29d80000,0x29dd0000)]
  0x2943d000 JavaThread "AWT-Shutdown" [_thread_blocked, id=3376, stack(0x29cf0000,0x29d40000)]
  0x2943cc00 JavaThread "Java2D Disposer" daemon [_thread_blocked, id=12232, stack(0x29c60000,0x29cb0000)]
  0x27f6b800 JavaThread "Low Memory Detector" daemon [_thread_blocked, id=16140, stack(0x28de0000,0x28e30000)]
  0x27f6a000 JavaThread "CompilerThread0" daemon [_thread_blocked, id=7808, stack(0x28d50000,0x28da0000)]
  0x27f68800 JavaThread "Attach Listener" daemon [_thread_blocked, id=2324, stack(0x28cc0000,0x28d10000)]
  0x27f66800 JavaThread "Signal Dispatcher" daemon [_thread_blocked, id=9592, stack(0x28c30000,0x28c80000)]
  0x27f46000 JavaThread "Finalizer" daemon [_thread_blocked, id=5344, stack(0x28250000,0x282a0000)]
  0x27f44800 JavaThread "Reference Handler" daemon [_thread_blocked, id=15692, stack(0x281c0000,0x28210000)]
  0x00a6cc00 JavaThread "main" [_thread_blocked, id=3980, stack(0x02810000,0x02860000)]

Other Threads:
  0x27f42400 VMThread [stack: 0x28130000,0x28180000] [id=8024]
  0x27f70800 WatcherThread [stack: 0x28e70000,0x28ec0000] [id=9320]

VM state:not at safepoint (normal execution)

VM Mutex/Monitor currently owned by a thread: None

Heap
 def new generation   total 39232K, used 20617K [0x049d0000, 0x07460000, 0x0f070000)
  eden space 34880K,  55% used [0x049d0000, 0x05c9ad28, 0x06be0000)
  from space 4352K,  31% used [0x07020000, 0x07177748, 0x07460000)
  to   space 4352K,   0% used [0x06be0000, 0x06be0000, 0x07020000)
 tenured generation   total 87076K, used 83422K [0x0f070000, 0x14579000, 0x23dd0000)
   the space 87076K,  95% used [0x0f070000, 0x141e7968, 0x141e7a00, 0x14579000)
 compacting perm gen  total 32000K, used 31794K [0x23dd0000, 0x25d10000, 0x27dd0000)
   the space 32000K,  99% used [0x23dd0000, 0x25cdc9d8, 0x25cdca00, 0x25d10000)
No shared spaces configured.

Dynamic libraries:
0x00400000 - 0x00424000 	C:\altera\13.1\quartus\bin\jre\bin\java.exe
0x76ea0000 - 0x7705f000 	C:\Windows\SYSTEM32\ntdll.dll
0x76460000 - 0x76550000 	C:\Windows\System32\KERNEL32.DLL
0x74220000 - 0x744e8000 	C:\Windows\System32\KERNELBASE.dll
0x71f50000 - 0x71ffe000 	C:\Windows\SYSTEM32\apphelp.dll
0x76300000 - 0x7637f000 	C:\Windows\System32\ADVAPI32.dll
0x74790000 - 0x74857000 	C:\Windows\System32\msvcrt.dll
0x76bd0000 - 0x76c53000 	C:\Windows\System32\sechost.dll
0x755f0000 - 0x756ac000 	C:\Windows\System32\RPCRT4.dll
0x7c340000 - 0x7c396000 	C:\altera\13.1\quartus\bin\jre\bin\msvcr71.dll
0x6d7f0000 - 0x6da9c000 	C:\altera\13.1\quartus\bin\jre\bin\client\jvm.dll
0x75390000 - 0x7555b000 	C:\Windows\System32\USER32.dll
0x76830000 - 0x7684a000 	C:\Windows\System32\win32u.dll
0x74890000 - 0x748b3000 	C:\Windows\System32\GDI32.dll
0x76850000 - 0x7693b000 	C:\Windows\System32\gdi32full.dll
0x75560000 - 0x755e5000 	C:\Windows\System32\msvcp_win.dll
0x750f0000 - 0x75200000 	C:\Windows\System32\ucrtbase.dll
0x74010000 - 0x74043000 	C:\Windows\SYSTEM32\WINMM.dll
0x74860000 - 0x74885000 	C:\Windows\System32\IMM32.DLL
0x6d700000 - 0x6d722000 	C:\altera\13.1\quartus\bin\jre\bin\splashscreen.dll
0x73270000 - 0x732f1000 	C:\Windows\system32\uxtheme.dll
0x744f0000 - 0x74784000 	C:\Windows\System32\combase.dll
0x6d7a0000 - 0x6d7ac000 	C:\altera\13.1\quartus\bin\jre\bin\verify.dll
0x6d320000 - 0x6d33f000 	C:\altera\13.1\quartus\bin\jre\bin\java.dll
0x6d280000 - 0x6d288000 	C:\altera\13.1\quartus\bin\jre\bin\hpi.dll
0x76d80000 - 0x76d86000 	C:\Windows\System32\PSAPI.DLL
0x76c60000 - 0x76d7a000 	C:\Windows\System32\MSCTF.dll
0x6d7e0000 - 0x6d7ef000 	C:\altera\13.1\quartus\bin\jre\bin\zip.dll
0x74200000 - 0x74215000 	C:\Windows\SYSTEM32\kernel.appcore.dll
0x766a0000 - 0x76714000 	C:\Windows\System32\bcryptPrimitives.dll
0x76b20000 - 0x76bbe000 	C:\Windows\System32\OLEAUT32.dll
0x73160000 - 0x73264000 	C:\Windows\SYSTEM32\textinputframework.dll
0x73080000 - 0x7315d000 	C:\Windows\SYSTEM32\CoreMessaging.dll
0x72de0000 - 0x73072000 	C:\Windows\SYSTEM32\CoreUIComponents.dll
0x76940000 - 0x76a39000 	C:\Windows\System32\wintypes.dll
0x74000000 - 0x7400a000 	C:\Windows\SYSTEM32\CRYPTBASE.DLL
0x6d000000 - 0x6d14a000 	C:\altera\13.1\quartus\bin\jre\bin\awt.dll
0x761a0000 - 0x762f3000 	C:\Windows\System32\ole32.dll
0x73300000 - 0x73529000 	C:\Windows\WinSxS\x86_microsoft.windows.common-controls_6595b64144ccf1df_6.0.26100.7705_none_85b39051f7b2640a\COMCTL32.dll
0x72d50000 - 0x72dda000 	C:\Windows\SYSTEM32\WINSPOOL.DRV
0x76db0000 - 0x76e81000 	C:\Windows\System32\shcore.dll
0x73ee0000 - 0x73f23000 	C:\Windows\SYSTEM32\cfgmgr32.dll
0x719a0000 - 0x71c06000 	C:\Windows\SYSTEM32\AcGenral.DLL
0x756b0000 - 0x75702000 	C:\Windows\System32\SHLWAPI.dll
0x74a00000 - 0x750e3000 	C:\Windows\System32\Windows.Storage.dll
0x75b70000 - 0x7619c000 	C:\Windows\System32\SHELL32.dll
0x71960000 - 0x7197a000 	C:\Windows\SYSTEM32\MSACM32.dll
0x74050000 - 0x74058000 	C:\Windows\SYSTEM32\VERSION.dll
0x71c10000 - 0x71c38000 	C:\Windows\SYSTEM32\dwmapi.dll
0x71980000 - 0x71996000 	C:\Windows\SYSTEM32\samcli.dll
0x737d0000 - 0x737ef000 	C:\Windows\SYSTEM32\USERENV.dll
0x73d30000 - 0x73eda000 	C:\Windows\SYSTEM32\urlmon.dll
0x71e70000 - 0x71e99000 	C:\Windows\SYSTEM32\ntmarta.dll
0x73ab0000 - 0x73adb000 	C:\Windows\SYSTEM32\SspiCli.dll
0x739f0000 - 0x73a09000 	C:\Windows\SYSTEM32\MPR.dll
0x73ae0000 - 0x73d21000 	C:\Windows\SYSTEM32\iertutil.dll
0x73f60000 - 0x73f7e000 	C:\Windows\SYSTEM32\srvcli.dll
0x73f90000 - 0x73f9b000 	C:\Windows\SYSTEM32\netutils.dll
0x6d230000 - 0x6d27f000 	C:\altera\13.1\quartus\bin\jre\bin\fontmanager.dll
0x71e40000 - 0x71e45000 	C:\altera\13.1\quartus\bin\sld_utiljni.dll
0x71d80000 - 0x71e3f000 	C:\Windows\SYSTEM32\MSVCR100.dll
0x71720000 - 0x71807000 	C:\altera\13.1\quartus\bin\tcl85.dll
0x748c0000 - 0x74921000 	C:\Windows\System32\WS2_32.dll
0x71680000 - 0x71718000 	C:\altera\13.1\quartus\bin\ccl_sqlite3.dll
0x71e60000 - 0x71e6d000 	C:\altera\13.1\quartus\bin\ccl_sqlite3_jdbc_jni_bridge.dll
0x6d600000 - 0x6d613000 	C:\altera\13.1\quartus\bin\jre\bin\net.dll
0x73750000 - 0x737a4000 	C:\Windows\system32\mswsock.dll
0x73610000 - 0x73637000 	C:\Windows\SYSTEM32\iphlpapi.dll
0x76690000 - 0x76697000 	C:\Windows\System32\NSI.dll
0x72320000 - 0x72338000 	C:\Windows\SYSTEM32\dhcpcsvc6.DLL
0x72300000 - 0x7231c000 	C:\Windows\SYSTEM32\dhcpcsvc.DLL
0x73640000 - 0x73722000 	C:\Windows\SYSTEM32\DNSAPI.dll
0x6d620000 - 0x6d629000 	C:\altera\13.1\quartus\bin\jre\bin\nio.dll
0x76560000 - 0x765e9000 	C:\Windows\System32\clbcatq.dll
0x722b0000 - 0x722fc000 	C:\Windows\system32\dataexchange.dll
0x720c0000 - 0x722a5000 	C:\Windows\system32\twinapi.appcore.dll
0x6d1a0000 - 0x6d1c3000 	C:\altera\13.1\quartus\bin\jre\bin\dcpr.dll
0x74120000 - 0x741f2000 	C:\Windows\system32\propsys.dll
0x74080000 - 0x74115000 	C:\Windows\System32\Windows.FileExplorer.Common.dll
0x74060000 - 0x7407d000 	C:\Windows\SYSTEM32\profapi.dll
0x71660000 - 0x71674000 	C:\Windows\system32\NetworkExplorer.dll
0x72780000 - 0x72960000 	C:\Windows\SYSTEM32\WindowsCodecs.dll
0x71600000 - 0x71652000 	C:\Windows\System32\thumbcache.dll
0x71550000 - 0x715ef000 	C:\Windows\SYSTEM32\policymanager.dll
0x71530000 - 0x7154b000 	C:\Windows\System32\p9np.dll
0x71e50000 - 0x71e5a000 	C:\Windows\System32\drprov.dll
0x71510000 - 0x7152b000 	C:\Windows\System32\ntlanman.dll
0x714f0000 - 0x71509000 	C:\Windows\System32\davclnt.dll
0x71490000 - 0x714de000 	C:\Windows\System32\WINSTA.dll
0x71470000 - 0x71483000 	C:\Windows\System32\wkscli.dll
0x71ea0000 - 0x71eae000 	C:\Windows\SYSTEM32\cscapi.dll
0x71420000 - 0x71465000 	C:\Windows\System32\dlnashext.dll
0x713d0000 - 0x71415000 	C:\Windows\System32\PlayToDevice.dll
0x713a0000 - 0x713c5000 	C:\Windows\System32\DevDispItemProvider.dll
0x71310000 - 0x7138e000 	C:\Windows\System32\MMDevApi.dll
0x712e0000 - 0x71304000 	C:\Windows\System32\DEVOBJ.dll
0x71240000 - 0x712d0000 	C:\Windows\system32\wpdshext.dll
0x72970000 - 0x72aed000 	C:\Windows\WinSxS\x86_microsoft.windows.gdiplus_6595b64144ccf1df_1.1.26100.7824_none_b6a09a6f5242f736\gdiplus.dll
0x711b0000 - 0x71236000 	C:\Windows\System32\PortableDeviceApi.dll
0x75710000 - 0x75b62000 	C:\Windows\System32\SETUPAPI.dll
0x76ab0000 - 0x76b17000 	C:\Windows\System32\WINTRUST.dll
0x76720000 - 0x76829000 	C:\Windows\System32\CRYPT32.dll
0x71190000 - 0x7119e000 	C:\Windows\SYSTEM32\MSASN1.dll
0x71140000 - 0x71180000 	C:\Windows\system32\audiodev.dll
0x70f60000 - 0x7112f000 	C:\Windows\system32\WMVCore.DLL
0x70f10000 - 0x70f51000 	C:\Windows\system32\WMASF.DLL
0x72af0000 - 0x72afb000 	C:\Windows\SYSTEM32\LINKINFO.dll
0x70f00000 - 0x70f0a000 	C:\Windows\SYSTEM32\Secur32.dll
0x70ed0000 - 0x70eef000 	C:\Windows\SYSTEM32\SAMLIB.dll
0x71830000 - 0x71957000 	C:\Windows\System32\Windows.System.Launcher.dll
0x71810000 - 0x71825000 	C:\Windows\SYSTEM32\windows.staterepositorycore.dll
0x70ec0000 - 0x70ec7000 	C:\altera\13.1\quartus\bin\tcl_jni_bridge.dll
0x71c40000 - 0x71c9d000 	C:\Windows\system32\Ninput.dll

VM Arguments:
jvm_args: -Xmx500m -XX:+UseSerialGC 
java_command: com.altera.ipedit.QsysEditorApp --project-dir=C:/Users/DELL/Documents/advanced_embedded_systems/practical_4/NIOS/ --system-info=DEVICE_FAMILY=Cyclone IV E --system-info=DEVICE=EP4CE115F29C7 --system-info=DEVICE_SPEEDGRADE=7 --host-controller
Launcher Type: SUN_STANDARD

Environment Variables:
PATH=C:/altera/13.1/quartus/bin;c:\altera\13.1\quartus\bin64\;C:\Windows\system32;C:\Windows;C:\Windows\System32\Wbem;C:\Windows\System32\WindowsPowerShell\v1.0\;C:\Windows\System32\OpenSSH\;C:\Program Files\dotnet\;C:\Program Files\Docker\Docker\resources\bin;C:\Program Files\cursor\resources\app\bin;C:\Program Files\Git\cmd;C:\Users\DELL\AppData\Local\Microsoft\WindowsApps;C:\Users\DELL\AppData\Local\Programs\Microsoft VS Code\bin;C:\dev\src\flutter\bin;;C:\altera\13.1\modelsim_ase\win32aloem;C:\Users\DELL\AppData\Local\Programs\cursor\resources\app\bin
USERNAME=DELL
OS=Windows_NT
PROCESSOR_IDENTIFIER=Intel64 Family 6 Model 154 Stepping 4, GenuineIntel



---------------  S Y S T E M  ---------------

OS: Windows NT 6.2 Build 9200 

CPU:total 12 (6 cores per cpu, 2 threads per core) family 6 model 154 stepping 4, cmov, cx8, fxsr, mmx, sse, sse2, sse3, ssse3, sse4.1, sse4.2, popcnt, ht

Memory: 4k page, physical 16454352k(7277836k free), swap 28506124k(14677520k free)

vm_info: Java HotSpot(TM) Client VM (19.0-b09) for windows-x86 JRE (1.6.0_23-b05), built on Nov 12 2010 15:00:43 by "java_re" with MS VC++ 7.1 (VS2003)

time: Mon Feb 23 14:49:48 2026
elapsed time: 22361 seconds

