Flow report for jpeg_pipeline
Mon Mar 16 08:28:40 2026
Quartus II 64-Bit Version 13.1.0 Build 162 10/23/2013 SJ Web Edition


---------------------
; Table of Contents ;
---------------------
  1. Legal Notice
  2. Flow Summary
  3. Flow Settings
  4. Flow Non-Default Global Settings
  5. Flow Elapsed Time
  6. Flow OS Summary
  7. Flow Log
  8. Flow Messages
  9. Flow Suppressed Messages



----------------
; Legal Notice ;
----------------
Copyright (C) 1991-2013 Altera Corporation
Your use of Altera Corporation's design tools, logic functions 
and other software and tools, and its AMPP partner logic 
functions, and any output files from any of the foregoing 
(including device programming or simulation files), and any 
associated documentation or information are expressly subject 
to the terms and conditions of the Altera Program License 
Subscription Agreement, Altera MegaCore Function License 
Agreement, or other applicable license agreement, including, 
without limitation, that your use is for the sole purpose of 
programming logic devices manufactured by Altera and sold by 
Altera or its authorized distributors.  Please refer to the 
applicable agreement for further details.



+---------------------------------------------------------------------------------+
; Flow Summary                                                                    ;
+------------------------------------+--------------------------------------------+
; Flow Status                        ; Successful - Mon Mar 16 08:28:40 2026      ;
; Quartus II 64-Bit Version          ; 13.1.0 Build 162 10/23/2013 SJ Web Edition ;
; Revision Name                      ; jpeg_pipeline                              ;
; Top-level Entity Name              ; jpeg_pipeline                              ;
; Family                             ; Cyclone IV E                               ;
; Device                             ; EP4CE115F29C7                              ;
; Timing Models                      ; Final                                      ;
; Total logic elements               ; 14,548 / 114,480 ( 13 % )                  ;
;     Total combinational functions  ; 13,056 / 114,480 ( 11 % )                  ;
;     Dedicated logic registers      ; 8,381 / 114,480 ( 7 % )                    ;
; Total registers                    ; 8500                                       ;
; Total pins                         ; 58 / 529 ( 11 % )                          ;
; Total virtual pins                 ; 0                                          ;
; Total memory bits                  ; 3,104,000 / 3,981,312 ( 78 % )             ;
; Embedded Multiplier 9-bit elements ; 0 / 532 ( 0 % )                            ;
; Total PLLs                         ; 1 / 4 ( 25 % )                             ;
+------------------------------------+--------------------------------------------+


+-----------------------------------------+
; Flow Settings                           ;
+-------------------+---------------------+
; Option            ; Setting             ;
+-------------------+---------------------+
; Start date & time ; 03/16/2026 08:23:21 ;
; Main task         ; Compilation         ;
; Revision Name     ; jpeg_pipeline       ;
+-------------------+---------------------+


+-----------------------------------------------------------------------------------------------------------------------------------------------------------------------------+
; Flow Non-Default Global Settings                                                                                                                                            ;
+-------------------------------------+---------------------------------------------------------+---------------+--------------------------------------------+----------------+
; Assignment Name                     ; Value                                                   ; Default Value ; Entity Name                                ; Section Id     ;
+-------------------------------------+---------------------------------------------------------+---------------+--------------------------------------------+----------------+
; COMPILER_SIGNATURE_ID               ; 9423229023477.177362960111308                           ; --            ; --                                         ; --             ;
; EDA_OUTPUT_DATA_FORMAT              ; Vhdl                                                    ; --            ; --                                         ; eda_simulation ;
; EDA_SIMULATION_TOOL                 ; ModelSim-Altera (VHDL)                                  ; <None>        ; --                                         ; --             ;
; IP_TOOL_ENV                         ; Qsys                                                    ; --            ; MPSoC                                      ; --             ;
; IP_TOOL_ENV                         ; Qsys                                                    ; --            ; MPSoC_altpll_0                             ; --             ;
; IP_TOOL_ENV                         ; Qsys                                                    ; --            ; MPSoC_cpu_stage1                           ; --             ;
; IP_TOOL_ENV                         ; Qsys                                                    ; --            ; MPSoC_cpu_stage2                           ; --             ;
; IP_TOOL_ENV                         ; Qsys                                                    ; --            ; MPSoC_cpu_stage3                           ; --             ;
; IP_TOOL_ENV                         ; Qsys                                                    ; --            ; MPSoC_cpu_stage4                           ; --             ;
; IP_TOOL_ENV                         ; Qsys                                                    ; --            ; MPSoC_cpu_stage5                           ; --             ;
; IP_TOOL_ENV                         ; Qsys                                                    ; --            ; MPSoC_cpu_stage6                           ; --             ;
; IP_TOOL_ENV                         ; Qsys                                                    ; --            ; MPSoC_fifo_1to2_Y                          ; --             ;
; IP_TOOL_ENV                         ; Qsys                                                    ; --            ; MPSoC_fifo_1to4_param                      ; --             ;
; IP_TOOL_ENV                         ; Qsys                                                    ; --            ; MPSoC_fifo_1to6_fname                      ; --             ;
; IP_TOOL_ENV                         ; Qsys                                                    ; --            ; MPSoC_fifo_5to6_data                       ; --             ;
; IP_TOOL_ENV                         ; Qsys                                                    ; --            ; MPSoC_fifo_5to6_done                       ; --             ;
; IP_TOOL_ENV                         ; Qsys                                                    ; --            ; MPSoC_irq_mapper                           ; --             ;
; IP_TOOL_ENV                         ; Qsys                                                    ; --            ; MPSoC_irq_mapper_001                       ; --             ;
; IP_TOOL_ENV                         ; Qsys                                                    ; --            ; MPSoC_jtag_uart_1                          ; --             ;
; IP_TOOL_ENV                         ; Qsys                                                    ; --            ; MPSoC_mm_interconnect_0                    ; --             ;
; IP_TOOL_ENV                         ; Qsys                                                    ; --            ; MPSoC_mm_interconnect_0_addr_router        ; --             ;
; IP_TOOL_ENV                         ; Qsys                                                    ; --            ; MPSoC_mm_interconnect_0_addr_router_001    ; --             ;
; IP_TOOL_ENV                         ; Qsys                                                    ; --            ; MPSoC_mm_interconnect_0_addr_router_002    ; --             ;
; IP_TOOL_ENV                         ; Qsys                                                    ; --            ; MPSoC_mm_interconnect_0_addr_router_003    ; --             ;
; IP_TOOL_ENV                         ; Qsys                                                    ; --            ; MPSoC_mm_interconnect_0_addr_router_004    ; --             ;
; IP_TOOL_ENV                         ; Qsys                                                    ; --            ; MPSoC_mm_interconnect_0_addr_router_005    ; --             ;
; IP_TOOL_ENV                         ; Qsys                                                    ; --            ; MPSoC_mm_interconnect_0_addr_router_006    ; --             ;
; IP_TOOL_ENV                         ; Qsys                                                    ; --            ; MPSoC_mm_interconnect_0_addr_router_007    ; --             ;
; IP_TOOL_ENV                         ; Qsys                                                    ; --            ; MPSoC_mm_interconnect_0_addr_router_008    ; --             ;
; IP_TOOL_ENV                         ; Qsys                                                    ; --            ; MPSoC_mm_interconnect_0_addr_router_009    ; --             ;
; IP_TOOL_ENV                         ; Qsys                                                    ; --            ; MPSoC_mm_interconnect_0_addr_router_010    ; --             ;
; IP_TOOL_ENV                         ; Qsys                                                    ; --            ; MPSoC_mm_interconnect_0_addr_router_011    ; --             ;
; IP_TOOL_ENV                         ; Qsys                                                    ; --            ; MPSoC_mm_interconnect_0_cmd_xbar_demux     ; --             ;
; IP_TOOL_ENV                         ; Qsys                                                    ; --            ; MPSoC_mm_interconnect_0_cmd_xbar_demux_001 ; --             ;
; IP_TOOL_ENV                         ; Qsys                                                    ; --            ; MPSoC_mm_interconnect_0_cmd_xbar_demux_002 ; --             ;
; IP_TOOL_ENV                         ; Qsys                                                    ; --            ; MPSoC_mm_interconnect_0_cmd_xbar_demux_003 ; --             ;
; IP_TOOL_ENV                         ; Qsys                                                    ; --            ; MPSoC_mm_interconnect_0_cmd_xbar_demux_004 ; --             ;
; IP_TOOL_ENV                         ; Qsys                                                    ; --            ; MPSoC_mm_interconnect_0_cmd_xbar_demux_006 ; --             ;
; IP_TOOL_ENV                         ; Qsys                                                    ; --            ; MPSoC_mm_interconnect_0_cmd_xbar_mux       ; --             ;
; IP_TOOL_ENV                         ; Qsys                                                    ; --            ; MPSoC_mm_interconnect_0_cmd_xbar_mux_002   ; --             ;
; IP_TOOL_ENV                         ; Qsys                                                    ; --            ; MPSoC_mm_interconnect_0_cmd_xbar_mux_003   ; --             ;
; IP_TOOL_ENV                         ; Qsys                                                    ; --            ; MPSoC_mm_interconnect_0_cmd_xbar_mux_004   ; --             ;
; IP_TOOL_ENV                         ; Qsys                                                    ; --            ; MPSoC_mm_interconnect_0_id_router          ; --             ;
; IP_TOOL_ENV                         ; Qsys                                                    ; --            ; MPSoC_mm_interconnect_0_id_router_002      ; --             ;
; IP_TOOL_ENV                         ; Qsys                                                    ; --            ; MPSoC_mm_interconnect_0_id_router_003      ; --             ;
; IP_TOOL_ENV                         ; Qsys                                                    ; --            ; MPSoC_mm_interconnect_0_id_router_004      ; --             ;
; IP_TOOL_ENV                         ; Qsys                                                    ; --            ; MPSoC_mm_interconnect_0_id_router_018      ; --             ;
; IP_TOOL_ENV                         ; Qsys                                                    ; --            ; MPSoC_mm_interconnect_0_id_router_020      ; --             ;
; IP_TOOL_ENV                         ; Qsys                                                    ; --            ; MPSoC_mm_interconnect_0_id_router_029      ; --             ;
; IP_TOOL_ENV                         ; Qsys                                                    ; --            ; MPSoC_mm_interconnect_0_id_router_031      ; --             ;
; IP_TOOL_ENV                         ; Qsys                                                    ; --            ; MPSoC_mm_interconnect_0_id_router_036      ; --             ;
; IP_TOOL_ENV                         ; Qsys                                                    ; --            ; MPSoC_mm_interconnect_0_id_router_038      ; --             ;
; IP_TOOL_ENV                         ; Qsys                                                    ; --            ; MPSoC_mm_interconnect_0_id_router_045      ; --             ;
; IP_TOOL_ENV                         ; Qsys                                                    ; --            ; MPSoC_mm_interconnect_0_id_router_047      ; --             ;
; IP_TOOL_ENV                         ; Qsys                                                    ; --            ; MPSoC_mm_interconnect_0_id_router_056      ; --             ;
; IP_TOOL_ENV                         ; Qsys                                                    ; --            ; MPSoC_mm_interconnect_0_id_router_058      ; --             ;
; IP_TOOL_ENV                         ; Qsys                                                    ; --            ; MPSoC_mm_interconnect_0_rsp_xbar_demux_002 ; --             ;
; IP_TOOL_ENV                         ; Qsys                                                    ; --            ; MPSoC_mm_interconnect_0_rsp_xbar_demux_003 ; --             ;
; IP_TOOL_ENV                         ; Qsys                                                    ; --            ; MPSoC_mm_interconnect_0_rsp_xbar_demux_004 ; --             ;
; IP_TOOL_ENV                         ; Qsys                                                    ; --            ; MPSoC_mm_interconnect_0_rsp_xbar_mux       ; --             ;
; IP_TOOL_ENV                         ; Qsys                                                    ; --            ; MPSoC_mm_interconnect_0_rsp_xbar_mux_001   ; --             ;
; IP_TOOL_ENV                         ; Qsys                                                    ; --            ; MPSoC_mm_interconnect_0_rsp_xbar_mux_002   ; --             ;
; IP_TOOL_ENV                         ; Qsys                                                    ; --            ; MPSoC_mm_interconnect_0_rsp_xbar_mux_003   ; --             ;
; IP_TOOL_ENV                         ; Qsys                                                    ; --            ; MPSoC_mm_interconnect_0_rsp_xbar_mux_004   ; --             ;
; IP_TOOL_ENV                         ; Qsys                                                    ; --            ; MPSoC_mm_interconnect_0_rsp_xbar_mux_006   ; --             ;
; IP_TOOL_ENV                         ; Qsys                                                    ; --            ; MPSoC_ram_stage1                           ; --             ;
; IP_TOOL_ENV                         ; Qsys                                                    ; --            ; MPSoC_ram_stage2                           ; --             ;
; IP_TOOL_ENV                         ; Qsys                                                    ; --            ; MPSoC_ram_stage3                           ; --             ;
; IP_TOOL_ENV                         ; Qsys                                                    ; --            ; MPSoC_ram_stage4                           ; --             ;
; IP_TOOL_ENV                         ; Qsys                                                    ; --            ; MPSoC_ram_stage5                           ; --             ;
; IP_TOOL_ENV                         ; Qsys                                                    ; --            ; MPSoC_ram_stage6                           ; --             ;
; IP_TOOL_ENV                         ; Qsys                                                    ; --            ; MPSoC_sdram_controller_stage1              ; --             ;
; IP_TOOL_ENV                         ; Qsys                                                    ; --            ; MPSoC_sysid_qsys_0                         ; --             ;
; IP_TOOL_ENV                         ; Qsys                                                    ; --            ; MPSoC_timer_1                              ; --             ;
; IP_TOOL_ENV                         ; Qsys                                                    ; --            ; altera_avalon_sc_fifo                      ; --             ;
; IP_TOOL_ENV                         ; Qsys                                                    ; --            ; altera_avalon_st_handshake_clock_crosser   ; --             ;
; IP_TOOL_ENV                         ; Qsys                                                    ; --            ; altera_merlin_master_agent                 ; --             ;
; IP_TOOL_ENV                         ; Qsys                                                    ; --            ; altera_merlin_master_translator            ; --             ;
; IP_TOOL_ENV                         ; Qsys                                                    ; --            ; altera_merlin_slave_agent                  ; --             ;
; IP_TOOL_ENV                         ; Qsys                                                    ; --            ; altera_merlin_slave_translator             ; --             ;
; IP_TOOL_ENV                         ; Qsys                                                    ; --            ; altera_reset_controller                    ; --             ;
; IP_TOOL_NAME                        ; Qsys                                                    ; --            ; MPSoC                                      ; --             ;
; IP_TOOL_NAME                        ; altpll                                                  ; --            ; MPSoC_altpll_0                             ; --             ;
; IP_TOOL_NAME                        ; altera_nios2_qsys                                       ; --            ; MPSoC_cpu_stage1                           ; --             ;
; IP_TOOL_NAME                        ; altera_nios2_qsys                                       ; --            ; MPSoC_cpu_stage2                           ; --             ;
; IP_TOOL_NAME                        ; altera_nios2_qsys                                       ; --            ; MPSoC_cpu_stage3                           ; --             ;
; IP_TOOL_NAME                        ; altera_nios2_qsys                                       ; --            ; MPSoC_cpu_stage4                           ; --             ;
; IP_TOOL_NAME                        ; altera_nios2_qsys                                       ; --            ; MPSoC_cpu_stage5                           ; --             ;
; IP_TOOL_NAME                        ; altera_nios2_qsys                                       ; --            ; MPSoC_cpu_stage6                           ; --             ;
; IP_TOOL_NAME                        ; altera_avalon_fifo                                      ; --            ; MPSoC_fifo_1to2_Y                          ; --             ;
; IP_TOOL_NAME                        ; altera_avalon_fifo                                      ; --            ; MPSoC_fifo_1to4_param                      ; --             ;
; IP_TOOL_NAME                        ; altera_avalon_fifo                                      ; --            ; MPSoC_fifo_1to6_fname                      ; --             ;
; IP_TOOL_NAME                        ; altera_avalon_fifo                                      ; --            ; MPSoC_fifo_5to6_data                       ; --             ;
; IP_TOOL_NAME                        ; altera_avalon_fifo                                      ; --            ; MPSoC_fifo_5to6_done                       ; --             ;
; IP_TOOL_NAME                        ; altera_irq_mapper                                       ; --            ; MPSoC_irq_mapper                           ; --             ;
; IP_TOOL_NAME                        ; altera_irq_mapper                                       ; --            ; MPSoC_irq_mapper_001                       ; --             ;
; IP_TOOL_NAME                        ; altera_avalon_jtag_uart                                 ; --            ; MPSoC_jtag_uart_1                          ; --             ;
; IP_TOOL_NAME                        ; altera_merlin_interconnect_wrapper                      ; --            ; MPSoC_mm_interconnect_0                    ; --             ;
; IP_TOOL_NAME                        ; altera_merlin_router                                    ; --            ; MPSoC_mm_interconnect_0_addr_router        ; --             ;
; IP_TOOL_NAME                        ; altera_merlin_router                                    ; --            ; MPSoC_mm_interconnect_0_addr_router_001    ; --             ;
; IP_TOOL_NAME                        ; altera_merlin_router                                    ; --            ; MPSoC_mm_interconnect_0_addr_router_002    ; --             ;
; IP_TOOL_NAME                        ; altera_merlin_router                                    ; --            ; MPSoC_mm_interconnect_0_addr_router_003    ; --             ;
; IP_TOOL_NAME                        ; altera_merlin_router                                    ; --            ; MPSoC_mm_interconnect_0_addr_router_004    ; --             ;
; IP_TOOL_NAME                        ; altera_merlin_router                                    ; --            ; MPSoC_mm_interconnect_0_addr_router_005    ; --             ;
; IP_TOOL_NAME                        ; altera_merlin_router                                    ; --            ; MPSoC_mm_interconnect_0_addr_router_006    ; --             ;
; IP_TOOL_NAME                        ; altera_merlin_router                                    ; --            ; MPSoC_mm_interconnect_0_addr_router_007    ; --             ;
; IP_TOOL_NAME                        ; altera_merlin_router                                    ; --            ; MPSoC_mm_interconnect_0_addr_router_008    ; --             ;
; IP_TOOL_NAME                        ; altera_merlin_router                                    ; --            ; MPSoC_mm_interconnect_0_addr_router_009    ; --             ;
; IP_TOOL_NAME                        ; altera_merlin_router                                    ; --            ; MPSoC_mm_interconnect_0_addr_router_010    ; --             ;
; IP_TOOL_NAME                        ; altera_merlin_router                                    ; --            ; MPSoC_mm_interconnect_0_addr_router_011    ; --             ;
; IP_TOOL_NAME                        ; altera_merlin_demultiplexer                             ; --            ; MPSoC_mm_interconnect_0_cmd_xbar_demux     ; --             ;
; IP_TOOL_NAME                        ; altera_merlin_demultiplexer                             ; --            ; MPSoC_mm_interconnect_0_cmd_xbar_demux_001 ; --             ;
; IP_TOOL_NAME                        ; altera_merlin_demultiplexer                             ; --            ; MPSoC_mm_interconnect_0_cmd_xbar_demux_002 ; --             ;
; IP_TOOL_NAME                        ; altera_merlin_demultiplexer                             ; --            ; MPSoC_mm_interconnect_0_cmd_xbar_demux_003 ; --             ;
; IP_TOOL_NAME                        ; altera_merlin_demultiplexer                             ; --            ; MPSoC_mm_interconnect_0_cmd_xbar_demux_004 ; --             ;
; IP_TOOL_NAME                        ; altera_merlin_demultiplexer                             ; --            ; MPSoC_mm_interconnect_0_cmd_xbar_demux_006 ; --             ;
; IP_TOOL_NAME                        ; altera_merlin_multiplexer                               ; --            ; MPSoC_mm_interconnect_0_cmd_xbar_mux       ; --             ;
; IP_TOOL_NAME                        ; altera_merlin_multiplexer                               ; --            ; MPSoC_mm_interconnect_0_cmd_xbar_mux_002   ; --             ;
; IP_TOOL_NAME                        ; altera_merlin_multiplexer                               ; --            ; MPSoC_mm_interconnect_0_cmd_xbar_mux_003   ; --             ;
; IP_TOOL_NAME                        ; altera_merlin_multiplexer                               ; --            ; MPSoC_mm_interconnect_0_cmd_xbar_mux_004   ; --             ;
; IP_TOOL_NAME                        ; altera_merlin_router                                    ; --            ; MPSoC_mm_interconnect_0_id_router          ; --             ;
; IP_TOOL_NAME                        ; altera_merlin_router                                    ; --            ; MPSoC_mm_interconnect_0_id_router_002      ; --             ;
; IP_TOOL_NAME                        ; altera_merlin_router                                    ; --            ; MPSoC_mm_interconnect_0_id_router_003      ; --             ;
; IP_TOOL_NAME                        ; altera_merlin_router                                    ; --            ; MPSoC_mm_interconnect_0_id_router_004      ; --             ;
; IP_TOOL_NAME                        ; altera_merlin_router                                    ; --            ; MPSoC_mm_interconnect_0_id_router_018      ; --             ;
; IP_TOOL_NAME                        ; altera_merlin_router                                    ; --            ; MPSoC_mm_interconnect_0_id_router_020      ; --             ;
; IP_TOOL_NAME                        ; altera_merlin_router                                    ; --            ; MPSoC_mm_interconnect_0_id_router_029      ; --             ;
; IP_TOOL_NAME                        ; altera_merlin_router                                    ; --            ; MPSoC_mm_interconnect_0_id_router_031      ; --             ;
; IP_TOOL_NAME                        ; altera_merlin_router                                    ; --            ; MPSoC_mm_interconnect_0_id_router_036      ; --             ;
; IP_TOOL_NAME                        ; altera_merlin_router                                    ; --            ; MPSoC_mm_interconnect_0_id_router_038      ; --             ;
; IP_TOOL_NAME                        ; altera_merlin_router                                    ; --            ; MPSoC_mm_interconnect_0_id_router_045      ; --             ;
; IP_TOOL_NAME                        ; altera_merlin_router                                    ; --            ; MPSoC_mm_interconnect_0_id_router_047      ; --             ;
; IP_TOOL_NAME                        ; altera_merlin_router                                    ; --            ; MPSoC_mm_interconnect_0_id_router_056      ; --             ;
; IP_TOOL_NAME                        ; altera_merlin_router                                    ; --            ; MPSoC_mm_interconnect_0_id_router_058      ; --             ;
; IP_TOOL_NAME                        ; altera_merlin_demultiplexer                             ; --            ; MPSoC_mm_interconnect_0_rsp_xbar_demux_002 ; --             ;
; IP_TOOL_NAME                        ; altera_merlin_demultiplexer                             ; --            ; MPSoC_mm_interconnect_0_rsp_xbar_demux_003 ; --             ;
; IP_TOOL_NAME                        ; altera_merlin_demultiplexer                             ; --            ; MPSoC_mm_interconnect_0_rsp_xbar_demux_004 ; --             ;
; IP_TOOL_NAME                        ; altera_merlin_multiplexer                               ; --            ; MPSoC_mm_interconnect_0_rsp_xbar_mux       ; --             ;
; IP_TOOL_NAME                        ; altera_merlin_multiplexer                               ; --            ; MPSoC_mm_interconnect_0_rsp_xbar_mux_001   ; --             ;
; IP_TOOL_NAME                        ; altera_merlin_multiplexer                               ; --            ; MPSoC_mm_interconnect_0_rsp_xbar_mux_002   ; --             ;
; IP_TOOL_NAME                        ; altera_merlin_multiplexer                               ; --            ; MPSoC_mm_interconnect_0_rsp_xbar_mux_003   ; --             ;
; IP_TOOL_NAME                        ; altera_merlin_multiplexer                               ; --            ; MPSoC_mm_interconnect_0_rsp_xbar_mux_004   ; --             ;
; IP_TOOL_NAME                        ; altera_merlin_multiplexer                               ; --            ; MPSoC_mm_interconnect_0_rsp_xbar_mux_006   ; --             ;
; IP_TOOL_NAME                        ; altera_avalon_onchip_memory2                            ; --            ; MPSoC_ram_stage1                           ; --             ;
; IP_TOOL_NAME                        ; altera_avalon_onchip_memory2                            ; --            ; MPSoC_ram_stage2                           ; --             ;
; IP_TOOL_NAME                        ; altera_avalon_onchip_memory2                            ; --            ; MPSoC_ram_stage3                           ; --             ;
; IP_TOOL_NAME                        ; altera_avalon_onchip_memory2                            ; --            ; MPSoC_ram_stage4                           ; --             ;
; IP_TOOL_NAME                        ; altera_avalon_onchip_memory2                            ; --            ; MPSoC_ram_stage5                           ; --             ;
; IP_TOOL_NAME                        ; altera_avalon_onchip_memory2                            ; --            ; MPSoC_ram_stage6                           ; --             ;
; IP_TOOL_NAME                        ; altera_avalon_new_sdram_controller                      ; --            ; MPSoC_sdram_controller_stage1              ; --             ;
; IP_TOOL_NAME                        ; altera_avalon_sysid_qsys                                ; --            ; MPSoC_sysid_qsys_0                         ; --             ;
; IP_TOOL_NAME                        ; altera_avalon_timer                                     ; --            ; MPSoC_timer_1                              ; --             ;
; IP_TOOL_NAME                        ; altera_avalon_sc_fifo                                   ; --            ; altera_avalon_sc_fifo                      ; --             ;
; IP_TOOL_NAME                        ; altera_avalon_st_handshake_clock_crosser                ; --            ; altera_avalon_st_handshake_clock_crosser   ; --             ;
; IP_TOOL_NAME                        ; altera_merlin_master_agent                              ; --            ; altera_merlin_master_agent                 ; --             ;
; IP_TOOL_NAME                        ; altera_merlin_master_translator                         ; --            ; altera_merlin_master_translator            ; --             ;
; IP_TOOL_NAME                        ; altera_merlin_slave_agent                               ; --            ; altera_merlin_slave_agent                  ; --             ;
; IP_TOOL_NAME                        ; altera_merlin_slave_translator                          ; --            ; altera_merlin_slave_translator             ; --             ;
; IP_TOOL_NAME                        ; altera_reset_controller                                 ; --            ; altera_reset_controller                    ; --             ;
; IP_TOOL_VERSION                     ; 13.1                                                    ; --            ; MPSoC                                      ; --             ;
; IP_TOOL_VERSION                     ; 13.1                                                    ; --            ; MPSoC_altpll_0                             ; --             ;
; IP_TOOL_VERSION                     ; 13.1                                                    ; --            ; MPSoC_cpu_stage1                           ; --             ;
; IP_TOOL_VERSION                     ; 13.1                                                    ; --            ; MPSoC_cpu_stage2                           ; --             ;
; IP_TOOL_VERSION                     ; 13.1                                                    ; --            ; MPSoC_cpu_stage3                           ; --             ;
; IP_TOOL_VERSION                     ; 13.1                                                    ; --            ; MPSoC_cpu_stage4                           ; --             ;
; IP_TOOL_VERSION                     ; 13.1                                                    ; --            ; MPSoC_cpu_stage5                           ; --             ;
; IP_TOOL_VERSION                     ; 13.1                                                    ; --            ; MPSoC_cpu_stage6                           ; --             ;
; IP_TOOL_VERSION                     ; 13.1                                                    ; --            ; MPSoC_fifo_1to2_Y                          ; --             ;
; IP_TOOL_VERSION                     ; 13.1                                                    ; --            ; MPSoC_fifo_1to4_param                      ; --             ;
; IP_TOOL_VERSION                     ; 13.1                                                    ; --            ; MPSoC_fifo_1to6_fname                      ; --             ;
; IP_TOOL_VERSION                     ; 13.1                                                    ; --            ; MPSoC_fifo_5to6_data                       ; --             ;
; IP_TOOL_VERSION                     ; 13.1                                                    ; --            ; MPSoC_fifo_5to6_done                       ; --             ;
; IP_TOOL_VERSION                     ; 13.1                                                    ; --            ; MPSoC_irq_mapper                           ; --             ;
; IP_TOOL_VERSION                     ; 13.1                                                    ; --            ; MPSoC_irq_mapper_001                       ; --             ;
; IP_TOOL_VERSION                     ; 13.1                                                    ; --            ; MPSoC_jtag_uart_1                          ; --             ;
; IP_TOOL_VERSION                     ; 13.1                                                    ; --            ; MPSoC_mm_interconnect_0                    ; --             ;
; IP_TOOL_VERSION                     ; 13.1                                                    ; --            ; MPSoC_mm_interconnect_0_addr_router        ; --             ;
; IP_TOOL_VERSION                     ; 13.1                                                    ; --            ; MPSoC_mm_interconnect_0_addr_router_001    ; --             ;
; IP_TOOL_VERSION                     ; 13.1                                                    ; --            ; MPSoC_mm_interconnect_0_addr_router_002    ; --             ;
; IP_TOOL_VERSION                     ; 13.1                                                    ; --            ; MPSoC_mm_interconnect_0_addr_router_003    ; --             ;
; IP_TOOL_VERSION                     ; 13.1                                                    ; --            ; MPSoC_mm_interconnect_0_addr_router_004    ; --             ;
; IP_TOOL_VERSION                     ; 13.1                                                    ; --            ; MPSoC_mm_interconnect_0_addr_router_005    ; --             ;
; IP_TOOL_VERSION                     ; 13.1                                                    ; --            ; MPSoC_mm_interconnect_0_addr_router_006    ; --             ;
; IP_TOOL_VERSION                     ; 13.1                                                    ; --            ; MPSoC_mm_interconnect_0_addr_router_007    ; --             ;
; IP_TOOL_VERSION                     ; 13.1                                                    ; --            ; MPSoC_mm_interconnect_0_addr_router_008    ; --             ;
; IP_TOOL_VERSION                     ; 13.1                                                    ; --            ; MPSoC_mm_interconnect_0_addr_router_009    ; --             ;
; IP_TOOL_VERSION                     ; 13.1                                                    ; --            ; MPSoC_mm_interconnect_0_addr_router_010    ; --             ;
; IP_TOOL_VERSION                     ; 13.1                                                    ; --            ; MPSoC_mm_interconnect_0_addr_router_011    ; --             ;
; IP_TOOL_VERSION                     ; 13.1                                                    ; --            ; MPSoC_mm_interconnect_0_cmd_xbar_demux     ; --             ;
; IP_TOOL_VERSION                     ; 13.1                                                    ; --            ; MPSoC_mm_interconnect_0_cmd_xbar_demux_001 ; --             ;
; IP_TOOL_VERSION                     ; 13.1                                                    ; --            ; MPSoC_mm_interconnect_0_cmd_xbar_demux_002 ; --             ;
; IP_TOOL_VERSION                     ; 13.1                                                    ; --            ; MPSoC_mm_interconnect_0_cmd_xbar_demux_003 ; --             ;
; IP_TOOL_VERSION                     ; 13.1                                                    ; --            ; MPSoC_mm_interconnect_0_cmd_xbar_demux_004 ; --             ;
; IP_TOOL_VERSION                     ; 13.1                                                    ; --            ; MPSoC_mm_interconnect_0_cmd_xbar_demux_006 ; --             ;
; IP_TOOL_VERSION                     ; 13.1                                                    ; --            ; MPSoC_mm_interconnect_0_cmd_xbar_mux       ; --             ;
; IP_TOOL_VERSION                     ; 13.1                                                    ; --            ; MPSoC_mm_interconnect_0_cmd_xbar_mux_002   ; --             ;
; IP_TOOL_VERSION                     ; 13.1                                                    ; --            ; MPSoC_mm_interconnect_0_cmd_xbar_mux_003   ; --             ;
; IP_TOOL_VERSION                     ; 13.1                                                    ; --            ; MPSoC_mm_interconnect_0_cmd_xbar_mux_004   ; --             ;
; IP_TOOL_VERSION                     ; 13.1                                                    ; --            ; MPSoC_mm_interconnect_0_id_router          ; --             ;
; IP_TOOL_VERSION                     ; 13.1                                                    ; --            ; MPSoC_mm_interconnect_0_id_router_002      ; --             ;
; IP_TOOL_VERSION                     ; 13.1                                                    ; --            ; MPSoC_mm_interconnect_0_id_router_003      ; --             ;
; IP_TOOL_VERSION                     ; 13.1                                                    ; --            ; MPSoC_mm_interconnect_0_id_router_004      ; --             ;
; IP_TOOL_VERSION                     ; 13.1                                                    ; --            ; MPSoC_mm_interconnect_0_id_router_018      ; --             ;
; IP_TOOL_VERSION                     ; 13.1                                                    ; --            ; MPSoC_mm_interconnect_0_id_router_020      ; --             ;
; IP_TOOL_VERSION                     ; 13.1                                                    ; --            ; MPSoC_mm_interconnect_0_id_router_029      ; --             ;
; IP_TOOL_VERSION                     ; 13.1                                                    ; --            ; MPSoC_mm_interconnect_0_id_router_031      ; --             ;
; IP_TOOL_VERSION                     ; 13.1                                                    ; --            ; MPSoC_mm_interconnect_0_id_router_036      ; --             ;
; IP_TOOL_VERSION                     ; 13.1                                                    ; --            ; MPSoC_mm_interconnect_0_id_router_038      ; --             ;
; IP_TOOL_VERSION                     ; 13.1                                                    ; --            ; MPSoC_mm_interconnect_0_id_router_045      ; --             ;
; IP_TOOL_VERSION                     ; 13.1                                                    ; --            ; MPSoC_mm_interconnect_0_id_router_047      ; --             ;
; IP_TOOL_VERSION                     ; 13.1                                                    ; --            ; MPSoC_mm_interconnect_0_id_router_056      ; --             ;
; IP_TOOL_VERSION                     ; 13.1                                                    ; --            ; MPSoC_mm_interconnect_0_id_router_058      ; --             ;
; IP_TOOL_VERSION                     ; 13.1                                                    ; --            ; MPSoC_mm_interconnect_0_rsp_xbar_demux_002 ; --             ;
; IP_TOOL_VERSION                     ; 13.1                                                    ; --            ; MPSoC_mm_interconnect_0_rsp_xbar_demux_003 ; --             ;
; IP_TOOL_VERSION                     ; 13.1                                                    ; --            ; MPSoC_mm_interconnect_0_rsp_xbar_demux_004 ; --             ;
; IP_TOOL_VERSION                     ; 13.1                                                    ; --            ; MPSoC_mm_interconnect_0_rsp_xbar_mux       ; --             ;
; IP_TOOL_VERSION                     ; 13.1                                                    ; --            ; MPSoC_mm_interconnect_0_rsp_xbar_mux_001   ; --             ;
; IP_TOOL_VERSION                     ; 13.1                                                    ; --            ; MPSoC_mm_interconnect_0_rsp_xbar_mux_002   ; --             ;
; IP_TOOL_VERSION                     ; 13.1                                                    ; --            ; MPSoC_mm_interconnect_0_rsp_xbar_mux_003   ; --             ;
; IP_TOOL_VERSION                     ; 13.1                                                    ; --            ; MPSoC_mm_interconnect_0_rsp_xbar_mux_004   ; --             ;
; IP_TOOL_VERSION                     ; 13.1                                                    ; --            ; MPSoC_mm_interconnect_0_rsp_xbar_mux_006   ; --             ;
; IP_TOOL_VERSION                     ; 13.1                                                    ; --            ; MPSoC_ram_stage1                           ; --             ;
; IP_TOOL_VERSION                     ; 13.1                                                    ; --            ; MPSoC_ram_stage2                           ; --             ;
; IP_TOOL_VERSION                     ; 13.1                                                    ; --            ; MPSoC_ram_stage3                           ; --             ;
; IP_TOOL_VERSION                     ; 13.1                                                    ; --            ; MPSoC_ram_stage4                           ; --             ;
; IP_TOOL_VERSION                     ; 13.1                                                    ; --            ; MPSoC_ram_stage5                           ; --             ;
; IP_TOOL_VERSION                     ; 13.1                                                    ; --            ; MPSoC_ram_stage6                           ; --             ;
; IP_TOOL_VERSION                     ; 13.1                                                    ; --            ; MPSoC_sdram_controller_stage1              ; --             ;
; IP_TOOL_VERSION                     ; 13.1                                                    ; --            ; MPSoC_sysid_qsys_0                         ; --             ;
; IP_TOOL_VERSION                     ; 13.1                                                    ; --            ; MPSoC_timer_1                              ; --             ;
; IP_TOOL_VERSION                     ; 13.1                                                    ; --            ; altera_avalon_sc_fifo                      ; --             ;
; IP_TOOL_VERSION                     ; 13.1                                                    ; --            ; altera_avalon_st_handshake_clock_crosser   ; --             ;
; IP_TOOL_VERSION                     ; 13.1                                                    ; --            ; altera_merlin_master_agent                 ; --             ;
; IP_TOOL_VERSION                     ; 13.1                                                    ; --            ; altera_merlin_master_translator            ; --             ;
; IP_TOOL_VERSION                     ; 13.1                                                    ; --            ; altera_merlin_slave_agent                  ; --             ;
; IP_TOOL_VERSION                     ; 13.1                                                    ; --            ; altera_merlin_slave_translator             ; --             ;
; IP_TOOL_VERSION                     ; 13.1                                                    ; --            ; altera_reset_controller                    ; --             ;
; MAX_CORE_JUNCTION_TEMP              ; 85                                                      ; --            ; --                                         ; --             ;
; MIN_CORE_JUNCTION_TEMP              ; 0                                                       ; --            ; --                                         ; --             ;
; MISC_FILE                           ; MPSoC/synthesis/../../MPSoC.cmp                         ; --            ; --                                         ; --             ;
; MISC_FILE                           ; MPSoC/synthesis/../../MPSoC.qsys                        ; --            ; --                                         ; --             ;
; NOMINAL_CORE_SUPPLY_VOLTAGE         ; 1.2V                                                    ; --            ; --                                         ; --             ;
; PARTITION_COLOR                     ; 16764057                                                ; --            ; --                                         ; Top            ;
; PARTITION_FITTER_PRESERVATION_LEVEL ; PLACEMENT_AND_ROUTING                                   ; --            ; --                                         ; Top            ;
; PARTITION_NETLIST_TYPE              ; SOURCE                                                  ; --            ; --                                         ; Top            ;
; POWER_BOARD_THERMAL_MODEL           ; None (CONSERVATIVE)                                     ; --            ; --                                         ; --             ;
; POWER_PRESET_COOLING_SOLUTION       ; 23 MM HEAT SINK WITH 200 LFPM AIRFLOW                   ; --            ; --                                         ; --             ;
; PROJECT_OUTPUT_DIRECTORY            ; output_files                                            ; --            ; --                                         ; --             ;
; SLD_FILE                            ; MPSoC/synthesis/MPSoC.regmap                            ; --            ; --                                         ; --             ;
; SLD_FILE                            ; MPSoC/synthesis/MPSoC.debuginfo                         ; --            ; --                                         ; --             ;
; SLD_INFO                            ; QSYS_NAME MPSoC HAS_SOPCINFO 1 GENERATION_ID 1773046779 ; --            ; MPSoC                                      ; --             ;
; SOPCINFO_FILE                       ; MPSoC/synthesis/../../MPSoC.sopcinfo                    ; --            ; --                                         ; --             ;
; SYNTHESIS_ONLY_QIP                  ; On                                                      ; --            ; --                                         ; --             ;
+-------------------------------------+---------------------------------------------------------+---------------+--------------------------------------------+----------------+


+-------------------------------------------------------------------------------------------------------------------------------+
; Flow Elapsed Time                                                                                                             ;
+---------------------------+--------------+-------------------------+---------------------+------------------------------------+
; Module Name               ; Elapsed Time ; Average Processors Used ; Peak Virtual Memory ; Total CPU Time (on all processors) ;
+---------------------------+--------------+-------------------------+---------------------+------------------------------------+
; Analysis & Synthesis      ; 00:02:56     ; 1.0                     ; 5206 MB             ; 00:02:28                           ;
; Fitter                    ; 00:01:29     ; 1.0                     ; 5318 MB             ; 00:01:17                           ;
; Assembler                 ; 00:00:06     ; 1.0                     ; 4712 MB             ; 00:00:05                           ;
; TimeQuest Timing Analyzer ; 00:00:09     ; 1.0                     ; 4919 MB             ; 00:00:08                           ;
; EDA Netlist Writer        ; 00:00:13     ; 1.0                     ; 4798 MB             ; 00:00:12                           ;
; Total                     ; 00:04:53     ; --                      ; --                  ; 00:04:10                           ;
+---------------------------+--------------+-------------------------+---------------------+------------------------------------+


+----------------------------------------------------------------------------------------+
; Flow OS Summary                                                                        ;
+---------------------------+------------------+-----------+------------+----------------+
; Module Name               ; Machine Hostname ; OS Name   ; OS Version ; Processor type ;
+---------------------------+------------------+-----------+------------+----------------+
; Analysis & Synthesis      ; Fikry-PC         ; Windows 7 ; 6.2        ; x86_64         ;
; Fitter                    ; Fikry-PC         ; Windows 7 ; 6.2        ; x86_64         ;
; Assembler                 ; Fikry-PC         ; Windows 7 ; 6.2        ; x86_64         ;
; TimeQuest Timing Analyzer ; Fikry-PC         ; Windows 7 ; 6.2        ; x86_64         ;
; EDA Netlist Writer        ; Fikry-PC         ; Windows 7 ; 6.2        ; x86_64         ;
+---------------------------+------------------+-----------+------------+----------------+


------------
; Flow Log ;
------------
quartus_map --read_settings_files=on --write_settings_files=off jpeg_pipeline -c jpeg_pipeline
quartus_fit --read_settings_files=off --write_settings_files=off jpeg_pipeline -c jpeg_pipeline
quartus_asm --read_settings_files=off --write_settings_files=off jpeg_pipeline -c jpeg_pipeline
quartus_sta jpeg_pipeline -c jpeg_pipeline
quartus_eda --read_settings_files=off --write_settings_files=off jpeg_pipeline -c jpeg_pipeline



