Archive member included because of file (symbol)

c:/altera/13.1/nios2eds/bin/gnu/h-i686-mingw32/bin/../lib/gcc/nios2-elf/4.7.3/../../../../../H-i686-mingw32/nios2-elf/lib/mno-hw-mul\libc.a(lib_a-fclose.o)
                              obj/default/main.o (fclose)
c:/altera/13.1/nios2eds/bin/gnu/h-i686-mingw32/bin/../lib/gcc/nios2-elf/4.7.3/../../../../../H-i686-mingw32/nios2-elf/lib/mno-hw-mul\libc.a(lib_a-fflush.o)
                              c:/altera/13.1/nios2eds/bin/gnu/h-i686-mingw32/bin/../lib/gcc/nios2-elf/4.7.3/../../../../../H-i686-mingw32/nios2-elf/lib/mno-hw-mul\libc.a(lib_a-fclose.o) (_fflush_r)
c:/altera/13.1/nios2eds/bin/gnu/h-i686-mingw32/bin/../lib/gcc/nios2-elf/4.7.3/../../../../../H-i686-mingw32/nios2-elf/lib/mno-hw-mul\libc.a(lib_a-findfp.o)
                              c:/altera/13.1/nios2eds/bin/gnu/h-i686-mingw32/bin/../lib/gcc/nios2-elf/4.7.3/../../../../../H-i686-mingw32/nios2-elf/lib/mno-hw-mul\libc.a(lib_a-fclose.o) (__sinit)
c:/altera/13.1/nios2eds/bin/gnu/h-i686-mingw32/bin/../lib/gcc/nios2-elf/4.7.3/../../../../../H-i686-mingw32/nios2-elf/lib/mno-hw-mul\libc.a(lib_a-fopen.o)
                              obj/default/main.o (fopen)
c:/altera/13.1/nios2eds/bin/gnu/h-i686-mingw32/bin/../lib/gcc/nios2-elf/4.7.3/../../../../../H-i686-mingw32/nios2-elf/lib/mno-hw-mul\libc.a(lib_a-fputc.o)
                              obj/default/main.o (fputc)
c:/altera/13.1/nios2eds/bin/gnu/h-i686-mingw32/bin/../lib/gcc/nios2-elf/4.7.3/../../../../../H-i686-mingw32/nios2-elf/lib/mno-hw-mul\libc.a(lib_a-freer.o)
                              c:/altera/13.1/nios2eds/bin/gnu/h-i686-mingw32/bin/../lib/gcc/nios2-elf/4.7.3/../../../../../H-i686-mingw32/nios2-elf/lib/mno-hw-mul\libc.a(lib_a-fclose.o) (_free_r)
c:/altera/13.1/nios2eds/bin/gnu/h-i686-mingw32/bin/../lib/gcc/nios2-elf/4.7.3/../../../../../H-i686-mingw32/nios2-elf/lib/mno-hw-mul\libc.a(lib_a-fseek.o)
                              c:/altera/13.1/nios2eds/bin/gnu/h-i686-mingw32/bin/../lib/gcc/nios2-elf/4.7.3/../../../../../H-i686-mingw32/nios2-elf/lib/mno-hw-mul\libc.a(lib_a-fopen.o) (_fseek_r)
c:/altera/13.1/nios2eds/bin/gnu/h-i686-mingw32/bin/../lib/gcc/nios2-elf/4.7.3/../../../../../H-i686-mingw32/nios2-elf/lib/mno-hw-mul\libc.a(lib_a-fstatr.o)
                              c:/altera/13.1/nios2eds/bin/gnu/h-i686-mingw32/bin/../lib/gcc/nios2-elf/4.7.3/../../../../../H-i686-mingw32/nios2-elf/lib/mno-hw-mul\libc.a(lib_a-fseek.o) (_fstat_r)
c:/altera/13.1/nios2eds/bin/gnu/h-i686-mingw32/bin/../lib/gcc/nios2-elf/4.7.3/../../../../../H-i686-mingw32/nios2-elf/lib/mno-hw-mul\libc.a(lib_a-fwalk.o)
                              c:/altera/13.1/nios2eds/bin/gnu/h-i686-mingw32/bin/../lib/gcc/nios2-elf/4.7.3/../../../../../H-i686-mingw32/nios2-elf/lib/mno-hw-mul\libc.a(lib_a-findfp.o) (_fwalk)
c:/altera/13.1/nios2eds/bin/gnu/h-i686-mingw32/bin/../lib/gcc/nios2-elf/4.7.3/../../../../../H-i686-mingw32/nios2-elf/lib/mno-hw-mul\libc.a(lib_a-impure.o)
                              c:/altera/13.1/nios2eds/bin/gnu/h-i686-mingw32/bin/../lib/gcc/nios2-elf/4.7.3/../../../../../H-i686-mingw32/nios2-elf/lib/mno-hw-mul\libc.a(lib_a-fflush.o) (_global_impure_ptr)
c:/altera/13.1/nios2eds/bin/gnu/h-i686-mingw32/bin/../lib/gcc/nios2-elf/4.7.3/../../../../../H-i686-mingw32/nios2-elf/lib/mno-hw-mul\libc.a(lib_a-int_errno.o)
                              c:/altera/13.1/nios2eds/bin/gnu/h-i686-mingw32/bin/../lib/gcc/nios2-elf/4.7.3/../../../../../H-i686-mingw32/nios2-elf/lib/mno-hw-mul\libc.a(lib_a-fstatr.o) (errno)
c:/altera/13.1/nios2eds/bin/gnu/h-i686-mingw32/bin/../lib/gcc/nios2-elf/4.7.3/../../../../../H-i686-mingw32/nios2-elf/lib/mno-hw-mul\libc.a(lib_a-makebuf.o)
                              c:/altera/13.1/nios2eds/bin/gnu/h-i686-mingw32/bin/../lib/gcc/nios2-elf/4.7.3/../../../../../H-i686-mingw32/nios2-elf/lib/mno-hw-mul\libc.a(lib_a-fseek.o) (__smakebuf_r)
c:/altera/13.1/nios2eds/bin/gnu/h-i686-mingw32/bin/../lib/gcc/nios2-elf/4.7.3/../../../../../H-i686-mingw32/nios2-elf/lib/mno-hw-mul\libc.a(lib_a-mallocr.o)
                              c:/altera/13.1/nios2eds/bin/gnu/h-i686-mingw32/bin/../lib/gcc/nios2-elf/4.7.3/../../../../../H-i686-mingw32/nios2-elf/lib/mno-hw-mul\libc.a(lib_a-findfp.o) (_malloc_r)
c:/altera/13.1/nios2eds/bin/gnu/h-i686-mingw32/bin/../lib/gcc/nios2-elf/4.7.3/../../../../../H-i686-mingw32/nios2-elf/lib/mno-hw-mul\libc.a(lib_a-memcpy.o)
                              obj/default/main.o (memcpy)
c:/altera/13.1/nios2eds/bin/gnu/h-i686-mingw32/bin/../lib/gcc/nios2-elf/4.7.3/../../../../../H-i686-mingw32/nios2-elf/lib/mno-hw-mul\libc.a(lib_a-memset.o)
                              c:/altera/13.1/nios2eds/bin/gnu/h-i686-mingw32/bin/../lib/gcc/nios2-elf/4.7.3/../../../../../H-i686-mingw32/nios2-elf/lib/mno-hw-mul\libc.a(lib_a-findfp.o) (memset)
c:/altera/13.1/nios2eds/bin/gnu/h-i686-mingw32/bin/../lib/gcc/nios2-elf/4.7.3/../../../../../H-i686-mingw32/nios2-elf/lib/mno-hw-mul\libc.a(lib_a-openr.o)
[...]
Memory Configuration

Name             Origin             Length             Attributes
reset            0x00020000         0x00000020
ram_stage6       0x00020020         0x000176e0
*default*        0x00000000         0xffffffff

Linker script and memory map

LOAD ../cpu_stage6_bsp//obj/HAL/src/crt0.o
LOAD obj/default/main.o
LOAD c:/altera/13.1/nios2eds/bin/gnu/h-i686-mingw32/bin/../lib/gcc/nios2-elf/4.7.3/../../../../../H-i686-mingw32/nios2-elf/lib/mno-hw-mul\libstdc++.a
LOAD c:/altera/13.1/nios2eds/bin/gnu/h-i686-mingw32/bin/../lib/gcc/nios2-elf/4.7.3/../../../../../H-i686-mingw32/nios2-elf/lib/mno-hw-mul\libm.a
LOAD c:/altera/13.1/nios2eds/bin/gnu/h-i686-mingw32/bin/../lib/gcc/nios2-elf/4.7.3/mno-hw-mul\libgcc.a
START GROUP
LOAD c:/altera/13.1/nios2eds/bin/gnu/h-i686-mingw32/bin/../lib/gcc/nios2-elf/4.7.3/../../../../../H-i686-mingw32/nios2-elf/lib/mno-hw-mul\libc.a
LOAD c:/altera/13.1/nios2eds/bin/gnu/h-i686-mingw32/bin/../lib/gcc/nios2-elf/4.7.3/mno-hw-mul\libgcc.a
LOAD ../cpu_stage6_bsp/\libhal_bsp.a
END GROUP
LOAD c:/altera/13.1/nios2eds/bin/gnu/h-i686-mingw32/bin/../lib/gcc/nios2-elf/4.7.3/mno-hw-mul\libgcc.a
                0x00020000                __alt_mem_ram_stage6 = 0x20000

.entry          0x00020000       0x20
 *(.entry)
 .entry         0x00020000       0x20 ../cpu_stage6_bsp//obj/HAL/src/crt0.o
                0x00020000                __reset

.exceptions     0x00020020      0x198
                0x00020020                PROVIDE (__ram_exceptions_start, ABSOLUTE (.))
                0x00020020                . = ALIGN (0x20)
 *(.irq)
 *(.exceptions.entry.label)
 .exceptions.entry.label
                0x00020020        0x0 ../cpu_stage6_bsp/\libhal_bsp.a(alt_irq_entry.o)
                0x00020020                alt_irq_entry
 .exceptions.entry.label
                0x00020020        0x0 ../cpu_stage6_bsp/\libhal_bsp.a(alt_exception_entry.o)
                0x00020020                alt_exception
 *(.exceptions.entry.user)
 *(.exceptions.entry.ecc_fatal)
 *(.exceptions.entry)
 .exceptions.entry
                0x00020020       0x54 ../cpu_stage6_bsp/\libhal_bsp.a(alt_exception_entry.o)
 *(.exceptions.irqtest.user)
 *(.exceptions.irqtest)
 .exceptions.irqtest
                0x00020074       0x10 ../cpu_stage6_bsp/\libhal_bsp.a(alt_irq_entry.o)
 *(.exceptions.irqhandler.user)
 *(.exceptions.irqhandler)
 .exceptions.irqhandler
                0x00020084        0x4 ../cpu_stage6_bsp/\libhal_bsp.a(alt_irq_entry.o)
 *(.exceptions.irqreturn.user)
 *(.exceptions.irqreturn)
 .exceptions.irqreturn
                0x00020088        0x4 ../cpu_stage6_bsp/\libhal_bsp.a(alt_irq_entry.o)
 *(.exceptions.notirq.label)
 .exceptions.notirq.label
                0x0002008c        0x0 ../cpu_stage6_bsp/\libhal_bsp.a(alt_irq_entry.o)
 *(.exceptions.notirq.user)
 *(.exceptions.notirq)
 .exceptions.notirq
                0x0002008c        0x8 ../cpu_stage6_bsp/\libhal_bsp.a(alt_exception_entry.o)
 *(.exceptions.soft.user)
 *(.exceptions.soft)
 *(.exceptions.unknown.user)
 *(.exceptions.unknown)
 .exceptions.unknown
                0x00020094        0x4 ../cpu_stage6_bsp/\libhal_bsp.a(alt_exception_entry.o)
 *(.exceptions.exit.label)
 .exceptions.exit.label
                0x00020098        0x0 ../cpu_stage6_bsp/\libhal_bsp.a(alt_irq_entry.o)
 .exceptions.exit.label
                0x00020098        0x0 ../cpu_stage6_bsp/\libhal_bsp.a(alt_exception_entry.o)
 *(.exceptions.exit.user)
 *(.exceptions.exit)
 .exceptions.exit
                0x00020098       0x54 ../cpu_stage6_bsp/\libhal_bsp.a(alt_exception_entry.o)
 *(.exceptions)
 .exceptions    0x000200ec       0xcc ../cpu_stage6_bsp/\libhal_bsp.a(alt_irq_handler.o)
                0x000200ec                alt_irq_handler
                0x000201b8                PROVIDE (__ram_exceptions_end, ABSOLUTE (.))
                0x00020020                PROVIDE (__flash_exceptions_start, LOADADDR (.exceptions))

.text           0x000201b8     0xd754
                0x000201b8                PROVIDE (stext, ABSOLUTE (.))
 *(.interp)
 *(.hash)
 *(.dynsym)
 *(.dynstr)
 *(.gnu.version)
 *(.gnu.version_d)
 *(.gnu.version_r)
 *(.rel.init)
 *(.rela.init)
 *(.rel.text .rel.text.* .rel.gnu.linkonce.t.*)
 *(.rela.text .rela.text.* .rela.gnu.linkonce.t.*)
 *(.rel.fini)
 *(.rela.fini)
 *(.rel.rodata .rel.rodata.* .rel.gnu.linkonce.r.*)
 *(.rela.rodata .rela.rodata.* .rela.gnu.linkonce.r.*)
 *(.rel.data .rel.data.* .rel.gnu.linkonce.d.*)
 *(.rela.data .rela.data.* .rela.gnu.linkonce.d.*)
 *(.rel.tdata .rel.tdata.* .rel.gnu.linkonce.td.*)
 *(.rela.tdata .rela.tdata.* .rela.gnu.linkonce.td.*)
 *(.rel.tbss .rel.tbss.* .rel.gnu.linkonce.tb.*)
 *(.rela.tbss .rela.tbss.* .rela.gnu.linkonce.tb.*)
 *(.rel.ctors)
 *(.rela.ctors)
 *(.rel.dtors)
 *(.rela.dtors)
 *(.rel.got)
 *(.rela.got)
 *(.rel.sdata .rel.sdata.* .rel.gnu.linkonce.s.*)
 *(.rela.sdata .rela.sdata.* .rela.gnu.linkonce.s.*)
 *(.rel.sbss .rel.sbss.* .rel.gnu.linkonce.sb.*)
 *(.rela.sbss .rela.sbss.* .rela.gnu.linkonce.sb.*)
 *(.rel.sdata2 .rel.sdata2.* .rel.gnu.linkonce.s2.*)
 *(.rela.sdata2 .rela.sdata2.* .rela.gnu.linkonce.s2.*)
 *(.rel.sbss2 .rel.sbss2.* .rel.gnu.linkonce.sb2.*)
 *(.rela.sbss2 .rela.sbss2.* .rela.gnu.linkonce.sb2.*)
 *(.rel.bss .rel.bss.* .rel.gnu.linkonce.b.*)
 *(.rela.bss .rela.bss.* .rela.gnu.linkonce.b.*)
 *(.rel.plt)
 *(.rela.plt)
 *(.rel.dyn)
 *(.init)
 *(.plt)
 *(.text .stub .text.* .gnu.linkonce.t.*)
 .text          0x000201b8       0x3c ../cpu_stage6_bsp//obj/HAL/src/crt0.o
                0x000201b8                _start
 .text          0x000201f4      0x3d4 obj/default/main.o
                0x00020320                main
 .text          0x000205c8      0x150 c:/altera/13.1/nios2eds/bin/gnu/h-i686-mingw32/bin/../lib/gcc/nios2-elf/4.7.3/../../../../../H-i686-mingw32/nios2-elf/lib/mno-hw-mul\libc.a(lib_a-fclose.o)
                0x000205c8                _fclose_r
                0x00020704                fclose
 .text          0x00020718      0x218 c:/altera/13.1/nios2eds/bin/gnu/h-i686-mingw32/bin/../lib/gcc/nios2-elf/4.7.3/../../../../../H-i686-mingw32/nios2-elf/lib/mno-hw-mul\libc.a(lib_a-fflush.o)
                0x00020718                _fflush_r
                0x00020900                fflush
 .text          0x00020930      0x2ec c:/altera/13.1/nios2eds/bin/gnu/h-i686-mingw32/bin/../lib/gcc/nios2-elf/4.7.3/../../../../../H-i686-mingw32/nios2-elf/lib/mno-hw-mul\libc.a(lib_a-findfp.o)
                0x00020940                _cleanup_r
                0x0002094c                __sfmoreglue
                0x000209c4                _cleanup
                0x000209d4                __sinit
                0x00020ae0                __sfp
                0x00020bdc                __sfp_lock_acquire
                0x00020be0                __sfp_lock_release
                0x00020be4                __sinit_lock_acquire
                0x00020be8                __sinit_lock_release
                0x00020bec                __fp_lock_all
                0x00020c04                __fp_unlock_all
 .text          0x00020c1c      0x14c c:/altera/13.1/nios2eds/bin/gnu/h-i686-mingw32/bin/../lib/gcc/nios2-elf/4.7.3/../../../../../H-i686-mingw32/nios2-elf/lib/mno-hw-mul\libc.a(lib_a-fopen.o)
                0x00020c1c                _fopen_r
                0x00020d4c                fopen
 .text          0x00020d68       0xa4 c:/altera/13.1/nios2eds/bin/gnu/h-i686-mingw32/bin/../lib/gcc/nios2-elf/4.7.3/../../../../../H-i686-mingw32/nios2-elf/lib/mno-hw-mul\libc.a(lib_a-fputc.o)
                0x00020d68                _fputc_r
                0x00020dac                fputc
 .text          0x00020e0c      0x40c c:/altera/13.1/nios2eds/bin/gnu/h-i686-mingw32/bin/../lib/gcc/nios2-elf/4.7.3/../../../../../H-i686-mingw32/nios2-elf/lib/mno-hw-mul\libc.a(lib_a-freer.o)
                0x00020e0c                _malloc_trim_r
                0x00020f48                _free_r
 .text          0x00021218      0x498 c:/altera/13.1/nios2eds/bin/gnu/h-i686-mingw32/bin/../lib/gcc/nios2-elf/4.7.3/../../../../../H-i686-mingw32/nios2-elf/lib/mno-hw-mul\libc.a(lib_a-fseek.o)
                0x00021218                _fseek_r
                0x0002168c                fseek
 .text          0x000216b0       0x68 c:/altera/13.1/nios2eds/bin/gnu/h-i686-mingw32/bin/../lib/gcc/nios2-elf/4.7.3/../../../../../H-i686-mingw32/nios2-elf/lib/mno-hw-mul\libc.a(lib_a-fstatr.o)
                0x000216b0                _fstat_r
 .text          0x00021718      0x160 c:/altera/13.1/nios2eds/bin/gnu/h-i686-mingw32/bin/../lib/gcc/nios2-elf/4.7.3/../../../../../H-i686-mingw32/nios2-elf/lib/mno-hw-mul\libc.a(lib_a-fwalk.o)
                0x00021718                _fwalk
                0x000217c0                _fwalk_reent
 .text          0x00021878        0x0 c:/altera/13.1/nios2eds/bin/gnu/h-i686-mingw32/bin/../lib/gcc/nios2-elf/4.7.3/../../../../../H-i686-mingw32/nios2-elf/lib/mno-hw-mul\libc.a(lib_a-impure.o)
 .text          0x00021878        0x0 c:/altera/13.1/nios2eds/bin/gnu/h-i686-mingw32/bin/../lib/gcc/nios2-elf/4.7.3/../../../../../H-i686-mingw32/nios2-elf/lib/mno-hw-mul\libc.a(lib_a-int_errno.o)
 .text          0x00021878      0x1a8 c:/altera/13.1/nios2eds/bin/gnu/h-i686-mingw32/bin/../lib/gcc/nios2-elf/4.7.3/../../../../../H-i686-mingw32/nios2-elf/lib/mno-hw-mul\libc.a(lib_a-makebuf.o)
                0x00021878                __smakebuf_r
 .text          0x00021a20      0x784 c:/altera/13.1/nios2eds/bin/gnu/h-i686-mingw32/bin/../lib/gcc/nios2-elf/4.7.3/../../../../../H-i686-mingw32/nios2-elf/lib/mno-hw-mul\libc.a(lib_a-mallocr.o)
                0x00021a20                _malloc_r
 .text          0x000221a4      0x140 c:/altera/13.1/nios2eds/bin/gnu/h-i686-mingw32/bin/../lib/gcc/nios2-elf/4.7.3/../../../../../H-i686-mingw32/nios2-elf/lib/mno-hw-mul\libc.a(lib_a-memcpy.o)
                0x000221a4                memcpy
 .text          0x000222e4       0xdc c:/altera/13.1/nios2eds/bin/gnu/h-i686-mingw32/bin/../lib/gcc/nios2-elf/4.7.3/../../../../../H-i686-mingw32/nios2-elf/lib/mno-hw-mul\libc.a(lib_a-memset.o)
                0x000222e4                memset
 .text          0x000223c0       0x6c c:/altera/13.1/nios2eds/bin/gnu/h-i686-mingw32/bin/../lib/gcc/nios2-elf/4.7.3/../../../../../H-i686-mingw32/nios2-elf/lib/mno-hw-mul\libc.a(lib_a-openr.o)
                0x000223c0                _open_r
 .text          0x0002242c       0x68 c:/altera/13.1/nios2eds/bin/gnu/h-i686-mingw32/bin/../lib/gcc/nios2-elf/4.7.3/../../../../../H-i686-mingw32/nios2-elf/lib/mno-hw-mul\libc.a(lib_a-printf.o)
                0x0002242c                _printf_r
                0x00022458                printf
 .text          0x00022494      0x1ac c:/altera/13.1/nios2eds/bin/gnu/h-i686-mingw32/bin/../lib/gcc/nios2-elf/4.7.3/../../../../../H-i686-mingw32/nios2-elf/lib/mno-hw-mul\libc.a(lib_a-putc.o)
                0x00022494                _putc_r
                0x00022550                putc
 .text          0x00022640       0x98 c:/altera/13.1/nios2eds/bin/gnu/h-i686-mingw32/bin/../lib/gcc/nios2-elf/4.7.3/../../../../../H-i686-mingw32/nios2-elf/lib/mno-hw-mul\libc.a(lib_a-puts.o)
                0x00022640                _puts_r
                0x000226c4                puts
 .text          0x000226d8      0x208 c:/altera/13.1/nios2eds/bin/gnu/h-i686-mingw32/bin/../lib/gcc/nios2-elf/4.7.3/../../../../../H-i686-mingw32/nios2-elf/lib/mno-hw-mul\libc.a(lib_a-refill.o)
                0x000226f4                __srefill_r
 .text          0x000228e0       0x64 c:/altera/13.1/nios2eds/bin/gnu/h-i686-mingw32/bin/../lib/gcc/nios2-elf/4.7.3/../../../../../H-i686-mingw32/nios2-elf/lib/mno-hw-mul\libc.a(lib_a-sbrkr.o)
                0x000228e0                _sbrk_r
 .text          0x00022944      0x140 c:/altera/13.1/nios2eds/bin/gnu/h-i686-mingw32/bin/../lib/gcc/nios2-elf/4.7.3/../../../../../H-i686-mingw32/nios2-elf/lib/mno-hw-mul\libc.a(lib_a-stdio.o)
                0x00022944                __sread
                0x00022998                __swrite
                0x00022a20                __sseek
                0x00022a7c                __sclose
 .text          0x00022a84       0x98 c:/altera/13.1/nios2eds/bin/gnu/h-i686-mingw32/bin/../lib/gcc/nios2-elf/4.7.3/../../../../../H-i686-mingw32/nios2-elf/lib/mno-hw-mul\libc.a(lib_a-strcat.o)
                0x00022a84                strcat
 .text          0x00022b1c       0x94 c:/altera/13.1/nios2eds/bin/gnu/h-i686-mingw32/bin/../lib/gcc/nios2-elf/4.7.3/../../../../../H-i686-mingw32/nios2-elf/lib/mno-hw-mul\libc.a(lib_a-strcpy.o)
                0x00022b1c                strcpy
 .text          0x00022bb0       0x8c c:/altera/13.1/nios2eds/bin/gnu/h-i686-mingw32/bin/../lib/gcc/nios2-elf/4.7.3/../../../../../H-i686-mingw32/nios2-elf/lib/mno-hw-mul\libc.a(lib_a-strlen.o)
                0x00022bb0                strlen
 .text          0x00022c3c     0x1ed4 c:/altera/13.1/nios2eds/bin/gnu/h-i686-mingw32/bin/../lib/gcc/nios2-elf/4.7.3/../../../../../H-i686-mingw32/nios2-elf/lib/mno-hw-mul\libc.a(lib_a-vfprintf.o)
                0x00022c70                ___vfprintf_internal_r
                0x00024aec                __vfprintf_internal
 .text          0x00024b10      0x158 c:/altera/13.1/nios2eds/bin/gnu/h-i686-mingw32/bin/../lib/gcc/nios2-elf/4.7.3/../../../../../H-i686-mingw32/nios2-elf/lib/mno-hw-mul\libc.a(lib_a-wbuf.o)
                0x00024b10                __swbuf_r
                0x00024c4c                __swbuf
 .text          0x00024c68       0x6c c:/altera/13.1/nios2eds/bin/gnu/h-i686-mingw32/bin/../lib/gcc/nios2-elf/4.7.3/../../../../../H-i686-mingw32/nios2-elf/lib/mno-hw-mul\libc.a(lib_a-writer.o)
                0x00024c68                _write_r
 .text          0x00024cd4      0x174 c:/altera/13.1/nios2eds/bin/gnu/h-i686-mingw32/bin/../lib/gcc/nios2-elf/4.7.3/../../../../../H-i686-mingw32/nios2-elf/lib/mno-hw-mul\libc.a(lib_a-wsetup.o)
                0x00024cd4                __swsetup_r
 .text          0x00024e48       0x64 c:/altera/13.1/nios2eds/bin/gnu/h-i686-mingw32/bin/../lib/gcc/nios2-elf/4.7.3/../../../../../H-i686-mingw32/nios2-elf/lib/mno-hw-mul\libc.a(lib_a-closer.o)
                0x00024e48                _close_r
 .text          0x00024eac     0x1858 c:/altera/13.1/nios2eds/bin/gnu/h-i686-mingw32/bin/../lib/gcc/nios2-elf/4.7.3/../../../../../H-i686-mingw32/nios2-elf/lib/mno-hw-mul\libc.a(lib_a-dtoa.o)
                0x000250e8                _dtoa_r
 .text          0x00026704       0x98 c:/altera/13.1/nios2eds/bin/gnu/h-i686-mingw32/bin/../lib/gcc/nios2-elf/4.7.3/../../../../../H-i686-mingw32/nios2-elf/lib/mno-hw-mul\libc.a(lib_a-flags.o)
                0x00026704                __sflags
 .text          0x0002679c      0x4e4 c:/altera/13.1/nios2eds/bin/gnu/h-i686-mingw32/bin/../lib/gcc/nios2-elf/4.7.3/../../../../../H-i686-mingw32/nios2-elf/lib/mno-hw-mul\libc.a(lib_a-fvwrite.o)
                0x0002679c                __sfvwrite_r
 .text          0x00026c80       0x64 c:/altera/13.1/nios2eds/bin/gnu/h-i686-mingw32/bin/../lib/gcc/nios2-elf/4.7.3/../../../../../H-i686-mingw32/nios2-elf/lib/mno-hw-mul\libc.a(lib_a-isattyr.o)
                0x00026c80                _isatty_r
 .text          0x00026ce4       0xdc c:/altera/13.1/nios2eds/bin/gnu/h-i686-mingw32/bin/../lib/gcc/nios2-elf/4.7.3/../../../../../H-i686-mingw32/nios2-elf/lib/mno-hw-mul\libc.a(lib_a-locale.o)
                0x00026ce4                _setlocale_r
                0x00026d80                __locale_charset
                0x00026d8c                _localeconv_r
                0x00026d98                setlocale
                0x00026db4                localeconv
 .text          0x00026dc0       0x6c c:/altera/13.1/nios2eds/bin/gnu/h-i686-mingw32/bin/../lib/gcc/nios2-elf/4.7.3/../../../../../H-i686-mingw32/nios2-elf/lib/mno-hw-mul\libc.a(lib_a-lseekr.o)
                0x00026dc0                _lseek_r
 .text          0x00026e2c       0xf8 c:/altera/13.1/nios2eds/bin/gnu/h-i686-mingw32/bin/../lib/gcc/nios2-elf/4.7.3/../../../../../H-i686-mingw32/nios2-elf/lib/mno-hw-mul\libc.a(lib_a-memchr.o)
                0x00026e2c                memchr
 .text          0x00026f24      0x18c c:/altera/13.1/nios2eds/bin/gnu/h-i686-mingw32/bin/../lib/gcc/nios2-elf/4.7.3/../../../../../H-i686-mingw32/nios2-elf/lib/mno-hw-mul\libc.a(lib_a-memmove.o)
                0x00026f24                memmove
 .text          0x000270b0     0x1050 c:/altera/13.1/nios2eds/bin/gnu/h-i686-mingw32/bin/../lib/gcc/nios2-elf/4.7.3/../../../../../H-i686-mingw32/nios2-elf/lib/mno-hw-mul\libc.a(lib_a-mprec.o)
                0x000270b0                _Balloc
                0x00027158                _Bfree
                0x00027180                __multadd
                0x000272c4                __s2b
                0x000273c8                __hi0bits
                0x00027430                __lo0bits
                0x000274e0                __i2b
                0x0002751c                __multiply
                0x00027774                __pow5mult
                0x000278a0                __lshift
                0x000279fc                __mcmp
                0x00027a54                __mdiff
                0x00027bfc                __ulp
                0x00027c5c                __b2d
                0x00027da4                __d2b
                0x00027ee8                __ratio
                0x00027f8c                _mprec_log10
                0x00028000                __copybits
                0x0002807c                __any_on
 .text          0x00028100       0x6c c:/altera/13.1/nios2eds/bin/gnu/h-i686-mingw32/bin/../lib/gcc/nios2-elf/4.7.3/../../../../../H-i686-mingw32/nios2-elf/lib/mno-hw-mul\libc.a(lib_a-readr.o)
                0x00028100                _read_r
 .text          0x0002816c      0x5fc c:/altera/13.1/nios2eds/bin/gnu/h-i686-mingw32/bin/../lib/gcc/nios2-elf/4.7.3/../../../../../H-i686-mingw32/nios2-elf/lib/mno-hw-mul\libc.a(lib_a-reallocr.o)
                0x0002816c                _realloc_r
 .text          0x00028768       0x38 c:/altera/13.1/nios2eds/bin/gnu/h-i686-mingw32/bin/../lib/gcc/nios2-elf/4.7.3/../../../../../H-i686-mingw32/nios2-elf/lib/mno-hw-mul\libc.a(lib_a-s_isinfd.o)
                0x00028768                __isinfd
 .text          0x000287a0       0x2c c:/altera/13.1/nios2eds/bin/gnu/h-i686-mingw32/bin/../lib/gcc/nios2-elf/4.7.3/../../../../../H-i686-mingw32/nios2-elf/lib/mno-hw-mul\libc.a(lib_a-s_isnand.o)
                0x000287a0                __isnand
 .text          0x000287cc       0xa4 c:/altera/13.1/nios2eds/bin/gnu/h-i686-mingw32/bin/../lib/gcc/nios2-elf/4.7.3/../../../../../H-i686-mingw32/nios2-elf/lib/mno-hw-mul\libc.a(lib_a-strcmp.o)
                0x000287cc                strcmp
 .text          0x00028870       0xcc c:/altera/13.1/nios2eds/bin/gnu/h-i686-mingw32/bin/../lib/gcc/nios2-elf/4.7.3/../../../../../H-i686-mingw32/nios2-elf/lib/mno-hw-mul\libc.a(lib_a-callocr.o)
                0x00028870                _calloc_r
 .text          0x0002893c      0x650 c:/altera/13.1/nios2eds/bin/gnu/h-i686-mingw32/bin/../lib/gcc/nios2-elf/4.7.3/mno-hw-mul\libgcc.a(_udivdi3.o)
                0x0002893c                __udivdi3
 .text          0x00028f8c      0x628 c:/altera/13.1/nios2eds/bin/gnu/h-i686-mingw32/bin/../lib/gcc/nios2-elf/4.7.3/mno-hw-mul\libgcc.a(_umoddi3.o)
                0x00028f8c                __umoddi3
 .text          0x000295b4      0x408 c:/altera/13.1/nios2eds/bin/gnu/h-i686-mingw32/bin/../lib/gcc/nios2-elf/4.7.3/mno-hw-mul\libgcc.a(_addsub_df.o)
                0x00029908                __adddf3
                0x0002995c                __subdf3
 .text          0x000299bc      0x2e4 c:/altera/13.1/nios2eds/bin/gnu/h-i686-mingw32/bin/../lib/gcc/nios2-elf/4.7.3/mno-hw-mul\libgcc.a(_mul_df.o)
                0x000299bc                __muldf3
 .text          0x00029ca0      0x1b4 c:/altera/13.1/nios2eds/bin/gnu/h-i686-mingw32/bin/../lib/gcc/nios2-elf/4.7.3/mno-hw-mul\libgcc.a(_div_df.o)
                0x00029ca0                __divdf3
 .text          0x00029e54       0x5c c:/altera/13.1/nios2eds/bin/gnu/h-i686-mingw32/bin/../lib/gcc/nios2-elf/4.7.3/mno-hw-mul\libgcc.a(_eq_df.o)
                0x00029e54                __eqdf2
 .text          0x00029eb0       0x5c c:/altera/13.1/nios2eds/bin/gnu/h-i686-mingw32/bin/../lib/gcc/nios2-elf/4.7.3/mno-hw-mul\libgcc.a(_ne_df.o)
                0x00029eb0                __nedf2
 .text          0x00029f0c       0x64 c:/altera/13.1/nios2eds/bin/gnu/h-i686-mingw32/bin/../lib/gcc/nios2-elf/4.7.3/mno-hw-mul\libgcc.a(_gt_df.o)
                0x00029f0c                __gtdf2
 .text          0x00029f70       0x64 c:/altera/13.1/nios2eds/bin/gnu/h-i686-mingw32/bin/../lib/gcc/nios2-elf/4.7.3/mno-hw-mul\libgcc.a(_ge_df.o)
                0x00029f70                __gedf2
 .text          0x00029fd4       0x5c c:/altera/13.1/nios2eds/bin/gnu/h-i686-mingw32/bin/../lib/gcc/nios2-elf/4.7.3/mno-hw-mul\libgcc.a(_lt_df.o)
                0x00029fd4                __ltdf2
 .text          0x0002a030       0xd4 c:/altera/13.1/nios2eds/bin/gnu/h-i686-mingw32/bin/../lib/gcc/nios2-elf/4.7.3/mno-hw-mul\libgcc.a(_si_to_df.o)
                0x0002a030                __floatsidf
 .text          0x0002a104       0xd4 c:/altera/13.1/nios2eds/bin/gnu/h-i686-mingw32/bin/../lib/gcc/nios2-elf/4.7.3/mno-hw-mul\libgcc.a(_df_to_si.o)
                0x0002a104                __fixdfsi
 .text          0x0002a1d8        0x0 c:/altera/13.1/nios2eds/bin/gnu/h-i686-mingw32/bin/../lib/gcc/nios2-elf/4.7.3/mno-hw-mul\libgcc.a(_thenan_df.o)
 .text          0x0002a1d8      0x11c c:/altera/13.1/nios2eds/bin/gnu/h-i686-mingw32/bin/../lib/gcc/nios2-elf/4.7.3/mno-hw-mul\libgcc.a(_usi_to_df.o)
                0x0002a1d8                __floatunsidf
 .text          0x0002a2f4      0x130 c:/altera/13.1/nios2eds/bin/gnu/h-i686-mingw32/bin/../lib/gcc/nios2-elf/4.7.3/mno-hw-mul\libgcc.a(lib2-divmod.o)
                0x0002a368                __divsi3
                0x0002a3b8                __modsi3
                0x0002a414                __udivsi3
                0x0002a41c                __umodsi3
 .text          0x0002a424       0x28 c:/altera/13.1/nios2eds/bin/gnu/h-i686-mingw32/bin/../lib/gcc/nios2-elf/4.7.3/mno-hw-mul\libgcc.a(lib2-mul.o)
                0x0002a424                __mulsi3
 .text          0x0002a44c      0x110 c:/altera/13.1/nios2eds/bin/gnu/h-i686-mingw32/bin/../lib/gcc/nios2-elf/4.7.3/mno-hw-mul\libgcc.a(_muldi3.o)
                0x0002a44c                __muldi3
 .text          0x0002a55c        0x0 c:/altera/13.1/nios2eds/bin/gnu/h-i686-mingw32/bin/../lib/gcc/nios2-elf/4.7.3/mno-hw-mul\libgcc.a(_clz.o)
 .text          0x0002a55c       0xac c:/altera/13.1/nios2eds/bin/gnu/h-i686-mingw32/bin/../lib/gcc/nios2-elf/4.7.3/mno-hw-mul\libgcc.a(_clzsi2.o)
                0x0002a55c                __clzsi2
 .text          0x0002a608      0x224 c:/altera/13.1/nios2eds/bin/gnu/h-i686-mingw32/bin/../lib/gcc/nios2-elf/4.7.3/mno-hw-mul\libgcc.a(_pack_df.o)
                0x0002a608                __pack_d
 .text          0x0002a82c      0x104 c:/altera/13.1/nios2eds/bin/gnu/h-i686-mingw32/bin/../lib/gcc/nios2-elf/4.7.3/mno-hw-mul\libgcc.a(_unpack_df.o)
                0x0002a82c                __unpack_d
 .text          0x0002a930       0xd0 c:/altera/13.1/nios2eds/bin/gnu/h-i686-mingw32/bin/../lib/gcc/nios2-elf/4.7.3/mno-hw-mul\libgcc.a(_fpcmp_parts_df.o)
                0x0002a930                __fpcmp_parts_d
 .text          0x0002aa00       0x44 c:/altera/13.1/nios2eds/bin/gnu/h-i686-mingw32/bin/../lib/gcc/nios2-elf/4.7.3/mno-hw-mul\libgcc.a(_lshrdi3.o)
                0x0002aa00                __lshrdi3
 .text          0x0002aa44       0x44 c:/altera/13.1/nios2eds/bin/gnu/h-i686-mingw32/bin/../lib/gcc/nios2-elf/4.7.3/mno-hw-mul\libgcc.a(_ashldi3.o)
                0x0002aa44                __ashldi3
 .text          0x0002aa88      0x11c ../cpu_stage6_bsp/\libhal_bsp.a(alt_close.o)
                0x0002aad8                close
 .text          0x0002aba4       0x2c ../cpu_stage6_bsp/\libhal_bsp.a(alt_dev.o)
 .text          0x0002abd0        0x0 ../cpu_stage6_bsp/\libhal_bsp.a(alt_errno.o)
 .text          0x0002abd0      0x100 ../cpu_stage6_bsp/\libhal_bsp.a(alt_fstat.o)
                0x0002ac20                fstat
 .text          0x0002acd0       0xf4 ../cpu_stage6_bsp/\libhal_bsp.a(alt_isatty.o)
                0x0002ad20                isatty
 .text          0x0002adc4       0xec ../cpu_stage6_bsp/\libhal_bsp.a(alt_load.o)
                0x0002ae30                alt_load
 .text          0x0002aeb0      0x124 ../cpu_stage6_bsp/\libhal_bsp.a(alt_lseek.o)
                0x0002af00                lseek
 .text          0x0002afd4       0x78 ../cpu_stage6_bsp/\libhal_bsp.a(alt_main.o)
                0x0002afd4                alt_main
 .text          0x0002b04c       0x40 ../cpu_stage6_bsp/\libhal_bsp.a(alt_malloc_lock.o)
                0x0002b04c                __malloc_lock
                0x0002b06c                __malloc_unlock
 .text          0x0002b08c      0x298 ../cpu_stage6_bsp/\libhal_bsp.a(alt_open.o)
                0x0002b1cc                open
 .text          0x0002b324      0x144 ../cpu_stage6_bsp/\libhal_bsp.a(alt_read.o)
                0x0002b374                read
 .text          0x0002b468       0x80 ../cpu_stage6_bsp/\libhal_bsp.a(alt_release_fd.o)
                0x0002b468                alt_release_fd
 .text          0x0002b4e8       0xb0 ../cpu_stage6_bsp/\libhal_bsp.a(alt_sbrk.o)
                0x0002b4e8                sbrk
 .text          0x0002b598      0x140 ../cpu_stage6_bsp/\libhal_bsp.a(alt_write.o)
                0x0002b5e8                write
 .text          0x0002b6d8       0xe0 ../cpu_stage6_bsp/\libhal_bsp.a(alt_sys_init.o)
                0x0002b710                alt_irq_init
                0x0002b744                alt_sys_init
 .text          0x0002b7b8      0x164 ../cpu_stage6_bsp/\libhal_bsp.a(altera_avalon_jtag_uart_fd.o)
                0x0002b7b8                altera_avalon_jtag_uart_read_fd
                0x0002b818                altera_avalon_jtag_uart_write_fd
                0x0002b878                altera_avalon_jtag_uart_close_fd
                0x0002b8c8                altera_avalon_jtag_uart_ioctl_fd
 .text          0x0002b91c      0x3d0 ../cpu_stage6_bsp/\libhal_bsp.a(altera_avalon_jtag_uart_init.o)
                0x0002b91c                altera_avalon_jtag_uart_init
                0x0002bc84                altera_avalon_jtag_uart_close
 .text          0x0002bcec       0xf4 ../cpu_stage6_bsp/\libhal_bsp.a(altera_avalon_jtag_uart_ioctl.o)
                0x0002bcec                altera_avalon_jtag_uart_ioctl
 .text          0x0002bde0      0x218 ../cpu_stage6_bsp/\libhal_bsp.a(altera_avalon_jtag_uart_read.o)
                0x0002bde0                altera_avalon_jtag_uart_read
 .text          0x0002bff8      0x224 ../cpu_stage6_bsp/\libhal_bsp.a(altera_avalon_jtag_uart_write.o)
                0x0002bff8                altera_avalon_jtag_uart_write
 .text          0x0002c21c       0xfc ../cpu_stage6_bsp/\libhal_bsp.a(altera_avalon_timer_sc.o)
                0x0002c290                alt_avalon_timer_sc_init
 .text          0x0002c318      0x628 ../cpu_stage6_bsp/\libhal_bsp.a(altera_hostfs.o)
                0x0002c318                alt_hostfs_open
                0x0002c484                alt_hostfs_close
                0x0002c4f0                alt_hostfs_read
                0x0002c5a8                alt_hostfs_write
                0x0002c660                alt_hostfs_seek
                0x0002c718                alt_hostfs_fstat
 .text          0x0002c940      0x140 ../cpu_stage6_bsp/\libhal_bsp.a(alt_alarm_start.o)
                0x0002c940                alt_alarm_start
 .text          0x0002ca80       0x1c ../cpu_stage6_bsp/\libhal_bsp.a(alt_dcache_flush_all.o)
                0x0002ca80                alt_dcache_flush_all
 .text          0x0002ca9c       0xf0 ../cpu_stage6_bsp/\libhal_bsp.a(alt_dev_llist_insert.o)
                0x0002caec                alt_dev_llist_insert
 .text          0x0002cb8c       0x5c ../cpu_stage6_bsp/\libhal_bsp.a(alt_do_ctors.o)
                0x0002cb8c                _do_ctors
 .text          0x0002cbe8       0x5c ../cpu_stage6_bsp/\libhal_bsp.a(alt_do_dtors.o)
                0x0002cbe8                _do_dtors
 .text          0x0002cc44       0x90 ../cpu_stage6_bsp/\libhal_bsp.a(alt_find_dev.o)
                0x0002cc44                alt_find_dev
 .text          0x0002ccd4      0x114 ../cpu_stage6_bsp/\libhal_bsp.a(alt_find_file.o)
                0x0002ccd4                alt_find_file
 .text          0x0002cde8       0x84 ../cpu_stage6_bsp/\libhal_bsp.a(alt_fs_reg.o)
                0x0002cde8                alt_fs_reg
 .text          0x0002ce6c       0xd4 ../cpu_stage6_bsp/\libhal_bsp.a(alt_get_fd.o)
                0x0002ce6c                alt_get_fd
 .text          0x0002cf40       0x1c ../cpu_stage6_bsp/\libhal_bsp.a(alt_icache_flush_all.o)
                0x0002cf40                alt_icache_flush_all
 .text          0x0002cf5c      0x1d8 ../cpu_stage6_bsp/\libhal_bsp.a(alt_iic.o)
                0x0002cf5c                alt_ic_isr_register
                0x0002cfac                alt_ic_irq_enable
                0x0002d048                alt_ic_irq_disable
                0x0002d0e8                alt_ic_irq_enabled
 .text          0x0002d134       0xf0 ../cpu_stage6_bsp/\libhal_bsp.a(alt_iic_isr_register.o)
                0x0002d134                alt_iic_isr_register
 .text          0x0002d224      0x158 ../cpu_stage6_bsp/\libhal_bsp.a(alt_io_redirect.o)
                0x0002d304                alt_io_redirect
 .text          0x0002d37c        0x0 ../cpu_stage6_bsp/\libhal_bsp.a(alt_irq_entry.o)
 .text          0x0002d37c        0x0 ../cpu_stage6_bsp/\libhal_bsp.a(alt_irq_handler.o)
 .text          0x0002d37c        0x0 ../cpu_stage6_bsp/\libhal_bsp.a(alt_irq_vars.o)
 .text          0x0002d37c      0x19c ../cpu_stage6_bsp/\libhal_bsp.a(alt_tick.o)
                0x0002d37c                alt_alarm_stop
                0x0002d414                alt_tick
 .text          0x0002d518       0x20 ../cpu_stage6_bsp/\libhal_bsp.a(altera_nios2_qsys_irq.o)
                0x0002d518                altera_nios2_qsys_irq_init
 .text          0x0002d538        0x0 ../cpu_stage6_bsp/\libhal_bsp.a(alt_exception_entry.o)
 .text          0x0002d538       0x14 c:/altera/13.1/nios2eds/bin/gnu/h-i686-mingw32/bin/../lib/gcc/nios2-elf/4.7.3/../../../../../H-i686-mingw32/nios2-elf/lib/mno-hw-mul\libc.a(lib_a-atexit.o)
                0x0002d538                atexit
 .text          0x0002d54c       0x38 c:/altera/13.1/nios2eds/bin/gnu/h-i686-mingw32/bin/../lib/gcc/nios2-elf/4.7.3/../../../../../H-i686-mingw32/nios2-elf/lib/mno-hw-mul\libc.a(lib_a-exit.o)
                0x0002d54c                exit
 .text          0x0002d584       0x7c c:/altera/13.1/nios2eds/bin/gnu/h-i686-mingw32/bin/../lib/gcc/nios2-elf/4.7.3/../../../../../H-i686-mingw32/nios2-elf/lib/mno-hw-mul\libc.a(lib_a-memcmp.o)
                0x0002d584                memcmp
 .text          0x0002d600      0x130 c:/altera/13.1/nios2eds/bin/gnu/h-i686-mingw32/bin/../lib/gcc/nios2-elf/4.7.3/../../../../../H-i686-mingw32/nios2-elf/lib/mno-hw-mul\libc.a(lib_a-__atexit.o)
                0x0002d600                __register_exitproc
 .text          0x0002d730      0x1a0 c:/altera/13.1/nios2eds/bin/gnu/h-i686-mingw32/bin/../lib/gcc/nios2-elf/4.7.3/../../../../../H-i686-mingw32/nios2-elf/lib/mno-hw-mul\libc.a(lib_a-__call_atexit.o)
                0x0002d730                __call_exitprocs
 .text          0x0002d8d0       0x3c ../cpu_stage6_bsp/\libhal_bsp.a(alt_exit.o)
                0x0002d8d0                _exit
 *(.gnu.warning.*)
 *(.fini)
                0x0002d90c                PROVIDE (__etext, ABSOLUTE (.))
                0x0002d90c                PROVIDE (_etext, ABSOLUTE (.))
                0x0002d90c                PROVIDE (etext, ABSOLUTE (.))
 *(.eh_frame_hdr)
                0x0002d90c                . = ALIGN (0x4)
                0x0002d90c                PROVIDE (__preinit_array_start, ABSOLUTE (.))
 *(.preinit_array)
                0x0002d90c                PROVIDE (__preinit_array_end, ABSOLUTE (.))
                0x0002d90c                PROVIDE (__init_array_start, ABSOLUTE (.))
 *(.init_array)
                0x0002d90c                PROVIDE (__init_array_end, ABSOLUTE (.))
                0x0002d90c                PROVIDE (__fini_array_start, ABSOLUTE (.))
 *(.fini_array)
                0x0002d90c                PROVIDE (__fini_array_end, ABSOLUTE (.))
 *(.eh_frame)
 *(.gcc_except_table .gcc_except_table.*)
 *(.dynamic)
                0x0002d90c                PROVIDE (__CTOR_LIST__, ABSOLUTE (.))
 *(.ctors)
 *(SORT(.ctors.*))
                0x0002d90c                PROVIDE (__CTOR_END__, ABSOLUTE (.))
                0x0002d90c                PROVIDE (__DTOR_LIST__, ABSOLUTE (.))
 *(.dtors)
 *(SORT(.dtors.*))
                0x0002d90c                PROVIDE (__DTOR_END__, ABSOLUTE (.))
 *(.jcr)
                0x0002d90c                . = ALIGN (0x4)

.rodata         0x0002d90c      0x424
                0x0002d90c                PROVIDE (__ram_rodata_start, ABSOLUTE (.))
                0x0002d90c                . = ALIGN (0x4)
 *(.rodata .rodata.* .gnu.linkonce.r.*)
 .rodata        0x0002d90c       0xf0 obj/default/main.o
 .rodata.str1.4
                0x0002d9fc        0x2 c:/altera/13.1/nios2eds/bin/gnu/h-i686-mingw32/bin/../lib/gcc/nios2-elf/4.7.3/../../../../../H-i686-mingw32/nios2-elf/lib/mno-hw-mul\libc.a(lib_a-impure.o)
                                  0x4 (size before relaxing)
 *fill*         0x0002d9fe        0x2 
 .rodata.str1.4
                0x0002da00        0x2 c:/altera/13.1/nios2eds/bin/gnu/h-i686-mingw32/bin/../lib/gcc/nios2-elf/4.7.3/../../../../../H-i686-mingw32/nios2-elf/lib/mno-hw-mul\libc.a(lib_a-puts.o)
                                  0x4 (size before relaxing)
 *fill*         0x0002da02        0x2 
 .rodata.str1.4
                0x0002da04       0x42 c:/altera/13.1/nios2eds/bin/gnu/h-i686-mingw32/bin/../lib/gcc/nios2-elf/4.7.3/../../../../../H-i686-mingw32/nios2-elf/lib/mno-hw-mul\libc.a(lib_a-vfprintf.o)
                                 0x44 (size before relaxing)
 .rodata        0x0002da46       0x20 c:/altera/13.1/nios2eds/bin/gnu/h-i686-mingw32/bin/../lib/gcc/nios2-elf/4.7.3/../../../../../H-i686-mingw32/nios2-elf/lib/mno-hw-mul\libc.a(lib_a-vfprintf.o)
 *fill*         0x0002da66        0x2 
 .rodata.str1.4
                0x0002da68       0x10 c:/altera/13.1/nios2eds/bin/gnu/h-i686-mingw32/bin/../lib/gcc/nios2-elf/4.7.3/../../../../../H-i686-mingw32/nios2-elf/lib/mno-hw-mul\libc.a(lib_a-dtoa.o)
                                 0x14 (size before relaxing)
 .rodata.str1.4
                0x0002da78       0x10 c:/altera/13.1/nios2eds/bin/gnu/h-i686-mingw32/bin/../lib/gcc/nios2-elf/4.7.3/../../../../../H-i686-mingw32/nios2-elf/lib/mno-hw-mul\libc.a(lib_a-locale.o)
                                 0x18 (size before relaxing)
 .rodata        0x0002da88       0x30 c:/altera/13.1/nios2eds/bin/gnu/h-i686-mingw32/bin/../lib/gcc/nios2-elf/4.7.3/../../../../../H-i686-mingw32/nios2-elf/lib/mno-hw-mul\libc.a(lib_a-locale.o)
 .rodata        0x0002dab8      0x124 c:/altera/13.1/nios2eds/bin/gnu/h-i686-mingw32/bin/../lib/gcc/nios2-elf/4.7.3/../../../../../H-i686-mingw32/nios2-elf/lib/mno-hw-mul\libc.a(lib_a-mprec.o)
                0x0002dab8                __mprec_tinytens
                0x0002dae0                __mprec_bigtens
                0x0002db08                __mprec_tens
 .rodata        0x0002dbdc       0x14 c:/altera/13.1/nios2eds/bin/gnu/h-i686-mingw32/bin/../lib/gcc/nios2-elf/4.7.3/mno-hw-mul\libgcc.a(_thenan_df.o)
                0x0002dbdc                __thenan_df
 .rodata        0x0002dbf0      0x100 c:/altera/13.1/nios2eds/bin/gnu/h-i686-mingw32/bin/../lib/gcc/nios2-elf/4.7.3/mno-hw-mul\libgcc.a(_clz.o)
                0x0002dbf0                __clz_tab
 .rodata        0x0002dcf0        0xc ../cpu_stage6_bsp/\libhal_bsp.a(alt_dev.o)
 .rodata        0x0002dcfc       0x14 ../cpu_stage6_bsp/\libhal_bsp.a(alt_main.o)
 .rodata        0x0002dd10       0x20 ../cpu_stage6_bsp/\libhal_bsp.a(alt_sys_init.o)
 *(.rodata1)
                0x0002dd30                . = ALIGN (0x4)
                0x0002dd30                PROVIDE (__ram_rodata_end, ABSOLUTE (.))
                0x0002d90c                PROVIDE (__flash_rodata_start, LOADADDR (.rodata))

.rwdata         0x0002dd30     0x1ac8 load address 0x0002f7f8
                0x0002dd30                PROVIDE (__ram_rwdata_start, ABSOLUTE (.))
                0x0002dd30                . = ALIGN (0x4)
 *(.got.plt)
 *(.got)
 *(.data1)
 *(.data .data.* .gnu.linkonce.d.*)
 .data          0x0002dd30        0x0 ../cpu_stage6_bsp//obj/HAL/src/crt0.o
 .data          0x0002dd30        0x0 obj/default/main.o
 .data          0x0002dd30        0x0 c:/altera/13.1/nios2eds/bin/gnu/h-i686-mingw32/bin/../lib/gcc/nios2-elf/4.7.3/../../../../../H-i686-mingw32/nios2-elf/lib/mno-hw-mul\libc.a(lib_a-fclose.o)
 .data          0x0002dd30        0x0 c:/altera/13.1/nios2eds/bin/gnu/h-i686-mingw32/bin/../lib/gcc/nios2-elf/4.7.3/../../../../../H-i686-mingw32/nios2-elf/lib/mno-hw-mul\libc.a(lib_a-fflush.o)
 .data          0x0002dd30        0x0 c:/altera/13.1/nios2eds/bin/gnu/h-i686-mingw32/bin/../lib/gcc/nios2-elf/4.7.3/../../../../../H-i686-mingw32/nios2-elf/lib/mno-hw-mul\libc.a(lib_a-findfp.o)
 .data          0x0002dd30        0x0 c:/altera/13.1/nios2eds/bin/gnu/h-i686-mingw32/bin/../lib/gcc/nios2-elf/4.7.3/../../../../../H-i686-mingw32/nios2-elf/lib/mno-hw-mul\libc.a(lib_a-fopen.o)
 .data          0x0002dd30        0x0 c:/altera/13.1/nios2eds/bin/gnu/h-i686-mingw32/bin/../lib/gcc/nios2-elf/4.7.3/../../../../../H-i686-mingw32/nios2-elf/lib/mno-hw-mul\libc.a(lib_a-fputc.o)
 .data          0x0002dd30        0x0 c:/altera/13.1/nios2eds/bin/gnu/h-i686-mingw32/bin/../lib/gcc/nios2-elf/4.7.3/../../../../../H-i686-mingw32/nios2-elf/lib/mno-hw-mul\libc.a(lib_a-freer.o)
 .data          0x0002dd30        0x0 c:/altera/13.1/nios2eds/bin/gnu/h-i686-mingw32/bin/../lib/gcc/nios2-elf/4.7.3/../../../../../H-i686-mingw32/nios2-elf/lib/mno-hw-mul\libc.a(lib_a-fseek.o)
 .data          0x0002dd30        0x0 c:/altera/13.1/nios2eds/bin/gnu/h-i686-mingw32/bin/../lib/gcc/nios2-elf/4.7.3/../../../../../H-i686-mingw32/nios2-elf/lib/mno-hw-mul\libc.a(lib_a-fstatr.o)
 .data          0x0002dd30        0x0 c:/altera/13.1/nios2eds/bin/gnu/h-i686-mingw32/bin/../lib/gcc/nios2-elf/4.7.3/../../../../../H-i686-mingw32/nios2-elf/lib/mno-hw-mul\libc.a(lib_a-fwalk.o)
 .data          0x0002dd30      0x400 c:/altera/13.1/nios2eds/bin/gnu/h-i686-mingw32/bin/../lib/gcc/nios2-elf/4.7.3/../../../../../H-i686-mingw32/nios2-elf/lib/mno-hw-mul\libc.a(lib_a-impure.o)
 .data          0x0002e130        0x0 c:/altera/13.1/nios2eds/bin/gnu/h-i686-mingw32/bin/../lib/gcc/nios2-elf/4.7.3/../../../../../H-i686-mingw32/nios2-elf/lib/mno-hw-mul\libc.a(lib_a-int_errno.o)
 .data          0x0002e130        0x0 c:/altera/13.1/nios2eds/bin/gnu/h-i686-mingw32/bin/../lib/gcc/nios2-elf/4.7.3/../../../../../H-i686-mingw32/nios2-elf/lib/mno-hw-mul\libc.a(lib_a-makebuf.o)
 .data          0x0002e130      0x408 c:/altera/13.1/nios2eds/bin/gnu/h-i686-mingw32/bin/../lib/gcc/nios2-elf/4.7.3/../../../../../H-i686-mingw32/nios2-elf/lib/mno-hw-mul\libc.a(lib_a-mallocr.o)
                0x0002e130                __malloc_av_
 .data          0x0002e538        0x0 c:/altera/13.1/nios2eds/bin/gnu/h-i686-mingw32/bin/../lib/gcc/nios2-elf/4.7.3/../../../../../H-i686-mingw32/nios2-elf/lib/mno-hw-mul\libc.a(lib_a-memcpy.o)
 .data          0x0002e538        0x0 c:/altera/13.1/nios2eds/bin/gnu/h-i686-mingw32/bin/../lib/gcc/nios2-elf/4.7.3/../../../../../H-i686-mingw32/nios2-elf/lib/mno-hw-mul\libc.a(lib_a-memset.o)
 .data          0x0002e538        0x0 c:/altera/13.1/nios2eds/bin/gnu/h-i686-mingw32/bin/../lib/gcc/nios2-elf/4.7.3/../../../../../H-i686-mingw32/nios2-elf/lib/mno-hw-mul\libc.a(lib_a-openr.o)
 .data          0x0002e538        0x0 c:/altera/13.1/nios2eds/bin/gnu/h-i686-mingw32/bin/../lib/gcc/nios2-elf/4.7.3/../../../../../H-i686-mingw32/nios2-elf/lib/mno-hw-mul\libc.a(lib_a-printf.o)
 .data          0x0002e538        0x0 c:/altera/13.1/nios2eds/bin/gnu/h-i686-mingw32/bin/../lib/gcc/nios2-elf/4.7.3/../../../../../H-i686-mingw32/nios2-elf/lib/mno-hw-mul\libc.a(lib_a-putc.o)
 .data          0x0002e538        0x0 c:/altera/13.1/nios2eds/bin/gnu/h-i686-mingw32/bin/../lib/gcc/nios2-elf/4.7.3/../../../../../H-i686-mingw32/nios2-elf/lib/mno-hw-mul\libc.a(lib_a-puts.o)
 .data          0x0002e538        0x0 c:/altera/13.1/nios2eds/bin/gnu/h-i686-mingw32/bin/../lib/gcc/nios2-elf/4.7.3/../../../../../H-i686-mingw32/nios2-elf/lib/mno-hw-mul\libc.a(lib_a-refill.o)
 .data          0x0002e538        0x0 c:/altera/13.1/nios2eds/bin/gnu/h-i686-mingw32/bin/../lib/gcc/nios2-elf/4.7.3/../../../../../H-i686-mingw32/nios2-elf/lib/mno-hw-mul\libc.a(lib_a-sbrkr.o)
 .data          0x0002e538        0x0 c:/altera/13.1/nios2eds/bin/gnu/h-i686-mingw32/bin/../lib/gcc/nios2-elf/4.7.3/../../../../../H-i686-mingw32/nios2-elf/lib/mno-hw-mul\libc.a(lib_a-stdio.o)
 .data          0x0002e538        0x0 c:/altera/13.1/nios2eds/bin/gnu/h-i686-mingw32/bin/../lib/gcc/nios2-elf/4.7.3/../../../../../H-i686-mingw32/nios2-elf/lib/mno-hw-mul\libc.a(lib_a-strcat.o)
 .data          0x0002e538        0x0 c:/altera/13.1/nios2eds/bin/gnu/h-i686-mingw32/bin/../lib/gcc/nios2-elf/4.7.3/../../../../../H-i686-mingw32/nios2-elf/lib/mno-hw-mul\libc.a(lib_a-strcpy.o)
 .data          0x0002e538        0x0 c:/altera/13.1/nios2eds/bin/gnu/h-i686-mingw32/bin/../lib/gcc/nios2-elf/4.7.3/../../../../../H-i686-mingw32/nios2-elf/lib/mno-hw-mul\libc.a(lib_a-strlen.o)
 .data          0x0002e538        0x0 c:/altera/13.1/nios2eds/bin/gnu/h-i686-mingw32/bin/../lib/gcc/nios2-elf/4.7.3/../../../../../H-i686-mingw32/nios2-elf/lib/mno-hw-mul\libc.a(lib_a-vfprintf.o)
 .data          0x0002e538        0x0 c:/altera/13.1/nios2eds/bin/gnu/h-i686-mingw32/bin/../lib/gcc/nios2-elf/4.7.3/../../../../../H-i686-mingw32/nios2-elf/lib/mno-hw-mul\libc.a(lib_a-wbuf.o)
 .data          0x0002e538        0x0 c:/altera/13.1/nios2eds/bin/gnu/h-i686-mingw32/bin/../lib/gcc/nios2-elf/4.7.3/../../../../../H-i686-mingw32/nios2-elf/lib/mno-hw-mul\libc.a(lib_a-writer.o)
 .data          0x0002e538        0x0 c:/altera/13.1/nios2eds/bin/gnu/h-i686-mingw32/bin/../lib/gcc/nios2-elf/4.7.3/../../../../../H-i686-mingw32/nios2-elf/lib/mno-hw-mul\libc.a(lib_a-wsetup.o)
 .data          0x0002e538        0x0 c:/altera/13.1/nios2eds/bin/gnu/h-i686-mingw32/bin/../lib/gcc/nios2-elf/4.7.3/../../../../../H-i686-mingw32/nios2-elf/lib/mno-hw-mul\libc.a(lib_a-closer.o)
 .data          0x0002e538        0x0 c:/altera/13.1/nios2eds/bin/gnu/h-i686-mingw32/bin/../lib/gcc/nios2-elf/4.7.3/../../../../../H-i686-mingw32/nios2-elf/lib/mno-hw-mul\libc.a(lib_a-dtoa.o)
 .data          0x0002e538        0x0 c:/altera/13.1/nios2eds/bin/gnu/h-i686-mingw32/bin/../lib/gcc/nios2-elf/4.7.3/../../../../../H-i686-mingw32/nios2-elf/lib/mno-hw-mul\libc.a(lib_a-flags.o)
 .data          0x0002e538        0x0 c:/altera/13.1/nios2eds/bin/gnu/h-i686-mingw32/bin/../lib/gcc/nios2-elf/4.7.3/../../../../../H-i686-mingw32/nios2-elf/lib/mno-hw-mul\libc.a(lib_a-fvwrite.o)
 .data          0x0002e538        0x0 c:/altera/13.1/nios2eds/bin/gnu/h-i686-mingw32/bin/../lib/gcc/nios2-elf/4.7.3/../../../../../H-i686-mingw32/nios2-elf/lib/mno-hw-mul\libc.a(lib_a-isattyr.o)
 .data          0x0002e538        0xc c:/altera/13.1/nios2eds/bin/gnu/h-i686-mingw32/bin/../lib/gcc/nios2-elf/4.7.3/../../../../../H-i686-mingw32/nios2-elf/lib/mno-hw-mul\libc.a(lib_a-locale.o)
                0x0002e538                __lc_ctype
 .data          0x0002e544        0x0 c:/altera/13.1/nios2eds/bin/gnu/h-i686-mingw32/bin/../lib/gcc/nios2-elf/4.7.3/../../../../../H-i686-mingw32/nios2-elf/lib/mno-hw-mul\libc.a(lib_a-lseekr.o)
 .data          0x0002e544        0x0 c:/altera/13.1/nios2eds/bin/gnu/h-i686-mingw32/bin/../lib/gcc/nios2-elf/4.7.3/../../../../../H-i686-mingw32/nios2-elf/lib/mno-hw-mul\libc.a(lib_a-memchr.o)
 .data          0x0002e544        0x0 c:/altera/13.1/nios2eds/bin/gnu/h-i686-mingw32/bin/../lib/gcc/nios2-elf/4.7.3/../../../../../H-i686-mingw32/nios2-elf/lib/mno-hw-mul\libc.a(lib_a-memmove.o)
 .data          0x0002e544        0x0 c:/altera/13.1/nios2eds/bin/gnu/h-i686-mingw32/bin/../lib/gcc/nios2-elf/4.7.3/../../../../../H-i686-mingw32/nios2-elf/lib/mno-hw-mul\libc.a(lib_a-mprec.o)
 .data          0x0002e544        0x0 c:/altera/13.1/nios2eds/bin/gnu/h-i686-mingw32/bin/../lib/gcc/nios2-elf/4.7.3/../../../../../H-i686-mingw32/nios2-elf/lib/mno-hw-mul\libc.a(lib_a-readr.o)
 .data          0x0002e544        0x0 c:/altera/13.1/nios2eds/bin/gnu/h-i686-mingw32/bin/../lib/gcc/nios2-elf/4.7.3/../../../../../H-i686-mingw32/nios2-elf/lib/mno-hw-mul\libc.a(lib_a-reallocr.o)
 .data          0x0002e544        0x0 c:/altera/13.1/nios2eds/bin/gnu/h-i686-mingw32/bin/../lib/gcc/nios2-elf/4.7.3/../../../../../H-i686-mingw32/nios2-elf/lib/mno-hw-mul\libc.a(lib_a-s_isinfd.o)
 .data          0x0002e544        0x0 c:/altera/13.1/nios2eds/bin/gnu/h-i686-mingw32/bin/../lib/gcc/nios2-elf/4.7.3/../../../../../H-i686-mingw32/nios2-elf/lib/mno-hw-mul\libc.a(lib_a-s_isnand.o)
 .data          0x0002e544        0x0 c:/altera/13.1/nios2eds/bin/gnu/h-i686-mingw32/bin/../lib/gcc/nios2-elf/4.7.3/../../../../../H-i686-mingw32/nios2-elf/lib/mno-hw-mul\libc.a(lib_a-strcmp.o)
 .data          0x0002e544        0x0 c:/altera/13.1/nios2eds/bin/gnu/h-i686-mingw32/bin/../lib/gcc/nios2-elf/4.7.3/../../../../../H-i686-mingw32/nios2-elf/lib/mno-hw-mul\libc.a(lib_a-callocr.o)
 .data          0x0002e544        0x0 c:/altera/13.1/nios2eds/bin/gnu/h-i686-mingw32/bin/../lib/gcc/nios2-elf/4.7.3/mno-hw-mul\libgcc.a(_udivdi3.o)
 .data          0x0002e544        0x0 c:/altera/13.1/nios2eds/bin/gnu/h-i686-mingw32/bin/../lib/gcc/nios2-elf/4.7.3/mno-hw-mul\libgcc.a(_umoddi3.o)
 .data          0x0002e544        0x0 c:/altera/13.1/nios2eds/bin/gnu/h-i686-mingw32/bin/../lib/gcc/nios2-elf/4.7.3/mno-hw-mul\libgcc.a(_addsub_df.o)
 .data          0x0002e544        0x0 c:/altera/13.1/nios2eds/bin/gnu/h-i686-mingw32/bin/../lib/gcc/nios2-elf/4.7.3/mno-hw-mul\libgcc.a(_mul_df.o)
 .data          0x0002e544        0x0 c:/altera/13.1/nios2eds/bin/gnu/h-i686-mingw32/bin/../lib/gcc/nios2-elf/4.7.3/mno-hw-mul\libgcc.a(_div_df.o)
 .data          0x0002e544        0x0 c:/altera/13.1/nios2eds/bin/gnu/h-i686-mingw32/bin/../lib/gcc/nios2-elf/4.7.3/mno-hw-mul\libgcc.a(_eq_df.o)
 .data          0x0002e544        0x0 c:/altera/13.1/nios2eds/bin/gnu/h-i686-mingw32/bin/../lib/gcc/nios2-elf/4.7.3/mno-hw-mul\libgcc.a(_ne_df.o)
 .data          0x0002e544        0x0 c:/altera/13.1/nios2eds/bin/gnu/h-i686-mingw32/bin/../lib/gcc/nios2-elf/4.7.3/mno-hw-mul\libgcc.a(_gt_df.o)
 .data          0x0002e544        0x0 c:/altera/13.1/nios2eds/bin/gnu/h-i686-mingw32/bin/../lib/gcc/nios2-elf/4.7.3/mno-hw-mul\libgcc.a(_ge_df.o)
 .data          0x0002e544        0x0 c:/altera/13.1/nios2eds/bin/gnu/h-i686-mingw32/bin/../lib/gcc/nios2-elf/4.7.3/mno-hw-mul\libgcc.a(_lt_df.o)
 .data          0x0002e544        0x0 c:/altera/13.1/nios2eds/bin/gnu/h-i686-mingw32/bin/../lib/gcc/nios2-elf/4.7.3/mno-hw-mul\libgcc.a(_si_to_df.o)
 .data          0x0002e544        0x0 c:/altera/13.1/nios2eds/bin/gnu/h-i686-mingw32/bin/../lib/gcc/nios2-elf/4.7.3/mno-hw-mul\libgcc.a(_df_to_si.o)
 .data          0x0002e544        0x0 c:/altera/13.1/nios2eds/bin/gnu/h-i686-mingw32/bin/../lib/gcc/nios2-elf/4.7.3/mno-hw-mul\libgcc.a(_thenan_df.o)
 .data          0x0002e544        0x0 c:/altera/13.1/nios2eds/bin/gnu/h-i686-mingw32/bin/../lib/gcc/nios2-elf/4.7.3/mno-hw-mul\libgcc.a(_usi_to_df.o)
 .data          0x0002e544        0x0 c:/altera/13.1/nios2eds/bin/gnu/h-i686-mingw32/bin/../lib/gcc/nios2-elf/4.7.3/mno-hw-mul\libgcc.a(lib2-divmod.o)
 .data          0x0002e544        0x0 c:/altera/13.1/nios2eds/bin/gnu/h-i686-mingw32/bin/../lib/gcc/nios2-elf/4.7.3/mno-hw-mul\libgcc.a(lib2-mul.o)
 .data          0x0002e544        0x0 c:/altera/13.1/nios2eds/bin/gnu/h-i686-mingw32/bin/../lib/gcc/nios2-elf/4.7.3/mno-hw-mul\libgcc.a(_muldi3.o)
 .data          0x0002e544        0x0 c:/altera/13.1/nios2eds/bin/gnu/h-i686-mingw32/bin/../lib/gcc/nios2-elf/4.7.3/mno-hw-mul\libgcc.a(_clz.o)
 .data          0x0002e544        0x0 c:/altera/13.1/nios2eds/bin/gnu/h-i686-mingw32/bin/../lib/gcc/nios2-elf/4.7.3/mno-hw-mul\libgcc.a(_clzsi2.o)
 .data          0x0002e544        0x0 c:/altera/13.1/nios2eds/bin/gnu/h-i686-mingw32/bin/../lib/gcc/nios2-elf/4.7.3/mno-hw-mul\libgcc.a(_pack_df.o)
 .data          0x0002e544        0x0 c:/altera/13.1/nios2eds/bin/gnu/h-i686-mingw32/bin/../lib/gcc/nios2-elf/4.7.3/mno-hw-mul\libgcc.a(_unpack_df.o)
 .data          0x0002e544        0x0 c:/altera/13.1/nios2eds/bin/gnu/h-i686-mingw32/bin/../lib/gcc/nios2-elf/4.7.3/mno-hw-mul\libgcc.a(_fpcmp_parts_df.o)
 .data          0x0002e544        0x0 c:/altera/13.1/nios2eds/bin/gnu/h-i686-mingw32/bin/../lib/gcc/nios2-elf/4.7.3/mno-hw-mul\libgcc.a(_lshrdi3.o)
 .data          0x0002e544        0x0 c:/altera/13.1/nios2eds/bin/gnu/h-i686-mingw32/bin/../lib/gcc/nios2-elf/4.7.3/mno-hw-mul\libgcc.a(_ashldi3.o)
 .data          0x0002e544        0x0 ../cpu_stage6_bsp/\libhal_bsp.a(alt_close.o)
 .data          0x0002e544      0x1a8 ../cpu_stage6_bsp/\libhal_bsp.a(alt_dev.o)
                0x0002e544                alt_dev_null
                0x0002e56c                alt_fd_list
 .data          0x0002e6ec        0x0 ../cpu_stage6_bsp/\libhal_bsp.a(alt_errno.o)
 .data          0x0002e6ec        0x0 ../cpu_stage6_bsp/\libhal_bsp.a(alt_fstat.o)
 .data          0x0002e6ec        0x0 ../cpu_stage6_bsp/\libhal_bsp.a(alt_isatty.o)
 .data          0x0002e6ec        0x0 ../cpu_stage6_bsp/\libhal_bsp.a(alt_load.o)
 .data          0x0002e6ec        0x0 ../cpu_stage6_bsp/\libhal_bsp.a(alt_lseek.o)
 .data          0x0002e6ec        0x0 ../cpu_stage6_bsp/\libhal_bsp.a(alt_main.o)
 .data          0x0002e6ec        0x0 ../cpu_stage6_bsp/\libhal_bsp.a(alt_malloc_lock.o)
 .data          0x0002e6ec        0x0 ../cpu_stage6_bsp/\libhal_bsp.a(alt_open.o)
 .data          0x0002e6ec        0x0 ../cpu_stage6_bsp/\libhal_bsp.a(alt_read.o)
 .data          0x0002e6ec        0x0 ../cpu_stage6_bsp/\libhal_bsp.a(alt_release_fd.o)
 .data          0x0002e6ec        0x0 ../cpu_stage6_bsp/\libhal_bsp.a(alt_sbrk.o)
 .data          0x0002e6ec        0x0 ../cpu_stage6_bsp/\libhal_bsp.a(alt_write.o)
 .data          0x0002e6ec     0x1088 ../cpu_stage6_bsp/\libhal_bsp.a(alt_sys_init.o)
 .data          0x0002f774        0x0 ../cpu_stage6_bsp/\libhal_bsp.a(altera_avalon_jtag_uart_fd.o)
 .data          0x0002f774        0x0 ../cpu_stage6_bsp/\libhal_bsp.a(altera_avalon_jtag_uart_init.o)
 .data          0x0002f774        0x0 ../cpu_stage6_bsp/\libhal_bsp.a(altera_avalon_jtag_uart_ioctl.o)
 .data          0x0002f774        0x0 ../cpu_stage6_bsp/\libhal_bsp.a(altera_avalon_jtag_uart_read.o)
 .data          0x0002f774        0x0 ../cpu_stage6_bsp/\libhal_bsp.a(altera_avalon_jtag_uart_write.o)
 .data          0x0002f774        0x0 ../cpu_stage6_bsp/\libhal_bsp.a(altera_avalon_timer_sc.o)
 .data          0x0002f774        0x0 ../cpu_stage6_bsp/\libhal_bsp.a(altera_hostfs.o)
 .data          0x0002f774        0x0 ../cpu_stage6_bsp/\libhal_bsp.a(alt_alarm_start.o)
 .data          0x0002f774        0x0 ../cpu_stage6_bsp/\libhal_bsp.a(alt_dcache_flush_all.o)
 .data          0x0002f774        0x0 ../cpu_stage6_bsp/\libhal_bsp.a(alt_dev_llist_insert.o)
 .data          0x0002f774        0x0 ../cpu_stage6_bsp/\libhal_bsp.a(alt_do_ctors.o)
 .data          0x0002f774        0x0 ../cpu_stage6_bsp/\libhal_bsp.a(alt_do_dtors.o)
 .data          0x0002f774        0x0 ../cpu_stage6_bsp/\libhal_bsp.a(alt_find_dev.o)
 .data          0x0002f774        0x0 ../cpu_stage6_bsp/\libhal_bsp.a(alt_find_file.o)
 .data          0x0002f774        0x0 ../cpu_stage6_bsp/\libhal_bsp.a(alt_fs_reg.o)
 .data          0x0002f774        0x0 ../cpu_stage6_bsp/\libhal_bsp.a(alt_get_fd.o)
 .data          0x0002f774        0x0 ../cpu_stage6_bsp/\libhal_bsp.a(alt_icache_flush_all.o)
 .data          0x0002f774        0x0 ../cpu_stage6_bsp/\libhal_bsp.a(alt_iic.o)
 .data          0x0002f774        0x0 ../cpu_stage6_bsp/\libhal_bsp.a(alt_iic_isr_register.o)
 .data          0x0002f774        0x0 ../cpu_stage6_bsp/\libhal_bsp.a(alt_io_redirect.o)
 .data          0x0002f774        0x0 ../cpu_stage6_bsp/\libhal_bsp.a(alt_irq_entry.o)
 .data          0x0002f774        0x0 ../cpu_stage6_bsp/\libhal_bsp.a(alt_irq_handler.o)
 .data          0x0002f774        0x0 ../cpu_stage6_bsp/\libhal_bsp.a(alt_irq_vars.o)
 .data          0x0002f774        0x0 ../cpu_stage6_bsp/\libhal_bsp.a(alt_tick.o)
 .data          0x0002f774        0x0 ../cpu_stage6_bsp/\libhal_bsp.a(altera_nios2_qsys_irq.o)
 .data          0x0002f774        0x0 ../cpu_stage6_bsp/\libhal_bsp.a(alt_exception_entry.o)
 .data          0x0002f774        0x0 c:/altera/13.1/nios2eds/bin/gnu/h-i686-mingw32/bin/../lib/gcc/nios2-elf/4.7.3/../../../../../H-i686-mingw32/nios2-elf/lib/mno-hw-mul\libc.a(lib_a-atexit.o)
 .data          0x0002f774        0x0 c:/altera/13.1/nios2eds/bin/gnu/h-i686-mingw32/bin/../lib/gcc/nios2-elf/4.7.3/../../../../../H-i686-mingw32/nios2-elf/lib/mno-hw-mul\libc.a(lib_a-exit.o)
 .data          0x0002f774        0x0 c:/altera/13.1/nios2eds/bin/gnu/h-i686-mingw32/bin/../lib/gcc/nios2-elf/4.7.3/../../../../../H-i686-mingw32/nios2-elf/lib/mno-hw-mul\libc.a(lib_a-memcmp.o)
 .data          0x0002f774        0x0 c:/altera/13.1/nios2eds/bin/gnu/h-i686-mingw32/bin/../lib/gcc/nios2-elf/4.7.3/../../../../../H-i686-mingw32/nios2-elf/lib/mno-hw-mul\libc.a(lib_a-__atexit.o)
 .data          0x0002f774        0x0 c:/altera/13.1/nios2eds/bin/gnu/h-i686-mingw32/bin/../lib/gcc/nios2-elf/4.7.3/../../../../../H-i686-mingw32/nios2-elf/lib/mno-hw-mul\libc.a(lib_a-__call_atexit.o)
 .data          0x0002f774        0x0 ../cpu_stage6_bsp/\libhal_bsp.a(alt_exit.o)
                0x00037774                _gp = ABSOLUTE ((. + 0x8000))
                0x00037774                PROVIDE (gp, _gp)
 *(.rwdata .rwdata.*)
 *(.sdata .sdata.* .gnu.linkonce.s.*)
 .sdata         0x0002f774        0x8 c:/altera/13.1/nios2eds/bin/gnu/h-i686-mingw32/bin/../lib/gcc/nios2-elf/4.7.3/../../../../../H-i686-mingw32/nios2-elf/lib/mno-hw-mul\libc.a(lib_a-impure.o)
                0x0002f774                _global_impure_ptr
                0x0002f778                _impure_ptr
 .sdata         0x0002f77c        0x8 c:/altera/13.1/nios2eds/bin/gnu/h-i686-mingw32/bin/../lib/gcc/nios2-elf/4.7.3/../../../../../H-i686-mingw32/nios2-elf/lib/mno-hw-mul\libc.a(lib_a-mallocr.o)
                0x0002f77c                __malloc_sbrk_base
                0x0002f780                __malloc_trim_threshold
 .sdata         0x0002f784        0x4 c:/altera/13.1/nios2eds/bin/gnu/h-i686-mingw32/bin/../lib/gcc/nios2-elf/4.7.3/../../../../../H-i686-mingw32/nios2-elf/lib/mno-hw-mul\libc.a(lib_a-locale.o)
                0x0002f784                __mb_cur_max
 .sdata         0x0002f788       0x14 ../cpu_stage6_bsp/\libhal_bsp.a(alt_dev.o)
                0x0002f788                alt_fs_list
                0x0002f790                alt_dev_list
                0x0002f798                alt_max_fd
 .sdata         0x0002f79c        0x4 ../cpu_stage6_bsp/\libhal_bsp.a(alt_errno.o)
                0x0002f79c                alt_errno
 .sdata         0x0002f7a0        0x4 ../cpu_stage6_bsp/\libhal_bsp.a(alt_sbrk.o)
 .sdata         0x0002f7a4       0x48 ../cpu_stage6_bsp/\libhal_bsp.a(altera_hostfs.o)
 .sdata         0x0002f7ec        0x4 ../cpu_stage6_bsp/\libhal_bsp.a(alt_irq_vars.o)
                0x0002f7ec                alt_priority_mask
 .sdata         0x0002f7f0        0x8 ../cpu_stage6_bsp/\libhal_bsp.a(alt_tick.o)
                0x0002f7f0                alt_alarm_list
 *(.sdata2 .sdata2.* .gnu.linkonce.s2.*)
                0x0002f7f8                . = ALIGN (0x4)
                0x0002f7f8                _edata = ABSOLUTE (.)
                0x0002f7f8                PROVIDE (edata, ABSOLUTE (.))
                0x0002f7f8                PROVIDE (__ram_rwdata_end, ABSOLUTE (.))
                0x0002f7f8                PROVIDE (__flash_rwdata_start, LOADADDR (.rwdata))

.bss            0x000312c0      0x2ec
                0x000312c0                __bss_start = ABSOLUTE (.)
                0x000312c0                PROVIDE (__sbss_start, ABSOLUTE (.))
                0x000312c0                PROVIDE (___sbss_start, ABSOLUTE (.))
 *(.dynsbss)
 *(.sbss .sbss.* .gnu.linkonce.sb.*)
 .sbss          0x000312c0        0x4 c:/altera/13.1/nios2eds/bin/gnu/h-i686-mingw32/bin/../lib/gcc/nios2-elf/4.7.3/../../../../../H-i686-mingw32/nios2-elf/lib/mno-hw-mul\libc.a(lib_a-int_errno.o)
                0x000312c0                errno
 .sbss          0x000312c4        0xc c:/altera/13.1/nios2eds/bin/gnu/h-i686-mingw32/bin/../lib/gcc/nios2-elf/4.7.3/../../../../../H-i686-mingw32/nios2-elf/lib/mno-hw-mul\libc.a(lib_a-mallocr.o)
                0x000312c4                __malloc_max_total_mem
                0x000312c8                __malloc_max_sbrked_mem
                0x000312cc                __malloc_top_pad
 .sbss          0x000312d0        0xc c:/altera/13.1/nios2eds/bin/gnu/h-i686-mingw32/bin/../lib/gcc/nios2-elf/4.7.3/../../../../../H-i686-mingw32/nios2-elf/lib/mno-hw-mul\libc.a(lib_a-locale.o)
                0x000312d0                _PathLocale
                0x000312d4                __mlocale_changed
                0x000312d8                __nlocale_changed
 .sbss          0x000312dc        0xc ../cpu_stage6_bsp/\libhal_bsp.a(alt_main.o)
                0x000312dc                alt_argc
                0x000312e0                alt_argv
                0x000312e4                alt_envp
 .sbss          0x000312e8        0x4 ../cpu_stage6_bsp/\libhal_bsp.a(alt_irq_vars.o)
                0x000312e8                alt_irq_active
 .sbss          0x000312ec        0x8 ../cpu_stage6_bsp/\libhal_bsp.a(alt_tick.o)
                0x000312ec                _alt_tick_rate
                0x000312f0                _alt_nticks
 *(.sbss2 .sbss2.* .gnu.linkonce.sb2.*)
 *(.scommon)
                0x000312f4                PROVIDE (__sbss_end, ABSOLUTE (.))
                0x000312f4                PROVIDE (___sbss_end, ABSOLUTE (.))
 *(.dynbss)
 *(.bss .bss.* .gnu.linkonce.b.*)
 .bss           0x000312f4        0x0 ../cpu_stage6_bsp//obj/HAL/src/crt0.o
 .bss           0x000312f4        0x0 obj/default/main.o
 .bss           0x000312f4        0x0 c:/altera/13.1/nios2eds/bin/gnu/h-i686-mingw32/bin/../lib/gcc/nios2-elf/4.7.3/../../../../../H-i686-mingw32/nios2-elf/lib/mno-hw-mul\libc.a(lib_a-fclose.o)
 .bss           0x000312f4        0x0 c:/altera/13.1/nios2eds/bin/gnu/h-i686-mingw32/bin/../lib/gcc/nios2-elf/4.7.3/../../../../../H-i686-mingw32/nios2-elf/lib/mno-hw-mul\libc.a(lib_a-fflush.o)
 .bss           0x000312f4        0x0 c:/altera/13.1/nios2eds/bin/gnu/h-i686-mingw32/bin/../lib/gcc/nios2-elf/4.7.3/../../../../../H-i686-mingw32/nios2-elf/lib/mno-hw-mul\libc.a(lib_a-findfp.o)
 .bss           0x000312f4        0x0 c:/altera/13.1/nios2eds/bin/gnu/h-i686-mingw32/bin/../lib/gcc/nios2-elf/4.7.3/../../../../../H-i686-mingw32/nios2-elf/lib/mno-hw-mul\libc.a(lib_a-fopen.o)
 .bss           0x000312f4        0x0 c:/altera/13.1/nios2eds/bin/gnu/h-i686-mingw32/bin/../lib/gcc/nios2-elf/4.7.3/../../../../../H-i686-mingw32/nios2-elf/lib/mno-hw-mul\libc.a(lib_a-fputc.o)
 .bss           0x000312f4        0x0 c:/altera/13.1/nios2eds/bin/gnu/h-i686-mingw32/bin/../lib/gcc/nios2-elf/4.7.3/../../../../../H-i686-mingw32/nios2-elf/lib/mno-hw-mul\libc.a(lib_a-freer.o)
 .bss           0x000312f4        0x0 c:/altera/13.1/nios2eds/bin/gnu/h-i686-mingw32/bin/../lib/gcc/nios2-elf/4.7.3/../../../../../H-i686-mingw32/nios2-elf/lib/mno-hw-mul\libc.a(lib_a-fseek.o)
 .bss           0x000312f4        0x0 c:/altera/13.1/nios2eds/bin/gnu/h-i686-mingw32/bin/../lib/gcc/nios2-elf/4.7.3/../../../../../H-i686-mingw32/nios2-elf/lib/mno-hw-mul\libc.a(lib_a-fstatr.o)
 .bss           0x000312f4        0x0 c:/altera/13.1/nios2eds/bin/gnu/h-i686-mingw32/bin/../lib/gcc/nios2-elf/4.7.3/../../../../../H-i686-mingw32/nios2-elf/lib/mno-hw-mul\libc.a(lib_a-fwalk.o)
 .bss           0x000312f4        0x0 c:/altera/13.1/nios2eds/bin/gnu/h-i686-mingw32/bin/../lib/gcc/nios2-elf/4.7.3/../../../../../H-i686-mingw32/nios2-elf/lib/mno-hw-mul\libc.a(lib_a-impure.o)
 .bss           0x000312f4        0x0 c:/altera/13.1/nios2eds/bin/gnu/h-i686-mingw32/bin/../lib/gcc/nios2-elf/4.7.3/../../../../../H-i686-mingw32/nios2-elf/lib/mno-hw-mul\libc.a(lib_a-int_errno.o)
 .bss           0x000312f4        0x0 c:/altera/13.1/nios2eds/bin/gnu/h-i686-mingw32/bin/../lib/gcc/nios2-elf/4.7.3/../../../../../H-i686-mingw32/nios2-elf/lib/mno-hw-mul\libc.a(lib_a-makebuf.o)
 .bss           0x000312f4       0x28 c:/altera/13.1/nios2eds/bin/gnu/h-i686-mingw32/bin/../lib/gcc/nios2-elf/4.7.3/../../../../../H-i686-mingw32/nios2-elf/lib/mno-hw-mul\libc.a(lib_a-mallocr.o)
                0x000312f4                __malloc_current_mallinfo
 .bss           0x0003131c        0x0 c:/altera/13.1/nios2eds/bin/gnu/h-i686-mingw32/bin/../lib/gcc/nios2-elf/4.7.3/../../../../../H-i686-mingw32/nios2-elf/lib/mno-hw-mul\libc.a(lib_a-memcpy.o)
 .bss           0x0003131c        0x0 c:/altera/13.1/nios2eds/bin/gnu/h-i686-mingw32/bin/../lib/gcc/nios2-elf/4.7.3/../../../../../H-i686-mingw32/nios2-elf/lib/mno-hw-mul\libc.a(lib_a-memset.o)
 .bss           0x0003131c        0x0 c:/altera/13.1/nios2eds/bin/gnu/h-i686-mingw32/bin/../lib/gcc/nios2-elf/4.7.3/../../../../../H-i686-mingw32/nios2-elf/lib/mno-hw-mul\libc.a(lib_a-openr.o)
 .bss           0x0003131c        0x0 c:/altera/13.1/nios2eds/bin/gnu/h-i686-mingw32/bin/../lib/gcc/nios2-elf/4.7.3/../../../../../H-i686-mingw32/nios2-elf/lib/mno-hw-mul\libc.a(lib_a-printf.o)
 .bss           0x0003131c        0x0 c:/altera/13.1/nios2eds/bin/gnu/h-i686-mingw32/bin/../lib/gcc/nios2-elf/4.7.3/../../../../../H-i686-mingw32/nios2-elf/lib/mno-hw-mul\libc.a(lib_a-putc.o)
 .bss           0x0003131c        0x0 c:/altera/13.1/nios2eds/bin/gnu/h-i686-mingw32/bin/../lib/gcc/nios2-elf/4.7.3/../../../../../H-i686-mingw32/nios2-elf/lib/mno-hw-mul\libc.a(lib_a-puts.o)
 .bss           0x0003131c        0x0 c:/altera/13.1/nios2eds/bin/gnu/h-i686-mingw32/bin/../lib/gcc/nios2-elf/4.7.3/../../../../../H-i686-mingw32/nios2-elf/lib/mno-hw-mul\libc.a(lib_a-refill.o)
 .bss           0x0003131c        0x0 c:/altera/13.1/nios2eds/bin/gnu/h-i686-mingw32/bin/../lib/gcc/nios2-elf/4.7.3/../../../../../H-i686-mingw32/nios2-elf/lib/mno-hw-mul\libc.a(lib_a-sbrkr.o)
 .bss           0x0003131c        0x0 c:/altera/13.1/nios2eds/bin/gnu/h-i686-mingw32/bin/../lib/gcc/nios2-elf/4.7.3/../../../../../H-i686-mingw32/nios2-elf/lib/mno-hw-mul\libc.a(lib_a-stdio.o)
 .bss           0x0003131c        0x0 c:/altera/13.1/nios2eds/bin/gnu/h-i686-mingw32/bin/../lib/gcc/nios2-elf/4.7.3/../../../../../H-i686-mingw32/nios2-elf/lib/mno-hw-mul\libc.a(lib_a-strcat.o)
 .bss           0x0003131c        0x0 c:/altera/13.1/nios2eds/bin/gnu/h-i686-mingw32/bin/../lib/gcc/nios2-elf/4.7.3/../../../../../H-i686-mingw32/nios2-elf/lib/mno-hw-mul\libc.a(lib_a-strcpy.o)
 .bss           0x0003131c        0x0 c:/altera/13.1/nios2eds/bin/gnu/h-i686-mingw32/bin/../lib/gcc/nios2-elf/4.7.3/../../../../../H-i686-mingw32/nios2-elf/lib/mno-hw-mul\libc.a(lib_a-strlen.o)
 .bss           0x0003131c        0x0 c:/altera/13.1/nios2eds/bin/gnu/h-i686-mingw32/bin/../lib/gcc/nios2-elf/4.7.3/../../../../../H-i686-mingw32/nios2-elf/lib/mno-hw-mul\libc.a(lib_a-vfprintf.o)
 .bss           0x0003131c        0x0 c:/altera/13.1/nios2eds/bin/gnu/h-i686-mingw32/bin/../lib/gcc/nios2-elf/4.7.3/../../../../../H-i686-mingw32/nios2-elf/lib/mno-hw-mul\libc.a(lib_a-wbuf.o)
 .bss           0x0003131c        0x0 c:/altera/13.1/nios2eds/bin/gnu/h-i686-mingw32/bin/../lib/gcc/nios2-elf/4.7.3/../../../../../H-i686-mingw32/nios2-elf/lib/mno-hw-mul\libc.a(lib_a-writer.o)
 .bss           0x0003131c        0x0 c:/altera/13.1/nios2eds/bin/gnu/h-i686-mingw32/bin/../lib/gcc/nios2-elf/4.7.3/../../../../../H-i686-mingw32/nios2-elf/lib/mno-hw-mul\libc.a(lib_a-wsetup.o)
 .bss           0x0003131c        0x0 c:/altera/13.1/nios2eds/bin/gnu/h-i686-mingw32/bin/../lib/gcc/nios2-elf/4.7.3/../../../../../H-i686-mingw32/nios2-elf/lib/mno-hw-mul\libc.a(lib_a-closer.o)
 .bss           0x0003131c        0x0 c:/altera/13.1/nios2eds/bin/gnu/h-i686-mingw32/bin/../lib/gcc/nios2-elf/4.7.3/../../../../../H-i686-mingw32/nios2-elf/lib/mno-hw-mul\libc.a(lib_a-dtoa.o)
 .bss           0x0003131c        0x0 c:/altera/13.1/nios2eds/bin/gnu/h-i686-mingw32/bin/../lib/gcc/nios2-elf/4.7.3/../../../../../H-i686-mingw32/nios2-elf/lib/mno-hw-mul\libc.a(lib_a-flags.o)
 .bss           0x0003131c        0x0 c:/altera/13.1/nios2eds/bin/gnu/h-i686-mingw32/bin/../lib/gcc/nios2-elf/4.7.3/../../../../../H-i686-mingw32/nios2-elf/lib/mno-hw-mul\libc.a(lib_a-fvwrite.o)
 .bss           0x0003131c        0x0 c:/altera/13.1/nios2eds/bin/gnu/h-i686-mingw32/bin/../lib/gcc/nios2-elf/4.7.3/../../../../../H-i686-mingw32/nios2-elf/lib/mno-hw-mul\libc.a(lib_a-isattyr.o)
 .bss           0x0003131c        0x0 c:/altera/13.1/nios2eds/bin/gnu/h-i686-mingw32/bin/../lib/gcc/nios2-elf/4.7.3/../../../../../H-i686-mingw32/nios2-elf/lib/mno-hw-mul\libc.a(lib_a-locale.o)
 .bss           0x0003131c        0x0 c:/altera/13.1/nios2eds/bin/gnu/h-i686-mingw32/bin/../lib/gcc/nios2-elf/4.7.3/../../../../../H-i686-mingw32/nios2-elf/lib/mno-hw-mul\libc.a(lib_a-lseekr.o)
 .bss           0x0003131c        0x0 c:/altera/13.1/nios2eds/bin/gnu/h-i686-mingw32/bin/../lib/gcc/nios2-elf/4.7.3/../../../../../H-i686-mingw32/nios2-elf/lib/mno-hw-mul\libc.a(lib_a-memchr.o)
 .bss           0x0003131c        0x0 c:/altera/13.1/nios2eds/bin/gnu/h-i686-mingw32/bin/../lib/gcc/nios2-elf/4.7.3/../../../../../H-i686-mingw32/nios2-elf/lib/mno-hw-mul\libc.a(lib_a-memmove.o)
 .bss           0x0003131c        0x0 c:/altera/13.1/nios2eds/bin/gnu/h-i686-mingw32/bin/../lib/gcc/nios2-elf/4.7.3/../../../../../H-i686-mingw32/nios2-elf/lib/mno-hw-mul\libc.a(lib_a-mprec.o)
 .bss           0x0003131c        0x0 c:/altera/13.1/nios2eds/bin/gnu/h-i686-mingw32/bin/../lib/gcc/nios2-elf/4.7.3/../../../../../H-i686-mingw32/nios2-elf/lib/mno-hw-mul\libc.a(lib_a-readr.o)
 .bss           0x0003131c        0x0 c:/altera/13.1/nios2eds/bin/gnu/h-i686-mingw32/bin/../lib/gcc/nios2-elf/4.7.3/../../../../../H-i686-mingw32/nios2-elf/lib/mno-hw-mul\libc.a(lib_a-reallocr.o)
 .bss           0x0003131c        0x0 c:/altera/13.1/nios2eds/bin/gnu/h-i686-mingw32/bin/../lib/gcc/nios2-elf/4.7.3/../../../../../H-i686-mingw32/nios2-elf/lib/mno-hw-mul\libc.a(lib_a-s_isinfd.o)
 .bss           0x0003131c        0x0 c:/altera/13.1/nios2eds/bin/gnu/h-i686-mingw32/bin/../lib/gcc/nios2-elf/4.7.3/../../../../../H-i686-mingw32/nios2-elf/lib/mno-hw-mul\libc.a(lib_a-s_isnand.o)
 .bss           0x0003131c        0x0 c:/altera/13.1/nios2eds/bin/gnu/h-i686-mingw32/bin/../lib/gcc/nios2-elf/4.7.3/../../../../../H-i686-mingw32/nios2-elf/lib/mno-hw-mul\libc.a(lib_a-strcmp.o)
 .bss           0x0003131c        0x0 c:/altera/13.1/nios2eds/bin/gnu/h-i686-mingw32/bin/../lib/gcc/nios2-elf/4.7.3/../../../../../H-i686-mingw32/nios2-elf/lib/mno-hw-mul\libc.a(lib_a-callocr.o)
 .bss           0x0003131c        0x0 c:/altera/13.1/nios2eds/bin/gnu/h-i686-mingw32/bin/../lib/gcc/nios2-elf/4.7.3/mno-hw-mul\libgcc.a(_udivdi3.o)
 .bss           0x0003131c        0x0 c:/altera/13.1/nios2eds/bin/gnu/h-i686-mingw32/bin/../lib/gcc/nios2-elf/4.7.3/mno-hw-mul\libgcc.a(_umoddi3.o)
 .bss           0x0003131c        0x0 c:/altera/13.1/nios2eds/bin/gnu/h-i686-mingw32/bin/../lib/gcc/nios2-elf/4.7.3/mno-hw-mul\libgcc.a(_addsub_df.o)
 .bss           0x0003131c        0x0 c:/altera/13.1/nios2eds/bin/gnu/h-i686-mingw32/bin/../lib/gcc/nios2-elf/4.7.3/mno-hw-mul\libgcc.a(_mul_df.o)
 .bss           0x0003131c        0x0 c:/altera/13.1/nios2eds/bin/gnu/h-i686-mingw32/bin/../lib/gcc/nios2-elf/4.7.3/mno-hw-mul\libgcc.a(_div_df.o)
 .bss           0x0003131c        0x0 c:/altera/13.1/nios2eds/bin/gnu/h-i686-mingw32/bin/../lib/gcc/nios2-elf/4.7.3/mno-hw-mul\libgcc.a(_eq_df.o)
 .bss           0x0003131c        0x0 c:/altera/13.1/nios2eds/bin/gnu/h-i686-mingw32/bin/../lib/gcc/nios2-elf/4.7.3/mno-hw-mul\libgcc.a(_ne_df.o)
 .bss           0x0003131c        0x0 c:/altera/13.1/nios2eds/bin/gnu/h-i686-mingw32/bin/../lib/gcc/nios2-elf/4.7.3/mno-hw-mul\libgcc.a(_gt_df.o)
 .bss           0x0003131c        0x0 c:/altera/13.1/nios2eds/bin/gnu/h-i686-mingw32/bin/../lib/gcc/nios2-elf/4.7.3/mno-hw-mul\libgcc.a(_ge_df.o)
 .bss           0x0003131c        0x0 c:/altera/13.1/nios2eds/bin/gnu/h-i686-mingw32/bin/../lib/gcc/nios2-elf/4.7.3/mno-hw-mul\libgcc.a(_lt_df.o)
 .bss           0x0003131c        0x0 c:/altera/13.1/nios2eds/bin/gnu/h-i686-mingw32/bin/../lib/gcc/nios2-elf/4.7.3/mno-hw-mul\libgcc.a(_si_to_df.o)
 .bss           0x0003131c        0x0 c:/altera/13.1/nios2eds/bin/gnu/h-i686-mingw32/bin/../lib/gcc/nios2-elf/4.7.3/mno-hw-mul\libgcc.a(_df_to_si.o)
 .bss           0x0003131c        0x0 c:/altera/13.1/nios2eds/bin/gnu/h-i686-mingw32/bin/../lib/gcc/nios2-elf/4.7.3/mno-hw-mul\libgcc.a(_thenan_df.o)
 .bss           0x0003131c        0x0 c:/altera/13.1/nios2eds/bin/gnu/h-i686-mingw32/bin/../lib/gcc/nios2-elf/4.7.3/mno-hw-mul\libgcc.a(_usi_to_df.o)
 .bss           0x0003131c        0x0 c:/altera/13.1/nios2eds/bin/gnu/h-i686-mingw32/bin/../lib/gcc/nios2-elf/4.7.3/mno-hw-mul\libgcc.a(lib2-divmod.o)
 .bss           0x0003131c        0x0 c:/altera/13.1/nios2eds/bin/gnu/h-i686-mingw32/bin/../lib/gcc/nios2-elf/4.7.3/mno-hw-mul\libgcc.a(lib2-mul.o)
 .bss           0x0003131c        0x0 c:/altera/13.1/nios2eds/bin/gnu/h-i686-mingw32/bin/../lib/gcc/nios2-elf/4.7.3/mno-hw-mul\libgcc.a(_muldi3.o)
 .bss           0x0003131c        0x0 c:/altera/13.1/nios2eds/bin/gnu/h-i686-mingw32/bin/../lib/gcc/nios2-elf/4.7.3/mno-hw-mul\libgcc.a(_clz.o)
 .bss           0x0003131c        0x0 c:/altera/13.1/nios2eds/bin/gnu/h-i686-mingw32/bin/../lib/gcc/nios2-elf/4.7.3/mno-hw-mul\libgcc.a(_clzsi2.o)
 .bss           0x0003131c        0x0 c:/altera/13.1/nios2eds/bin/gnu/h-i686-mingw32/bin/../lib/gcc/nios2-elf/4.7.3/mno-hw-mul\libgcc.a(_pack_df.o)
 .bss           0x0003131c        0x0 c:/altera/13.1/nios2eds/bin/gnu/h-i686-mingw32/bin/../lib/gcc/nios2-elf/4.7.3/mno-hw-mul\libgcc.a(_unpack_df.o)
 .bss           0x0003131c        0x0 c:/altera/13.1/nios2eds/bin/gnu/h-i686-mingw32/bin/../lib/gcc/nios2-elf/4.7.3/mno-hw-mul\libgcc.a(_fpcmp_parts_df.o)
 .bss           0x0003131c        0x0 c:/altera/13.1/nios2eds/bin/gnu/h-i686-mingw32/bin/../lib/gcc/nios2-elf/4.7.3/mno-hw-mul\libgcc.a(_lshrdi3.o)
 .bss           0x0003131c        0x0 c:/altera/13.1/nios2eds/bin/gnu/h-i686-mingw32/bin/../lib/gcc/nios2-elf/4.7.3/mno-hw-mul\libgcc.a(_ashldi3.o)
 .bss           0x0003131c        0x0 ../cpu_stage6_bsp/\libhal_bsp.a(alt_close.o)
 .bss           0x0003131c        0x0 ../cpu_stage6_bsp/\libhal_bsp.a(alt_dev.o)
 .bss           0x0003131c        0x0 ../cpu_stage6_bsp/\libhal_bsp.a(alt_errno.o)
 .bss           0x0003131c        0x0 ../cpu_stage6_bsp/\libhal_bsp.a(alt_fstat.o)
 .bss           0x0003131c        0x0 ../cpu_stage6_bsp/\libhal_bsp.a(alt_isatty.o)
 .bss           0x0003131c        0x0 ../cpu_stage6_bsp/\libhal_bsp.a(alt_load.o)
 .bss           0x0003131c        0x0 ../cpu_stage6_bsp/\libhal_bsp.a(alt_lseek.o)
 .bss           0x0003131c        0x0 ../cpu_stage6_bsp/\libhal_bsp.a(alt_main.o)
 .bss           0x0003131c        0x0 ../cpu_stage6_bsp/\libhal_bsp.a(alt_malloc_lock.o)
 .bss           0x0003131c        0x0 ../cpu_stage6_bsp/\libhal_bsp.a(alt_open.o)
 .bss           0x0003131c        0x0 ../cpu_stage6_bsp/\libhal_bsp.a(alt_read.o)
 .bss           0x0003131c        0x0 ../cpu_stage6_bsp/\libhal_bsp.a(alt_release_fd.o)
 .bss           0x0003131c        0x0 ../cpu_stage6_bsp/\libhal_bsp.a(alt_sbrk.o)
 .bss           0x0003131c        0x0 ../cpu_stage6_bsp/\libhal_bsp.a(alt_write.o)
 .bss           0x0003131c        0x0 ../cpu_stage6_bsp/\libhal_bsp.a(alt_sys_init.o)
 .bss           0x0003131c        0x0 ../cpu_stage6_bsp/\libhal_bsp.a(altera_avalon_jtag_uart_fd.o)
 .bss           0x0003131c        0x0 ../cpu_stage6_bsp/\libhal_bsp.a(altera_avalon_jtag_uart_init.o)
 .bss           0x0003131c        0x0 ../cpu_stage6_bsp/\libhal_bsp.a(altera_avalon_jtag_uart_ioctl.o)
 .bss           0x0003131c        0x0 ../cpu_stage6_bsp/\libhal_bsp.a(altera_avalon_jtag_uart_read.o)
 .bss           0x0003131c        0x0 ../cpu_stage6_bsp/\libhal_bsp.a(altera_avalon_jtag_uart_write.o)
 .bss           0x0003131c        0x0 ../cpu_stage6_bsp/\libhal_bsp.a(altera_avalon_timer_sc.o)
 .bss           0x0003131c        0x0 ../cpu_stage6_bsp/\libhal_bsp.a(altera_hostfs.o)
 .bss           0x0003131c        0x0 ../cpu_stage6_bsp/\libhal_bsp.a(alt_alarm_start.o)
 .bss           0x0003131c        0x0 ../cpu_stage6_bsp/\libhal_bsp.a(alt_dcache_flush_all.o)
 .bss           0x0003131c        0x0 ../cpu_stage6_bsp/\libhal_bsp.a(alt_dev_llist_insert.o)
 .bss           0x0003131c        0x0 ../cpu_stage6_bsp/\libhal_bsp.a(alt_do_ctors.o)
 .bss           0x0003131c        0x0 ../cpu_stage6_bsp/\libhal_bsp.a(alt_do_dtors.o)
 .bss           0x0003131c        0x0 ../cpu_stage6_bsp/\libhal_bsp.a(alt_find_dev.o)
 .bss           0x0003131c        0x0 ../cpu_stage6_bsp/\libhal_bsp.a(alt_find_file.o)
 .bss           0x0003131c        0x0 ../cpu_stage6_bsp/\libhal_bsp.a(alt_fs_reg.o)
 .bss           0x0003131c        0x0 ../cpu_stage6_bsp/\libhal_bsp.a(alt_get_fd.o)
 .bss           0x0003131c        0x0 ../cpu_stage6_bsp/\libhal_bsp.a(alt_icache_flush_all.o)
 .bss           0x0003131c        0x0 ../cpu_stage6_bsp/\libhal_bsp.a(alt_iic.o)
 .bss           0x0003131c        0x0 ../cpu_stage6_bsp/\libhal_bsp.a(alt_iic_isr_register.o)
 .bss           0x0003131c        0x0 ../cpu_stage6_bsp/\libhal_bsp.a(alt_io_redirect.o)
 .bss           0x0003131c        0x0 ../cpu_stage6_bsp/\libhal_bsp.a(alt_irq_entry.o)
 .bss           0x0003131c        0x0 ../cpu_stage6_bsp/\libhal_bsp.a(alt_irq_handler.o)
 .bss           0x0003131c        0x0 ../cpu_stage6_bsp/\libhal_bsp.a(alt_irq_vars.o)
 .bss           0x0003131c        0x0 ../cpu_stage6_bsp/\libhal_bsp.a(alt_tick.o)
 .bss           0x0003131c        0x0 ../cpu_stage6_bsp/\libhal_bsp.a(altera_nios2_qsys_irq.o)
 .bss           0x0003131c        0x0 ../cpu_stage6_bsp/\libhal_bsp.a(alt_exception_entry.o)
 .bss           0x0003131c        0x0 c:/altera/13.1/nios2eds/bin/gnu/h-i686-mingw32/bin/../lib/gcc/nios2-elf/4.7.3/../../../../../H-i686-mingw32/nios2-elf/lib/mno-hw-mul\libc.a(lib_a-atexit.o)
 .bss           0x0003131c        0x0 c:/altera/13.1/nios2eds/bin/gnu/h-i686-mingw32/bin/../lib/gcc/nios2-elf/4.7.3/../../../../../H-i686-mingw32/nios2-elf/lib/mno-hw-mul\libc.a(lib_a-exit.o)
 .bss           0x0003131c        0x0 c:/altera/13.1/nios2eds/bin/gnu/h-i686-mingw32/bin/../lib/gcc/nios2-elf/4.7.3/../../../../../H-i686-mingw32/nios2-elf/lib/mno-hw-mul\libc.a(lib_a-memcmp.o)
 .bss           0x0003131c        0x0 c:/altera/13.1/nios2eds/bin/gnu/h-i686-mingw32/bin/../lib/gcc/nios2-elf/4.7.3/../../../../../H-i686-mingw32/nios2-elf/lib/mno-hw-mul\libc.a(lib_a-__atexit.o)
 .bss           0x0003131c        0x0 c:/altera/13.1/nios2eds/bin/gnu/h-i686-mingw32/bin/../lib/gcc/nios2-elf/4.7.3/../../../../../H-i686-mingw32/nios2-elf/lib/mno-hw-mul\libc.a(lib_a-__call_atexit.o)
 .bss           0x0003131c        0x0 ../cpu_stage6_bsp/\libhal_bsp.a(alt_exit.o)
 *(COMMON)
 COMMON         0x0003131c      0x100 ../cpu_stage6_bsp/\libhal_bsp.a(alt_irq_handler.o)
                0x0003131c                alt_irq
 COMMON         0x0003141c      0x190 c:/altera/13.1/nios2eds/bin/gnu/h-i686-mingw32/bin/../lib/gcc/nios2-elf/4.7.3/../../../../../H-i686-mingw32/nios2-elf/lib/mno-hw-mul\libc.a(lib_a-atexit.o)
                0x0003141c                _atexit0
                0x000315ac                . = ALIGN (0x4)
                0x000315ac                __bss_end = ABSOLUTE (.)

.ram_stage6     0x000315ac        0x0
                0x000315ac                PROVIDE (_alt_partition_ram_stage6_start, ABSOLUTE (.))
 *(.ram_stage6 .ram_stage6. ram_stage6.*)
                0x000315ac                . = ALIGN (0x4)
                0x000315ac                PROVIDE (_alt_partition_ram_stage6_end, ABSOLUTE (.))
                0x000315ac                _end = ABSOLUTE (.)
                0x000315ac                end = ABSOLUTE (.)
                0x000315ac                __alt_stack_base = ABSOLUTE (.)
                0x000315ac                PROVIDE (_alt_partition_ram_stage6_load_addr, LOADADDR (.ram_stage6))

.stab
 *(.stab)

.stabstr
 *(.stabstr)

.stab.excl
 *(.stab.excl)

.stab.exclstr
 *(.stab.exclstr)

.stab.index
 *(.stab.index)

.stab.indexstr
 *(.stab.indexstr)

.comment        0x00000000       0x23
 *(.comment)
 .comment       0x00000000       0x23 obj/default/main.o
                                 0x24 (size before relaxing)
 .comment       0x00000000       0x24 c:/altera/13.1/nios2eds/bin/gnu/h-i686-mingw32/bin/../lib/gcc/nios2-elf/4.7.3/../../../../../H-i686-mingw32/nios2-elf/lib/mno-hw-mul\libc.a(lib_a-fclose.o)
 .comment       0x00000000       0x24 c:/altera/13.1/nios2eds/bin/gnu/h-i686-mingw32/bin/../lib/gcc/nios2-elf/4.7.3/../../../../../H-i686-mingw32/nios2-elf/lib/mno-hw-mul\libc.a(lib_a-fflush.o)
 .comment       0x00000000       0x24 c:/altera/13.1/nios2eds/bin/gnu/h-i686-mingw32/bin/../lib/gcc/nios2-elf/4.7.3/../../../../../H-i686-mingw32/nios2-elf/lib/mno-hw-mul\libc.a(lib_a-findfp.o)
 .comment       0x00000000       0x24 c:/altera/13.1/nios2eds/bin/gnu/h-i686-mingw32/bin/../lib/gcc/nios2-elf/4.7.3/../../../../../H-i686-mingw32/nios2-elf/lib/mno-hw-mul\libc.a(lib_a-fopen.o)
 .comment       0x00000000       0x24 c:/altera/13.1/nios2eds/bin/gnu/h-i686-mingw32/bin/../lib/gcc/nios2-elf/4.7.3/../../../../../H-i686-mingw32/nios2-elf/lib/mno-hw-mul\libc.a(lib_a-fputc.o)
 .comment       0x00000000       0x24 c:/altera/13.1/nios2eds/bin/gnu/h-i686-mingw32/bin/../lib/gcc/nios2-elf/4.7.3/../../../../../H-i686-mingw32/nios2-elf/lib/mno-hw-mul\libc.a(lib_a-freer.o)
 .comment       0x00000000       0x24 c:/altera/13.1/nios2eds/bin/gnu/h-i686-mingw32/bin/../lib/gcc/nios2-elf/4.7.3/../../../../../H-i686-mingw32/nios2-elf/lib/mno-hw-mul\libc.a(lib_a-fseek.o)
 .comment       0x00000000       0x24 c:/altera/13.1/nios2eds/bin/gnu/h-i686-mingw32/bin/../lib/gcc/nios2-elf/4.7.3/../../../../../H-i686-mingw32/nios2-elf/lib/mno-hw-mul\libc.a(lib_a-fstatr.o)
 .comment       0x00000000       0x24 c:/altera/13.1/nios2eds/bin/gnu/h-i686-mingw32/bin/../lib/gcc/nios2-elf/4.7.3/../../../../../H-i686-mingw32/nios2-elf/lib/mno-hw-mul\libc.a(lib_a-fwalk.o)
 .comment       0x00000000       0x24 c:/altera/13.1/nios2eds/bin/gnu/h-i686-mingw32/bin/../lib/gcc/nios2-elf/4.7.3/../../../../../H-i686-mingw32/nios2-elf/lib/mno-hw-mul\libc.a(lib_a-impure.o)
 .comment       0x00000000       0x24 c:/altera/13.1/nios2eds/bin/gnu/h-i686-mingw32/bin/../lib/gcc/nios2-elf/4.7.3/../../../../../H-i686-mingw32/nios2-elf/lib/mno-hw-mul\libc.a(lib_a-int_errno.o)
 .comment       0x00000000       0x24 c:/altera/13.1/nios2eds/bin/gnu/h-i686-mingw32/bin/../lib/gcc/nios2-elf/4.7.3/../../../../../H-i686-mingw32/nios2-elf/lib/mno-hw-mul\libc.a(lib_a-makebuf.o)
 .comment       0x00000000       0x24 c:/altera/13.1/nios2eds/bin/gnu/h-i686-mingw32/bin/../lib/gcc/nios2-elf/4.7.3/../../../../../H-i686-mingw32/nios2-elf/lib/mno-hw-mul\libc.a(lib_a-mallocr.o)
 .comment       0x00000000       0x24 c:/altera/13.1/nios2eds/bin/gnu/h-i686-mingw32/bin/../lib/gcc/nios2-elf/4.7.3/../../../../../H-i686-mingw32/nios2-elf/lib/mno-hw-mul\libc.a(lib_a-memcpy.o)
 .comment       0x00000000       0x24 c:/altera/13.1/nios2eds/bin/gnu/h-i686-mingw32/bin/../lib/gcc/nios2-elf/4.7.3/../../../../../H-i686-mingw32/nios2-elf/lib/mno-hw-mul\libc.a(lib_a-memset.o)
 .comment       0x00000000       0x24 c:/altera/13.1/nios2eds/bin/gnu/h-i686-mingw32/bin/../lib/gcc/nios2-elf/4.7.3/../../../../../H-i686-mingw32/nios2-elf/lib/mno-hw-mul\libc.a(lib_a-openr.o)
 .comment       0x00000000       0x24 c:/altera/13.1/nios2eds/bin/gnu/h-i686-mingw32/bin/../lib/gcc/nios2-elf/4.7.3/../../../../../H-i686-mingw32/nios2-elf/lib/mno-hw-mul\libc.a(lib_a-printf.o)
 .comment       0x00000000       0x24 c:/altera/13.1/nios2eds/bin/gnu/h-i686-mingw32/bin/../lib/gcc/nios2-elf/4.7.3/../../../../../H-i686-mingw32/nios2-elf/lib/mno-hw-mul\libc.a(lib_a-putc.o)
 .comment       0x00000000       0x24 c:/altera/13.1/nios2eds/bin/gnu/h-i686-mingw32/bin/../lib/gcc/nios2-elf/4.7.3/../../../../../H-i686-mingw32/nios2-elf/lib/mno-hw-mul\libc.a(lib_a-puts.o)
 .comment       0x00000000       0x24 c:/altera/13.1/nios2eds/bin/gnu/h-i686-mingw32/bin/../lib/gcc/nios2-elf/4.7.3/../../../../../H-i686-mingw32/nios2-elf/lib/mno-hw-mul\libc.a(lib_a-refill.o)
 .comment       0x00000000       0x24 c:/altera/13.1/nios2eds/bin/gnu/h-i686-mingw32/bin/../lib/gcc/nios2-elf/4.7.3/../../../../../H-i686-mingw32/nios2-elf/lib/mno-hw-mul\libc.a(lib_a-sbrkr.o)
 .comment       0x00000000       0x24 c:/altera/13.1/nios2eds/bin/gnu/h-i686-mingw32/bin/../lib/gcc/nios2-elf/4.7.3/../../../../../H-i686-mingw32/nios2-elf/lib/mno-hw-mul\libc.a(lib_a-stdio.o)
 .comment       0x00000000       0x24 c:/altera/13.1/nios2eds/bin/gnu/h-i686-mingw32/bin/../lib/gcc/nios2-elf/4.7.3/../../../../../H-i686-mingw32/nios2-elf/lib/mno-hw-mul\libc.a(lib_a-strcat.o)
 .comment       0x00000000       0x24 c:/altera/13.1/nios2eds/bin/gnu/h-i686-mingw32/bin/../lib/gcc/nios2-elf/4.7.3/../../../../../H-i686-mingw32/nios2-elf/lib/mno-hw-mul\libc.a(lib_a-strcpy.o)
 .comment       0x00000000       0x24 c:/altera/13.1/nios2eds/bin/gnu/h-i686-mingw32/bin/../lib/gcc/nios2-elf/4.7.3/../../../../../H-i686-mingw32/nios2-elf/lib/mno-hw-mul\libc.a(lib_a-strlen.o)
 .comment       0x00000000       0x24 c:/altera/13.1/nios2eds/bin/gnu/h-i686-mingw32/bin/../lib/gcc/nios2-elf/4.7.3/../../../../../H-i686-mingw32/nios2-elf/lib/mno-hw-mul\libc.a(lib_a-vfprintf.o)
 .comment       0x00000000       0x24 c:/altera/13.1/nios2eds/bin/gnu/h-i686-mingw32/bin/../lib/gcc/nios2-elf/4.7.3/../../../../../H-i686-mingw32/nios2-elf/lib/mno-hw-mul\libc.a(lib_a-wbuf.o)
 .comment       0x00000000       0x24 c:/altera/13.1/nios2eds/bin/gnu/h-i686-mingw32/bin/../lib/gcc/nios2-elf/4.7.3/../../../../../H-i686-mingw32/nios2-elf/lib/mno-hw-mul\libc.a(lib_a-writer.o)
 .comment       0x00000000       0x24 c:/altera/13.1/nios2eds/bin/gnu/h-i686-mingw32/bin/../lib/gcc/nios2-elf/4.7.3/../../../../../H-i686-mingw32/nios2-elf/lib/mno-hw-mul\libc.a(lib_a-wsetup.o)
 .comment       0x00000000       0x24 c:/altera/13.1/nios2eds/bin/gnu/h-i686-mingw32/bin/../lib/gcc/nios2-elf/4.7.3/../../../../../H-i686-mingw32/nios2-elf/lib/mno-hw-mul\libc.a(lib_a-closer.o)
 .comment       0x00000000       0x24 c:/altera/13.1/nios2eds/bin/gnu/h-i686-mingw32/bin/../lib/gcc/nios2-elf/4.7.3/../../../../../H-i686-mingw32/nios2-elf/lib/mno-hw-mul\libc.a(lib_a-dtoa.o)
 .comment       0x00000000       0x24 c:/altera/13.1/nios2eds/bin/gnu/h-i686-mingw32/bin/../lib/gcc/nios2-elf/4.7.3/../../../../../H-i686-mingw32/nios2-elf/lib/mno-hw-mul\libc.a(lib_a-flags.o)
 .comment       0x00000000       0x24 c:/altera/13.1/nios2eds/bin/gnu/h-i686-mingw32/bin/../lib/gcc/nios2-elf/4.7.3/../../../../../H-i686-mingw32/nios2-elf/lib/mno-hw-mul\libc.a(lib_a-fvwrite.o)
 .comment       0x00000000       0x24 c:/altera/13.1/nios2eds/bin/gnu/h-i686-mingw32/bin/../lib/gcc/nios2-elf/4.7.3/../../../../../H-i686-mingw32/nios2-elf/lib/mno-hw-mul\libc.a(lib_a-isattyr.o)
 .comment       0x00000000       0x24 c:/altera/13.1/nios2eds/bin/gnu/h-i686-mingw32/bin/../lib/gcc/nios2-elf/4.7.3/../../../../../H-i686-mingw32/nios2-elf/lib/mno-hw-mul\libc.a(lib_a-locale.o)
 .comment       0x00000000       0x24 c:/altera/13.1/nios2eds/bin/gnu/h-i686-mingw32/bin/../lib/gcc/nios2-elf/4.7.3/../../../../../H-i686-mingw32/nios2-elf/lib/mno-hw-mul\libc.a(lib_a-lseekr.o)
 .comment       0x00000000       0x24 c:/altera/13.1/nios2eds/bin/gnu/h-i686-mingw32/bin/../lib/gcc/nios2-elf/4.7.3/../../../../../H-i686-mingw32/nios2-elf/lib/mno-hw-mul\libc.a(lib_a-memchr.o)
 .comment       0x00000000       0x24 c:/altera/13.1/nios2eds/bin/gnu/h-i686-mingw32/bin/../lib/gcc/nios2-elf/4.7.3/../../../../../H-i686-mingw32/nios2-elf/lib/mno-hw-mul\libc.a(lib_a-memmove.o)
 .comment       0x00000000       0x24 c:/altera/13.1/nios2eds/bin/gnu/h-i686-mingw32/bin/../lib/gcc/nios2-elf/4.7.3/../../../../../H-i686-mingw32/nios2-elf/lib/mno-hw-mul\libc.a(lib_a-mprec.o)
 .comment       0x00000000       0x24 c:/altera/13.1/nios2eds/bin/gnu/h-i686-mingw32/bin/../lib/gcc/nios2-elf/4.7.3/../../../../../H-i686-mingw32/nios2-elf/lib/mno-hw-mul\libc.a(lib_a-readr.o)
 .comment       0x00000000       0x24 c:/altera/13.1/nios2eds/bin/gnu/h-i686-mingw32/bin/../lib/gcc/nios2-elf/4.7.3/../../../../../H-i686-mingw32/nios2-elf/lib/mno-hw-mul\libc.a(lib_a-reallocr.o)
 .comment       0x00000000       0x24 c:/altera/13.1/nios2eds/bin/gnu/h-i686-mingw32/bin/../lib/gcc/nios2-elf/4.7.3/../../../../../H-i686-mingw32/nios2-elf/lib/mno-hw-mul\libc.a(lib_a-s_isinfd.o)
 .comment       0x00000000       0x24 c:/altera/13.1/nios2eds/bin/gnu/h-i686-mingw32/bin/../lib/gcc/nios2-elf/4.7.3/../../../../../H-i686-mingw32/nios2-elf/lib/mno-hw-mul\libc.a(lib_a-s_isnand.o)
 .comment       0x00000000       0x24 c:/altera/13.1/nios2eds/bin/gnu/h-i686-mingw32/bin/../lib/gcc/nios2-elf/4.7.3/../../../../../H-i686-mingw32/nios2-elf/lib/mno-hw-mul\libc.a(lib_a-strcmp.o)
 .comment       0x00000000       0x24 c:/altera/13.1/nios2eds/bin/gnu/h-i686-mingw32/bin/../lib/gcc/nios2-elf/4.7.3/../../../../../H-i686-mingw32/nios2-elf/lib/mno-hw-mul\libc.a(lib_a-callocr.o)
 .comment       0x00000000       0x24 c:/altera/13.1/nios2eds/bin/gnu/h-i686-mingw32/bin/../lib/gcc/nios2-elf/4.7.3/mno-hw-mul\libgcc.a(_udivdi3.o)
 .comment       0x00000000       0x24 c:/altera/13.1/nios2eds/bin/gnu/h-i686-mingw32/bin/../lib/gcc/nios2-elf/4.7.3/mno-hw-mul\libgcc.a(_umoddi3.o)
 .comment       0x00000000       0x24 c:/altera/13.1/nios2eds/bin/gnu/h-i686-mingw32/bin/../lib/gcc/nios2-elf/4.7.3/mno-hw-mul\libgcc.a(_addsub_df.o)
 .comment       0x00000000       0x24 c:/altera/13.1/nios2eds/bin/gnu/h-i686-mingw32/bin/../lib/gcc/nios2-elf/4.7.3/mno-hw-mul\libgcc.a(_mul_df.o)
 .comment       0x00000000       0x24 c:/altera/13.1/nios2eds/bin/gnu/h-i686-mingw32/bin/../lib/gcc/nios2-elf/4.7.3/mno-hw-mul\libgcc.a(_div_df.o)
 .comment       0x00000000       0x24 c:/altera/13.1/nios2eds/bin/gnu/h-i686-mingw32/bin/../lib/gcc/nios2-elf/4.7.3/mno-hw-mul\libgcc.a(_eq_df.o)
 .comment       0x00000000       0x24 c:/altera/13.1/nios2eds/bin/gnu/h-i686-mingw32/bin/../lib/gcc/nios2-elf/4.7.3/mno-hw-mul\libgcc.a(_ne_df.o)
 .comment       0x00000000       0x24 c:/altera/13.1/nios2eds/bin/gnu/h-i686-mingw32/bin/../lib/gcc/nios2-elf/4.7.3/mno-hw-mul\libgcc.a(_gt_df.o)
 .comment       0x00000000       0x24 c:/altera/13.1/nios2eds/bin/gnu/h-i686-mingw32/bin/../lib/gcc/nios2-elf/4.7.3/mno-hw-mul\libgcc.a(_ge_df.o)
 .comment       0x00000000       0x24 c:/altera/13.1/nios2eds/bin/gnu/h-i686-mingw32/bin/../lib/gcc/nios2-elf/4.7.3/mno-hw-mul\libgcc.a(_lt_df.o)
 .comment       0x00000000       0x24 c:/altera/13.1/nios2eds/bin/gnu/h-i686-mingw32/bin/../lib/gcc/nios2-elf/4.7.3/mno-hw-mul\libgcc.a(_si_to_df.o)
 .comment       0x00000000       0x24 c:/altera/13.1/nios2eds/bin/gnu/h-i686-mingw32/bin/../lib/gcc/nios2-elf/4.7.3/mno-hw-mul\libgcc.a(_df_to_si.o)
 .comment       0x00000000       0x24 c:/altera/13.1/nios2eds/bin/gnu/h-i686-mingw32/bin/../lib/gcc/nios2-elf/4.7.3/mno-hw-mul\libgcc.a(_thenan_df.o)
 .comment       0x00000000       0x24 c:/altera/13.1/nios2eds/bin/gnu/h-i686-mingw32/bin/../lib/gcc/nios2-elf/4.7.3/mno-hw-mul\libgcc.a(_usi_to_df.o)
 .comment       0x00000000       0x24 c:/altera/13.1/nios2eds/bin/gnu/h-i686-mingw32/bin/../lib/gcc/nios2-elf/4.7.3/mno-hw-mul\libgcc.a(lib2-divmod.o)
 .comment       0x00000000       0x24 c:/altera/13.1/nios2eds/bin/gnu/h-i686-mingw32/bin/../lib/gcc/nios2-elf/4.7.3/mno-hw-mul\libgcc.a(lib2-mul.o)
 .comment       0x00000000       0x24 c:/altera/13.1/nios2eds/bin/gnu/h-i686-mingw32/bin/../lib/gcc/nios2-elf/4.7.3/mno-hw-mul\libgcc.a(_muldi3.o)
 .comment       0x00000000       0x24 c:/altera/13.1/nios2eds/bin/gnu/h-i686-mingw32/bin/../lib/gcc/nios2-elf/4.7.3/mno-hw-mul\libgcc.a(_clz.o)
 .comment       0x00000000       0x24 c:/altera/13.1/nios2eds/bin/gnu/h-i686-mingw32/bin/../lib/gcc/nios2-elf/4.7.3/mno-hw-mul\libgcc.a(_clzsi2.o)
 .comment       0x00000000       0x24 c:/altera/13.1/nios2eds/bin/gnu/h-i686-mingw32/bin/../lib/gcc/nios2-elf/4.7.3/mno-hw-mul\libgcc.a(_pack_df.o)
 .comment       0x00000000       0x24 c:/altera/13.1/nios2eds/bin/gnu/h-i686-mingw32/bin/../lib/gcc/nios2-elf/4.7.3/mno-hw-mul\libgcc.a(_unpack_df.o)
 .comment       0x00000000       0x24 c:/altera/13.1/nios2eds/bin/gnu/h-i686-mingw32/bin/../lib/gcc/nios2-elf/4.7.3/mno-hw-mul\libgcc.a(_fpcmp_parts_df.o)
 .comment       0x00000000       0x24 c:/altera/13.1/nios2eds/bin/gnu/h-i686-mingw32/bin/../lib/gcc/nios2-elf/4.7.3/mno-hw-mul\libgcc.a(_lshrdi3.o)
 .comment       0x00000000       0x24 c:/altera/13.1/nios2eds/bin/gnu/h-i686-mingw32/bin/../lib/gcc/nios2-elf/4.7.3/mno-hw-mul\libgcc.a(_ashldi3.o)
 .comment       0x00000000       0x24 ../cpu_stage6_bsp/\libhal_bsp.a(alt_close.o)
 .comment       0x00000000       0x24 ../cpu_stage6_bsp/\libhal_bsp.a(alt_dev.o)
 .comment       0x00000000       0x24 ../cpu_stage6_bsp/\libhal_bsp.a(alt_errno.o)
 .comment       0x00000000       0x24 ../cpu_stage6_bsp/\libhal_bsp.a(alt_fstat.o)
 .comment       0x00000000       0x24 ../cpu_stage6_bsp/\libhal_bsp.a(alt_isatty.o)
 .comment       0x00000000       0x24 ../cpu_stage6_bsp/\libhal_bsp.a(alt_load.o)
 .comment       0x00000000       0x24 ../cpu_stage6_bsp/\libhal_bsp.a(alt_lseek.o)
 .comment       0x00000000       0x24 ../cpu_stage6_bsp/\libhal_bsp.a(alt_main.o)
 .comment       0x00000000       0x24 ../cpu_stage6_bsp/\libhal_bsp.a(alt_malloc_lock.o)
 .comment       0x00000000       0x24 ../cpu_stage6_bsp/\libhal_bsp.a(alt_open.o)
 .comment       0x00000000       0x24 ../cpu_stage6_bsp/\libhal_bsp.a(alt_read.o)
 .comment       0x00000000       0x24 ../cpu_stage6_bsp/\libhal_bsp.a(alt_release_fd.o)
 .comment       0x00000000       0x24 ../cpu_stage6_bsp/\libhal_bsp.a(alt_sbrk.o)
 .comment       0x00000000       0x24 ../cpu_stage6_bsp/\libhal_bsp.a(alt_write.o)
 .comment       0x00000000       0x24 ../cpu_stage6_bsp/\libhal_bsp.a(alt_sys_init.o)
 .comment       0x00000000       0x24 ../cpu_stage6_bsp/\libhal_bsp.a(altera_avalon_jtag_uart_fd.o)
 .comment       0x00000000       0x24 ../cpu_stage6_bsp/\libhal_bsp.a(altera_avalon_jtag_uart_init.o)
 .comment       0x00000000       0x24 ../cpu_stage6_bsp/\libhal_bsp.a(altera_avalon_jtag_uart_ioctl.o)
 .comment       0x00000000       0x24 ../cpu_stage6_bsp/\libhal_bsp.a(altera_avalon_jtag_uart_read.o)
 .comment       0x00000000       0x24 ../cpu_stage6_bsp/\libhal_bsp.a(altera_avalon_jtag_uart_write.o)
 .comment       0x00000000       0x24 ../cpu_stage6_bsp/\libhal_bsp.a(altera_avalon_timer_sc.o)
 .comment       0x00000000       0x24 ../cpu_stage6_bsp/\libhal_bsp.a(altera_hostfs.o)
 .comment       0x00000000       0x24 ../cpu_stage6_bsp/\libhal_bsp.a(alt_alarm_start.o)
 .comment       0x00000000       0x24 ../cpu_stage6_bsp/\libhal_bsp.a(alt_dcache_flush_all.o)
 .comment       0x00000000       0x24 ../cpu_stage6_bsp/\libhal_bsp.a(alt_dev_llist_insert.o)
 .comment       0x00000000       0x24 ../cpu_stage6_bsp/\libhal_bsp.a(alt_do_ctors.o)
 .comment       0x00000000       0x24 ../cpu_stage6_bsp/\libhal_bsp.a(alt_do_dtors.o)
 .comment       0x00000000       0x24 ../cpu_stage6_bsp/\libhal_bsp.a(alt_find_dev.o)
 .comment       0x00000000       0x24 ../cpu_stage6_bsp/\libhal_bsp.a(alt_find_file.o)
 .comment       0x00000000       0x24 ../cpu_stage6_bsp/\libhal_bsp.a(alt_fs_reg.o)
 .comment       0x00000000       0x24 ../cpu_stage6_bsp/\libhal_bsp.a(alt_get_fd.o)
 .comment       0x00000000       0x24 ../cpu_stage6_bsp/\libhal_bsp.a(alt_icache_flush_all.o)
 .comment       0x00000000       0x24 ../cpu_stage6_bsp/\libhal_bsp.a(alt_iic.o)
 .comment       0x00000000       0x24 ../cpu_stage6_bsp/\libhal_bsp.a(alt_iic_isr_register.o)
 .comment       0x00000000       0x24 ../cpu_stage6_bsp/\libhal_bsp.a(alt_io_redirect.o)
 .comment       0x00000000       0x24 ../cpu_stage6_bsp/\libhal_bsp.a(alt_irq_handler.o)
 .comment       0x00000000       0x24 ../cpu_stage6_bsp/\libhal_bsp.a(alt_irq_vars.o)
 .comment       0x00000000       0x24 ../cpu_stage6_bsp/\libhal_bsp.a(alt_tick.o)
 .comment       0x00000000       0x24 ../cpu_stage6_bsp/\libhal_bsp.a(altera_nios2_qsys_irq.o)
 .comment       0x00000000       0x24 c:/altera/13.1/nios2eds/bin/gnu/h-i686-mingw32/bin/../lib/gcc/nios2-elf/4.7.3/../../../../../H-i686-mingw32/nios2-elf/lib/mno-hw-mul\libc.a(lib_a-atexit.o)
 .comment       0x00000000       0x24 c:/altera/13.1/nios2eds/bin/gnu/h-i686-mingw32/bin/../lib/gcc/nios2-elf/4.7.3/../../../../../H-i686-mingw32/nios2-elf/lib/mno-hw-mul\libc.a(lib_a-exit.o)
 .comment       0x00000000       0x24 c:/altera/13.1/nios2eds/bin/gnu/h-i686-mingw32/bin/../lib/gcc/nios2-elf/4.7.3/../../../../../H-i686-mingw32/nios2-elf/lib/mno-hw-mul\libc.a(lib_a-memcmp.o)
 .comment       0x00000000       0x24 c:/altera/13.1/nios2eds/bin/gnu/h-i686-mingw32/bin/../lib/gcc/nios2-elf/4.7.3/../../../../../H-i686-mingw32/nios2-elf/lib/mno-hw-mul\libc.a(lib_a-__atexit.o)