Flow report for TopLevel
Tue Nov 25 16:23:04 2025
Quartus II 64-Bit Version 13.1.0 Build 162 10/23/2013 SJ Web Edition


---------------------
; Table of Contents ;
---------------------
  1. Legal Notice
  2. Flow Summary
  3. Flow Settings
  4. Flow Non-Default Global Settings
  5. Flow Elapsed Time
  6. Flow OS Summary
  7. Flow Log
  8. Flow Messages
  9. Flow Suppressed Messages



----------------
; Legal Notice ;
----------------
Copyright (C) 1991-2013 Altera Corporation
Your use of Altera Corporation's design tools, logic functions 
and other software and tools, and its AMPP partner logic 
functions, and any output files from any of the foregoing 
(including device programming or simulation files), and any 
associated documentation or information are expressly subject 
to the terms and conditions of the Altera Program License 
Subscription Agreement, Altera MegaCore Function License 
Agreement, or other applicable license agreement, including, 
without limitation, that your use is for the sole purpose of 
programming logic devices manufactured by Altera and sold by 
Altera or its authorized distributors.  Please refer to the 
applicable agreement for further details.



+---------------------------------------------------------------------------------+
; Flow Summary                                                                    ;
+------------------------------------+--------------------------------------------+
; Flow Status                        ; Successful - Tue Nov 25 16:23:04 2025      ;
; Quartus II 64-Bit Version          ; 13.1.0 Build 162 10/23/2013 SJ Web Edition ;
; Revision Name                      ; TopLevel                                   ;
; Top-level Entity Name              ; TopLevel                                   ;
; Family                             ; Cyclone IV E                               ;
; Device                             ; EP4CE115F29C7                              ;
; Timing Models                      ; Final                                      ;
; Total logic elements               ; 2,007 / 114,480 ( 2 % )                    ;
;     Total combinational functions  ; 1,864 / 114,480 ( 2 % )                    ;
;     Dedicated logic registers      ; 1,068 / 114,480 ( < 1 % )                  ;
; Total registers                    ; 1068                                       ;
; Total pins                         ; 9 / 529 ( 2 % )                            ;
; Total virtual pins                 ; 0                                          ;
; Total memory bits                  ; 2,108,416 / 3,981,312 ( 53 % )             ;
; Embedded Multiplier 9-bit elements ; 0 / 532 ( 0 % )                            ;
; Total PLLs                         ; 0 / 4 ( 0 % )                              ;
+------------------------------------+--------------------------------------------+


+-----------------------------------------+
; Flow Settings                           ;
+-------------------+---------------------+
; Option            ; Setting             ;
+-------------------+---------------------+
; Start date & time ; 11/25/2025 16:21:29 ;
; Main task         ; Compilation         ;
; Revision Name     ; TopLevel            ;
+-------------------+---------------------+


+-------------------------------------------------------------------------------------------------------------------------------------------------------------------------+
; Flow Non-Default Global Settings                                                                                                                                        ;
+-------------------------------------+-------------------------------------------------------+---------------+------------------------------------------+----------------+
; Assignment Name                     ; Value                                                 ; Default Value ; Entity Name                              ; Section Id     ;
+-------------------------------------+-------------------------------------------------------+---------------+------------------------------------------+----------------+
; COMPILER_SIGNATURE_ID               ; 9423229023477.176406788902788                         ; --            ; --                                       ; --             ;
; EDA_OUTPUT_DATA_FORMAT              ; Vhdl                                                  ; --            ; --                                       ; eda_simulation ;
; EDA_SIMULATION_TOOL                 ; ModelSim-Altera (VHDL)                                ; <None>        ; --                                       ; --             ;
; IP_TOOL_ENV                         ; Qsys                                                  ; --            ; Soc                                      ; --             ;
; IP_TOOL_ENV                         ; Qsys                                                  ; --            ; Soc_cpu                                  ; --             ;
; IP_TOOL_ENV                         ; Qsys                                                  ; --            ; Soc_irq_mapper                           ; --             ;
; IP_TOOL_ENV                         ; Qsys                                                  ; --            ; Soc_jtag_uart                            ; --             ;
; IP_TOOL_ENV                         ; Qsys                                                  ; --            ; Soc_led_out                              ; --             ;
; IP_TOOL_ENV                         ; Qsys                                                  ; --            ; Soc_mm_interconnect_0                    ; --             ;
; IP_TOOL_ENV                         ; Qsys                                                  ; --            ; Soc_mm_interconnect_0_addr_router        ; --             ;
; IP_TOOL_ENV                         ; Qsys                                                  ; --            ; Soc_mm_interconnect_0_addr_router_001    ; --             ;
; IP_TOOL_ENV                         ; Qsys                                                  ; --            ; Soc_mm_interconnect_0_cmd_xbar_demux     ; --             ;
; IP_TOOL_ENV                         ; Qsys                                                  ; --            ; Soc_mm_interconnect_0_cmd_xbar_demux_001 ; --             ;
; IP_TOOL_ENV                         ; Qsys                                                  ; --            ; Soc_mm_interconnect_0_cmd_xbar_mux       ; --             ;
; IP_TOOL_ENV                         ; Qsys                                                  ; --            ; Soc_mm_interconnect_0_cmd_xbar_mux_002   ; --             ;
; IP_TOOL_ENV                         ; Qsys                                                  ; --            ; Soc_mm_interconnect_0_id_router          ; --             ;
; IP_TOOL_ENV                         ; Qsys                                                  ; --            ; Soc_mm_interconnect_0_id_router_002      ; --             ;
; IP_TOOL_ENV                         ; Qsys                                                  ; --            ; Soc_mm_interconnect_0_rsp_xbar_demux_002 ; --             ;
; IP_TOOL_ENV                         ; Qsys                                                  ; --            ; Soc_mm_interconnect_0_rsp_xbar_mux       ; --             ;
; IP_TOOL_ENV                         ; Qsys                                                  ; --            ; Soc_mm_interconnect_0_rsp_xbar_mux_001   ; --             ;
; IP_TOOL_ENV                         ; Qsys                                                  ; --            ; Soc_onchip_memory                        ; --             ;
; IP_TOOL_ENV                         ; Qsys                                                  ; --            ; Soc_sysid                                ; --             ;
; IP_TOOL_ENV                         ; Qsys                                                  ; --            ; Soc_timer                                ; --             ;
; IP_TOOL_ENV                         ; Qsys                                                  ; --            ; altera_avalon_sc_fifo                    ; --             ;
; IP_TOOL_ENV                         ; Qsys                                                  ; --            ; altera_merlin_master_agent               ; --             ;
; IP_TOOL_ENV                         ; Qsys                                                  ; --            ; altera_merlin_master_translator          ; --             ;
; IP_TOOL_ENV                         ; Qsys                                                  ; --            ; altera_merlin_slave_agent                ; --             ;
; IP_TOOL_ENV                         ; Qsys                                                  ; --            ; altera_merlin_slave_translator           ; --             ;
; IP_TOOL_ENV                         ; Qsys                                                  ; --            ; altera_reset_controller                  ; --             ;
; IP_TOOL_NAME                        ; Qsys                                                  ; --            ; Soc                                      ; --             ;
; IP_TOOL_NAME                        ; altera_nios2_qsys                                     ; --            ; Soc_cpu                                  ; --             ;
; IP_TOOL_NAME                        ; altera_irq_mapper                                     ; --            ; Soc_irq_mapper                           ; --             ;
; IP_TOOL_NAME                        ; altera_avalon_jtag_uart                               ; --            ; Soc_jtag_uart                            ; --             ;
; IP_TOOL_NAME                        ; altera_avalon_pio                                     ; --            ; Soc_led_out                              ; --             ;
; IP_TOOL_NAME                        ; altera_merlin_interconnect_wrapper                    ; --            ; Soc_mm_interconnect_0                    ; --             ;
; IP_TOOL_NAME                        ; altera_merlin_router                                  ; --            ; Soc_mm_interconnect_0_addr_router        ; --             ;
; IP_TOOL_NAME                        ; altera_merlin_router                                  ; --            ; Soc_mm_interconnect_0_addr_router_001    ; --             ;
; IP_TOOL_NAME                        ; altera_merlin_demultiplexer                           ; --            ; Soc_mm_interconnect_0_cmd_xbar_demux     ; --             ;
; IP_TOOL_NAME                        ; altera_merlin_demultiplexer                           ; --            ; Soc_mm_interconnect_0_cmd_xbar_demux_001 ; --             ;
; IP_TOOL_NAME                        ; altera_merlin_multiplexer                             ; --            ; Soc_mm_interconnect_0_cmd_xbar_mux       ; --             ;
; IP_TOOL_NAME                        ; altera_merlin_multiplexer                             ; --            ; Soc_mm_interconnect_0_cmd_xbar_mux_002   ; --             ;
; IP_TOOL_NAME                        ; altera_merlin_router                                  ; --            ; Soc_mm_interconnect_0_id_router          ; --             ;
; IP_TOOL_NAME                        ; altera_merlin_router                                  ; --            ; Soc_mm_interconnect_0_id_router_002      ; --             ;
; IP_TOOL_NAME                        ; altera_merlin_demultiplexer                           ; --            ; Soc_mm_interconnect_0_rsp_xbar_demux_002 ; --             ;
; IP_TOOL_NAME                        ; altera_merlin_multiplexer                             ; --            ; Soc_mm_interconnect_0_rsp_xbar_mux       ; --             ;
; IP_TOOL_NAME                        ; altera_merlin_multiplexer                             ; --            ; Soc_mm_interconnect_0_rsp_xbar_mux_001   ; --             ;
; IP_TOOL_NAME                        ; altera_avalon_onchip_memory2                          ; --            ; Soc_onchip_memory                        ; --             ;
; IP_TOOL_NAME                        ; altera_avalon_sysid_qsys                              ; --            ; Soc_sysid                                ; --             ;
; IP_TOOL_NAME                        ; altera_avalon_timer                                   ; --            ; Soc_timer                                ; --             ;
; IP_TOOL_NAME                        ; altera_avalon_sc_fifo                                 ; --            ; altera_avalon_sc_fifo                    ; --             ;
; IP_TOOL_NAME                        ; altera_merlin_master_agent                            ; --            ; altera_merlin_master_agent               ; --             ;
; IP_TOOL_NAME                        ; altera_merlin_master_translator                       ; --            ; altera_merlin_master_translator          ; --             ;
; IP_TOOL_NAME                        ; altera_merlin_slave_agent                             ; --            ; altera_merlin_slave_agent                ; --             ;
; IP_TOOL_NAME                        ; altera_merlin_slave_translator                        ; --            ; altera_merlin_slave_translator           ; --             ;
; IP_TOOL_NAME                        ; altera_reset_controller                               ; --            ; altera_reset_controller                  ; --             ;
; IP_TOOL_VERSION                     ; 13.1                                                  ; --            ; Soc                                      ; --             ;
; IP_TOOL_VERSION                     ; 13.1                                                  ; --            ; Soc_cpu                                  ; --             ;
; IP_TOOL_VERSION                     ; 13.1                                                  ; --            ; Soc_irq_mapper                           ; --             ;
; IP_TOOL_VERSION                     ; 13.1                                                  ; --            ; Soc_jtag_uart                            ; --             ;
; IP_TOOL_VERSION                     ; 13.1                                                  ; --            ; Soc_led_out                              ; --             ;
; IP_TOOL_VERSION                     ; 13.1                                                  ; --            ; Soc_mm_interconnect_0                    ; --             ;
; IP_TOOL_VERSION                     ; 13.1                                                  ; --            ; Soc_mm_interconnect_0_addr_router        ; --             ;
; IP_TOOL_VERSION                     ; 13.1                                                  ; --            ; Soc_mm_interconnect_0_addr_router_001    ; --             ;
; IP_TOOL_VERSION                     ; 13.1                                                  ; --            ; Soc_mm_interconnect_0_cmd_xbar_demux     ; --             ;
; IP_TOOL_VERSION                     ; 13.1                                                  ; --            ; Soc_mm_interconnect_0_cmd_xbar_demux_001 ; --             ;
; IP_TOOL_VERSION                     ; 13.1                                                  ; --            ; Soc_mm_interconnect_0_cmd_xbar_mux       ; --             ;
; IP_TOOL_VERSION                     ; 13.1                                                  ; --            ; Soc_mm_interconnect_0_cmd_xbar_mux_002   ; --             ;
; IP_TOOL_VERSION                     ; 13.1                                                  ; --            ; Soc_mm_interconnect_0_id_router          ; --             ;
; IP_TOOL_VERSION                     ; 13.1                                                  ; --            ; Soc_mm_interconnect_0_id_router_002      ; --             ;
; IP_TOOL_VERSION                     ; 13.1                                                  ; --            ; Soc_mm_interconnect_0_rsp_xbar_demux_002 ; --             ;
; IP_TOOL_VERSION                     ; 13.1                                                  ; --            ; Soc_mm_interconnect_0_rsp_xbar_mux       ; --             ;
; IP_TOOL_VERSION                     ; 13.1                                                  ; --            ; Soc_mm_interconnect_0_rsp_xbar_mux_001   ; --             ;
; IP_TOOL_VERSION                     ; 13.1                                                  ; --            ; Soc_onchip_memory                        ; --             ;
; IP_TOOL_VERSION                     ; 13.1                                                  ; --            ; Soc_sysid                                ; --             ;
; IP_TOOL_VERSION                     ; 13.1                                                  ; --            ; Soc_timer                                ; --             ;
; IP_TOOL_VERSION                     ; 13.1                                                  ; --            ; altera_avalon_sc_fifo                    ; --             ;
; IP_TOOL_VERSION                     ; 13.1                                                  ; --            ; altera_merlin_master_agent               ; --             ;
; IP_TOOL_VERSION                     ; 13.1                                                  ; --            ; altera_merlin_master_translator          ; --             ;
; IP_TOOL_VERSION                     ; 13.1                                                  ; --            ; altera_merlin_slave_agent                ; --             ;
; IP_TOOL_VERSION                     ; 13.1                                                  ; --            ; altera_merlin_slave_translator           ; --             ;
; IP_TOOL_VERSION                     ; 13.1                                                  ; --            ; altera_reset_controller                  ; --             ;
; MAX_CORE_JUNCTION_TEMP              ; 85                                                    ; --            ; --                                       ; --             ;
; MIN_CORE_JUNCTION_TEMP              ; 0                                                     ; --            ; --                                       ; --             ;
; MISC_FILE                           ; Soc/synthesis/../../Soc.cmp                           ; --            ; --                                       ; --             ;
; MISC_FILE                           ; Soc/synthesis/../../Soc.qsys                          ; --            ; --                                       ; --             ;
; OUTPUT_IO_TIMING_FAR_END_VMEAS      ; Half Signal Swing                                     ; --            ; --                                       ; --             ;
; OUTPUT_IO_TIMING_FAR_END_VMEAS      ; Half Signal Swing                                     ; --            ; --                                       ; --             ;
; OUTPUT_IO_TIMING_NEAR_END_VMEAS     ; Half Vccio                                            ; --            ; --                                       ; --             ;
; OUTPUT_IO_TIMING_NEAR_END_VMEAS     ; Half Vccio                                            ; --            ; --                                       ; --             ;
; PARTITION_COLOR                     ; 16764057                                              ; --            ; --                                       ; Top            ;
; PARTITION_FITTER_PRESERVATION_LEVEL ; PLACEMENT_AND_ROUTING                                 ; --            ; --                                       ; Top            ;
; PARTITION_NETLIST_TYPE              ; SOURCE                                                ; --            ; --                                       ; Top            ;
; PROJECT_OUTPUT_DIRECTORY            ; output_files                                          ; --            ; --                                       ; --             ;
; SLD_FILE                            ; Soc/synthesis/Soc.regmap                              ; --            ; --                                       ; --             ;
; SLD_FILE                            ; Soc/synthesis/Soc.debuginfo                           ; --            ; --                                       ; --             ;
; SLD_INFO                            ; QSYS_NAME Soc HAS_SOPCINFO 1 GENERATION_ID 1764049649 ; --            ; Soc                                      ; --             ;
; SOPCINFO_FILE                       ; Soc/synthesis/../../Soc.sopcinfo                      ; --            ; --                                       ; --             ;
; SYNTHESIS_ONLY_QIP                  ; On                                                    ; --            ; --                                       ; --             ;
+-------------------------------------+-------------------------------------------------------+---------------+------------------------------------------+----------------+


+-------------------------------------------------------------------------------------------------------------------------------+
; Flow Elapsed Time                                                                                                             ;
+---------------------------+--------------+-------------------------+---------------------+------------------------------------+
; Module Name               ; Elapsed Time ; Average Processors Used ; Peak Virtual Memory ; Total CPU Time (on all processors) ;
+---------------------------+--------------+-------------------------+---------------------+------------------------------------+
; Analysis & Synthesis      ; 00:00:17     ; 1.0                     ; 4749 MB             ; 00:00:09                           ;
; Fitter                    ; 00:00:30     ; 1.0                     ; 5179 MB             ; 00:00:23                           ;
; Assembler                 ; 00:00:06     ; 1.0                     ; 4626 MB             ; 00:00:06                           ;
; TimeQuest Timing Analyzer ; 00:00:05     ; 1.0                     ; 4742 MB             ; 00:00:04                           ;
; EDA Netlist Writer        ; 00:00:04     ; 1.0                     ; 4613 MB             ; 00:00:04                           ;
; Total                     ; 00:01:02     ; --                      ; --                  ; 00:00:46                           ;
+---------------------------+--------------+-------------------------+---------------------+------------------------------------+


+----------------------------------------------------------------------------------------+
; Flow OS Summary                                                                        ;
+---------------------------+------------------+-----------+------------+----------------+
; Module Name               ; Machine Hostname ; OS Name   ; OS Version ; Processor type ;
+---------------------------+------------------+-----------+------------+----------------+
; Analysis & Synthesis      ; Fikry-PC         ; Windows 7 ; 6.2        ; x86_64         ;
; Fitter                    ; Fikry-PC         ; Windows 7 ; 6.2        ; x86_64         ;
; Assembler                 ; Fikry-PC         ; Windows 7 ; 6.2        ; x86_64         ;
; TimeQuest Timing Analyzer ; Fikry-PC         ; Windows 7 ; 6.2        ; x86_64         ;
; EDA Netlist Writer        ; Fikry-PC         ; Windows 7 ; 6.2        ; x86_64         ;
+---------------------------+------------------+-----------+------------+----------------+


------------
; Flow Log ;
------------
quartus_map --read_settings_files=on --write_settings_files=off FirstSoc -c TopLevel
quartus_fit --read_settings_files=off --write_settings_files=off FirstSoc -c TopLevel
quartus_asm --read_settings_files=off --write_settings_files=off FirstSoc -c TopLevel
quartus_sta FirstSoc -c TopLevel
quartus_eda --read_settings_files=off --write_settings_files=off FirstSoc -c TopLevel



