Flow report for MPSoC
Thu Jan 15 04:38:31 2026
Quartus II 64-Bit Version 13.1.0 Build 162 10/23/2013 SJ Web Edition


---------------------
; Table of Contents ;
---------------------
  1. Legal Notice
  2. Flow Summary
  3. Flow Settings
  4. Flow Non-Default Global Settings
  5. Flow Elapsed Time
  6. Flow OS Summary
  7. Flow Log
  8. Flow Messages
  9. Flow Suppressed Messages



----------------
; Legal Notice ;
----------------
Copyright (C) 1991-2013 Altera Corporation
Your use of Altera Corporation's design tools, logic functions 
and other software and tools, and its AMPP partner logic 
functions, and any output files from any of the foregoing 
(including device programming or simulation files), and any 
associated documentation or information are expressly subject 
to the terms and conditions of the Altera Program License 
Subscription Agreement, Altera MegaCore Function License 
Agreement, or other applicable license agreement, including, 
without limitation, that your use is for the sole purpose of 
programming logic devices manufactured by Altera and sold by 
Altera or its authorized distributors.  Please refer to the 
applicable agreement for further details.



+---------------------------------------------------------------------------------+
; Flow Summary                                                                    ;
+------------------------------------+--------------------------------------------+
; Flow Status                        ; Flow Failed - Thu Jan 15 04:38:31 2026     ;
; Quartus II 64-Bit Version          ; 13.1.0 Build 162 10/23/2013 SJ Web Edition ;
; Revision Name                      ; MPSoC                                      ;
; Top-level Entity Name              ; MPSoC                                      ;
; Family                             ; Cyclone IV E                               ;
; Device                             ; EP4CE115F29C7                              ;
; Timing Models                      ; Final                                      ;
; Total logic elements               ; N/A until Partition Merge                  ;
;     Total combinational functions  ; N/A until Partition Merge                  ;
;     Dedicated logic registers      ; N/A until Partition Merge                  ;
; Total registers                    ; N/A until Partition Merge                  ;
; Total pins                         ; N/A until Partition Merge                  ;
; Total virtual pins                 ; N/A until Partition Merge                  ;
; Total memory bits                  ; N/A until Partition Merge                  ;
; Embedded Multiplier 9-bit elements ; N/A until Partition Merge                  ;
; Total PLLs                         ; N/A until Partition Merge                  ;
+------------------------------------+--------------------------------------------+


+-----------------------------------------+
; Flow Settings                           ;
+-------------------+---------------------+
; Option            ; Setting             ;
+-------------------+---------------------+
; Start date & time ; 01/15/2026 04:38:30 ;
; Main task         ; Compilation         ;
; Revision Name     ; MPSoC               ;
+-------------------+---------------------+


+-----------------------------------------------------------------------------------------------------------------------------------------------------------------------------+
; Flow Non-Default Global Settings                                                                                                                                            ;
+-------------------------------------+---------------------------------------------------------+---------------+--------------------------------------------+----------------+
; Assignment Name                     ; Value                                                   ; Default Value ; Entity Name                                ; Section Id     ;
+-------------------------------------+---------------------------------------------------------+---------------+--------------------------------------------+----------------+
; COMPILER_SIGNATURE_ID               ; 9423229023477.176843211016044                           ; --            ; --                                         ; --             ;
; EDA_OUTPUT_DATA_FORMAT              ; Vhdl                                                    ; --            ; --                                         ; eda_simulation ;
; EDA_SIMULATION_TOOL                 ; ModelSim-Altera (VHDL)                                  ; <None>        ; --                                         ; --             ;
; IP_TOOL_ENV                         ; Qsys                                                    ; --            ; --                                         ; --             ;
; IP_TOOL_ENV                         ; Qsys                                                    ; --            ; MPSoc_cpu0                                 ; --             ;
; IP_TOOL_ENV                         ; Qsys                                                    ; --            ; MPSoc_cpu1                                 ; --             ;
; IP_TOOL_ENV                         ; Qsys                                                    ; --            ; MPSoc_irq_mapper                           ; --             ;
; IP_TOOL_ENV                         ; Qsys                                                    ; --            ; MPSoc_jtag0                                ; --             ;
; IP_TOOL_ENV                         ; Qsys                                                    ; --            ; MPSoc_mm_interconnect_0                    ; --             ;
; IP_TOOL_ENV                         ; Qsys                                                    ; --            ; MPSoc_mm_interconnect_0_addr_router        ; --             ;
; IP_TOOL_ENV                         ; Qsys                                                    ; --            ; MPSoc_mm_interconnect_0_addr_router_001    ; --             ;
; IP_TOOL_ENV                         ; Qsys                                                    ; --            ; MPSoc_mm_interconnect_0_addr_router_002    ; --             ;
; IP_TOOL_ENV                         ; Qsys                                                    ; --            ; MPSoc_mm_interconnect_0_addr_router_003    ; --             ;
; IP_TOOL_ENV                         ; Qsys                                                    ; --            ; MPSoc_mm_interconnect_0_cmd_xbar_demux     ; --             ;
; IP_TOOL_ENV                         ; Qsys                                                    ; --            ; MPSoc_mm_interconnect_0_cmd_xbar_demux_001 ; --             ;
; IP_TOOL_ENV                         ; Qsys                                                    ; --            ; MPSoc_mm_interconnect_0_cmd_xbar_mux       ; --             ;
; IP_TOOL_ENV                         ; Qsys                                                    ; --            ; MPSoc_mm_interconnect_0_cmd_xbar_mux_001   ; --             ;
; IP_TOOL_ENV                         ; Qsys                                                    ; --            ; MPSoc_mm_interconnect_0_id_router          ; --             ;
; IP_TOOL_ENV                         ; Qsys                                                    ; --            ; MPSoc_mm_interconnect_0_id_router_001      ; --             ;
; IP_TOOL_ENV                         ; Qsys                                                    ; --            ; MPSoc_mm_interconnect_0_id_router_002      ; --             ;
; IP_TOOL_ENV                         ; Qsys                                                    ; --            ; MPSoc_mm_interconnect_0_id_router_004      ; --             ;
; IP_TOOL_ENV                         ; Qsys                                                    ; --            ; MPSoc_mm_interconnect_0_id_router_006      ; --             ;
; IP_TOOL_ENV                         ; Qsys                                                    ; --            ; MPSoc_mm_interconnect_0_id_router_007      ; --             ;
; IP_TOOL_ENV                         ; Qsys                                                    ; --            ; MPSoc_mm_interconnect_0_id_router_010      ; --             ;
; IP_TOOL_ENV                         ; Qsys                                                    ; --            ; MPSoc_mm_interconnect_0_rsp_xbar_demux_001 ; --             ;
; IP_TOOL_ENV                         ; Qsys                                                    ; --            ; MPSoc_mm_interconnect_0_rsp_xbar_mux       ; --             ;
; IP_TOOL_ENV                         ; Qsys                                                    ; --            ; MPSoc_mm_interconnect_0_rsp_xbar_mux_001   ; --             ;
; IP_TOOL_ENV                         ; Qsys                                                    ; --            ; MPSoc_onchip_cpu0                          ; --             ;
; IP_TOOL_ENV                         ; Qsys                                                    ; --            ; MPSoc_onchip_cpu1                          ; --             ;
; IP_TOOL_ENV                         ; Qsys                                                    ; --            ; MPSoc_shared_mem                           ; --             ;
; IP_TOOL_ENV                         ; Qsys                                                    ; --            ; MPSoc_sysid0                               ; --             ;
; IP_TOOL_ENV                         ; Qsys                                                    ; --            ; MPSoc_sysid1                               ; --             ;
; IP_TOOL_ENV                         ; Qsys                                                    ; --            ; MPSoc_timer0                               ; --             ;
; IP_TOOL_ENV                         ; Qsys                                                    ; --            ; altera_avalon_sc_fifo                      ; --             ;
; IP_TOOL_ENV                         ; Qsys                                                    ; --            ; altera_merlin_master_agent                 ; --             ;
; IP_TOOL_ENV                         ; Qsys                                                    ; --            ; altera_merlin_master_translator            ; --             ;
; IP_TOOL_ENV                         ; Qsys                                                    ; --            ; altera_merlin_slave_agent                  ; --             ;
; IP_TOOL_ENV                         ; Qsys                                                    ; --            ; altera_merlin_slave_translator             ; --             ;
; IP_TOOL_ENV                         ; Qsys                                                    ; --            ; altera_reset_controller                    ; --             ;
; IP_TOOL_NAME                        ; Qsys                                                    ; --            ; --                                         ; --             ;
; IP_TOOL_NAME                        ; altera_nios2_qsys                                       ; --            ; MPSoc_cpu0                                 ; --             ;
; IP_TOOL_NAME                        ; altera_nios2_qsys                                       ; --            ; MPSoc_cpu1                                 ; --             ;
; IP_TOOL_NAME                        ; altera_irq_mapper                                       ; --            ; MPSoc_irq_mapper                           ; --             ;
; IP_TOOL_NAME                        ; altera_avalon_jtag_uart                                 ; --            ; MPSoc_jtag0                                ; --             ;
; IP_TOOL_NAME                        ; altera_merlin_interconnect_wrapper                      ; --            ; MPSoc_mm_interconnect_0                    ; --             ;
; IP_TOOL_NAME                        ; altera_merlin_router                                    ; --            ; MPSoc_mm_interconnect_0_addr_router        ; --             ;
; IP_TOOL_NAME                        ; altera_merlin_router                                    ; --            ; MPSoc_mm_interconnect_0_addr_router_001    ; --             ;
; IP_TOOL_NAME                        ; altera_merlin_router                                    ; --            ; MPSoc_mm_interconnect_0_addr_router_002    ; --             ;
; IP_TOOL_NAME                        ; altera_merlin_router                                    ; --            ; MPSoc_mm_interconnect_0_addr_router_003    ; --             ;
; IP_TOOL_NAME                        ; altera_merlin_demultiplexer                             ; --            ; MPSoc_mm_interconnect_0_cmd_xbar_demux     ; --             ;
; IP_TOOL_NAME                        ; altera_merlin_demultiplexer                             ; --            ; MPSoc_mm_interconnect_0_cmd_xbar_demux_001 ; --             ;
; IP_TOOL_NAME                        ; altera_merlin_multiplexer                               ; --            ; MPSoc_mm_interconnect_0_cmd_xbar_mux       ; --             ;
; IP_TOOL_NAME                        ; altera_merlin_multiplexer                               ; --            ; MPSoc_mm_interconnect_0_cmd_xbar_mux_001   ; --             ;
; IP_TOOL_NAME                        ; altera_merlin_router                                    ; --            ; MPSoc_mm_interconnect_0_id_router          ; --             ;
; IP_TOOL_NAME                        ; altera_merlin_router                                    ; --            ; MPSoc_mm_interconnect_0_id_router_001      ; --             ;
; IP_TOOL_NAME                        ; altera_merlin_router                                    ; --            ; MPSoc_mm_interconnect_0_id_router_002      ; --             ;
; IP_TOOL_NAME                        ; altera_merlin_router                                    ; --            ; MPSoc_mm_interconnect_0_id_router_004      ; --             ;
; IP_TOOL_NAME                        ; altera_merlin_router                                    ; --            ; MPSoc_mm_interconnect_0_id_router_006      ; --             ;
; IP_TOOL_NAME                        ; altera_merlin_router                                    ; --            ; MPSoc_mm_interconnect_0_id_router_007      ; --             ;
; IP_TOOL_NAME                        ; altera_merlin_router                                    ; --            ; MPSoc_mm_interconnect_0_id_router_010      ; --             ;
; IP_TOOL_NAME                        ; altera_merlin_demultiplexer                             ; --            ; MPSoc_mm_interconnect_0_rsp_xbar_demux_001 ; --             ;
; IP_TOOL_NAME                        ; altera_merlin_multiplexer                               ; --            ; MPSoc_mm_interconnect_0_rsp_xbar_mux       ; --             ;
; IP_TOOL_NAME                        ; altera_merlin_multiplexer                               ; --            ; MPSoc_mm_interconnect_0_rsp_xbar_mux_001   ; --             ;
; IP_TOOL_NAME                        ; altera_avalon_onchip_memory2                            ; --            ; MPSoc_onchip_cpu0                          ; --             ;
; IP_TOOL_NAME                        ; altera_avalon_onchip_memory2                            ; --            ; MPSoc_onchip_cpu1                          ; --             ;
; IP_TOOL_NAME                        ; altera_avalon_onchip_memory2                            ; --            ; MPSoc_shared_mem                           ; --             ;
; IP_TOOL_NAME                        ; altera_avalon_sysid_qsys                                ; --            ; MPSoc_sysid0                               ; --             ;
; IP_TOOL_NAME                        ; altera_avalon_sysid_qsys                                ; --            ; MPSoc_sysid1                               ; --             ;
; IP_TOOL_NAME                        ; altera_avalon_timer                                     ; --            ; MPSoc_timer0                               ; --             ;
; IP_TOOL_NAME                        ; altera_avalon_sc_fifo                                   ; --            ; altera_avalon_sc_fifo                      ; --             ;
; IP_TOOL_NAME                        ; altera_merlin_master_agent                              ; --            ; altera_merlin_master_agent                 ; --             ;
; IP_TOOL_NAME                        ; altera_merlin_master_translator                         ; --            ; altera_merlin_master_translator            ; --             ;
; IP_TOOL_NAME                        ; altera_merlin_slave_agent                               ; --            ; altera_merlin_slave_agent                  ; --             ;
; IP_TOOL_NAME                        ; altera_merlin_slave_translator                          ; --            ; altera_merlin_slave_translator             ; --             ;
; IP_TOOL_NAME                        ; altera_reset_controller                                 ; --            ; altera_reset_controller                    ; --             ;
; IP_TOOL_VERSION                     ; 13.1                                                    ; --            ; --                                         ; --             ;
; IP_TOOL_VERSION                     ; 13.1                                                    ; --            ; MPSoc_cpu0                                 ; --             ;
; IP_TOOL_VERSION                     ; 13.1                                                    ; --            ; MPSoc_cpu1                                 ; --             ;
; IP_TOOL_VERSION                     ; 13.1                                                    ; --            ; MPSoc_irq_mapper                           ; --             ;
; IP_TOOL_VERSION                     ; 13.1                                                    ; --            ; MPSoc_jtag0                                ; --             ;
; IP_TOOL_VERSION                     ; 13.1                                                    ; --            ; MPSoc_mm_interconnect_0                    ; --             ;
; IP_TOOL_VERSION                     ; 13.1                                                    ; --            ; MPSoc_mm_interconnect_0_addr_router        ; --             ;
; IP_TOOL_VERSION                     ; 13.1                                                    ; --            ; MPSoc_mm_interconnect_0_addr_router_001    ; --             ;
; IP_TOOL_VERSION                     ; 13.1                                                    ; --            ; MPSoc_mm_interconnect_0_addr_router_002    ; --             ;
; IP_TOOL_VERSION                     ; 13.1                                                    ; --            ; MPSoc_mm_interconnect_0_addr_router_003    ; --             ;
; IP_TOOL_VERSION                     ; 13.1                                                    ; --            ; MPSoc_mm_interconnect_0_cmd_xbar_demux     ; --             ;
; IP_TOOL_VERSION                     ; 13.1                                                    ; --            ; MPSoc_mm_interconnect_0_cmd_xbar_demux_001 ; --             ;
; IP_TOOL_VERSION                     ; 13.1                                                    ; --            ; MPSoc_mm_interconnect_0_cmd_xbar_mux       ; --             ;
; IP_TOOL_VERSION                     ; 13.1                                                    ; --            ; MPSoc_mm_interconnect_0_cmd_xbar_mux_001   ; --             ;
; IP_TOOL_VERSION                     ; 13.1                                                    ; --            ; MPSoc_mm_interconnect_0_id_router          ; --             ;
; IP_TOOL_VERSION                     ; 13.1                                                    ; --            ; MPSoc_mm_interconnect_0_id_router_001      ; --             ;
; IP_TOOL_VERSION                     ; 13.1                                                    ; --            ; MPSoc_mm_interconnect_0_id_router_002      ; --             ;
; IP_TOOL_VERSION                     ; 13.1                                                    ; --            ; MPSoc_mm_interconnect_0_id_router_004      ; --             ;
; IP_TOOL_VERSION                     ; 13.1                                                    ; --            ; MPSoc_mm_interconnect_0_id_router_006      ; --             ;
; IP_TOOL_VERSION                     ; 13.1                                                    ; --            ; MPSoc_mm_interconnect_0_id_router_007      ; --             ;
; IP_TOOL_VERSION                     ; 13.1                                                    ; --            ; MPSoc_mm_interconnect_0_id_router_010      ; --             ;
; IP_TOOL_VERSION                     ; 13.1                                                    ; --            ; MPSoc_mm_interconnect_0_rsp_xbar_demux_001 ; --             ;
; IP_TOOL_VERSION                     ; 13.1                                                    ; --            ; MPSoc_mm_interconnect_0_rsp_xbar_mux       ; --             ;
; IP_TOOL_VERSION                     ; 13.1                                                    ; --            ; MPSoc_mm_interconnect_0_rsp_xbar_mux_001   ; --             ;
; IP_TOOL_VERSION                     ; 13.1                                                    ; --            ; MPSoc_onchip_cpu0                          ; --             ;
; IP_TOOL_VERSION                     ; 13.1                                                    ; --            ; MPSoc_onchip_cpu1                          ; --             ;
; IP_TOOL_VERSION                     ; 13.1                                                    ; --            ; MPSoc_shared_mem                           ; --             ;
; IP_TOOL_VERSION                     ; 13.1                                                    ; --            ; MPSoc_sysid0                               ; --             ;
; IP_TOOL_VERSION                     ; 13.1                                                    ; --            ; MPSoc_sysid1                               ; --             ;
; IP_TOOL_VERSION                     ; 13.1                                                    ; --            ; MPSoc_timer0                               ; --             ;
; IP_TOOL_VERSION                     ; 13.1                                                    ; --            ; altera_avalon_sc_fifo                      ; --             ;
; IP_TOOL_VERSION                     ; 13.1                                                    ; --            ; altera_merlin_master_agent                 ; --             ;
; IP_TOOL_VERSION                     ; 13.1                                                    ; --            ; altera_merlin_master_translator            ; --             ;
; IP_TOOL_VERSION                     ; 13.1                                                    ; --            ; altera_merlin_slave_agent                  ; --             ;
; IP_TOOL_VERSION                     ; 13.1                                                    ; --            ; altera_merlin_slave_translator             ; --             ;
; IP_TOOL_VERSION                     ; 13.1                                                    ; --            ; altera_reset_controller                    ; --             ;
; MAX_CORE_JUNCTION_TEMP              ; 85                                                      ; --            ; --                                         ; --             ;
; MIN_CORE_JUNCTION_TEMP              ; 0                                                       ; --            ; --                                         ; --             ;
; MISC_FILE                           ; MPSoc/synthesis/../../MPSoc.cmp                         ; --            ; --                                         ; --             ;
; MISC_FILE                           ; MPSoc/synthesis/../../MPSoc.qsys                        ; --            ; --                                         ; --             ;
; NOMINAL_CORE_SUPPLY_VOLTAGE         ; 1.2V                                                    ; --            ; --                                         ; --             ;
; PARTITION_COLOR                     ; 16764057                                                ; --            ; --                                         ; Top            ;
; PARTITION_FITTER_PRESERVATION_LEVEL ; PLACEMENT_AND_ROUTING                                   ; --            ; --                                         ; Top            ;
; PARTITION_NETLIST_TYPE              ; SOURCE                                                  ; --            ; --                                         ; Top            ;
; POWER_BOARD_THERMAL_MODEL           ; None (CONSERVATIVE)                                     ; --            ; --                                         ; --             ;
; POWER_PRESET_COOLING_SOLUTION       ; 23 MM HEAT SINK WITH 200 LFPM AIRFLOW                   ; --            ; --                                         ; --             ;
; PROJECT_OUTPUT_DIRECTORY            ; output_files                                            ; --            ; --                                         ; --             ;
; SLD_FILE                            ; MPSoc/synthesis/MPSoc.regmap                            ; --            ; --                                         ; --             ;
; SLD_FILE                            ; MPSoc/synthesis/MPSoc.debuginfo                         ; --            ; --                                         ; --             ;
; SLD_INFO                            ; QSYS_NAME MPSoc HAS_SOPCINFO 1 GENERATION_ID 1768431636 ; --            ; --                                         ; --             ;
; SOPCINFO_FILE                       ; MPSoc/synthesis/../../MPSoc.sopcinfo                    ; --            ; --                                         ; --             ;
; SYNTHESIS_ONLY_QIP                  ; On                                                      ; --            ; --                                         ; --             ;
+-------------------------------------+---------------------------------------------------------+---------------+--------------------------------------------+----------------+


+--------------------------------------------------------------------------------------------------------------------------+
; Flow Elapsed Time                                                                                                        ;
+----------------------+--------------+-------------------------+---------------------+------------------------------------+
; Module Name          ; Elapsed Time ; Average Processors Used ; Peak Virtual Memory ; Total CPU Time (on all processors) ;
+----------------------+--------------+-------------------------+---------------------+------------------------------------+
; Analysis & Synthesis ; 00:00:01     ; 1.0                     ; 4623 MB             ; 00:00:01                           ;
; Total                ; 00:00:01     ; --                      ; --                  ; 00:00:01                           ;
+----------------------+--------------+-------------------------+---------------------+------------------------------------+


+-----------------------------------------------------------------------------------+
; Flow OS Summary                                                                   ;
+----------------------+------------------+-----------+------------+----------------+
; Module Name          ; Machine Hostname ; OS Name   ; OS Version ; Processor type ;
+----------------------+------------------+-----------+------------+----------------+
; Analysis & Synthesis ; Fikry-PC         ; Windows 7 ; 6.2        ; x86_64         ;
+----------------------+------------------+-----------+------------+----------------+


------------
; Flow Log ;
------------
quartus_map --read_settings_files=on --write_settings_files=off MPSoC -c MPSoC



