Info: Starting: Create block symbol file (.bsf)
Info: ip-generate --project-directory=C:/Users/DELL/Documents/advanced_embedded_systems/practical_2/ --output-directory=C:/Users/DELL/Documents/advanced_embedded_systems/practical_2/SoC/ --report-file=bsf:C:/Users/DELL/Documents/advanced_embedded_systems/practical_2/SoC.bsf --system-info=DEVICE_FAMILY="Cyclone IV GX" --system-info=DEVICE=Unknown --system-info=DEVICE_SPEEDGRADE=Unknown --component-file=C:/Users/DELL/Documents/advanced_embedded_systems/practical_2/SoC.qsys
Progress: Loading practical_2/SoC.qsys
Progress: Reading input file
Progress: Adding clock [clock_source 13.1]
Progress: Parameterizing module clock
Progress: Adding cpu [altera_nios2_qsys 13.1]
Progress: Parameterizing module cpu
Progress: Adding sdram [altera_avalon_new_sdram_controller 13.1]
Progress: Parameterizing module sdram
Progress: Adding timer [altera_avalon_timer 13.1]
Progress: Parameterizing module timer
Progress: Adding sysid_qsys_0 [altera_avalon_sysid_qsys 13.1]
Progress: Parameterizing module sysid_qsys_0
Progress: Adding leds_out [altera_avalon_pio 13.1]
Progress: Parameterizing module leds_out
Progress: Adding altpll [altpll 13.1]
Progress: Parameterizing module altpll
Progress: Adding jtag_uart [altera_avalon_jtag_uart 13.1]
Progress: Parameterizing module jtag_uart
Progress: Adding master_clock_crossing_bridge [altera_avalon_mm_clock_crossing_bridge 13.1]
Progress: Parameterizing module master_clock_crossing_bridge
Progress: Adding crc [CRC_CUSTOM 1.0]
Progress: Parameterizing module crc
Progress: Building connections
Progress: Parameterizing connections
Progress: Validating
Progress: Done reading input file
Warning: SoC.cpu: The address range of the slaves connected to the Nios II instruction masters exceeds 28 bits. Attempts to call functions across 28-bit boundaries is not supported by GCC and will result in linker errors.
Info: SoC.sysid_qsys_0: System ID is not assigned automatically. Edit the System ID parameter to provide a unique ID
Info: SoC.sysid_qsys_0: Time stamp will be automatically updated when this component is generated.
Warning: SoC.altpll: altpll.areset_conduit must be exported, or connected to a matching conduit.
Warning: SoC.altpll: altpll.locked_conduit must be exported, or connected to a matching conduit.
Warning: SoC.altpll: altpll.phasedone_conduit must be exported, or connected to a matching conduit.
Info: ip-generate succeeded.
Info: Finished: Create block symbol file (.bsf)
Info: 
Info: Starting: Create HDL design files for synthesis
Info: ip-generate --project-directory=C:/Users/DELL/Documents/advanced_embedded_systems/practical_2/ --output-directory=C:/Users/DELL/Documents/advanced_embedded_systems/practical_2/SoC/synthesis/ --file-set=QUARTUS_SYNTH --report-file=html:C:/Users/DELL/Documents/advanced_embedded_systems/practical_2/SoC.html --report-file=sopcinfo:C:/Users/DELL/Documents/advanced_embedded_systems/practical_2/SoC.sopcinfo --report-file=cmp:C:/Users/DELL/Documents/advanced_embedded_systems/practical_2/SoC.cmp --report-file=qip:C:/Users/DELL/Documents/advanced_embedded_systems/practical_2/SoC/synthesis/SoC.qip --report-file=svd --report-file=regmap:C:/Users/DELL/Documents/advanced_embedded_systems/practical_2/SoC/synthesis/SoC.regmap --report-file=debuginfo:C:/Users/DELL/Documents/advanced_embedded_systems/practical_2/SoC/synthesis/SoC.debuginfo --system-info=DEVICE_FAMILY="Cyclone IV GX" --system-info=DEVICE=Unknown --system-info=DEVICE_SPEEDGRADE=Unknown --component-file=C:/Users/DELL/Documents/advanced_embedded_systems/practical_2/SoC.qsys --language=VERILOG
Progress: Loading practical_2/SoC.qsys
Progress: Reading input file
Progress: Adding clock [clock_source 13.1]
Progress: Parameterizing module clock
Progress: Adding cpu [altera_nios2_qsys 13.1]
Progress: Parameterizing module cpu
Progress: Adding sdram [altera_avalon_new_sdram_controller 13.1]
Progress: Parameterizing module sdram
Progress: Adding timer [altera_avalon_timer 13.1]
Progress: Parameterizing module timer
Progress: Adding sysid_qsys_0 [altera_avalon_sysid_qsys 13.1]
Progress: Parameterizing module sysid_qsys_0
Progress: Adding leds_out [altera_avalon_pio 13.1]
Progress: Parameterizing module leds_out
Progress: Adding altpll [altpll 13.1]
Progress: Parameterizing module altpll
Progress: Adding jtag_uart [altera_avalon_jtag_uart 13.1]
Progress: Parameterizing module jtag_uart
Progress: Adding master_clock_crossing_bridge [altera_avalon_mm_clock_crossing_bridge 13.1]
Progress: Parameterizing module master_clock_crossing_bridge
Progress: Adding crc [CRC_CUSTOM 1.0]
Progress: Parameterizing module crc
Progress: Building connections
Progress: Parameterizing connections
Progress: Validating
Progress: Done reading input file
Warning: SoC.cpu: The address range of the slaves connected to the Nios II instruction masters exceeds 28 bits. Attempts to call functions across 28-bit boundaries is not supported by GCC and will result in linker errors.
Info: SoC.sysid_qsys_0: System ID is not assigned automatically. Edit the System ID parameter to provide a unique ID
Info: SoC.sysid_qsys_0: Time stamp will be automatically updated when this component is generated.
Warning: SoC.altpll: altpll.areset_conduit must be exported, or connected to a matching conduit.
Warning: SoC.altpll: altpll.locked_conduit must be exported, or connected to a matching conduit.
Warning: SoC.altpll: altpll.phasedone_conduit must be exported, or connected to a matching conduit.
Info: SoC: Generating SoC "SoC" for QUARTUS_SYNTH
Info: pipeline_bridge_swap_transform: After transform: 10 modules, 42 connections
Info: merlin_custom_instruction_transform: After transform: 13 modules, 45 connections
Info: merlin_initial_interconnect_transform: After transform: 7 modules, 26 connections
Info: merlin_translator_transform: After transform: 15 modules, 58 connections
Info: merlin_domain_transform: After transform: 31 modules, 162 connections
Info: merlin_router_transform: After transform: 39 modules, 194 connections
Info: merlin_network_to_switch_transform: After transform: 54 modules, 234 connections
Info: Inserting clock-crossing logic between cmd_xbar_demux_001.src4 and cmd_xbar_mux_004.sink0
Info: Inserting clock-crossing logic between rsp_xbar_demux_004.src0 and rsp_xbar_mux_001.sink4
Info: com_altera_sopcmodel_transforms_avalon_ClockCrossingTransform: After transform: 56 modules, 248 connections
Info: merlin_clock_and_reset_bridge_transform: After transform: 60 modules, 309 connections
Info: merlin_hierarchy_transform: After transform: 14 modules, 51 connections
Info: merlin_initial_interconnect_transform: After transform: 6 modules, 11 connections
Info: merlin_translator_transform: After transform: 9 modules, 23 connections
Info: merlin_domain_transform: After transform: 15 modules, 60 connections
Info: merlin_router_transform: After transform: 18 modules, 72 connections
Info: merlin_traffic_limiter_transform: After transform: 19 modules, 77 connections
Info: merlin_network_to_switch_transform: After transform: 24 modules, 90 connections
Info: limiter_update_transform: After transform: 24 modules, 91 connections
Info: merlin_clock_and_reset_bridge_transform: After transform: 26 modules, 114 connections
Info: merlin_hierarchy_transform: After transform: 15 modules, 55 connections
Info: merlin_mm_transform: After transform: 15 modules, 55 connections
Info: merlin_interrupt_mapper_transform: After transform: 16 modules, 59 connections
Info: merlin_interrupt_sync_transform: After transform: 17 modules, 66 connections
Info: reset_adaptation_transform: After transform: 22 modules, 70 connections
Warning: SoC: "No matching role found for cpu:custom_instruction_master:E_ci_multi_clock (clk)"
Warning: SoC: "No matching role found for cpu:custom_instruction_master:E_ci_multi_reset_req (reset_req)"
Warning: SoC: "No matching role found for cpu:custom_instruction_master:E_ci_multi_reset (reset)"
Warning: SoC: "No matching role found for cpu_custom_instruction_master_translator:ci_slave:ci_slave_ipending (ipending)"
Warning: SoC: "No matching role found for cpu_custom_instruction_master_translator:ci_slave:ci_slave_estatus (estatus)"
Warning: SoC: "No matching role found for crc:nios_custom_instruction_slave:start (start)"
Warning: SoC: "No matching role found for crc:nios_custom_instruction_slave:done (done)"
Warning: SoC: "No matching role found for crc:nios_custom_instruction_slave:clk_en (clk_en)"
Info: cpu: Starting RTL generation for module 'SoC_cpu'
Info: cpu:   Generation command is [exec C:/altera/13.1/quartus/bin/eperlcmd.exe -I C:/altera/13.1/quartus/bin/perl/lib -I C:/altera/13.1/quartus/sopc_builder/bin/europa -I C:/altera/13.1/quartus/sopc_builder/bin/perl_lib -I C:/altera/13.1/quartus/sopc_builder/bin -I C:/altera/13.1/quartus/../ip/altera/nios2_ip/altera_nios2/cpu_lib -I C:/altera/13.1/quartus/../ip/altera/nios2_ip/altera_nios2/nios_lib -I C:/altera/13.1/quartus/../ip/altera/nios2_ip/altera_nios2 -I C:/altera/13.1/quartus/../ip/altera/nios2_ip/altera_nios2 -- C:/altera/13.1/quartus/../ip/altera/nios2_ip/altera_nios2/generate_rtl.epl --name=SoC_cpu --dir=C:/Users/DELL/AppData/Local/Temp/alt0448_6519616139710216022.dir/0002_cpu_gen/ --quartus_dir=C:/altera/13.1/quartus --verilog --config=C:/Users/DELL/AppData/Local/Temp/alt0448_6519616139710216022.dir/0002_cpu_gen//SoC_cpu_processor_configuration.pl  --do_build_sim=0  ]
Info: cpu: # 2025.12.26 20:10:21 (*) Starting Nios II generation
Info: cpu: # 2025.12.26 20:10:21 (*)   Checking for plaintext license.
Info: cpu: # 2025.12.26 20:10:22 (*)   Couldn't query license setup in Quartus directory C:/altera/13.1/quartus
Info: cpu: # 2025.12.26 20:10:22 (*)   Defaulting to contents of LM_LICENSE_FILE environment variable
Info: cpu: # 2025.12.26 20:10:22 (*)   LM_LICENSE_FILE environment variable is empty
Info: cpu: # 2025.12.26 20:10:22 (*)   Plaintext license not found.
Info: cpu: # 2025.12.26 20:10:22 (*)   No license required to generate encrypted Nios II/e.
Info: cpu: # 2025.12.26 20:10:22 (*)   Elaborating CPU configuration settings
Info: cpu: # 2025.12.26 20:10:22 (*)   Creating all objects for CPU
Info: cpu: # 2025.12.26 20:10:23 (*)   Generating RTL from CPU objects
Info: cpu: # 2025.12.26 20:10:23 (*)   Creating plain-text RTL
Info: cpu: # 2025.12.26 20:10:23 (*) Done Nios II generation
Info: cpu: Done RTL generation for module 'SoC_cpu'
Info: cpu: "SoC" instantiated altera_nios2_qsys "cpu"
Info: sdram: Starting RTL generation for module 'SoC_sdram'
Info: sdram:   Generation command is [exec C:/altera/13.1/quartus/bin/perl/bin/perl.exe -I C:/altera/13.1/quartus/bin/perl/lib -I C:/altera/13.1/quartus/sopc_builder/bin/europa -I C:/altera/13.1/quartus/sopc_builder/bin/perl_lib -I C:/altera/13.1/quartus/sopc_builder/bin -I C:/altera/13.1/quartus/../ip/altera/sopc_builder_ip/common -I C:/altera/13.1/quartus/../ip/altera/sopc_builder_ip/altera_avalon_new_sdram_controller -- C:/altera/13.1/quartus/../ip/altera/sopc_builder_ip/altera_avalon_new_sdram_controller/generate_rtl.pl --name=SoC_sdram --dir=C:/Users/DELL/AppData/Local/Temp/alt0448_6519616139710216022.dir/0003_sdram_gen/ --quartus_dir=C:/altera/13.1/quartus --verilog --config=C:/Users/DELL/AppData/Local/Temp/alt0448_6519616139710216022.dir/0003_sdram_gen//SoC_sdram_component_configuration.pl  --do_build_sim=0  ]
Info: sdram: Done RTL generation for module 'SoC_sdram'
Info: sdram: "SoC" instantiated altera_avalon_new_sdram_controller "sdram"
Info: timer: Starting RTL generation for module 'SoC_timer'
Info: timer:   Generation command is [exec C:/altera/13.1/quartus/bin//perl/bin/perl.exe -I C:/altera/13.1/quartus/bin//perl/lib -I C:/altera/13.1/quartus/sopc_builder/bin/europa -I C:/altera/13.1/quartus/sopc_builder/bin/perl_lib -I C:/altera/13.1/quartus/sopc_builder/bin -I C:/altera/13.1/quartus/../ip/altera/sopc_builder_ip/common -I C:/altera/13.1/quartus/../ip/altera/sopc_builder_ip/altera_avalon_timer -- C:/altera/13.1/quartus/../ip/altera/sopc_builder_ip/altera_avalon_timer/generate_rtl.pl --name=SoC_timer --dir=C:/Users/DELL/AppData/Local/Temp/alt0448_6519616139710216022.dir/0004_timer_gen/ --quartus_dir=C:/altera/13.1/quartus --verilog --config=C:/Users/DELL/AppData/Local/Temp/alt0448_6519616139710216022.dir/0004_timer_gen//SoC_timer_component_configuration.pl  --do_build_sim=0  ]
Info: timer: Done RTL generation for module 'SoC_timer'
Info: timer: "SoC" instantiated altera_avalon_timer "timer"
Info: sysid_qsys_0: "SoC" instantiated altera_avalon_sysid_qsys "sysid_qsys_0"
Info: leds_out: Starting RTL generation for module 'SoC_leds_out'
Info: leds_out:   Generation command is [exec C:/altera/13.1/quartus/bin/perl/bin/perl.exe -I C:/altera/13.1/quartus/bin/perl/lib -I C:/altera/13.1/quartus/sopc_builder/bin/europa -I C:/altera/13.1/quartus/sopc_builder/bin/perl_lib -I C:/altera/13.1/quartus/sopc_builder/bin -I C:/altera/13.1/quartus/../ip/altera/sopc_builder_ip/common -I C:/altera/13.1/quartus/../ip/altera/sopc_builder_ip/altera_avalon_pio -- C:/altera/13.1/quartus/../ip/altera/sopc_builder_ip/altera_avalon_pio/generate_rtl.pl --name=SoC_leds_out --dir=C:/Users/DELL/AppData/Local/Temp/alt0448_6519616139710216022.dir/0006_leds_out_gen/ --quartus_dir=C:/altera/13.1/quartus --verilog --config=C:/Users/DELL/AppData/Local/Temp/alt0448_6519616139710216022.dir/0006_leds_out_gen//SoC_leds_out_component_configuration.pl  --do_build_sim=0  ]
Info: leds_out: Done RTL generation for module 'SoC_leds_out'
Info: leds_out: "SoC" instantiated altera_avalon_pio "leds_out"
Info: altpll: "SoC" instantiated altpll "altpll"
Info: jtag_uart: Starting RTL generation for module 'SoC_jtag_uart'
Info: jtag_uart:   Generation command is [exec C:/altera/13.1/quartus/bin/perl/bin/perl.exe -I C:/altera/13.1/quartus/bin/perl/lib -I C:/altera/13.1/quartus/sopc_builder/bin/europa -I C:/altera/13.1/quartus/sopc_builder/bin/perl_lib -I C:/altera/13.1/quartus/sopc_builder/bin -I C:/altera/13.1/quartus/../ip/altera/sopc_builder_ip/common -I C:/altera/13.1/quartus/../ip/altera/sopc_builder_ip/altera_avalon_jtag_uart -- C:/altera/13.1/quartus/../ip/altera/sopc_builder_ip/altera_avalon_jtag_uart/generate_rtl.pl --name=SoC_jtag_uart --dir=C:/Users/DELL/AppData/Local/Temp/alt0448_6519616139710216022.dir/0009_jtag_uart_gen/ --quartus_dir=C:/altera/13.1/quartus --verilog --config=C:/Users/DELL/AppData/Local/Temp/alt0448_6519616139710216022.dir/0009_jtag_uart_gen//SoC_jtag_uart_component_configuration.pl  --do_build_sim=0  ]
Info: jtag_uart: Done RTL generation for module 'SoC_jtag_uart'
Info: jtag_uart: "SoC" instantiated altera_avalon_jtag_uart "jtag_uart"
Info: master_clock_crossing_bridge: "SoC" instantiated altera_avalon_mm_clock_crossing_bridge "master_clock_crossing_bridge"
Info: crc: "SoC" instantiated CRC_CUSTOM "crc"
Info: cpu_custom_instruction_master_translator: "SoC" instantiated altera_customins_master_translator "cpu_custom_instruction_master_translator"
Info: cpu_custom_instruction_master_comb_xconnect: "SoC" instantiated altera_customins_xconnect "cpu_custom_instruction_master_comb_xconnect"
Info: cpu_custom_instruction_master_comb_slave_translator0: "SoC" instantiated altera_customins_slave_translator "cpu_custom_instruction_master_comb_slave_translator0"
Info: pipeline_bridge_swap_transform: After transform: 53 modules, 173 connections
Info: No custom instruction connections, skipping transform 
Info: merlin_initial_interconnect_transform: After transform: 0 modules, 0 connections
Info: No Avalon connections, skipping transform 
Info: merlin_hierarchy_transform: After transform: 53 modules, 173 connections
Info: merlin_initial_interconnect_transform: After transform: 0 modules, 0 connections
Info: No Avalon connections, skipping transform 
Info: merlin_hierarchy_transform: After transform: 53 modules, 173 connections
Info: merlin_initial_interconnect_transform: After transform: 0 modules, 0 connections
Info: No Avalon connections, skipping transform 
Info: merlin_hierarchy_transform: After transform: 53 modules, 173 connections
Info: merlin_initial_interconnect_transform: After transform: 0 modules, 0 connections
Info: No Avalon connections, skipping transform 
Info: merlin_hierarchy_transform: After transform: 53 modules, 173 connections
Info: merlin_initial_interconnect_transform: After transform: 0 modules, 0 connections
Info: No Avalon connections, skipping transform 
Info: merlin_hierarchy_transform: After transform: 53 modules, 173 connections
Info: merlin_initial_interconnect_transform: After transform: 0 modules, 0 connections
Info: No Avalon connections, skipping transform 
Info: merlin_hierarchy_transform: After transform: 53 modules, 173 connections
Info: merlin_initial_interconnect_transform: After transform: 0 modules, 0 connections
Info: No Avalon connections, skipping transform 
Info: merlin_hierarchy_transform: After transform: 53 modules, 173 connections
Info: merlin_initial_interconnect_transform: After transform: 0 modules, 0 connections
Info: No Avalon connections, skipping transform 
Info: merlin_hierarchy_transform: After transform: 53 modules, 173 connections
Info: mm_interconnect_0: "SoC" instantiated altera_merlin_interconnect_wrapper "mm_interconnect_0"
Info: pipeline_bridge_swap_transform: After transform: 20 modules, 62 connections
Info: No custom instruction connections, skipping transform 
Info: merlin_initial_interconnect_transform: After transform: 0 modules, 0 connections
Info: No Avalon connections, skipping transform 
Info: merlin_hierarchy_transform: After transform: 20 modules, 62 connections
Info: merlin_initial_interconnect_transform: After transform: 0 modules, 0 connections
Info: No Avalon connections, skipping transform 
Info: merlin_hierarchy_transform: After transform: 20 modules, 62 connections
Info: merlin_initial_interconnect_transform: After transform: 0 modules, 0 connections
Info: No Avalon connections, skipping transform 
Info: merlin_hierarchy_transform: After transform: 20 modules, 62 connections
Info: mm_interconnect_1: "SoC" instantiated altera_merlin_interconnect_wrapper "mm_interconnect_1"
Info: irq_mapper: "SoC" instantiated altera_irq_mapper "irq_mapper"
Info: irq_synchronizer: "SoC" instantiated altera_irq_clock_crosser "irq_synchronizer"
Info: rst_controller: "SoC" instantiated altera_reset_controller "rst_controller"
Info: cpu_instruction_master_translator: "mm_interconnect_0" instantiated altera_merlin_master_translator "cpu_instruction_master_translator"
Info: cpu_jtag_debug_module_translator: "mm_interconnect_0" instantiated altera_merlin_slave_translator "cpu_jtag_debug_module_translator"
Info: cpu_instruction_master_translator_avalon_universal_master_0_agent: "mm_interconnect_0" instantiated altera_merlin_master_agent "cpu_instruction_master_translator_avalon_universal_master_0_agent"
Info: cpu_jtag_debug_module_translator_avalon_universal_slave_0_agent: "mm_interconnect_0" instantiated altera_merlin_slave_agent "cpu_jtag_debug_module_translator_avalon_universal_slave_0_agent"
Info: cpu_jtag_debug_module_translator_avalon_universal_slave_0_agent_rsp_fifo: "mm_interconnect_0" instantiated altera_avalon_sc_fifo "cpu_jtag_debug_module_translator_avalon_universal_slave_0_agent_rsp_fifo"
Info: addr_router: "mm_interconnect_0" instantiated altera_merlin_router "addr_router"
Info: addr_router_001: "mm_interconnect_0" instantiated altera_merlin_router "addr_router_001"
Info: id_router: "mm_interconnect_0" instantiated altera_merlin_router "id_router"
Info: id_router_002: "mm_interconnect_0" instantiated altera_merlin_router "id_router_002"
Info: id_router_004: "mm_interconnect_0" instantiated altera_merlin_router "id_router_004"
Info: cmd_xbar_demux: "mm_interconnect_0" instantiated altera_merlin_demultiplexer "cmd_xbar_demux"
Info: cmd_xbar_demux_001: "mm_interconnect_0" instantiated altera_merlin_demultiplexer "cmd_xbar_demux_001"
Info: cmd_xbar_mux: "mm_interconnect_0" instantiated altera_merlin_multiplexer "cmd_xbar_mux"
Info: cmd_xbar_mux_002: "mm_interconnect_0" instantiated altera_merlin_multiplexer "cmd_xbar_mux_002"
Info: Reusing file C:/Users/DELL/Documents/advanced_embedded_systems/practical_2/SoC/synthesis/submodules/altera_merlin_arbitrator.sv
Info: cmd_xbar_mux_004: "mm_interconnect_0" instantiated altera_merlin_multiplexer "cmd_xbar_mux_004"
Info: Reusing file C:/Users/DELL/Documents/advanced_embedded_systems/practical_2/SoC/synthesis/submodules/altera_merlin_arbitrator.sv
Info: rsp_xbar_demux_002: "mm_interconnect_0" instantiated altera_merlin_demultiplexer "rsp_xbar_demux_002"
Info: rsp_xbar_demux_004: "mm_interconnect_0" instantiated altera_merlin_demultiplexer "rsp_xbar_demux_004"
Info: rsp_xbar_mux: "mm_interconnect_0" instantiated altera_merlin_multiplexer "rsp_xbar_mux"
Info: Reusing file C:/Users/DELL/Documents/advanced_embedded_systems/practical_2/SoC/synthesis/submodules/altera_merlin_arbitrator.sv
Info: rsp_xbar_mux_001: "mm_interconnect_0" instantiated altera_merlin_multiplexer "rsp_xbar_mux_001"
Info: Reusing file C:/Users/DELL/Documents/advanced_embedded_systems/practical_2/SoC/synthesis/submodules/altera_merlin_arbitrator.sv
Info: crosser: "mm_interconnect_0" instantiated altera_avalon_st_handshake_clock_crosser "crosser"
Info: addr_router: "mm_interconnect_1" instantiated altera_merlin_router "addr_router"
Info: id_router: "mm_interconnect_1" instantiated altera_merlin_router "id_router"
Info: limiter: "mm_interconnect_1" instantiated altera_merlin_traffic_limiter "limiter"
Info: Reusing file C:/Users/DELL/Documents/advanced_embedded_systems/practical_2/SoC/synthesis/submodules/altera_avalon_sc_fifo.v
Info: Reusing file C:/Users/DELL/Documents/advanced_embedded_systems/practical_2/SoC/synthesis/submodules/altera_avalon_st_pipeline_base.v
Info: cmd_xbar_demux: "mm_interconnect_1" instantiated altera_merlin_demultiplexer "cmd_xbar_demux"
Info: cmd_xbar_mux: "mm_interconnect_1" instantiated altera_merlin_multiplexer "cmd_xbar_mux"
Info: Reusing file C:/Users/DELL/Documents/advanced_embedded_systems/practical_2/SoC/synthesis/submodules/altera_merlin_arbitrator.sv
Info: rsp_xbar_demux: "mm_interconnect_1" instantiated altera_merlin_demultiplexer "rsp_xbar_demux"
Info: rsp_xbar_mux: "mm_interconnect_1" instantiated altera_merlin_multiplexer "rsp_xbar_mux"
Info: Reusing file C:/Users/DELL/Documents/advanced_embedded_systems/practical_2/SoC/synthesis/submodules/altera_merlin_arbitrator.sv
Info: SoC: Done "SoC" with 45 modules, 64 files, 1226651 bytes
Info: ip-generate succeeded.
Info: Finished: Create HDL design files for synthesis
